 UsbBusDxe

 Timestamp is 6725e49c (Sat Nov  2 16:36:44 2024)

 Preferred load address is 0000000000000000

 Start         Length     Name                   Class
 0001:00000000 000001c8H .text                   CODE
 0001:000001c8 00006cc0H .text$mn                CODE
 0002:00000000 00002cc8H .rdata                  DATA
 0002:00002cc8 00000030H .rdata$voltmd           DATA
 0002:00002cf8 00000158H .rdata$zzzdbg           DATA
 0003:00000000 00000278H .data                   DATA
 0003:00000278 00000042H .bss                    DATA
 0004:00000000 00000450H .pdata                  DATA
 0005:00000000 0000039cH .xdata                  DATA

  Address         Publics by Value              Rva+Base               Lib:Object

 0000:00000000       __arm64x_redirection_metadata 0000000000000000     <absolute>
 0000:00000000       __x64_code_ranges_to_entry_points_count 0000000000000000     <absolute>
 0000:00000000       __guard_iat_count          0000000000000000     <absolute>
 0000:00000000       __guard_longjmp_count      0000000000000000     <absolute>
 0000:00000000       __dynamic_value_reloc_table 0000000000000000     <absolute>
 0000:00000000       __hybrid_auxiliary_iat     0000000000000000     <absolute>
 0000:00000000       __hybrid_auxiliary_iat_copy 0000000000000000     <absolute>
 0000:00000000       __guard_longjmp_table      0000000000000000     <absolute>
 0000:00000000       __guard_iat_table          0000000000000000     <absolute>
 0000:00000000       __x64_code_ranges_to_entry_points 0000000000000000     <absolute>
 0000:00000000       __AbsoluteZero             0000000000000000     <absolute>
 0000:00000000       __guard_fids_count         0000000000000000     <absolute>
 0000:00000000       __arm64x_extra_rfe_table   0000000000000000     <absolute>
 0000:00000000       __guard_check_icall_a64n_fptr 0000000000000000     <absolute>
 0000:00000000       __guard_fids_table         0000000000000000     <absolute>
 0000:00000000       __hybrid_code_map          0000000000000000     <absolute>
 0000:00000000       __arm64x_extra_rfe_table_size 0000000000000000     <absolute>
 0000:00000000       __arm64x_redirection_metadata_count 0000000000000000     <absolute>
 0000:00000000       __hybrid_code_map_count    0000000000000000     <absolute>
 0000:00000000       __enclave_config           0000000000000000     <absolute>
 0000:00000000       __guard_flags              0000000000000000     <absolute>
 0000:00000000       __guard_eh_cont_count      0000000000000000     <absolute>
 0000:00000000       __guard_eh_cont_table      0000000000000000     <absolute>
 0000:00000000       __arm64x_native_entrypoint 0000000000000000     <absolute>
 0001:00000000       InternalMemCopyMem         00000000000002c0     BaseMemoryLibRepStr:CopyMem.obj
 0001:00000040       InternalMemZeroMem         0000000000000300     BaseMemoryLibRepStr:ZeroMem.obj
 0001:00000060       InternalMemCompareMem      0000000000000320     BaseMemoryLibRepStr:CompareMem.obj
 0001:00000080       CpuPause                   0000000000000340     BaseLib:CpuPause.obj
 0001:00000090       InternalMemSetMem          0000000000000350     BaseMemoryLibRepStr:SetMem.obj
 0001:000000b0       InternalMemSetMem64        0000000000000370     BaseMemoryLibRepStr:SetMem64.obj
 0001:000000d0       InternalMemSetMem32        0000000000000390     BaseMemoryLibRepStr:SetMem32.obj
 0001:000000f0       TdVmCall                   00000000000003b0     BaseLib:TdVmcall.obj
 0001:00000170       TdCall                     0000000000000430     BaseLib:TdCall.obj
 0001:000001c8       _ModuleEntryPoint          0000000000000488 f   UefiDriverEntryPoint:DriverEntryPoint.obj
 0001:00000274       ProcessLibraryConstructorList 0000000000000534 f   UsbBusDxe:AutoGen.obj
 0001:0000049c       UsbIoControlTransfer       000000000000075c f   UsbBusDxe:UsbBus.obj
 0001:0000075c       UsbIoBulkTransfer          0000000000000a1c f   UsbBusDxe:UsbBus.obj
 0001:00000980       UsbIoSyncInterruptTransfer 0000000000000c40 f   UsbBusDxe:UsbBus.obj
 0001:00000b30       UsbIoAsyncInterruptTransfer 0000000000000df0 f   UsbBusDxe:UsbBus.obj
 0001:00000d08       UsbBusComponentNameGetControllerName 0000000000000fc8 f   UsbBusDxe:ComponentName.obj
 0001:00000d08       UsbIoAsyncIsochronousTransfer 0000000000000fc8 f   UsbBusDxe:UsbBus.obj
 0001:00000d08       UsbIoIsochronousTransfer   0000000000000fc8 f   UsbBusDxe:UsbBus.obj
 0001:00000d14       UsbIoGetDeviceDescriptor   0000000000000fd4 f   UsbBusDxe:UsbBus.obj
 0001:00000dac       UsbIoGetActiveConfigDescriptor 000000000000106c f   UsbBusDxe:UsbBus.obj
 0001:00000e60       UsbIoGetInterfaceDescriptor 0000000000001120 f   UsbBusDxe:UsbBus.obj
 0001:00000ef4       UsbIoGetEndpointDescriptor 00000000000011b4 f   UsbBusDxe:UsbBus.obj
 0001:00000fcc       UsbIoGetSupportedLanguages 000000000000128c f   UsbBusDxe:UsbBus.obj
 0001:0000105c       UsbIoGetStringDescriptor   000000000000131c f   UsbBusDxe:UsbBus.obj
 0001:000011e0       UsbIoPortReset             00000000000014a0 f   UsbBusDxe:UsbBus.obj
 0001:0000145c       UsbBusBuildProtocol        000000000000171c f   UsbBusDxe:UsbBus.obj
 0001:00001810       UsbBusControllerDriverSupported 0000000000001ad0 f   UsbBusDxe:UsbBus.obj
 0001:0000195c       UsbBusControllerDriverStart 0000000000001c1c f   UsbBusDxe:UsbBus.obj
 0001:00001aec       UsbBusControllerDriverStop 0000000000001dac f   UsbBusDxe:UsbBus.obj
 0001:00001de8       UsbCreateInterface         00000000000020a8 f   UsbBusDxe:UsbEnumer.obj
 0001:00001fc8       UsbConnectDriver           0000000000002288 f   UsbBusDxe:UsbEnumer.obj
 0001:000020d8       UsbSelectSetting           0000000000002398 f   UsbBusDxe:UsbEnumer.obj
 0001:000021d8       UsbSelectConfig            0000000000002498 f   UsbBusDxe:UsbEnumer.obj
 0001:00002304       UsbRemoveConfig            00000000000025c4 f   UsbBusDxe:UsbEnumer.obj
 0001:00002524       UsbRemoveDevice            00000000000027e4 f   UsbBusDxe:UsbEnumer.obj
 0001:00002658       UsbFindChild               0000000000002918 f   UsbBusDxe:UsbEnumer.obj
 0001:000026a4       UsbEnumerateNewDev         0000000000002964 f   UsbBusDxe:UsbEnumer.obj
 0001:00002ac0       UsbEnumeratePort           0000000000002d80 f   UsbBusDxe:UsbEnumer.obj
 0001:00002c68       UsbHubEnumeration          0000000000002f28 f   UsbBusDxe:UsbEnumer.obj
 0001:00002da4       UsbRootHubEnumeration      0000000000003064 f   UsbBusDxe:UsbEnumer.obj
 0001:00002e20       UsbBusComponentNameGetDriverName 00000000000030e0 f   UsbBusDxe:ComponentName.obj
 0001:00002f20       UsbFreeInterfaceDesc       00000000000031e0 f   UsbBusDxe:UsbDesc.obj
 0001:00002f7c       UsbFreeConfigDesc          000000000000323c f   UsbBusDxe:UsbDesc.obj
 0001:00003010       UsbFreeDevDesc             00000000000032d0 f   UsbBusDxe:UsbDesc.obj
 0001:00003070       UsbCreateDesc              0000000000003330 f   UsbBusDxe:UsbDesc.obj
 0001:000031ec       UsbParseConfigDesc         00000000000034ac f   UsbBusDxe:UsbDesc.obj
 0001:0000343c       UsbCtrlRequest             00000000000036fc f   UsbBusDxe:UsbDesc.obj
 0001:0000354c       UsbCtrlGetDesc             000000000000380c f   UsbBusDxe:UsbDesc.obj
 0001:00003598       UsbGetMaxPacketSize0       0000000000003858 f   UsbBusDxe:UsbDesc.obj
 0001:00003628       UsbGetOneString            00000000000038e8 f   UsbBusDxe:UsbDesc.obj
 0001:000036d4       UsbGetOneConfig            0000000000003994 f   UsbBusDxe:UsbDesc.obj
 0001:000037b4       UsbBuildDescTable          0000000000003a74 f   UsbBusDxe:UsbDesc.obj
 0001:000039bc       UsbHubCtrlClearTTBuffer    0000000000003c7c f   UsbBusDxe:UsbHub.obj
 0001:00003a18       UsbHubCtrlSetPortFeature   0000000000003cd8 f   UsbBusDxe:UsbHub.obj
 0001:00003a5c       UsbHubAckHubStatus         0000000000003d1c f   UsbBusDxe:UsbHub.obj
 0001:00003b30       UsbOnHubInterrupt          0000000000003df0 f   UsbBusDxe:UsbHub.obj
 0001:00003c98       UsbHubInit                 0000000000003f58 f   UsbBusDxe:UsbHub.obj
 0001:00004004       UsbHubGetPortStatus        00000000000042c4 f   UsbBusDxe:UsbHub.obj
 0001:00004044       UsbHubClearPortChange      0000000000004304 f   UsbBusDxe:UsbHub.obj
 0001:000040e4       UsbHubSetPortFeature       00000000000043a4 f   UsbBusDxe:UsbHub.obj
 0001:000040f0       UsbHubClearPortFeature     00000000000043b0 f   UsbBusDxe:UsbHub.obj
 0001:0000413c       UsbHubResetPort            00000000000043fc f   UsbBusDxe:UsbHub.obj
 0001:000041ec       UsbHubRelease              00000000000044ac f   UsbBusDxe:UsbHub.obj
 0001:00004278       UsbRootHubInit             0000000000004538 f   UsbBusDxe:UsbHub.obj
 0001:000043a0       UsbRootHubGetPortStatus    0000000000004660 f   UsbBusDxe:UsbHub.obj
 0001:000043bc       UsbRootHubClearPortChange  000000000000467c f   UsbBusDxe:UsbHub.obj
 0001:00004458       UsbRootHubSetPortFeature   0000000000004718 f   UsbBusDxe:UsbHub.obj
 0001:00004474       UsbRootHubClearPortFeature 0000000000004734 f   UsbBusDxe:UsbHub.obj
 0001:00004490       UsbRootHubResetPort        0000000000004750 f   UsbBusDxe:UsbHub.obj
 0001:00004688       UsbRootHubRelease          0000000000004948 f   UsbBusDxe:UsbHub.obj
 0001:000046d8       UsbHcControlTransfer       0000000000004998 f   UsbBusDxe:UsbUtility.obj
 0001:00004768       UsbOpenHostProtoByChild    0000000000004a28 f   UsbBusDxe:UsbUtility.obj
 0001:000047b8       UsbGetCurrentTpl           0000000000004a78 f   UsbBusDxe:UsbUtility.obj
 0001:000047e8       GetUsbDPFromFullDP         0000000000004aa8 f   UsbBusDxe:UsbUtility.obj
 0001:000048fc       SearchUsbDPInList          0000000000004bbc f   UsbBusDxe:UsbUtility.obj
 0001:000049e0       MatchUsbClass              0000000000004ca0 f   UsbBusDxe:UsbUtility.obj
 0001:00004af4       MatchUsbWwid               0000000000004db4 f   UsbBusDxe:UsbUtility.obj
 0001:00004c60       UsbBusFreeUsbDPList        0000000000004f20 f   UsbBusDxe:UsbUtility.obj
 0001:00004cf0       UsbBusAddWantedUsbIoDP     0000000000004fb0 f   UsbBusDxe:UsbUtility.obj
 0001:00004e7c       UsbBusIsWantedUsbIO        000000000000513c f   UsbBusDxe:UsbUtility.obj
 0001:00005030       UsbBusRecursivelyConnectWantedUsbIo 00000000000052f0 f   UsbBusDxe:UsbUtility.obj
 0001:0000523c       InternalBaseLibIsListValid 00000000000054fc f   BaseLib:LinkedList.obj
 0001:000052a8       InsertTailList             0000000000005568 f   BaseLib:LinkedList.obj
 0001:000052fc       RemoveEntryList            00000000000055bc f   BaseLib:LinkedList.obj
 0001:00005364       CopyMem                    0000000000005624 f   BaseMemoryLibRepStr:CopyMemWrapper.obj
 0001:00005400       ZeroMem                    00000000000056c0 f   BaseMemoryLibRepStr:ZeroMemWrapper.obj
 0001:00005470       CompareMem                 0000000000005730 f   BaseMemoryLibRepStr:CompareMemWrapper.obj
 0001:00005548       DebugPrint                 0000000000005808 f   BaseDebugLibSerialPort:DebugLib.obj
 0001:0000556c       DebugPrintMarker           000000000000582c f   BaseDebugLibSerialPort:DebugLib.obj
 0001:000055f8       DebugAssert                00000000000058b8 f   BaseDebugLibSerialPort:DebugLib.obj
 0001:00005674       InternalAllocatePool       0000000000005934 f   UefiMemoryAllocationLib:MemoryAllocationLib.obj
 0001:000056a4       AllocateZeroPool           0000000000005964 f   UefiMemoryAllocationLib:MemoryAllocationLib.obj
 0001:000056cc       FreePool                   000000000000598c f   UefiMemoryAllocationLib:MemoryAllocationLib.obj
 0001:00005710       DevicePathNodeLength       00000000000059d0 f   UefiDevicePathLibDevicePathProtocol:UefiDevicePathLib.obj
 0001:00005758       IsDevicePathEnd            0000000000005a18 f   UefiDevicePathLibDevicePathProtocol:UefiDevicePathLib.obj
 0001:000057d0       IsLanguageSupported        0000000000005a90 f   UefiLib:UefiLib.obj
 0001:00005858       InternalReportStatusCode   0000000000005b18 f   DxeReportStatusCodeLib:ReportStatusCodeLib.obj
 0001:000058f4       ReportStatusCodeWithDevicePath 0000000000005bb4 f   DxeReportStatusCodeLib:ReportStatusCodeLib.obj
 0001:00005af4       AsciiStrLen                0000000000005db4 f   BaseLib:String.obj
 0001:00005b60       AsciiStrnCmp               0000000000005e20 f   BaseLib:String.obj
 0001:00005c2c       StrnLenS                   0000000000005eec f   BaseLib:SafeString.obj
 0001:00005c84       CopyGuid                   0000000000005f44 f   BaseMemoryLibRepStr:MemLibGuid.obj
 0001:00005d34       AsciiSPrint                0000000000005ff4 f   BasePrintLib:PrintLib.obj
 0001:00005d60       BasePrintLibFillBuffer     0000000000006020 f   BasePrintLib:PrintLibInternal.obj
 0001:00005d94       BasePrintLibValueToString  0000000000006054 f   BasePrintLib:PrintLibInternal.obj
 0001:00005e00       BasePrintLibSPrintMarker   00000000000060c0 f   BasePrintLib:PrintLibInternal.obj
 0001:00006d0c       BasePrintLibSPrint         0000000000006fcc f   BasePrintLib:PrintLibInternal.obj
 0001:00006d30       SerialPortWrite            0000000000006ff0 f   PcAtSerialPortLib:SerialPortLib.obj
 0001:00006db4       IsTdxGuest                 0000000000007074 f   BaseIoLibIntrinsicSev:IoLibInternalTdx.obj
 0001:00006de0       TdIoRead8                  00000000000070a0 f   BaseIoLibIntrinsicSev:IoLibInternalTdx.obj
 0001:00006e38       TdIoWrite8                 00000000000070f8 f   BaseIoLibIntrinsicSev:IoLibInternalTdx.obj
 0002:00000000       ??_C@_0CB@DMEJJJHA@?6ASSERT_EFI_ERROR?5?$CIStatus?5?$DN?5?$CFr?$CJ@ 0000000000007160     UefiDriverEntryPoint:DriverEntryPoint.obj
 0002:00000028       ??_C@_0CH@BBNBJKHK@?$CB?$CI?$CI?$CIINTN?$CJ?$CIRETURN_STATUS?$CJ?$CIStatus@ 0000000000007188     UefiDriverEntryPoint:DriverEntryPoint.obj
 0002:00000050       ??_C@_09HILPIJAO@UsbBusDxe@ 00000000000071b0     UsbBusDxe:AutoGen.obj
 0002:00000060       ??_C@_0IA@NGHHELOK@d?3?2uefi_specs_personal_collecti@ 00000000000071c0     UsbBusDxe:AutoGen.obj
 0002:000000e0       ??_C@_0BF@NDBIKIKC@CR?5has?5Bad?5Signature@ 0000000000007240     UsbBusDxe:UsbBus.obj
 0002:00000100       ??_C@_0FA@BHGCCBLN@D?3?2uefi_specs_personal_collecti@ 0000000000007260     UsbBusDxe:UsbBus.obj
 0002:00000150       ??_C@_0DM@BDAHCAFM@Dev?9?$DOTranslator?4TranslatorHubAd@ 00000000000072b0     UsbBusDxe:UsbBus.obj
 0002:00000190       ??_C@_0EE@HDINMBJO@UsbIoControlTransfer?3?5configure@ 00000000000072f0     UsbBusDxe:UsbBus.obj
 0002:000001d8       ??_C@_0CB@LIIBIKHL@UsbIf?9?$DOIfDesc?9?$DOActiveIndex?5?$DM?525@ 0000000000007338     UsbBusDxe:UsbBus.obj
 0002:00000200       ??_C@_0L@NPKKFMNM@Index?5?$DM?516@ 0000000000007360     UsbBusDxe:UsbBus.obj
 0002:00000210       ??_C@_0DK@DINKHIB@UsbIoPortReset?3?5failed?5to?5reset@ 0000000000007370     UsbBusDxe:UsbBus.obj
 0002:00000250       ??_C@_0DK@NPPAGLIM@UsbIoPortReset?3?5failed?5to?5set?5a@ 00000000000073b0     UsbBusDxe:UsbBus.obj
 0002:00000290       ??_C@_0CP@DDECNKJM@UsbIoPortReset?3?5device?5is?5now?5A@ 00000000000073f0     UsbBusDxe:UsbBus.obj
 0002:000002c0       ??_C@_0DF@JJEFAPPH@UsbIoPortReset?3?5Failed?5to?5remov@ 0000000000007420     UsbBusDxe:UsbBus.obj
 0002:000002f8       ??_C@_0DE@OANINAIP@UsbIoPortReset?3?5Failed?5to?5get?5m@ 0000000000007458     UsbBusDxe:UsbBus.obj
 0002:00000330       ??_C@_0DH@JFPBMCAA@UsbIoPortReset?3?5Failed?5to?5build@ 0000000000007490     UsbBusDxe:UsbBus.obj
 0002:00000368       ??_C@_0DM@PPICBFOM@UsbIoPortReset?3?5failed?5to?5set?5c@ 00000000000074c8     UsbBusDxe:UsbBus.obj
 0002:000003a8       ??_C@_0DC@OCFHOOPF@UsbIoPortReset?3?5Failed?5to?5set?5c@ 0000000000007508     UsbBusDxe:UsbBus.obj
 0002:000003e0       ??_C@_0CO@MCNOGJAP@UsbBusStart?3?5Failed?5to?5open?5dev@ 0000000000007540     UsbBusDxe:UsbBus.obj
 0002:00000410       ??_C@_0DB@NHANBJIN@UsbBusStart?3?5Failed?5to?5open?5USB@ 0000000000007570     UsbBusDxe:UsbBus.obj
 0002:00000448       ??_C@_0BP@CDICKFOP@UsbBus?9?$DOUsb2Hc?5?$CB?$DN?5?$CI?$CIvoid?5?$CK?$CJ?50?$CJ@ 00000000000075a8     UsbBusDxe:UsbBus.obj
 0002:00000468       ??_C@_0DC@FPDKIDBJ@UsbBusStart?3?5Failed?5to?5install?5@ 00000000000075c8     UsbBusDxe:UsbBus.obj
 0002:000004a0       ??_C@_0CL@MNCAJIPN@UsbBusStart?3?5Failed?5to?5init?5roo@ 0000000000007600     UsbBusDxe:UsbBus.obj
 0002:000004d0       ??_C@_0DB@JOAFPCFA@UsbBusStart?3?5usb?5bus?5started?5on@ 0000000000007630     UsbBusDxe:UsbBus.obj
 0002:00000508       ??_C@_0CO@OENGIPPH@UsbBusStart?3?5Failed?5to?5start?5bu@ 0000000000007668     UsbBusDxe:UsbBus.obj
 0002:00000538       ??_C@_0CD@PBDPIELH@UsbBusStop?3?5usb?5bus?5stopped?5on?5@ 0000000000007698     UsbBusDxe:UsbBus.obj
 0002:00000560       ??_C@_0BH@EELCDNNL@Bus?9?$DOMaxDevices?5?$DM?$DN?5256@ 00000000000076c0     UsbBusDxe:UsbBus.obj
 0002:00000578       ??_C@_0BK@ILDFOEPE@IfDesc?9?$DOActiveIndex?5?$DM?5256@ 00000000000076d8     UsbBusDxe:UsbEnumer.obj
 0002:000005a0       ??_C@_0FD@HPHMLLLG@D?3?2uefi_specs_personal_collecti@ 0000000000007700     UsbBusDxe:UsbEnumer.obj
 0002:000005f8       ??_C@_0BG@HECEKKAL@HubIf?5?$CB?$DN?5?$CI?$CIvoid?5?$CK?$CJ?50?$CJ@ 0000000000007758     UsbBusDxe:UsbEnumer.obj
 0002:00000610       ??_C@_0DC@JOCPLLCI@UsbCreateInterface?3?5failed?5to?5c@ 0000000000007770     UsbBusDxe:UsbEnumer.obj
 0002:00000648       ??_C@_0DC@KJOHJNOE@UsbCreateInterface?3?5failed?5to?5i@ 00000000000077a8     UsbBusDxe:UsbEnumer.obj
 0002:00000680       ??_C@_0DI@LMKBNMEO@UsbCreateInterface?3?5failed?5to?5o@ 00000000000077e0     UsbBusDxe:UsbEnumer.obj
 0002:000006b8       ??_C@_0CG@DHKBJOFN@UsbConnectDriver?3?5found?5a?5hub?5d@ 0000000000007818     UsbBusDxe:UsbEnumer.obj
 0002:000006e0       ??_C@_0DA@FACLBEBN@UsbConnectDriver?3?5TPL?5before?5co@ 0000000000007840     UsbBusDxe:UsbEnumer.obj
 0002:00000710       ??_C@_0CL@DGMIKEJF@UsbConnectDriver?3?5TPL?5after?5con@ 0000000000007870     UsbBusDxe:UsbEnumer.obj
 0002:00000740       ??_C@_0BJ@JCDFFCEH@UsbGetCurrentTpl?5?$CI?$CJ?5?$DN?$DN?58@ 00000000000078a0     UsbBusDxe:UsbEnumer.obj
 0002:00000760       ??_C@_0M@BGFFLEGB@Index?5?$DM?5256@ 00000000000078c0     UsbBusDxe:UsbEnumer.obj
 0002:00000770       ??_C@_0BI@IKPJNFO@Setting?5?$CB?$DN?5?$CI?$CIvoid?5?$CK?$CJ?50?$CJ@ 00000000000078d0     UsbBusDxe:UsbEnumer.obj
 0002:00000788       ??_C@_0DI@BCEJGAOE@UsbSelectSetting?3?5setting?5?$CFd?5se@ 00000000000078e8     UsbBusDxe:UsbEnumer.obj
 0002:000007c0       ??_C@_0DD@HNHHMCEB@UsbSelectConfig?3?5config?5?$CFd?5sele@ 0000000000007920     UsbBusDxe:UsbEnumer.obj
 0002:000007f8       ??_C@_0DJ@JEHOMIGI@UsbSelectConfig?3?5failed?5to?5conn@ 0000000000007958     UsbBusDxe:UsbEnumer.obj
 0002:00000838       ??_C@_0CI@MPJBEGBE@UsbDisconnectDriver?3?5old?5TPL?5is@ 0000000000007998     UsbBusDxe:UsbEnumer.obj
 0002:00000860       ??_C@_0DF@HIPBANFC@UsbDisconnectDriver?3?5TPL?5after?5@ 00000000000079c0     UsbBusDxe:UsbEnumer.obj
 0002:00000898       ??_C@_0DJ@NKGKOHLA@UsbRemoveDevice?3?5failed?5to?5remo@ 00000000000079f8     UsbBusDxe:UsbEnumer.obj
 0002:000008d8       ??_C@_0CE@MMEMEJJL@UsbRemoveDevice?3?5device?5?$CFd?5remo@ 0000000000007a38     UsbBusDxe:UsbEnumer.obj
 0002:00000900       ??_C@_0CC@OMEMJNHD@Device?9?$DOAddress?5?$DM?5Bus?9?$DOMaxDevic@ 0000000000007a60     UsbBusDxe:UsbEnumer.obj
 0002:00000928       ??_C@_0DC@NONOBOIJ@UsbEnumerateNewDev?3?5failed?5to?5r@ 0000000000007a88     UsbBusDxe:UsbEnumer.obj
 0002:00000960       ??_C@_0CK@IGPBPGKG@UsbEnumerateNewDev?3?5hub?5port?5?$CFd@ 0000000000007ac0     UsbBusDxe:UsbEnumer.obj
 0002:00000990       ??_C@_0DC@PMAMOFJK@UsbEnumerateNewDev?3?5hub?5port?5?$CFd@ 0000000000007af0     UsbBusDxe:UsbEnumer.obj
 0002:000009c8       ??_C@_0DE@JIDAAHFL@UsbEnumerateNewDev?3?5failed?5to?5g@ 0000000000007b28     UsbBusDxe:UsbEnumer.obj
 0002:00000a00       ??_C@_0DC@LAKAOMFC@UsbEnumerateNewDev?3?5No?5device?5p@ 0000000000007b60     UsbBusDxe:UsbEnumer.obj
 0002:00000a38       ??_C@_0CL@KNJELDIP@UsbEnumerateNewDev?3?5device?5is?5o@ 0000000000007b98     UsbBusDxe:UsbEnumer.obj
 0002:00000a68       ??_C@_0DF@IBPIPIIO@UsbEnumerateNewDev?3?5device?5uses@ 0000000000007bc8     UsbBusDxe:UsbEnumer.obj
 0002:00000aa0       ??_C@_0DG@HDPMOMOH@UsbEnumerateNewDev?3?5address?5poo@ 0000000000007c00     UsbBusDxe:UsbEnumer.obj
 0002:00000ad8       ??_C@_0DH@MGOIILIG@UsbEnumerateNewDev?3?5failed?5to?5s@ 0000000000007c38     UsbBusDxe:UsbEnumer.obj
 0002:00000b10       ??_C@_0DD@EMBDIKBD@UsbEnumerateNewDev?3?5device?5is?5n@ 0000000000007c70     UsbBusDxe:UsbEnumer.obj
 0002:00000b48       ??_C@_0DM@EOCEMFIO@UsbEnumerateNewDev?3?5failed?5to?5g@ 0000000000007ca8     UsbBusDxe:UsbEnumer.obj
 0002:00000b88       ??_C@_0DE@FIIEIJAC@UsbEnumerateNewDev?3?5max?5packet?5@ 0000000000007ce8     UsbBusDxe:UsbEnumer.obj
 0002:00000bc0       ??_C@_0DL@OHACEOKB@UsbEnumerateNewDev?3?5failed?5to?5b@ 0000000000007d20     UsbBusDxe:UsbEnumer.obj
 0002:00000c00       ??_C@_0DF@DMMNPIJE@UsbEnumerateNewDev?3?5failed?5to?5s@ 0000000000007d60     UsbBusDxe:UsbEnumer.obj
 0002:00000c38       ??_C@_0DI@LDFDBCMB@UsbEnumerateNewDev?3?5device?5?$CFd?5i@ 0000000000007d98     UsbBusDxe:UsbEnumer.obj
 0002:00000c70       ??_C@_0DG@CBKLPFAM@UsbEnumerateNewDev?3?5failed?5to?5c@ 0000000000007dd0     UsbBusDxe:UsbEnumer.obj
 0002:00000ca8       ??_C@_0DC@EFABKANM@UsbEnumeratePort?3?5failed?5to?5get@ 0000000000007e08     UsbBusDxe:UsbEnumer.obj
 0002:00000ce0       ??_C@_0DN@GDFIDKGN@UsbEnumeratePort?3?5port?5?$CFd?5state@ 0000000000007e40     UsbBusDxe:UsbEnumer.obj
 0002:00000d20       ??_C@_0DD@OHMCABJC@UsbEnumeratePort?3?5Critical?5Over@ 0000000000007e80     UsbBusDxe:UsbEnumer.obj
 0002:00000d58       ??_C@_0DO@FIPPAOEP@UsbEnumeratePort?3?52?40?5device?5Re@ 0000000000007eb8     UsbBusDxe:UsbEnumer.obj
 0002:00000d98       ??_C@_0DO@IHLOMCAH@UsbEnumeratePort?3?51?41?5device?5Re@ 0000000000007ef8     UsbBusDxe:UsbEnumer.obj
 0002:00000de0       ??_C@_0EA@IIKLOPBF@UsbEnumeratePort?3?5Device?5Connec@ 0000000000007f40     UsbBusDxe:UsbEnumer.obj
 0002:00000e20       ??_C@_0DO@FIEFMLPG@UsbEnumeratePort?3?5device?5at?5por@ 0000000000007f80     UsbBusDxe:UsbEnumer.obj
 0002:00000e60       ??_C@_0DD@ICGNDAJ@UsbEnumeratePort?3?5new?5device?5co@ 0000000000007fc0     UsbBusDxe:UsbEnumer.obj
 0002:00000e98       ??_C@_0DI@CIFHJNC@UsbEnumeratePort?3?5device?5discon@ 0000000000007ff8     UsbBusDxe:UsbEnumer.obj
 0002:00000ed0       ??_C@_0BI@DNICFLOF@Context?5?$CB?$DN?5?$CI?$CIvoid?5?$CK?$CJ?50?$CJ@ 0000000000008030     UsbBusDxe:UsbEnumer.obj
 0002:00000ef0       ??_C@_0FB@PKODFAKE@UsbEnumeratePort?3?5The?5device?5di@ 0000000000008050     UsbBusDxe:UsbEnumer.obj
 0002:00000f50       ??_C@_0FG@CDEPGCCM@UsbEnumeratePort?3?5The?5device?5di@ 00000000000080b0     UsbBusDxe:UsbEnumer.obj
 0002:00000fa8       ??_C@_03LKLGDMJI@eng@      0000000000008108     UsbBusDxe:ComponentName.obj
 0002:00000fac       ??_C@_02LFNMGJAP@en@       000000000000810c     UsbBusDxe:ComponentName.obj
 0002:00000fb0       ??_C@_06DALJLGPG@eng?$DLen@ 0000000000008110     UsbBusDxe:ComponentName.obj
 0002:00000fb8       ??_C@_1BO@MCMGEBFM@?$AAU?$AAs?$AAb?$AA?5?$AAB?$AAu?$AAs?$AA?5?$AAD?$AAr?$AAi?$AAv?$AAe?$AAr@ 0000000000008118     UsbBusDxe:ComponentName.obj
 0002:00000fd8       ??_C@_0BC@FEDIJHFF@?$CI?$CIBOOLEAN?$CJ?$CI0?$DN?$DN1?$CJ?$CJ@ 0000000000008138     UsbBusDxe:UsbDesc.obj
 0002:00000ff0       ??_C@_0FB@IKCNDMKG@D?3?2uefi_specs_personal_collecti@ 0000000000008150     UsbBusDxe:UsbDesc.obj
 0002:00001048       ??_C@_0DO@DCNKIGAI@UsbCreateDesc?3?5met?5mal?9format?5d@ 00000000000081a8     UsbBusDxe:UsbDesc.obj
 0002:00001088       ??_C@_0DK@JJMNDEPD@UsbCreateDesc?3?5met?5mal?9format?5d@ 00000000000081e8     UsbBusDxe:UsbDesc.obj
 0002:000010c8       ??_C@_0DL@OOBAJPOE@UsbCreateDesc?3?5met?5mal?9format?5d@ 0000000000008228     UsbBusDxe:UsbDesc.obj
 0002:00001108       ??_C@_0DP@KJGLDJFE@UsbCreateDesc?3?5met?5mal?9format?5d@ 0000000000008268     UsbBusDxe:UsbDesc.obj
 0002:00001150       ??_C@_0EB@CFNOGLN@UsbCreateDesc?3?5descriptor?5canno@ 00000000000082b0     UsbBusDxe:UsbDesc.obj
 0002:00001198       ??_C@_0DO@OOGKGLDD@UsbParseInterfaceDesc?3?5failed?5t@ 00000000000082f8     UsbBusDxe:UsbDesc.obj
 0002:000011e0       ??_C@_0EC@OMMPGOCO@UsbParseInterfaceDesc?3?5interfac@ 0000000000008340     UsbBusDxe:UsbDesc.obj
 0002:00001228       ??_C@_0DM@EGJOHGDE@UsbParseInterfaceDesc?3?5failed?5t@ 0000000000008388     UsbBusDxe:UsbDesc.obj
 0002:00001268       ??_C@_0BI@HPGPKCFE@DescBuf?5?$CB?$DN?5?$CI?$CIvoid?5?$CK?$CJ?50?$CJ@ 00000000000083c8     UsbBusDxe:UsbDesc.obj
 0002:00001280       ??_C@_0DB@LBHHELKB@UsbParseConfigDesc?3?5config?5?$CFd?5h@ 00000000000083e0     UsbBusDxe:UsbDesc.obj
 0002:000012c0       ??_C@_0FB@HHDLLIPM@UsbParseConfigDesc?3?5warning?3?5fa@ 0000000000008420     UsbBusDxe:UsbDesc.obj
 0002:00001318       ??_C@_0DH@PIBPGEDK@UsbParseConfigDesc?3?5malformatte@ 0000000000008478     UsbBusDxe:UsbDesc.obj
 0002:00001350       ??_C@_0DK@PNMEAJHB@?$CIUsbDev?5?$CB?$DN?5?$CI?$CIvoid?5?$CK?$CJ?50?$CJ?$CJ?5?$CG?$CG?5?$CIUs@ 00000000000084b0     UsbBusDxe:UsbDesc.obj
 0002:00001390       ??_C@_0DJ@GMMCDLLD@UsbGetOneConfig?3?5failed?5to?5get?5@ 00000000000084f0     UsbBusDxe:UsbDesc.obj
 0002:000013d0       ??_C@_0CF@OIHDGFPL@UsbGetOneConfig?3?5total?5length?5i@ 0000000000008530     UsbBusDxe:UsbDesc.obj
 0002:000013f8       ??_C@_0DD@PFPBFMHO@UsbGetOneConfig?3?5failed?5to?5get?5@ 0000000000008558     UsbBusDxe:UsbDesc.obj
 0002:00001430       ??_C@_0DJ@KEFDJFGN@UsbBuildDescTable?3?5failed?5to?5ge@ 0000000000008590     UsbBusDxe:UsbDesc.obj
 0002:00001470       ??_C@_0CN@HONMPGAB@UsbBuildDescTable?3?5device?5has?5?$CF@ 00000000000085d0     UsbBusDxe:UsbDesc.obj
 0002:000014a0       ??_C@_0DH@GEDKMDDP@UsbBuildDescTable?3?5failed?5to?5ge@ 0000000000008600     UsbBusDxe:UsbDesc.obj
 0002:000014d8       ??_C@_0DJ@GPMKGIFG@UsbBuildDescTable?3?5failed?5to?5pa@ 0000000000008638     UsbBusDxe:UsbDesc.obj
 0002:00001518       ??_C@_0CP@EBBAMAMI@UsbBuildDescTable?3?5get?5language@ 0000000000008678     UsbBusDxe:UsbDesc.obj
 0002:00001548       ??_C@_0DJ@DHKIJFCJ@UsbOnHubInterrupt?3?5failed?5to?5re@ 00000000000086a8     UsbBusDxe:UsbHub.obj
 0002:00001588       ??_C@_0DN@DKBPNEGM@UsbOnHubInterrupt?3?5failed?5to?5su@ 00000000000086e8     UsbBusDxe:UsbHub.obj
 0002:000015d0       ??_C@_0FE@OLECHGDH@?$CISetting?9?$DOEndpoints?5?$CB?$DN?5?$CI?$CIvoid?5?$CK@ 0000000000008730     UsbBusDxe:UsbHub.obj
 0002:00001630       ??_C@_0FA@FOFMDCCB@D?3?2uefi_specs_personal_collecti@ 0000000000008790     UsbBusDxe:UsbHub.obj
 0002:00001680       ??_C@_0DE@CIMIPCPC@UsbHubInit?3?5no?5interrupt?5endpoi@ 00000000000087e0     UsbBusDxe:UsbHub.obj
 0002:000016b8       ??_C@_0DA@FPJMEACM@UsbHubInit?3?5failed?5to?5read?5HUB?5@ 0000000000008818     UsbBusDxe:UsbHub.obj
 0002:000016e8       ??_C@_0CB@OIKCPGJB@UsbHubInit?3?5hub?5?$CFd?5has?5?$CFd?5ports@ 0000000000008848     UsbBusDxe:UsbHub.obj
 0002:00001710       ??_C@_0CD@KPMAMLL@UsbHubInit?3?5Set?5Hub?5Depth?5as?50x@ 0000000000008870     UsbBusDxe:UsbHub.obj
 0002:00001738       ??_C@_0DF@MAMAAAAH@UsbHubInit?3?5failed?5to?5create?5si@ 0000000000008898     UsbBusDxe:UsbHub.obj
 0002:00001770       ??_C@_0EA@PIJMMAKM@UsbHubInit?3?5failed?5to?5queue?5int@ 00000000000088d0     UsbBusDxe:UsbHub.obj
 0002:000017b0       ??_C@_0CA@PJHCBDOC@UsbHubInit?3?5hub?5?$CFd?5initialized?6@ 0000000000008910     UsbBusDxe:UsbHub.obj
 0002:000017d0       ??_C@_0CH@PEJMPFJF@UsbHubRelease?3?5hub?5device?5?$CFd?5re@ 0000000000008930     UsbBusDxe:UsbHub.obj
 0002:000017f8       ??_C@_0DG@MHGCBNJM@UsbRootHubInit?3?5root?5hub?5?$CFp?5?9?5m@ 0000000000008958     UsbBusDxe:UsbHub.obj
 0002:00001830       ??_C@_0DH@GEKNBDCI@UsbRootHubResetPort?3?5failed?5to?5@ 0000000000008990     UsbBusDxe:UsbHub.obj
 0002:00001868       ??_C@_0DH@PCHFDHKF@UsbRootHubResetPort?3?5failed?5to?5@ 00000000000089c8     UsbBusDxe:UsbHub.obj
 0002:000018a0       ??_C@_0DM@MCCMKPEM@UsbRootHubResetPort?3?5reset?5not?5@ 0000000000008a00     UsbBusDxe:UsbHub.obj
 0002:000018e0       ??_C@_0EB@BBAPNCIN@UsbRootHubResetPort?3?5release?5lo@ 0000000000008a40     UsbBusDxe:UsbHub.obj
 0002:00001928       ??_C@_0DI@MNLHHLGJ@UsbRootHubResetPort?3?5failed?5to?5@ 0000000000008a88     UsbBusDxe:UsbHub.obj
 0002:00001960       ??_C@_0DB@PGJINMEN@UsbRootHubRelease?3?5root?5hub?5rel@ 0000000000008ac0     UsbBusDxe:UsbHub.obj
 0002:00001998       ??_C@_0CB@FOLAILGE@UsbDevicePathPtr?5?$CB?$DN?5?$CI?$CIvoid?5?$CK?$CJ?50@ 0000000000008af8     UsbBusDxe:UsbUtility.obj
 0002:000019c0       ??_C@_0FE@CJJECIOC@D?3?2uefi_specs_personal_collecti@ 0000000000008b20     UsbBusDxe:UsbUtility.obj
 0002:00001a18       ??_C@_0CF@KAKMOICH@ListItem?9?$DODevicePath?5?$CB?$DN?5?$CI?$CIvoid?5@ 0000000000008b78     UsbBusDxe:UsbUtility.obj
 0002:00001a40       ??_C@_0BJ@NCBBNEMI@ListItem?5?$CB?$DN?5?$CI?$CIvoid?5?$CK?$CJ?50?$CJ@ 0000000000008ba0     UsbBusDxe:UsbUtility.obj
 0002:00001a5c       ??_C@_01GBGANLPD@0@        0000000000008bbc     UsbBusDxe:UsbUtility.obj
 0002:00001a60       ??_C@_0BO@EPDPKILK@DevicePathPtr?5?$CB?$DN?5?$CI?$CIvoid?5?$CK?$CJ?50?$CJ@ 0000000000008bc0     UsbBusDxe:UsbUtility.obj
 0002:00001a80       ??_C@_0CJ@DJKLNNEC@WantedListItem?9?$DODevicePath?9?$DOTyp@ 0000000000008be0     UsbBusDxe:UsbUtility.obj
 0002:00001ab0       ??_C@_0DP@BOJELFEC@UsbBusRecursivelyConnectWantedU@ 0000000000008c10     UsbBusDxe:UsbUtility.obj
 0002:00001af0       ??_C@_0DO@CKPDFGLG@UsbBusRecursivelyConnectWantedU@ 0000000000008c50     UsbBusDxe:UsbUtility.obj
 0002:00001b30       ??_C@_0BF@NJNGJMPC@List?5?$CB?$DN?5?$CI?$CIvoid?5?$CK?$CJ?50?$CJ@ 0000000000008c90     BaseLib:LinkedList.obj
 0002:00001b50       ??_C@_0EM@NCJPOFNN@D?3?2uefi_specs_personal_collecti@ 0000000000008cb0     BaseLib:LinkedList.obj
 0002:00001ba0       ??_C@_0CC@KDLPLAED@List?9?$DOForwardLink?5?$CB?$DN?5?$CI?$CIvoid?5?$CK?$CJ?5@ 0000000000008d00     BaseLib:LinkedList.obj
 0002:00001bc8       ??_C@_0BP@IJJCCMAK@List?9?$DOBackLink?5?$CB?$DN?5?$CI?$CIvoid?5?$CK?$CJ?50?$CJ@ 0000000000008d28     BaseLib:LinkedList.obj
 0002:00001be8       ??_C@_0BJ@NJABNCDK@ListHead?5?$CB?$DN?5?$CI?$CIvoid?5?$CK?$CJ?50?$CJ@ 0000000000008d48     BaseLib:LinkedList.obj
 0002:00001c08       ??_C@_0CG@LGIALJFK@InternalBaseLibIsListValid?5?$CILis@ 0000000000008d68     BaseLib:LinkedList.obj
 0002:00001c30       ??_C@_0BF@NMBJJECB@?$CBIsListEmpty?5?$CIEntry?$CJ@ 0000000000008d90     BaseLib:LinkedList.obj
 0002:00001c50       ??_C@_0ED@MKGCMJG@?$CILength?5?9?51?$CJ?5?$DM?$DN?5?$CI0xFFFFFFFFFFFF@ 0000000000008db0     BaseMemoryLibRepStr:CopyMemWrapper.obj
 0002:00001ca0       ??_C@_0FM@IDPIEKJH@D?3?2uefi_specs_personal_collecti@ 0000000000008e00     BaseMemoryLibRepStr:CopyMemWrapper.obj
 0002:00001d00       ??_C@_0DO@MAOBOFEG@?$CILength?5?9?51?$CJ?5?$DM?$DN?5?$CI0xFFFFFFFFFFFF@ 0000000000008e60     BaseMemoryLibRepStr:CopyMemWrapper.obj
 0002:00001d40       ??_C@_0BH@IACGKAP@Buffer?5?$CB?$DN?5?$CI?$CIvoid?5?$CK?$CJ?50?$CJ@ 0000000000008ea0     BaseMemoryLibRepStr:ZeroMemWrapper.obj
 0002:00001d60       ??_C@_0FM@DHFKCLFA@D?3?2uefi_specs_personal_collecti@ 0000000000008ec0     BaseMemoryLibRepStr:ZeroMemWrapper.obj
 0002:00001dc0       ??_C@_0DG@EEENIGGL@Length?5?$DM?$DN?5?$CI0xFFFFFFFFFFFFFFFFUL@ 0000000000008f20     BaseMemoryLibRepStr:ZeroMemWrapper.obj
 0002:00001df8       ??_C@_0CC@JOEHDGKB@DestinationBuffer?5?$CB?$DN?5?$CI?$CIvoid?5?$CK?$CJ?5@ 0000000000008f58     BaseMemoryLibRepStr:CompareMemWrapper.obj
 0002:00001e20       ??_C@_0FP@MJKEJMKF@D?3?2uefi_specs_personal_collecti@ 0000000000008f80     BaseMemoryLibRepStr:CompareMemWrapper.obj
 0002:00001e80       ??_C@_0BN@MDMCNBCC@SourceBuffer?5?$CB?$DN?5?$CI?$CIvoid?5?$CK?$CJ?50?$CJ@ 0000000000008fe0     BaseMemoryLibRepStr:CompareMemWrapper.obj
 0002:00001ea0       ??_C@_0BH@LKMBFCBF@Format?5?$CB?$DN?5?$CI?$CIvoid?5?$CK?$CJ?50?$CJ@ 0000000000009000     BaseDebugLibSerialPort:DebugLib.obj
 0002:00001ec0       ??_C@_0FJ@BNNHJMAJ@D?3?2uefi_specs_personal_collecti@ 0000000000009020     BaseDebugLibSerialPort:DebugLib.obj
 0002:00001f20       ??_C@_0BI@NOCKJDBJ@ASSERT?5?$FL?$CFa?$FN?5?$CFa?$CI?$CFd?$CJ?3?5?$CFa?6@ 0000000000009080     BaseDebugLibSerialPort:DebugLib.obj
 0002:00001f38       ??_C@_0BN@COECPDCC@gImageHandle?5?$CB?$DN?5?$CI?$CIvoid?5?$CK?$CJ?50?$CJ@ 0000000000009098     UefiBootServicesTableLib:UefiBootServicesTableLib.obj
 0002:00001f60       ??_C@_0GL@PJCPJLGM@D?3?2uefi_specs_personal_collecti@ 00000000000090c0     UefiBootServicesTableLib:UefiBootServicesTableLib.obj
 0002:00001fd0       ??_C@_0BE@DGNHAHIL@gST?5?$CB?$DN?5?$CI?$CIvoid?5?$CK?$CJ?50?$CJ@ 0000000000009130     UefiBootServicesTableLib:UefiBootServicesTableLib.obj
 0002:00001fe8       ??_C@_0BE@BDFJLGLN@gBS?5?$CB?$DN?5?$CI?$CIvoid?5?$CK?$CJ?50?$CJ@ 0000000000009148     UefiBootServicesTableLib:UefiBootServicesTableLib.obj
 0002:00002000       ??_C@_0GF@KMHDEKMA@D?3?2uefi_specs_personal_collecti@ 0000000000009160     UefiMemoryAllocationLib:MemoryAllocationLib.obj
 0002:00002068       ??_C@_0BE@OBDFIHND@gRT?5?$CB?$DN?5?$CI?$CIvoid?5?$CK?$CJ?50?$CJ@ 00000000000091c8     UefiRuntimeServicesTableLib:UefiRuntimeServicesTableLib.obj
 0002:00002080       ??_C@_0HB@NCAPNEDO@D?3?2uefi_specs_personal_collecti@ 00000000000091e0     UefiRuntimeServicesTableLib:UefiRuntimeServicesTableLib.obj
 0002:00002100       ??_C@_0GP@HEOOPGAM@D?3?2uefi_specs_personal_collecti@ 0000000000009260     UefiDevicePathLibDevicePathProtocol:UefiDevicePathLib.obj
 0002:00002170       ??_C@_0DC@CNNBPJA@mDevicePathLibDevicePathUtiliti@ 00000000000092d0     UefiDevicePathLibDevicePathProtocol:UefiDevicePathLib.obj
 0002:000021a8       ??_C@_0BL@JFODOCGB@DevicePath?5?$CB?$DN?5?$CI?$CIvoid?5?$CK?$CJ?50?$CJ@ 0000000000009308     UefiDevicePathLibDevicePathProtocol:UefiDevicePathLib.obj
 0002:000021c8       ??_C@_0BF@CBLMFKOC@Node?5?$CB?$DN?5?$CI?$CIvoid?5?$CK?$CJ?50?$CJ@ 0000000000009328     UefiDevicePathLibDevicePathProtocol:UefiDevicePathLib.obj
 0002:000021e0       mUefiDevicePathLibEndDevicePath 0000000000009340     UefiDevicePathLibDevicePathProtocol:UefiDevicePathLib.obj
 0002:000021f0       ??_C@_0FB@KFBGMLJM@D?3?2uefi_specs_personal_collecti@ 0000000000009350     UefiLib:UefiDriverModel.obj
 0002:00002250       ??_C@_0GK@HIFHPALF@D?3?2uefi_specs_personal_collecti@ 00000000000093b0     DxeReportStatusCodeLib:ReportStatusCodeLib.obj
 0002:000022c0       ??_C@_0BN@HMHGLLOO@ExtendedData?5?$CB?$DN?5?$CI?$CIvoid?5?$CK?$CJ?50?$CJ@ 0000000000009420     DxeReportStatusCodeLib:ReportStatusCodeLib.obj
 0002:000022e0       ??_C@_0BG@BPIKKLEE@ExtendedDataSize?5?$CB?$DN?50@ 0000000000009440     DxeReportStatusCodeLib:ReportStatusCodeLib.obj
 0002:000022f8       ??_C@_0DN@HHIHPHHB@?$CB?$CI?$CIExtendedData?5?$DN?$DN?5?$CI?$CIvoid?5?$CK?$CJ?50?$CJ@ 0000000000009458     DxeReportStatusCodeLib:ReportStatusCodeLib.obj
 0002:00002338       ??_C@_0DN@BBBIFINB@?$CB?$CI?$CIExtendedData?5?$CB?$DN?5?$CI?$CIvoid?5?$CK?$CJ?50?$CJ@ 0000000000009498     DxeReportStatusCodeLib:ReportStatusCodeLib.obj
 0002:00002378       ??_C@_0BH@MAAHKCPC@String?5?$CB?$DN?5?$CI?$CIvoid?5?$CK?$CJ?50?$CJ@ 00000000000094d8     BaseLib:String.obj
 0002:00002390       ??_C@_0EI@LOLLHGDK@D?3?2uefi_specs_personal_collecti@ 00000000000094f0     BaseLib:String.obj
 0002:000023d8       ??_C@_0CC@GFNLNIOC@?$CI?$CIUINTN?$CJString?5?$CG?50x00000001?$CJ?5?$DN?$DN@ 0000000000009538     BaseLib:String.obj
 0002:00002400       ??_C@_0DI@MDIKFADO@Length?5?$DM?5_gPcd_FixedAtBuild_Pcd@ 0000000000009560     BaseLib:String.obj
 0002:00002438       ??_C@_0BL@IKFBNFIL@AsciiStrSize?5?$CIFirstString?$CJ@ 0000000000009598     BaseLib:String.obj
 0002:00002458       ??_C@_0BM@EDNOKLLE@AsciiStrSize?5?$CISecondString?$CJ@ 00000000000095b8     BaseLib:String.obj
 0002:00002478       ??_C@_0DJ@JJHGIFMP@Length?5?$DM?$DN?5_gPcd_FixedAtBuild_Pc@ 00000000000095d8     BaseLib:String.obj
 0002:000024c0       ??_C@_0EL@GLNKFHII@D?3?2uefi_specs_personal_collecti@ 0000000000009620     BaseLib:Unaligned.obj
 0002:00002510       ??_C@_0EM@OAPOMMAE@D?3?2uefi_specs_personal_collecti@ 0000000000009670     BaseLib:SafeString.obj
 0002:00002560       ??_C@_0BJ@CNKJJNE@?$CIBuffer?5?$CB?$DN?5?$CI?$CIvoid?5?$CK?$CJ?50?$CJ?$CJ@ 00000000000096c0     BaseLib:SafeString.obj
 0002:00002580       ??_C@_0N@KGHEHMDL@Divisor?5?$CB?$DN?50@ 00000000000096e0     BaseLib:DivU64x32.obj
 0002:00002590       ??_C@_0FH@MODEAFEI@D?3?2uefi_specs_personal_collecti@ 00000000000096f0     BasePrintLib:PrintLibInternal.obj
 0002:000025f0       ??_C@_0EB@HDGIDCIO@?$CIBufferSize?5?$DM?$DN?5?$CI_gPcd_FixedAtBu@ 0000000000009750     BasePrintLib:PrintLibInternal.obj
 0002:00002638       ??_C@_0BJ@PPAKKDJG@?$CIFormat?5?$CB?$DN?5?$CI?$CIvoid?5?$CK?$CJ?50?$CJ?$CJ@ 0000000000009798     BasePrintLib:PrintLibInternal.obj
 0002:00002660       ??_C@_0ED@LPDDCECB@?$CIBufferSize?5?$DM?$DN?5?$CI_gPcd_FixedAtBu@ 00000000000097c0     BasePrintLib:PrintLibInternal.obj
 0002:000026b0       ??_C@_0IM@BFJJFLGB@?$CIStrnLenS?5?$CI?$CICHAR16?5?$CK?$CJFormat?0?5?$CI_@ 0000000000009810     BasePrintLib:PrintLibInternal.obj
 0002:00002740       ??_C@_0ID@PLGJGION@?$CIAsciiStrnLenS?5?$CIFormat?0?5?$CI_gPcd_@ 00000000000098a0     BasePrintLib:PrintLibInternal.obj
 0002:000027c8       ??_C@_0O@MLOLIMFM@?$DMnull?5string?$DO@ 0000000000009928     BasePrintLib:PrintLibInternal.obj
 0002:000027d8       ??_C@_0M@BJJDNPHK@?$DMnull?5guid?$DO@ 0000000000009938     BasePrintLib:PrintLibInternal.obj
 0002:000027e8       ??_C@_0DB@PMLHLBMO@?$CF08x?9?$CF04x?9?$CF04x?9?$CF02x?$CF02x?9?$CF02x?$CF02@ 0000000000009948     BasePrintLib:PrintLibInternal.obj
 0002:00002820       ??_C@_0M@LHGBCIKM@?$DMnull?5time?$DO@ 0000000000009980     BasePrintLib:PrintLibInternal.obj
 0002:00002830       ??_C@_0BK@FCPKCIDD@?$CF02d?1?$CF02d?1?$CF04d?5?5?$CF02d?3?$CF02d@ 0000000000009990     BasePrintLib:PrintLibInternal.obj
 0002:0000284c       ??_C@_04JIMNDDED@?$CF08X@  00000000000099ac     BasePrintLib:PrintLibInternal.obj
 0002:00002854       ??_C@_02PCIJFNDE@?$AN?6@   00000000000099b4     BasePrintLib:PrintLibInternal.obj
 0002:00002858       ??_C@_01LIIJDEN@?$AN@      00000000000099b8     BasePrintLib:PrintLibInternal.obj
 0002:00002860       mWarningString             00000000000099c0     BasePrintLib:PrintLibInternal.obj
 0002:00002930       mErrorString               0000000000009a90     BasePrintLib:PrintLibInternal.obj
 0002:00002c10       mHexStr                    0000000000009d70     BasePrintLib:PrintLibInternal.obj
 0002:00002c20       ??_C@_0FE@LIGPAOFO@D?3?2uefi_specs_personal_collecti@ 0000000000009d80     BaseLib:DivU64x32Remainder.obj
 0002:00002cc8       __volatile_metadata        0000000000009e28     <linker-defined>
 0003:00000000       gEfiStatusCodeSpecificDataGuid 0000000000009fc0     UsbBusDxe:AutoGen.obj
 0003:00000010       gEfiStatusCodeRuntimeProtocolGuid 0000000000009fd0     UsbBusDxe:AutoGen.obj
 0003:00000020       gEfiUsbHcProtocolGuid      0000000000009fe0     UsbBusDxe:AutoGen.obj
 0003:00000030       gEfiComponentName2ProtocolGuid 0000000000009ff0     UsbBusDxe:AutoGen.obj
 0003:00000040       gEfiUsb2HcProtocolGuid     000000000000a000     UsbBusDxe:AutoGen.obj
 0003:00000050       gEfiDevicePathProtocolGuid 000000000000a010     UsbBusDxe:AutoGen.obj
 0003:00000060       gEfiUsbIoProtocolGuid      000000000000a020     UsbBusDxe:AutoGen.obj
 0003:00000070       gEfiDevicePathUtilitiesProtocolGuid 000000000000a030     UsbBusDxe:AutoGen.obj
 0003:00000080       gEfiDriverBindingProtocolGuid 000000000000a040     UsbBusDxe:AutoGen.obj
 0003:00000090       gEfiComponentNameProtocolGuid 000000000000a050     UsbBusDxe:AutoGen.obj
 0003:000000a0       gEfiCallerIdGuid           000000000000a060     UsbBusDxe:AutoGen.obj
 0003:000000b0       mUsbIoProtocol             000000000000a070     UsbBusDxe:UsbBus.obj
 0003:00000118       mUsbBusDriverBinding       000000000000a0d8     UsbBusDxe:UsbBus.obj
 0003:00000148       mUsbBusComponentName2      000000000000a108     UsbBusDxe:ComponentName.obj
 0003:00000160       mUsbBusComponentName       000000000000a120     UsbBusDxe:ComponentName.obj
 0003:00000180       mUsbBusDriverNameTable     000000000000a140     UsbBusDxe:ComponentName.obj
 0003:000001a0       mUsbRootHubApi             000000000000a160     UsbBusDxe:UsbHub.obj
 0003:000001d8       mUsbHubApi                 000000000000a198     UsbBusDxe:UsbHub.obj
 0003:00000210       mHubFeatureMap             000000000000a1d0     UsbBusDxe:UsbHub.obj
 0003:00000240       mRootHubFeatureMap         000000000000a200     UsbBusDxe:UsbHub.obj
 0003:00000268       mAllUsbClassDevicePath     000000000000a228     UsbBusDxe:UsbUtility.obj
 0003:00000280       gST                        000000000000a240     UefiBootServicesTableLib:UefiBootServicesTableLib.obj
 0003:00000288       gBS                        000000000000a248     UefiBootServicesTableLib:UefiBootServicesTableLib.obj
 0003:00000290       gImageHandle               000000000000a250     UefiBootServicesTableLib:UefiBootServicesTableLib.obj
 0003:00000298       gRT                        000000000000a258     UefiRuntimeServicesTableLib:UefiRuntimeServicesTableLib.obj
 0003:000002a0       mDevicePathLibDevicePathUtilities 000000000000a260     UefiDevicePathLibDevicePathProtocol:UefiDevicePathLib.obj
 0003:000002a8       mReportStatusCodeLibStatusCodeProtocol 000000000000a268     DxeReportStatusCodeLib:ReportStatusCodeLib.obj
 0003:000002b8       gParity                    000000000000a278     PcAtSerialPortLib:SerialPortLib.obj
 0003:000002b9       gBreakSet                  000000000000a279     PcAtSerialPortLib:SerialPortLib.obj

 entry point at        0001:000001c8

 Static symbols

 0001:0000001a       InternalMemCopyMem.0       00000000000002da     BaseMemoryLibRepStr:CopyMem.obj
 0001:0000002a       @CopyBackward              00000000000002ea     BaseMemoryLibRepStr:CopyMem.obj
 0001:00000033       @CopyBytes                 00000000000002f3     BaseMemoryLibRepStr:CopyMem.obj
 0001:00000149       TdVmCall.no_return_data    0000000000000409     BaseLib:TdVmcall.obj
 0001:000001bb       TdCall.exit                000000000000047b     BaseLib:TdCall.obj
 0003:00000278       mCcProbeGuestType          000000000000a238     DxeCcProbeLib:DxeCcProbeLib.obj
 0003:00000279       mCcProbed                  000000000000a239     DxeCcProbeLib:DxeCcProbeLib.obj
 0003:000002b0       mDeadLoopComparator        000000000000a270     BaseLib:CpuDeadLoop.obj
 0005:00000000       $unwind$UsbHubRelease      000000000000a6e0     UsbBusDxe:UsbHub.obj
 0005:00000000       $unwind$_ModuleEntryPoint  000000000000a6e0     UefiDriverEntryPoint:DriverEntryPoint.obj
 0005:00000008       $unwind$ProcessLibraryConstructorList 000000000000a6e8     UsbBusDxe:AutoGen.obj
 0005:00000008       $unwind$UsbIoGetDeviceDescriptor 000000000000a6e8     UsbBusDxe:UsbBus.obj
 0005:00000008       $unwind$UsbIoGetInterfaceDescriptor 000000000000a6e8     UsbBusDxe:UsbBus.obj
 0005:00000008       $unwind$UsbRootHubEnumeration 000000000000a6e8     UsbBusDxe:UsbEnumer.obj
 0005:00000008       $unwind$GetUsbDPFromFullDP 000000000000a6e8     UsbBusDxe:UsbUtility.obj
 0005:00000008       $unwind$MatchUsbClass      000000000000a6e8     UsbBusDxe:UsbUtility.obj
 0005:00000008       $unwind$UsbBusFreeUsbDPList 000000000000a6e8     UsbBusDxe:UsbUtility.obj
 0005:00000008       $unwind$AsciiStrnCmp       000000000000a6e8     BaseLib:String.obj
 0005:00000008       $unwind$CopyGuid           000000000000a6e8     BaseMemoryLibRepStr:MemLibGuid.obj
 0005:00000008       $unwind$BasePrintLibValueToString 000000000000a6e8     BasePrintLib:PrintLibInternal.obj
 0005:00000008       $unwind$IsLanguageSupported 000000000000a6e8     UefiLib:UefiLib.obj
 0005:00000008       $unwind$SerialPortWrite    000000000000a6e8     PcAtSerialPortLib:SerialPortLib.obj
 0005:00000018       $unwind$UsbIoControlTransfer 000000000000a6f8     UsbBusDxe:UsbBus.obj
 0005:00000034       $unwind$UsbIoBulkTransfer  000000000000a714     UsbBusDxe:UsbBus.obj
 0005:0000004c       $unwind$UsbIoSyncInterruptTransfer 000000000000a72c     UsbBusDxe:UsbBus.obj
 0005:00000064       $unwind$UsbIoAsyncInterruptTransfer 000000000000a744     UsbBusDxe:UsbBus.obj
 0005:0000007c       $unwind$UsbIoGetActiveConfigDescriptor 000000000000a75c     UsbBusDxe:UsbBus.obj
 0005:0000007c       $unwind$UsbIoGetEndpointDescriptor 000000000000a75c     UsbBusDxe:UsbBus.obj
 0005:0000007c       $unwind$UsbIoGetSupportedLanguages 000000000000a75c     UsbBusDxe:UsbBus.obj
 0005:0000007c       $unwind$UsbFreeConfigDesc  000000000000a75c     UsbBusDxe:UsbDesc.obj
 0005:0000007c       $unwind$UsbHubEnumeration  000000000000a75c     UsbBusDxe:UsbEnumer.obj
 0005:0000007c       $unwind$UsbSelectSetting   000000000000a75c     UsbBusDxe:UsbEnumer.obj
 0005:0000007c       $unwind$UsbBusAddWantedUsbIoDP 000000000000a75c     UsbBusDxe:UsbUtility.obj
 0005:0000007c       $unwind$CompareMem         000000000000a75c     BaseMemoryLibRepStr:CompareMemWrapper.obj
 0005:0000007c       $unwind$CopyMem            000000000000a75c     BaseMemoryLibRepStr:CopyMemWrapper.obj
 0005:00000090       $unwind$UsbIoGetStringDescriptor 000000000000a770     UsbBusDxe:UsbBus.obj
 0005:000000ac       $unwind$UsbIoPortReset     000000000000a78c     UsbBusDxe:UsbBus.obj
 0005:000000c4       $unwind$UsbBusBuildProtocol 000000000000a7a4     UsbBusDxe:UsbBus.obj
 0005:000000e0       $unwind$UsbBusControllerDriverSupported 000000000000a7c0     UsbBusDxe:UsbBus.obj
 0005:000000f0       $unwind$UsbBusControllerDriverStart 000000000000a7d0     UsbBusDxe:UsbBus.obj
 0005:00000100       $unwind$UsbBusControllerDriverStop 000000000000a7e0     UsbBusDxe:UsbBus.obj
 0005:00000100       $unwind$UsbEnumerateNewDev 000000000000a7e0     UsbBusDxe:UsbEnumer.obj
 0005:0000011c       $unwind$UsbCreateInterface 000000000000a7fc     UsbBusDxe:UsbEnumer.obj
 0005:00000130       $unwind$UsbConnectDriver   000000000000a810     UsbBusDxe:UsbEnumer.obj
 0005:00000140       $unwind$UsbBusComponentNameGetDriverName 000000000000a820     UsbBusDxe:ComponentName.obj
 0005:00000140       $unwind$UsbRemoveDevice    000000000000a820     UsbBusDxe:UsbEnumer.obj
 0005:00000140       $unwind$UsbSelectConfig    000000000000a820     UsbBusDxe:UsbEnumer.obj
 0005:00000140       $unwind$MatchUsbWwid       000000000000a820     UsbBusDxe:UsbUtility.obj
 0005:00000140       $unwind$SearchUsbDPInList  000000000000a820     UsbBusDxe:UsbUtility.obj
 0005:00000158       $unwind$UsbRemoveConfig    000000000000a838     UsbBusDxe:UsbEnumer.obj
 0005:00000174       $unwind$UsbEnumeratePort   000000000000a854     UsbBusDxe:UsbEnumer.obj
 0005:0000018c       $unwind$UsbFreeDevDesc     000000000000a86c     UsbBusDxe:UsbDesc.obj
 0005:0000018c       $unwind$UsbFreeInterfaceDesc 000000000000a86c     UsbBusDxe:UsbDesc.obj
 0005:0000018c       $unwind$InsertTailList     000000000000a86c     BaseLib:LinkedList.obj
 0005:0000018c       $unwind$AsciiStrLen        000000000000a86c     BaseLib:String.obj
 0005:0000018c       $unwind$ZeroMem            000000000000a86c     BaseMemoryLibRepStr:ZeroMemWrapper.obj
 0005:0000018c       $unwind$IsDevicePathEnd    000000000000a86c     UefiDevicePathLibDevicePathProtocol:UefiDevicePathLib.obj
 0005:00000198       $unwind$UsbCreateDesc      000000000000a878     UsbBusDxe:UsbDesc.obj
 0005:000001b0       $unwind$UsbParseConfigDesc 000000000000a890     UsbBusDxe:UsbDesc.obj
 0005:000001c8       $unwind$UsbCtrlRequest     000000000000a8a8     UsbBusDxe:UsbDesc.obj
 0005:000001d8       $unwind$UsbCtrlGetDesc     000000000000a8b8     UsbBusDxe:UsbDesc.obj
 0005:000001d8       $unwind$UsbHubClearPortFeature 000000000000a8b8     UsbBusDxe:UsbHub.obj
 0005:000001d8       $unwind$UsbHubCtrlClearTTBuffer 000000000000a8b8     UsbBusDxe:UsbHub.obj
 0005:000001d8       $unwind$UsbHubCtrlSetPortFeature 000000000000a8b8     UsbBusDxe:UsbHub.obj
 0005:000001e0       $unwind$UsbGetMaxPacketSize0 000000000000a8c0     UsbBusDxe:UsbDesc.obj
 0005:000001ec       $unwind$UsbGetOneString    000000000000a8cc     UsbBusDxe:UsbDesc.obj
 0005:00000200       $unwind$UsbGetOneConfig    000000000000a8e0     UsbBusDxe:UsbDesc.obj
 0005:00000210       $unwind$UsbBuildDescTable  000000000000a8f0     UsbBusDxe:UsbDesc.obj
 0005:00000228       $unwind$UsbHubAckHubStatus 000000000000a908     UsbBusDxe:UsbHub.obj
 0005:0000023c       $unwind$UsbOnHubInterrupt  000000000000a91c     UsbBusDxe:UsbHub.obj
 0005:00000250       $unwind$UsbHubInit         000000000000a930     UsbBusDxe:UsbHub.obj
 0005:00000270       $unwind$UsbHubGetPortStatus 000000000000a950     UsbBusDxe:UsbHub.obj
 0005:00000278       $unwind$UsbHubClearPortChange 000000000000a958     UsbBusDxe:UsbHub.obj
 0005:0000028c       $unwind$UsbHubResetPort    000000000000a96c     UsbBusDxe:UsbHub.obj
 0005:0000029c       $unwind$UsbRootHubInit     000000000000a97c     UsbBusDxe:UsbHub.obj
 0005:000002a8       $unwind$UsbRootHubClearPortChange 000000000000a988     UsbBusDxe:UsbHub.obj
 0005:000002bc       $unwind$UsbRootHubResetPort 000000000000a99c     UsbBusDxe:UsbHub.obj
 0005:000002d0       $unwind$UsbRootHubRelease  000000000000a9b0     UsbBusDxe:UsbHub.obj
 0005:000002d0       $unwind$UsbGetCurrentTpl   000000000000a9b0     UsbBusDxe:UsbUtility.obj
 0005:000002d0       $unwind$InternalBaseLibIsListValid 000000000000a9b0     BaseLib:LinkedList.obj
 0005:000002d0       $unwind$RemoveEntryList    000000000000a9b0     BaseLib:LinkedList.obj
 0005:000002d0       $unwind$StrnLenS           000000000000a9b0     BaseLib:SafeString.obj
 0005:000002d0       $unwind$DevicePathNodeLength 000000000000a9b0     UefiDevicePathLibDevicePathProtocol:UefiDevicePathLib.obj
 0005:000002d0       $unwind$AllocateZeroPool   000000000000a9b0     UefiMemoryAllocationLib:MemoryAllocationLib.obj
 0005:000002d8       $unwind$UsbHcControlTransfer 000000000000a9b8     UsbBusDxe:UsbUtility.obj
 0005:000002e0       $unwind$UsbOpenHostProtoByChild 000000000000a9c0     UsbBusDxe:UsbUtility.obj
 0005:000002e8       $unwind$UsbBusIsWantedUsbIO 000000000000a9c8     UsbBusDxe:UsbUtility.obj
 0005:00000304       $unwind$UsbBusRecursivelyConnectWantedUsbIo 000000000000a9e4     UsbBusDxe:UsbUtility.obj
 0005:00000314       $unwind$DebugPrint         000000000000a9f4     BaseDebugLibSerialPort:DebugLib.obj
 0005:0000031c       $unwind$DebugPrintMarker   000000000000a9fc     BaseDebugLibSerialPort:DebugLib.obj
 0005:00000330       $unwind$DebugAssert        000000000000aa10     BaseDebugLibSerialPort:DebugLib.obj
 0005:00000338       $unwind$FreePool           000000000000aa18     UefiMemoryAllocationLib:MemoryAllocationLib.obj
 0005:00000338       $unwind$InternalAllocatePool 000000000000aa18     UefiMemoryAllocationLib:MemoryAllocationLib.obj
 0005:00000340       $unwind$InternalReportStatusCode 000000000000aa20     DxeReportStatusCodeLib:ReportStatusCodeLib.obj
 0005:00000350       $unwind$ReportStatusCodeWithDevicePath 000000000000aa30     DxeReportStatusCodeLib:ReportStatusCodeLib.obj
 0005:00000368       $unwind$AsciiSPrint        000000000000aa48     BasePrintLib:PrintLib.obj
 0005:00000370       $unwind$BasePrintLibSPrintMarker 000000000000aa50     BasePrintLib:PrintLibInternal.obj
 0005:0000038c       $unwind$TdIoRead8          000000000000aa6c     BaseIoLibIntrinsicSev:IoLibInternalTdx.obj
 0005:0000038c       $unwind$BasePrintLibSPrint 000000000000aa6c     BasePrintLib:PrintLibInternal.obj
 0005:00000394       $unwind$TdIoWrite8         000000000000aa74     BaseIoLibIntrinsicSev:IoLibInternalTdx.obj
