 TerminalDxe

 Timestamp is 6725e493 (Sat Nov  2 16:36:35 2024)

 Preferred load address is 0000000000000000

 Start         Length     Name                   Class
 0001:00000000 000001c8H .text                   CODE
 0001:000001c8 00006328H .text$mn                CODE
 0002:00000000 00001bd8H .rdata                  DATA
 0002:00001bd8 00000030H .rdata$voltmd           DATA
 0002:00001c08 00000168H .rdata$zzzdbg           DATA
 0003:00000000 000004c0H .data                   DATA
 0003:000004c0 00000042H .bss                    DATA
 0004:00000000 0000039cH .pdata                  DATA
 0005:00000000 00000308H .xdata                  DATA

  Address         Publics by Value              Rva+Base               Lib:Object

 0000:00000000       __x64_code_ranges_to_entry_points_count 0000000000000000     <absolute>
 0000:00000000       __guard_iat_table          0000000000000000     <absolute>
 0000:00000000       __guard_iat_count          0000000000000000     <absolute>
 0000:00000000       __guard_longjmp_count      0000000000000000     <absolute>
 0000:00000000       __dynamic_value_reloc_table 0000000000000000     <absolute>
 0000:00000000       __hybrid_auxiliary_iat     0000000000000000     <absolute>
 0000:00000000       __guard_longjmp_table      0000000000000000     <absolute>
 0000:00000000       __hybrid_auxiliary_iat_copy 0000000000000000     <absolute>
 0000:00000000       __x64_code_ranges_to_entry_points 0000000000000000     <absolute>
 0000:00000000       __guard_fids_count         0000000000000000     <absolute>
 0000:00000000       __AbsoluteZero             0000000000000000     <absolute>
 0000:00000000       __arm64x_extra_rfe_table   0000000000000000     <absolute>
 0000:00000000       __guard_check_icall_a64n_fptr 0000000000000000     <absolute>
 0000:00000000       __hybrid_code_map          0000000000000000     <absolute>
 0000:00000000       __guard_fids_table         0000000000000000     <absolute>
 0000:00000000       __arm64x_extra_rfe_table_size 0000000000000000     <absolute>
 0000:00000000       __guard_flags              0000000000000000     <absolute>
 0000:00000000       __arm64x_redirection_metadata_count 0000000000000000     <absolute>
 0000:00000000       __guard_eh_cont_count      0000000000000000     <absolute>
 0000:00000000       __hybrid_code_map_count    0000000000000000     <absolute>
 0000:00000000       __enclave_config           0000000000000000     <absolute>
 0000:00000000       __guard_eh_cont_table      0000000000000000     <absolute>
 0000:00000000       __arm64x_native_entrypoint 0000000000000000     <absolute>
 0000:00000000       __arm64x_redirection_metadata 0000000000000000     <absolute>
 0001:00000000       InternalMemCopyMem         00000000000002c0     BaseMemoryLibRepStr:CopyMem.obj
 0001:00000040       InternalMemCompareMem      0000000000000300     BaseMemoryLibRepStr:CompareMem.obj
 0001:00000060       InternalMemZeroMem         0000000000000320     BaseMemoryLibRepStr:ZeroMem.obj
 0001:00000080       CpuPause                   0000000000000340     BaseLib:CpuPause.obj
 0001:00000090       InternalMemSetMem          0000000000000350     BaseMemoryLibRepStr:SetMem.obj
 0001:000000b0       InternalMemSetMem64        0000000000000370     BaseMemoryLibRepStr:SetMem64.obj
 0001:000000d0       InternalMemSetMem32        0000000000000390     BaseMemoryLibRepStr:SetMem32.obj
 0001:000000f0       TdVmCall                   00000000000003b0     BaseLib:TdVmcall.obj
 0001:00000170       TdCall                     0000000000000430     BaseLib:TdCall.obj
 0001:000001c8       _ModuleEntryPoint          0000000000000488 f   UefiDriverEntryPoint:DriverEntryPoint.obj
 0001:000001e4       ProcessLibraryConstructorList 00000000000004a4 f   TerminalDxe:AutoGen.obj
 0001:0000040c       ProcessModuleEntryPointList 00000000000006cc f   TerminalDxe:AutoGen.obj
 0001:000004e4       TerminalTypeFromGuid       00000000000007a4 f   TerminalDxe:Terminal.obj
 0001:0000052c       TerminalDriverBindingSupported 00000000000007ec f   TerminalDxe:Terminal.obj
 0001:00000650       StopTerminalStateMachine   0000000000000910 f   TerminalDxe:Terminal.obj
 0001:000006ac       StartTerminalStateMachine  000000000000096c f   TerminalDxe:Terminal.obj
 0001:000007c4       InitializeControllerNameTable 0000000000000a84 f   TerminalDxe:Terminal.obj
 0001:000008c8       TerminalDriverBindingStart 0000000000000b88 f   TerminalDxe:Terminal.obj
 0001:000012e0       TerminalDriverBindingStop  00000000000015a0 f   TerminalDxe:Terminal.obj
 0001:00001650       TerminalUpdateConsoleDevVariable 0000000000001910 f   TerminalDxe:Terminal.obj
 0001:00001840       TerminalRemoveConsoleDevVariable 0000000000001b00 f   TerminalDxe:Terminal.obj
 0001:000019e0       SetTerminalDevicePath      0000000000001ca0 f   TerminalDxe:Terminal.obj
 0001:00001a70       TerminalConOutReset        0000000000001d30 f   TerminalDxe:TerminalConOut.obj
 0001:00001b18       TerminalConOutOutputString 0000000000001dd8 f   TerminalDxe:TerminalConOut.obj
 0001:00001dd8       TerminalConOutTestString   0000000000002098 f   TerminalDxe:TerminalConOut.obj
 0001:00001e8c       TerminalConOutQueryMode    000000000000214c f   TerminalDxe:TerminalConOut.obj
 0001:00001f28       TerminalConOutSetMode      00000000000021e8 f   TerminalDxe:TerminalConOut.obj
 0001:00001fd8       TerminalConOutSetAttribute 0000000000002298 f   TerminalDxe:TerminalConOut.obj
 0001:000021bc       TerminalConOutClearScreen  000000000000247c f   TerminalDxe:TerminalConOut.obj
 0001:00002234       TerminalConOutSetCursorPosition 00000000000024f4 f   TerminalDxe:TerminalConOut.obj
 0001:00002440       TerminalConOutEnableCursor 0000000000002700 f   TerminalDxe:TerminalConOut.obj
 0001:00002458       TerminalIsValidTextGraphics 0000000000002718 f   TerminalDxe:TerminalConOut.obj
 0001:000024c0       ReadKeyStrokeWorker        0000000000002780 f   TerminalDxe:TerminalConIn.obj
 0001:0000258c       TerminalConInReset         000000000000284c f   TerminalDxe:TerminalConIn.obj
 0001:00002638       TerminalConInReadKeyStroke 00000000000028f8 f   TerminalDxe:TerminalConIn.obj
 0001:000026a4       IsKeyRegistered            0000000000002964 f   TerminalDxe:TerminalConIn.obj
 0001:000026fc       TerminalConInWaitForKeyEx  00000000000029bc f   TerminalDxe:TerminalConIn.obj
 0001:000026fc       TerminalConInWaitForKey    00000000000029bc f   TerminalDxe:TerminalConIn.obj
 0001:00002720       TerminalConInResetEx       00000000000029e0 f   TerminalDxe:TerminalConIn.obj
 0001:00002788       TerminalConInReadKeyStrokeEx 0000000000002a48 f   TerminalDxe:TerminalConIn.obj
 0001:000027ec       TerminalConInSetState      0000000000002aac f   TerminalDxe:TerminalConIn.obj
 0001:00002810       TerminalConInRegisterKeyNotify 0000000000002ad0 f   TerminalDxe:TerminalConIn.obj
 0001:0000298c       TerminalConInUnregisterKeyNotify 0000000000002c4c f   TerminalDxe:TerminalConIn.obj
 0001:00002a90       TerminalConInTimerHandler  0000000000002d50 f   TerminalDxe:TerminalConIn.obj
 0001:00002c60       KeyNotifyProcessHandler    0000000000002f20 f   TerminalDxe:TerminalConIn.obj
 0001:00002de0       EfiKeyFiFoInsertOneKey     00000000000030a0 f   TerminalDxe:TerminalConIn.obj
 0001:00002f7c       UnicodeFiFoInsertOneKey    000000000000323c f   TerminalDxe:TerminalConIn.obj
 0001:00003024       UnicodeToEfiKeyFlushState  00000000000032e4 f   TerminalDxe:TerminalConIn.obj
 0001:00003124       UnicodeToEfiKey            00000000000033e4 f   TerminalDxe:TerminalConIn.obj
 0001:00003c90       TerminalComponentNameGetDriverName 0000000000003f50 f   TerminalDxe:ComponentName.obj
 0001:00003cc4       TerminalComponentNameGetControllerName 0000000000003f84 f   TerminalDxe:ComponentName.obj
 0001:00003e7c       VTUTF8RawDataToUnicode     000000000000413c f   TerminalDxe:Vtutf8.obj
 0001:00004060       StrSize                    0000000000004320 f   BaseLib:String.obj
 0001:000040ec       AsciiStrLen                00000000000043ac f   BaseLib:String.obj
 0001:00004158       AsciiStrnCmp               0000000000004418 f   BaseLib:String.obj
 0001:00004224       InternalBaseLibIsListValid 00000000000044e4 f   BaseLib:LinkedList.obj
 0001:00004290       InsertTailList             0000000000004550 f   BaseLib:LinkedList.obj
 0001:000042e4       GetFirstNode               00000000000045a4 f   BaseLib:LinkedList.obj
 0001:00004318       IsNull                     00000000000045d8 f   BaseLib:LinkedList.obj
 0001:0000435c       RemoveEntryList            000000000000461c f   BaseLib:LinkedList.obj
 0001:000043c4       StrnLenS                   0000000000004684 f   BaseLib:SafeString.obj
 0001:0000441c       StrDecimalToUintnS         00000000000046dc f   BaseLib:SafeString.obj
 0001:00004558       CopyGuid                   0000000000004818 f   BaseMemoryLibRepStr:MemLibGuid.obj
 0001:00004608       CompareGuid                00000000000048c8 f   BaseMemoryLibRepStr:MemLibGuid.obj
 0001:000046cc       CopyMem                    000000000000498c f   BaseMemoryLibRepStr:CopyMemWrapper.obj
 0001:00004768       CompareMem                 0000000000004a28 f   BaseMemoryLibRepStr:CompareMemWrapper.obj
 0001:00004840       ZeroMem                    0000000000004b00 f   BaseMemoryLibRepStr:ZeroMemWrapper.obj
 0001:000048b0       DebugPrint                 0000000000004b70 f   BaseDebugLibSerialPort:DebugLib.obj
 0001:000048d4       DebugPrintMarker           0000000000004b94 f   BaseDebugLibSerialPort:DebugLib.obj
 0001:00004960       DebugAssert                0000000000004c20 f   BaseDebugLibSerialPort:DebugLib.obj
 0001:000049dc       InternalAllocatePool       0000000000004c9c f   UefiMemoryAllocationLib:MemoryAllocationLib.obj
 0001:00004a0c       InternalAllocateCopyPool   0000000000004ccc f   UefiMemoryAllocationLib:MemoryAllocationLib.obj
 0001:00004a84       FreePool                   0000000000004d44 f   UefiMemoryAllocationLib:MemoryAllocationLib.obj
 0001:00004ac8       DevicePathNodeLength       0000000000004d88 f   UefiDevicePathLibDevicePathProtocol:UefiDevicePathLib.obj
 0001:00004b10       IsDevicePathEnd            0000000000004dd0 f   UefiDevicePathLibDevicePathProtocol:UefiDevicePathLib.obj
 0001:00004b88       InternalReportStatusCode   0000000000004e48 f   DxeReportStatusCodeLib:ReportStatusCodeLib.obj
 0001:00004c40       ReportStatusCodeWithDevicePath 0000000000004f00 f   DxeReportStatusCodeLib:ReportStatusCodeLib.obj
 0001:00004cf0       ReportStatusCodeEx         0000000000004fb0 f   DxeReportStatusCodeLib:ReportStatusCodeLib.obj
 0001:00004ecc       IsLanguageSupported        000000000000518c f   UefiLib:UefiLib.obj
 0001:00004f54       LookupUnicodeString2       0000000000005214 f   UefiLib:UefiLib.obj
 0001:00005048       AddUnicodeString2          0000000000005308 f   UefiLib:UefiLib.obj
 0001:00005230       FreeUnicodeStringTable     00000000000054f0 f   UefiLib:UefiLib.obj
 0001:0000529c       GetEfiGlobalVariable2      000000000000555c f   UefiLib:UefiLib.obj
 0001:0000539c       AsciiSPrint                000000000000565c f   BasePrintLib:PrintLib.obj
 0001:000053c8       BasePrintLibFillBuffer     0000000000005688 f   BasePrintLib:PrintLibInternal.obj
 0001:000053fc       BasePrintLibValueToString  00000000000056bc f   BasePrintLib:PrintLibInternal.obj
 0001:00005468       BasePrintLibSPrintMarker   0000000000005728 f   BasePrintLib:PrintLibInternal.obj
 0001:00006374       BasePrintLibSPrint         0000000000006634 f   BasePrintLib:PrintLibInternal.obj
 0001:00006398       SerialPortWrite            0000000000006658 f   PcAtSerialPortLib:SerialPortLib.obj
 0001:0000641c       IsTdxGuest                 00000000000066dc f   BaseIoLibIntrinsicSev:IoLibInternalTdx.obj
 0001:00006448       TdIoRead8                  0000000000006708 f   BaseIoLibIntrinsicSev:IoLibInternalTdx.obj
 0001:000064a0       TdIoWrite8                 0000000000006760 f   BaseIoLibIntrinsicSev:IoLibInternalTdx.obj
 0002:00000000       ??_C@_0CB@DMEJJJHA@?6ASSERT_EFI_ERROR?5?$CIStatus?5?$DN?5?$CFr?$CJ@ 00000000000067c0     UefiDriverEntryPoint:DriverEntryPoint.obj
 0002:00000028       ??_C@_0CH@BBNBJKHK@?$CB?$CI?$CI?$CIINTN?$CJ?$CIRETURN_STATUS?$CJ?$CIStatus@ 00000000000067e8     UefiDriverEntryPoint:DriverEntryPoint.obj
 0002:00000050       ??_C@_0M@BIBNPCDE@TerminalDxe@ 0000000000006810     TerminalDxe:AutoGen.obj
 0002:00000060       ??_C@_0IO@CGOMCGMH@d?3?2uefi_specs_personal_collecti@ 0000000000006820     TerminalDxe:AutoGen.obj
 0002:000000f0       ??_C@_1CO@MKDEDOOI@?$AAP?$AAC?$AA?9?$AAA?$AAN?$AAS?$AAI?$AA?5?$AAS?$AAe?$AAr?$AAi?$AAa?$AAl?$AA?5@ 00000000000068b0     TerminalDxe:Terminal.obj
 0002:00000120       ??_C@_1CM@OAINDMOF@?$AAV?$AAT?$AA?9?$AA1?$AA0?$AA0?$AA?5?$AAS?$AAe?$AAr?$AAi?$AAa?$AAl?$AA?5?$AAC@ 00000000000068e0     TerminalDxe:Terminal.obj
 0002:00000150       ??_C@_1CO@ODBFKALN@?$AAV?$AAT?$AA?9?$AA1?$AA0?$AA0?$AA?$CL?$AA?5?$AAS?$AAe?$AAr?$AAi?$AAa?$AAl?$AA?5@ 0000000000006910     TerminalDxe:Terminal.obj
 0002:00000180       ??_C@_1CO@HOAMADFA@?$AAV?$AAT?$AA?9?$AAU?$AAT?$AAF?$AA8?$AA?5?$AAS?$AAe?$AAr?$AAi?$AAa?$AAl?$AA?5@ 0000000000006940     TerminalDxe:Terminal.obj
 0002:000001b0       ??_C@_1DI@BJAMCEFE@?$AAT?$AAt?$AAy?$AA?5?$AAT?$AAe?$AAr?$AAm?$AAi?$AAn?$AAa?$AAl?$AA?5?$AAS?$AAe@ 0000000000006970     TerminalDxe:Terminal.obj
 0002:000001e8       ??_C@_1DM@PPLMKALJ@?$AAL?$AAi?$AAn?$AAu?$AAx?$AA?5?$AAT?$AAe?$AAr?$AAm?$AAi?$AAn?$AAa?$AAl?$AA?5@ 00000000000069a8     TerminalDxe:Terminal.obj
 0002:00000228       ??_C@_1DA@DNGKFDBM@?$AAX?$AAt?$AAe?$AAr?$AAm?$AA?5?$AAR?$AA6?$AA?5?$AAS?$AAe?$AAr?$AAi?$AAa?$AAl@ 00000000000069e8     TerminalDxe:Terminal.obj
 0002:00000258       ??_C@_1CM@DGLFDMEM@?$AAV?$AAT?$AA?9?$AA4?$AA0?$AA0?$AA?5?$AAS?$AAe?$AAr?$AAi?$AAa?$AAl?$AA?5?$AAC@ 0000000000006a18     TerminalDxe:Terminal.obj
 0002:00000288       ??_C@_1DI@LCCEMAAD@?$AAS?$AAC?$AAO?$AA?5?$AAT?$AAe?$AAr?$AAm?$AAi?$AAn?$AAa?$AAl?$AA?5?$AAS?$AAe@ 0000000000006a48     TerminalDxe:Terminal.obj
 0002:000002c0       ??_C@_0BF@NDBIKIKC@CR?5has?5Bad?5Signature@ 0000000000006a80     TerminalDxe:Terminal.obj
 0002:000002e0       ??_C@_0FO@BMIEMC@D?3?2uefi_specs_personal_collecti@ 0000000000006aa0     TerminalDxe:Terminal.obj
 0002:00000340       ??_C@_0BO@GJFIEIGN@TextModeCount?5?$CB?$DN?5?$CI?$CIvoid?5?$CK?$CJ?50?$CJ@ 0000000000006b00     TerminalDxe:Terminal.obj
 0002:00000360       ??_C@_0CL@MDNJBMPK@Terminal?5?9?5Mode?5?$CFd?0?5Column?5?$DN?5?$CFd@ 0000000000006b20     TerminalDxe:Terminal.obj
 0002:00000390       ??_C@_0EG@NALKPNIJ@TerminalType?5?$DM?5?$CIsizeof?5?$CImTermin@ 0000000000006b50     TerminalDxe:Terminal.obj
 0002:000003d8       ??_C@_03LKLGDMJI@eng@      0000000000006b98     TerminalDxe:Terminal.obj
 0002:000003dc       ??_C@_02LFNMGJAP@en@       0000000000006b9c     TerminalDxe:Terminal.obj
 0002:000003e0       ??_C@_0FO@POFMFFID@?$CIStatus?5?$DN?$DN?5?$CIRETURN_STATUS?$CJ?$CI0?$CJ?$CJ?5@ 0000000000006ba0     TerminalDxe:Terminal.obj
 0002:00000440       ??_C@_1BC@OBFMLJLI@?$AAC?$AAo?$AAn?$AAI?$AAn?$AAD?$AAe?$AAv@ 0000000000006c00     TerminalDxe:Terminal.obj
 0002:00000460       ??_C@_1BE@INNAKDAF@?$AAC?$AAo?$AAn?$AAO?$AAu?$AAt?$AAD?$AAe?$AAv@ 0000000000006c20     TerminalDxe:Terminal.obj
 0002:00000480       ??_C@_1BE@JFPOEAHF@?$AAE?$AAr?$AAr?$AAO?$AAu?$AAt?$AAD?$AAe?$AAv@ 0000000000006c40     TerminalDxe:Terminal.obj
 0002:00000498       ??_C@_0CH@BCIKCJLO@?$CBIsDevicePathEnd?5?$CIRemainingDevi@ 0000000000006c58     TerminalDxe:Terminal.obj
 0002:000004c0       ??_C@_0FG@NFMFLCEH@TerminalDevice?9?$DOTerminalType?5?$DM?5@ 0000000000006c80     TerminalDxe:Terminal.obj
 0002:00000520       mSerialConsoleNames        0000000000006ce0     TerminalDxe:Terminal.obj
 0002:00000570       mTerminalType              0000000000006d30     TerminalDxe:Terminal.obj
 0002:000005c0       ??_C@_0GE@HEOBLGIN@D?3?2uefi_specs_personal_collecti@ 0000000000006d80     TerminalDxe:TerminalConOut.obj
 0002:00000624       ??_C@_11LOCGONAA@@         0000000000006de4     TerminalDxe:TerminalConOut.obj
 0002:00000630       ??_C@_0GD@KIHLJIHB@D?3?2uefi_specs_personal_collecti@ 0000000000006df0     TerminalDxe:TerminalConIn.obj
 0002:00000698       ??_C@_0DM@CHNNECGH@RegsiteredData?5?$CB?$DN?5?$CI?$CIvoid?5?$CK?$CJ?50?$CJ?5@ 0000000000006e58     TerminalDxe:TerminalConIn.obj
 0002:000006d8       ??_C@_0P@HNODLFPJ@Head?5?$DM?5128?5?$CL?51@ 0000000000006e98     TerminalDxe:TerminalConIn.obj
 0002:000006e8       ??_C@_0P@DJNHKJNK@Tail?5?$DM?5128?5?$CL?51@ 0000000000006ea8     TerminalDxe:TerminalConIn.obj
 0002:000006f8       ??_C@_0BN@MDCEHADJ@Unexpected?5state?5in?5escape2?6@ 0000000000006eb8     TerminalDxe:TerminalConIn.obj
 0002:00000718       ??_C@_0BC@FEDIJHFF@?$CI?$CIBOOLEAN?$CJ?$CI0?$DN?$DN1?$CJ?$CJ@ 0000000000006ed8     TerminalDxe:TerminalConIn.obj
 0002:0000072c       ??_C@_06DALJLGPG@eng?$DLen@ 0000000000006eec     TerminalDxe:ComponentName.obj
 0002:00000738       ??_C@_1CO@BCLPFDOE@?$AAS?$AAe?$AAr?$AAi?$AAa?$AAl?$AA?5?$AAT?$AAe?$AAr?$AAm?$AAi?$AAn?$AAa?$AAl@ 0000000000006ef8     TerminalDxe:ComponentName.obj
 0002:00000770       ??_C@_0GD@CLFDJEPC@D?3?2uefi_specs_personal_collecti@ 0000000000006f30     TerminalDxe:ComponentName.obj
 0002:000007d8       ??_C@_0BH@MAAHKCPC@String?5?$CB?$DN?5?$CI?$CIvoid?5?$CK?$CJ?50?$CJ@ 0000000000006f98     BaseLib:String.obj
 0002:000007f0       ??_C@_0EI@LOLLHGDK@D?3?2uefi_specs_personal_collecti@ 0000000000006fb0     BaseLib:String.obj
 0002:00000838       ??_C@_0CC@GFNLNIOC@?$CI?$CIUINTN?$CJString?5?$CG?50x00000001?$CJ?5?$DN?$DN@ 0000000000006ff8     BaseLib:String.obj
 0002:00000860       ??_C@_0DK@EOJCOAME@Length?5?$DM?5_gPcd_FixedAtBuild_Pcd@ 0000000000007020     BaseLib:String.obj
 0002:000008a0       ??_C@_0DI@MDIKFADO@Length?5?$DM?5_gPcd_FixedAtBuild_Pcd@ 0000000000007060     BaseLib:String.obj
 0002:000008d8       ??_C@_0BL@IKFBNFIL@AsciiStrSize?5?$CIFirstString?$CJ@ 0000000000007098     BaseLib:String.obj
 0002:000008f8       ??_C@_0BM@EDNOKLLE@AsciiStrSize?5?$CISecondString?$CJ@ 00000000000070b8     BaseLib:String.obj
 0002:00000918       ??_C@_0DJ@JJHGIFMP@Length?5?$DM?$DN?5_gPcd_FixedAtBuild_Pc@ 00000000000070d8     BaseLib:String.obj
 0002:00000958       ??_C@_0BF@NJNGJMPC@List?5?$CB?$DN?5?$CI?$CIvoid?5?$CK?$CJ?50?$CJ@ 0000000000007118     BaseLib:LinkedList.obj
 0002:00000970       ??_C@_0EM@NCJPOFNN@D?3?2uefi_specs_personal_collecti@ 0000000000007130     BaseLib:LinkedList.obj
 0002:000009c0       ??_C@_0CC@KDLPLAED@List?9?$DOForwardLink?5?$CB?$DN?5?$CI?$CIvoid?5?$CK?$CJ?5@ 0000000000007180     BaseLib:LinkedList.obj
 0002:000009e8       ??_C@_0BP@IJJCCMAK@List?9?$DOBackLink?5?$CB?$DN?5?$CI?$CIvoid?5?$CK?$CJ?50?$CJ@ 00000000000071a8     BaseLib:LinkedList.obj
 0002:00000a08       ??_C@_0BJ@NJABNCDK@ListHead?5?$CB?$DN?5?$CI?$CIvoid?5?$CK?$CJ?50?$CJ@ 00000000000071c8     BaseLib:LinkedList.obj
 0002:00000a28       ??_C@_0CG@LGIALJFK@InternalBaseLibIsListValid?5?$CILis@ 00000000000071e8     BaseLib:LinkedList.obj
 0002:00000a50       ??_C@_0CC@JLDICICM@InternalBaseLibIsListValid?5?$CILis@ 0000000000007210     BaseLib:LinkedList.obj
 0002:00000a78       ??_C@_0BF@NMBJJECB@?$CBIsListEmpty?5?$CIEntry?$CJ@ 0000000000007238     BaseLib:LinkedList.obj
 0002:00000a90       ??_C@_0EM@OAPOMMAE@D?3?2uefi_specs_personal_collecti@ 0000000000007250     BaseLib:SafeString.obj
 0002:00000ae0       ??_C@_0EA@PDPDJJNN@?$CFa?$CI?$CFd?$CJ?5?$CFa?3?5SAFE_STRING_CONSTRAI@ 00000000000072a0     BaseLib:SafeString.obj
 0002:00000b20       ??_C@_0BJ@MBBOBCLN@?$CIString?5?$CB?$DN?5?$CI?$CIvoid?5?$CK?$CJ?50?$CJ?$CJ@ 00000000000072e0     BaseLib:SafeString.obj
 0002:00000b40       ??_C@_0BD@NNBAKNOF@StrDecimalToUintnS@ 0000000000007300     BaseLib:SafeString.obj
 0002:00000b58       ??_C@_0BH@JPMEDPAI@?$CIData?5?$CB?$DN?5?$CI?$CIvoid?5?$CK?$CJ?50?$CJ?$CJ@ 0000000000007318     BaseLib:SafeString.obj
 0002:00000b70       ??_C@_0IC@CFBPEAPC@?$CIStrnLenS?5?$CIString?0?5?$CI_gPcd_Fixed@ 0000000000007330     BaseLib:SafeString.obj
 0002:00000bf8       ??_C@_0BJ@CNKJJNE@?$CIBuffer?5?$CB?$DN?5?$CI?$CIvoid?5?$CK?$CJ?50?$CJ?$CJ@ 00000000000073b8     BaseLib:SafeString.obj
 0002:00000c18       ??_C@_0N@KGHEHMDL@Divisor?5?$CB?$DN?50@ 00000000000073d8     BaseLib:DivU64x32.obj
 0002:00000c28       ??_C@_0DG@EEENIGGL@Length?5?$DM?$DN?5?$CI0xFFFFFFFFFFFFFFFFUL@ 00000000000073e8     BaseMemoryLibRepStr:MemLibGuid.obj
 0002:00000c60       ??_C@_0ED@MKGCMJG@?$CILength?5?9?51?$CJ?5?$DM?$DN?5?$CI0xFFFFFFFFFFFF@ 0000000000007420     BaseMemoryLibRepStr:CopyMemWrapper.obj
 0002:00000cb0       ??_C@_0FM@IDPIEKJH@D?3?2uefi_specs_personal_collecti@ 0000000000007470     BaseMemoryLibRepStr:CopyMemWrapper.obj
 0002:00000d10       ??_C@_0DO@MAOBOFEG@?$CILength?5?9?51?$CJ?5?$DM?$DN?5?$CI0xFFFFFFFFFFFF@ 00000000000074d0     BaseMemoryLibRepStr:CopyMemWrapper.obj
 0002:00000d50       ??_C@_0CC@JOEHDGKB@DestinationBuffer?5?$CB?$DN?5?$CI?$CIvoid?5?$CK?$CJ?5@ 0000000000007510     BaseMemoryLibRepStr:CompareMemWrapper.obj
 0002:00000d80       ??_C@_0FP@MJKEJMKF@D?3?2uefi_specs_personal_collecti@ 0000000000007540     BaseMemoryLibRepStr:CompareMemWrapper.obj
 0002:00000de0       ??_C@_0BN@MDMCNBCC@SourceBuffer?5?$CB?$DN?5?$CI?$CIvoid?5?$CK?$CJ?50?$CJ@ 00000000000075a0     BaseMemoryLibRepStr:CompareMemWrapper.obj
 0002:00000e00       ??_C@_0BH@IACGKAP@Buffer?5?$CB?$DN?5?$CI?$CIvoid?5?$CK?$CJ?50?$CJ@ 00000000000075c0     BaseMemoryLibRepStr:ZeroMemWrapper.obj
 0002:00000e20       ??_C@_0FM@DHFKCLFA@D?3?2uefi_specs_personal_collecti@ 00000000000075e0     BaseMemoryLibRepStr:ZeroMemWrapper.obj
 0002:00000e80       ??_C@_0BH@LKMBFCBF@Format?5?$CB?$DN?5?$CI?$CIvoid?5?$CK?$CJ?50?$CJ@ 0000000000007640     BaseDebugLibSerialPort:DebugLib.obj
 0002:00000ea0       ??_C@_0FJ@BNNHJMAJ@D?3?2uefi_specs_personal_collecti@ 0000000000007660     BaseDebugLibSerialPort:DebugLib.obj
 0002:00000f00       ??_C@_0BI@NOCKJDBJ@ASSERT?5?$FL?$CFa?$FN?5?$CFa?$CI?$CFd?$CJ?3?5?$CFa?6@ 00000000000076c0     BaseDebugLibSerialPort:DebugLib.obj
 0002:00000f18       ??_C@_0BN@COECPDCC@gImageHandle?5?$CB?$DN?5?$CI?$CIvoid?5?$CK?$CJ?50?$CJ@ 00000000000076d8     UefiBootServicesTableLib:UefiBootServicesTableLib.obj
 0002:00000f40       ??_C@_0GL@PJCPJLGM@D?3?2uefi_specs_personal_collecti@ 0000000000007700     UefiBootServicesTableLib:UefiBootServicesTableLib.obj
 0002:00000fb0       ??_C@_0BE@DGNHAHIL@gST?5?$CB?$DN?5?$CI?$CIvoid?5?$CK?$CJ?50?$CJ@ 0000000000007770     UefiBootServicesTableLib:UefiBootServicesTableLib.obj
 0002:00000fc8       ??_C@_0BE@BDFJLGLN@gBS?5?$CB?$DN?5?$CI?$CIvoid?5?$CK?$CJ?50?$CJ@ 0000000000007788     UefiBootServicesTableLib:UefiBootServicesTableLib.obj
 0002:00000fe0       ??_C@_0GF@KMHDEKMA@D?3?2uefi_specs_personal_collecti@ 00000000000077a0     UefiMemoryAllocationLib:MemoryAllocationLib.obj
 0002:00001048       ??_C@_0DO@GEEICOOO@AllocationSize?5?$DM?$DN?5?$CI0xFFFFFFFFFF@ 0000000000007808     UefiMemoryAllocationLib:MemoryAllocationLib.obj
 0002:00001090       ??_C@_0GP@HEOOPGAM@D?3?2uefi_specs_personal_collecti@ 0000000000007850     UefiDevicePathLibDevicePathProtocol:UefiDevicePathLib.obj
 0002:00001100       ??_C@_0DC@CNNBPJA@mDevicePathLibDevicePathUtiliti@ 00000000000078c0     UefiDevicePathLibDevicePathProtocol:UefiDevicePathLib.obj
 0002:00001138       ??_C@_0BL@JFODOCGB@DevicePath?5?$CB?$DN?5?$CI?$CIvoid?5?$CK?$CJ?50?$CJ@ 00000000000078f8     UefiDevicePathLibDevicePathProtocol:UefiDevicePathLib.obj
 0002:00001158       ??_C@_0BF@CBLMFKOC@Node?5?$CB?$DN?5?$CI?$CIvoid?5?$CK?$CJ?50?$CJ@ 0000000000007918     UefiDevicePathLibDevicePathProtocol:UefiDevicePathLib.obj
 0002:00001170       ??_C@_0BE@OBDFIHND@gRT?5?$CB?$DN?5?$CI?$CIvoid?5?$CK?$CJ?50?$CJ@ 0000000000007930     UefiRuntimeServicesTableLib:UefiRuntimeServicesTableLib.obj
 0002:00001190       ??_C@_0HB@NCAPNEDO@D?3?2uefi_specs_personal_collecti@ 0000000000007950     UefiRuntimeServicesTableLib:UefiRuntimeServicesTableLib.obj
 0002:00001210       ??_C@_0GK@HIFHPALF@D?3?2uefi_specs_personal_collecti@ 00000000000079d0     DxeReportStatusCodeLib:ReportStatusCodeLib.obj
 0002:00001280       ??_C@_0BN@HMHGLLOO@ExtendedData?5?$CB?$DN?5?$CI?$CIvoid?5?$CK?$CJ?50?$CJ@ 0000000000007a40     DxeReportStatusCodeLib:ReportStatusCodeLib.obj
 0002:000012a0       ??_C@_0BG@BPIKKLEE@ExtendedDataSize?5?$CB?$DN?50@ 0000000000007a60     DxeReportStatusCodeLib:ReportStatusCodeLib.obj
 0002:000012b8       ??_C@_0DN@HHIHPHHB@?$CB?$CI?$CIExtendedData?5?$DN?$DN?5?$CI?$CIvoid?5?$CK?$CJ?50?$CJ@ 0000000000007a78     DxeReportStatusCodeLib:ReportStatusCodeLib.obj
 0002:000012f8       ??_C@_0DN@BBBIFINB@?$CB?$CI?$CIExtendedData?5?$CB?$DN?5?$CI?$CIvoid?5?$CK?$CJ?50?$CJ@ 0000000000007ab8     DxeReportStatusCodeLib:ReportStatusCodeLib.obj
 0002:00001340       ??_C@_0EJ@PPOMJLJB@D?3?2uefi_specs_personal_collecti@ 0000000000007b00     UefiLib:UefiLib.obj
 0002:00001390       ??_C@_0EG@GOBFPEEP@Name?5?$CB?$DN?5?$CI?$CIvoid?5?$CK?$CJ?50?$CJ?5?$CG?$CG?5Guid?5?$CB?$DN@ 0000000000007b50     UefiLib:UefiLib.obj
 0002:000013d8       ??_C@_0BH@FMEOEIBC@?$CKValue?5?$CB?$DN?5?$CI?$CIvoid?5?$CK?$CJ?50?$CJ@ 0000000000007b98     UefiLib:UefiLib.obj
 0002:000013f0       ??_C@_0FB@KFBGMLJM@D?3?2uefi_specs_personal_collecti@ 0000000000007bb0     UefiLib:UefiDriverModel.obj
 0002:00001450       ??_C@_0EL@GLNKFHII@D?3?2uefi_specs_personal_collecti@ 0000000000007c10     BaseLib:Unaligned.obj
 0002:000014a0       ??_C@_0FH@MODEAFEI@D?3?2uefi_specs_personal_collecti@ 0000000000007c60     BasePrintLib:PrintLibInternal.obj
 0002:00001500       ??_C@_0EB@HDGIDCIO@?$CIBufferSize?5?$DM?$DN?5?$CI_gPcd_FixedAtBu@ 0000000000007cc0     BasePrintLib:PrintLibInternal.obj
 0002:00001548       ??_C@_0BJ@PPAKKDJG@?$CIFormat?5?$CB?$DN?5?$CI?$CIvoid?5?$CK?$CJ?50?$CJ?$CJ@ 0000000000007d08     BasePrintLib:PrintLibInternal.obj
 0002:00001570       ??_C@_0ED@LPDDCECB@?$CIBufferSize?5?$DM?$DN?5?$CI_gPcd_FixedAtBu@ 0000000000007d30     BasePrintLib:PrintLibInternal.obj
 0002:000015c0       ??_C@_0IM@BFJJFLGB@?$CIStrnLenS?5?$CI?$CICHAR16?5?$CK?$CJFormat?0?5?$CI_@ 0000000000007d80     BasePrintLib:PrintLibInternal.obj
 0002:00001650       ??_C@_0ID@PLGJGION@?$CIAsciiStrnLenS?5?$CIFormat?0?5?$CI_gPcd_@ 0000000000007e10     BasePrintLib:PrintLibInternal.obj
 0002:000016d8       ??_C@_0O@MLOLIMFM@?$DMnull?5string?$DO@ 0000000000007e98     BasePrintLib:PrintLibInternal.obj
 0002:000016e8       ??_C@_0M@BJJDNPHK@?$DMnull?5guid?$DO@ 0000000000007ea8     BasePrintLib:PrintLibInternal.obj
 0002:000016f8       ??_C@_0DB@PMLHLBMO@?$CF08x?9?$CF04x?9?$CF04x?9?$CF02x?$CF02x?9?$CF02x?$CF02@ 0000000000007eb8     BasePrintLib:PrintLibInternal.obj
 0002:00001730       ??_C@_0M@LHGBCIKM@?$DMnull?5time?$DO@ 0000000000007ef0     BasePrintLib:PrintLibInternal.obj
 0002:00001740       ??_C@_0BK@FCPKCIDD@?$CF02d?1?$CF02d?1?$CF04d?5?5?$CF02d?3?$CF02d@ 0000000000007f00     BasePrintLib:PrintLibInternal.obj
 0002:0000175c       ??_C@_04JIMNDDED@?$CF08X@  0000000000007f1c     BasePrintLib:PrintLibInternal.obj
 0002:00001764       ??_C@_02PCIJFNDE@?$AN?6@   0000000000007f24     BasePrintLib:PrintLibInternal.obj
 0002:00001768       ??_C@_01LIIJDEN@?$AN@      0000000000007f28     BasePrintLib:PrintLibInternal.obj
 0002:00001770       mWarningString             0000000000007f30     BasePrintLib:PrintLibInternal.obj
 0002:00001840       mErrorString               0000000000008000     BasePrintLib:PrintLibInternal.obj
 0002:00001b20       mHexStr                    00000000000082e0     BasePrintLib:PrintLibInternal.obj
 0002:00001b30       ??_C@_0FE@LIGPAOFO@D?3?2uefi_specs_personal_collecti@ 00000000000082f0     BaseLib:DivU64x32Remainder.obj
 0002:00001bd8       __volatile_metadata        0000000000008398     <linker-defined>
 0003:00000000       gEfiStatusCodeSpecificDataGuid 0000000000008540     TerminalDxe:AutoGen.obj
 0003:00000010       gEfiGlobalVariableGuid     0000000000008550     TerminalDxe:AutoGen.obj
 0003:00000020       gEfiStatusCodeRuntimeProtocolGuid 0000000000008560     TerminalDxe:AutoGen.obj
 0003:00000030       gEdkiiLinuxTermGuid        0000000000008570     TerminalDxe:AutoGen.obj
 0003:00000040       gEdkiiXtermR6Guid          0000000000008580     TerminalDxe:AutoGen.obj
 0003:00000050       gEfiComponentName2ProtocolGuid 0000000000008590     TerminalDxe:AutoGen.obj
 0003:00000060       gEdkiiSCOTermGuid          00000000000085a0     TerminalDxe:AutoGen.obj
 0003:00000070       gEfiSimpleTextOutProtocolGuid 00000000000085b0     TerminalDxe:AutoGen.obj
 0003:00000080       gEfiVTUTF8Guid             00000000000085c0     TerminalDxe:AutoGen.obj
 0003:00000090       gEfiSerialIoProtocolGuid   00000000000085d0     TerminalDxe:AutoGen.obj
 0003:000000a0       gEfiVT100Guid              00000000000085e0     TerminalDxe:AutoGen.obj
 0003:000000b0       gEfiDevicePathProtocolGuid 00000000000085f0     TerminalDxe:AutoGen.obj
 0003:000000c0       gEfiSimpleTextInputExProtocolGuid 0000000000008600     TerminalDxe:AutoGen.obj
 0003:000000d0       gEfiTtyTermGuid            0000000000008610     TerminalDxe:AutoGen.obj
 0003:000000e0       gEfiSimpleTextInProtocolGuid 0000000000008620     TerminalDxe:AutoGen.obj
 0003:000000f0       gEfiDevicePathUtilitiesProtocolGuid 0000000000008630     TerminalDxe:AutoGen.obj
 0003:00000100       gEfiVT100PlusGuid          0000000000008640     TerminalDxe:AutoGen.obj
 0003:00000110       gEdkiiStatusCodeDataTypeVariableGuid 0000000000008650     TerminalDxe:AutoGen.obj
 0003:00000120       gEdkiiVT400Guid            0000000000008660     TerminalDxe:AutoGen.obj
 0003:00000130       gEfiDriverBindingProtocolGuid 0000000000008670     TerminalDxe:AutoGen.obj
 0003:00000140       gEfiComponentNameProtocolGuid 0000000000008680     TerminalDxe:AutoGen.obj
 0003:00000150       gEfiCallerIdGuid           0000000000008690     TerminalDxe:AutoGen.obj
 0003:00000160       gEfiPcAnsiGuid             00000000000086a0     TerminalDxe:AutoGen.obj
 0003:00000170       mTerminalDevTemplate       00000000000086b0     TerminalDxe:Terminal.obj
 0003:000002c8       mTerminalConsoleModeData   0000000000008808     TerminalDxe:Terminal.obj
 0003:000002f8       gTerminalDriverBinding     0000000000008838     TerminalDxe:Terminal.obj
 0003:00000328       mClearScreenString         0000000000008868     TerminalDxe:TerminalConOut.obj
 0003:00000338       mSetCursorPositionString   0000000000008878     TerminalDxe:TerminalConOut.obj
 0003:00000350       mCursorForwardString       0000000000008890     TerminalDxe:TerminalConOut.obj
 0003:00000360       mCursorBackwardString      00000000000088a0     TerminalDxe:TerminalConOut.obj
 0003:00000370       mSetModeString             00000000000088b0     TerminalDxe:TerminalConOut.obj
 0003:00000380       mSetAttributeString        00000000000088c0     TerminalDxe:TerminalConOut.obj
 0003:000003a0       UnicodeToPcAnsiOrAscii     00000000000088e0     TerminalDxe:TerminalConOut.obj
 0003:00000470       gTerminalComponentName2    00000000000089b0     TerminalDxe:ComponentName.obj
 0003:00000488       gTerminalComponentName     00000000000089c8     TerminalDxe:ComponentName.obj
 0003:000004a0       mTerminalDriverNameTable   00000000000089e0     TerminalDxe:ComponentName.obj
 0003:000004c8       gST                        0000000000008a08     UefiBootServicesTableLib:UefiBootServicesTableLib.obj
 0003:000004d0       gBS                        0000000000008a10     UefiBootServicesTableLib:UefiBootServicesTableLib.obj
 0003:000004d8       gImageHandle               0000000000008a18     UefiBootServicesTableLib:UefiBootServicesTableLib.obj
 0003:000004e0       mDevicePathLibDevicePathUtilities 0000000000008a20     UefiDevicePathLibDevicePathProtocol:UefiDevicePathLib.obj
 0003:000004e8       gRT                        0000000000008a28     UefiRuntimeServicesTableLib:UefiRuntimeServicesTableLib.obj
 0003:000004f0       mReportStatusCodeLibStatusCodeProtocol 0000000000008a30     DxeReportStatusCodeLib:ReportStatusCodeLib.obj
 0003:00000500       gParity                    0000000000008a40     PcAtSerialPortLib:SerialPortLib.obj
 0003:00000501       gBreakSet                  0000000000008a41     PcAtSerialPortLib:SerialPortLib.obj

 entry point at        0001:000001c8

 Static symbols

 0001:0000001a       InternalMemCopyMem.0       00000000000002da     BaseMemoryLibRepStr:CopyMem.obj
 0001:0000002a       @CopyBackward              00000000000002ea     BaseMemoryLibRepStr:CopyMem.obj
 0001:00000033       @CopyBytes                 00000000000002f3     BaseMemoryLibRepStr:CopyMem.obj
 0001:00000149       TdVmCall.no_return_data    0000000000000409     BaseLib:TdVmcall.obj
 0001:000001bb       TdCall.exit                000000000000047b     BaseLib:TdCall.obj
 0003:000004c0       mCcProbeGuestType          0000000000008a00     DxeCcProbeLib:DxeCcProbeLib.obj
 0003:000004c1       mCcProbed                  0000000000008a01     DxeCcProbeLib:DxeCcProbeLib.obj
 0003:000004f8       mDeadLoopComparator        0000000000008a38     BaseLib:CpuDeadLoop.obj
 0005:00000000       $unwind$GetFirstNode       0000000000008e00     BaseLib:LinkedList.obj
 0005:00000000       $unwind$InternalBaseLibIsListValid 0000000000008e00     BaseLib:LinkedList.obj
 0005:00000000       $unwind$RemoveEntryList    0000000000008e00     BaseLib:LinkedList.obj
 0005:00000000       $unwind$StrnLenS           0000000000008e00     BaseLib:SafeString.obj
 0005:00000000       $unwind$DevicePathNodeLength 0000000000008e00     UefiDevicePathLibDevicePathProtocol:UefiDevicePathLib.obj
 0005:00000000       $unwind$_ModuleEntryPoint  0000000000008e00     UefiDriverEntryPoint:DriverEntryPoint.obj
 0005:00000008       $unwind$ProcessLibraryConstructorList 0000000000008e08     TerminalDxe:AutoGen.obj
 0005:00000008       $unwind$TerminalTypeFromGuid 0000000000008e08     TerminalDxe:Terminal.obj
 0005:00000008       $unwind$UnicodeFiFoInsertOneKey 0000000000008e08     TerminalDxe:TerminalConIn.obj
 0005:00000008       $unwind$TerminalConOutReset 0000000000008e08     TerminalDxe:TerminalConOut.obj
 0005:00000008       $unwind$TerminalConOutSetMode 0000000000008e08     TerminalDxe:TerminalConOut.obj
 0005:00000008       $unwind$AsciiStrnCmp       0000000000008e08     BaseLib:String.obj
 0005:00000008       $unwind$StrSize            0000000000008e08     BaseLib:String.obj
 0005:00000008       $unwind$CopyGuid           0000000000008e08     BaseMemoryLibRepStr:MemLibGuid.obj
 0005:00000008       $unwind$BasePrintLibValueToString 0000000000008e08     BasePrintLib:PrintLibInternal.obj
 0005:00000008       $unwind$FreeUnicodeStringTable 0000000000008e08     UefiLib:UefiLib.obj
 0005:00000008       $unwind$IsLanguageSupported 0000000000008e08     UefiLib:UefiLib.obj
 0005:00000008       $unwind$SerialPortWrite    0000000000008e08     PcAtSerialPortLib:SerialPortLib.obj
 0005:00000018       $unwind$ProcessModuleEntryPointList 0000000000008e18     TerminalDxe:AutoGen.obj
 0005:00000024       $unwind$TerminalDriverBindingSupported 0000000000008e24     TerminalDxe:Terminal.obj
 0005:00000034       $unwind$StopTerminalStateMachine 0000000000008e34     TerminalDxe:Terminal.obj
 0005:00000034       $unwind$IsKeyRegistered    0000000000008e34     TerminalDxe:TerminalConIn.obj
 0005:00000034       $unwind$TerminalConInReadKeyStrokeEx 0000000000008e34     TerminalDxe:TerminalConIn.obj
 0005:00000034       $unwind$TerminalConInReset 0000000000008e34     TerminalDxe:TerminalConIn.obj
 0005:00000034       $unwind$TerminalConInResetEx 0000000000008e34     TerminalDxe:TerminalConIn.obj
 0005:00000034       $unwind$TerminalConOutClearScreen 0000000000008e34     TerminalDxe:TerminalConOut.obj
 0005:00000034       $unwind$TerminalConOutTestString 0000000000008e34     TerminalDxe:TerminalConOut.obj
 0005:00000034       $unwind$InsertTailList     0000000000008e34     BaseLib:LinkedList.obj
 0005:00000034       $unwind$IsNull             0000000000008e34     BaseLib:LinkedList.obj
 0005:00000034       $unwind$AsciiStrLen        0000000000008e34     BaseLib:String.obj
 0005:00000034       $unwind$ZeroMem            0000000000008e34     BaseMemoryLibRepStr:ZeroMemWrapper.obj
 0005:00000034       $unwind$IsDevicePathEnd    0000000000008e34     UefiDevicePathLibDevicePathProtocol:UefiDevicePathLib.obj
 0005:00000034       $unwind$InternalAllocateCopyPool 0000000000008e34     UefiMemoryAllocationLib:MemoryAllocationLib.obj
 0005:00000040       $unwind$StartTerminalStateMachine 0000000000008e40     TerminalDxe:Terminal.obj
 0005:00000050       $unwind$InitializeControllerNameTable 0000000000008e50     TerminalDxe:Terminal.obj
 0005:00000064       $unwind$TerminalDriverBindingStart 0000000000008e64     TerminalDxe:Terminal.obj
 0005:0000007c       $unwind$TerminalDriverBindingStop 0000000000008e7c     TerminalDxe:Terminal.obj
 0005:00000094       $unwind$TerminalUpdateConsoleDevVariable 0000000000008e94     TerminalDxe:Terminal.obj
 0005:000000ac       $unwind$TerminalRemoveConsoleDevVariable 0000000000008eac     TerminalDxe:Terminal.obj
 0005:000000c0       $unwind$SetTerminalDevicePath 0000000000008ec0     TerminalDxe:Terminal.obj
 0005:000000c0       $unwind$StrDecimalToUintnS 0000000000008ec0     BaseLib:SafeString.obj
 0005:000000d0       $unwind$TerminalConOutOutputString 0000000000008ed0     TerminalDxe:TerminalConOut.obj
 0005:000000e4       $unwind$TerminalConOutQueryMode 0000000000008ee4     TerminalDxe:TerminalConOut.obj
 0005:000000f8       $unwind$TerminalConOutSetAttribute 0000000000008ef8     TerminalDxe:TerminalConOut.obj
 0005:00000114       $unwind$TerminalConOutSetCursorPosition 0000000000008f14     TerminalDxe:TerminalConOut.obj
 0005:00000128       $unwind$ReadKeyStrokeWorker 0000000000008f28     TerminalDxe:TerminalConIn.obj
 0005:00000128       $unwind$TerminalConInUnregisterKeyNotify 0000000000008f28     TerminalDxe:TerminalConIn.obj
 0005:00000128       $unwind$CompareMem         0000000000008f28     BaseMemoryLibRepStr:CompareMemWrapper.obj
 0005:00000128       $unwind$CopyMem            0000000000008f28     BaseMemoryLibRepStr:CopyMemWrapper.obj
 0005:0000013c       $unwind$TerminalConInReadKeyStroke 0000000000008f3c     TerminalDxe:TerminalConIn.obj
 0005:00000148       $unwind$TerminalConInWaitForKey 0000000000008f48     TerminalDxe:TerminalConIn.obj
 0005:00000148       $unwind$TerminalConInWaitForKeyEx 0000000000008f48     TerminalDxe:TerminalConIn.obj
 0005:00000148       $unwind$FreePool           0000000000008f48     UefiMemoryAllocationLib:MemoryAllocationLib.obj
 0005:00000148       $unwind$InternalAllocatePool 0000000000008f48     UefiMemoryAllocationLib:MemoryAllocationLib.obj
 0005:00000150       $unwind$TerminalConInRegisterKeyNotify 0000000000008f50     TerminalDxe:TerminalConIn.obj
 0005:00000168       $unwind$TerminalConInTimerHandler 0000000000008f68     TerminalDxe:TerminalConIn.obj
 0005:00000178       $unwind$KeyNotifyProcessHandler 0000000000008f78     TerminalDxe:TerminalConIn.obj
 0005:00000190       $unwind$EfiKeyFiFoInsertOneKey 0000000000008f90     TerminalDxe:TerminalConIn.obj
 0005:000001a8       $unwind$UnicodeToEfiKeyFlushState 0000000000008fa8     TerminalDxe:TerminalConIn.obj
 0005:000001bc       $unwind$UnicodeToEfiKey    0000000000008fbc     TerminalDxe:TerminalConIn.obj
 0005:000001d4       $unwind$TerminalComponentNameGetDriverName 0000000000008fd4     TerminalDxe:ComponentName.obj
 0005:000001dc       $unwind$TerminalComponentNameGetControllerName 0000000000008fdc     TerminalDxe:ComponentName.obj
 0005:000001f4       $unwind$VTUTF8RawDataToUnicode 0000000000008ff4     TerminalDxe:Vtutf8.obj
 0005:00000210       $unwind$CompareGuid        0000000000009010     BaseMemoryLibRepStr:MemLibGuid.obj
 0005:00000228       $unwind$DebugPrint         0000000000009028     BaseDebugLibSerialPort:DebugLib.obj
 0005:00000230       $unwind$DebugPrintMarker   0000000000009030     BaseDebugLibSerialPort:DebugLib.obj
 0005:00000244       $unwind$DebugAssert        0000000000009044     BaseDebugLibSerialPort:DebugLib.obj
 0005:0000024c       $unwind$InternalReportStatusCode 000000000000904c     DxeReportStatusCodeLib:ReportStatusCodeLib.obj
 0005:00000260       $unwind$ReportStatusCodeWithDevicePath 0000000000009060     DxeReportStatusCodeLib:ReportStatusCodeLib.obj
 0005:00000274       $unwind$ReportStatusCodeEx 0000000000009074     DxeReportStatusCodeLib:ReportStatusCodeLib.obj
 0005:00000290       $unwind$LookupUnicodeString2 0000000000009090     UefiLib:UefiLib.obj
 0005:000002a8       $unwind$AddUnicodeString2  00000000000090a8     UefiLib:UefiLib.obj
 0005:000002c4       $unwind$GetEfiGlobalVariable2 00000000000090c4     UefiLib:UefiLib.obj
 0005:000002d4       $unwind$AsciiSPrint        00000000000090d4     BasePrintLib:PrintLib.obj
 0005:000002dc       $unwind$BasePrintLibSPrintMarker 00000000000090dc     BasePrintLib:PrintLibInternal.obj
 0005:000002f8       $unwind$TdIoRead8          00000000000090f8     BaseIoLibIntrinsicSev:IoLibInternalTdx.obj
 0005:000002f8       $unwind$BasePrintLibSPrint 00000000000090f8     BasePrintLib:PrintLibInternal.obj
 0005:00000300       $unwind$TdIoWrite8         0000000000009100     BaseIoLibIntrinsicSev:IoLibInternalTdx.obj
