 BdsDxe

 Timestamp is 6725e4a2 (Sat Nov  2 16:36:50 2024)

 Preferred load address is 0000000000000000

 Start         Length     Name                   Class
 0001:00000000 00000458H .text                   CODE
 0001:00000458 0001615bH .text$mn                CODE
 0002:00000000 00005df0H .rdata                  DATA
 0002:00005df0 0000005cH .rdata$voltmd           DATA
 0002:00005e4c 00000154H .rdata$zzzdbg           DATA
 0003:00000000 00000740H .data                   DATA
 0003:00000740 00000152H .bss                    DATA
 0004:00000000 00000c30H .pdata                  DATA
 0005:00000000 00000b60H .xdata                  DATA

  Address         Publics by Value              Rva+Base               Lib:Object

 0000:00000000       __guard_iat_table          0000000000000000     <absolute>
 0000:00000000       __guard_iat_count          0000000000000000     <absolute>
 0000:00000000       __guard_longjmp_count      0000000000000000     <absolute>
 0000:00000000       __dynamic_value_reloc_table 0000000000000000     <absolute>
 0000:00000000       __x64_code_ranges_to_entry_points_count 0000000000000000     <absolute>
 0000:00000000       __hybrid_auxiliary_iat     0000000000000000     <absolute>
 0000:00000000       __hybrid_auxiliary_iat_copy 0000000000000000     <absolute>
 0000:00000000       __AbsoluteZero             0000000000000000     <absolute>
 0000:00000000       __arm64x_redirection_metadata 0000000000000000     <absolute>
 0000:00000000       __guard_longjmp_table      0000000000000000     <absolute>
 0000:00000000       __x64_code_ranges_to_entry_points 0000000000000000     <absolute>
 0000:00000000       __guard_check_icall_a64n_fptr 0000000000000000     <absolute>
 0000:00000000       __guard_fids_count         0000000000000000     <absolute>
 0000:00000000       __arm64x_extra_rfe_table   0000000000000000     <absolute>
 0000:00000000       __guard_fids_table         0000000000000000     <absolute>
 0000:00000000       __hybrid_code_map          0000000000000000     <absolute>
 0000:00000000       __arm64x_extra_rfe_table_size 0000000000000000     <absolute>
 0000:00000000       __arm64x_redirection_metadata_count 0000000000000000     <absolute>
 0000:00000000       __enclave_config           0000000000000000     <absolute>
 0000:00000000       __guard_eh_cont_table      0000000000000000     <absolute>
 0000:00000000       __guard_flags              0000000000000000     <absolute>
 0000:00000000       __guard_eh_cont_count      0000000000000000     <absolute>
 0000:00000000       __arm64x_native_entrypoint 0000000000000000     <absolute>
 0000:00000000       __hybrid_code_map_count    0000000000000000     <absolute>
 0000:00000000       __ImageBase                0000000000000000     <linker-defined>
 0001:00000000       InternalMemCopyMem         00000000000002c0     BaseMemoryLibRepStr:CopyMem.obj
 0001:00000040       CpuPause                   0000000000000300     BaseLib:CpuPause.obj
 0001:00000050       SevNoRepIo                 0000000000000310     BaseIoLibIntrinsicSev:IoFifoSev.obj
 0001:00000090       SevIoReadFifo8             0000000000000350     BaseIoLibIntrinsicSev:IoFifoSev.obj
 0001:000000b2       SevIoReadFifo16            0000000000000372     BaseIoLibIntrinsicSev:IoFifoSev.obj
 0001:000000d8       SevIoReadFifo32            0000000000000398     BaseIoLibIntrinsicSev:IoFifoSev.obj
 0001:000000fb       SevIoWriteFifo8            00000000000003bb     BaseIoLibIntrinsicSev:IoFifoSev.obj
 0001:0000011d       SevIoWriteFifo16           00000000000003dd     BaseIoLibIntrinsicSev:IoFifoSev.obj
 0001:00000143       SevIoWriteFifo32           0000000000000403     BaseIoLibIntrinsicSev:IoFifoSev.obj
 0001:00000170       InternalMemZeroMem         0000000000000430     BaseMemoryLibRepStr:ZeroMem.obj
 0001:00000190       InternalMemSetMem          0000000000000450     BaseMemoryLibRepStr:SetMem.obj
 0001:000001b0       InternalMemCompareMem      0000000000000470     BaseMemoryLibRepStr:CompareMem.obj
 0001:000001d0       InternalMemSetMem64        0000000000000490     BaseMemoryLibRepStr:SetMem64.obj
 0001:000001f0       InternalMemSetMem32        00000000000004b0     BaseMemoryLibRepStr:SetMem32.obj
 0001:00000210       TdVmCall                   00000000000004d0     BaseLib:TdVmcall.obj
 0001:00000290       InternalMemScanMem8        0000000000000550     BaseMemoryLibRepStr:ScanMem8.obj
 0001:000002b0       InternalMemScanMem64       0000000000000570     BaseMemoryLibRepStr:ScanMem64.obj
 0001:000002d0       InternalMemScanMem32       0000000000000590     BaseMemoryLibRepStr:ScanMem32.obj
 0001:000002f0       AsmReadCr0                 00000000000005b0     BaseLib:ReadCr0.obj
 0001:00000300       AsmReadCr3                 00000000000005c0     BaseLib:ReadCr3.obj
 0001:00000310       AsmWriteCr0                00000000000005d0     BaseLib:WriteCr0.obj
 0001:00000320       AsmReadCr4                 00000000000005e0     BaseLib:ReadCr4.obj
 0001:00000330       TdCall                     00000000000005f0     BaseLib:TdCall.obj
 0001:00000390       AsmWriteCr3                0000000000000650     BaseLib:WriteCr3.obj
 0001:000003a0       EnableInterrupts           0000000000000660     BaseLib:EnableInterrupts.obj
 0001:000003b0       DisableInterrupts          0000000000000670     BaseLib:DisableInterrupts.obj
 0001:000003c0       AsmReadEflags              0000000000000680     BaseLib:ReadEflags.obj
 0001:000003d0       JumpToKernel               0000000000000690     LoadLinuxLib:JumpToKernel.obj
 0001:00000417       JumpToUefiKernel           00000000000006d7     LoadLinuxLib:JumpToKernel.obj
 0001:00000440       InternalX86WriteGdtr       0000000000000700     BaseLib:WriteGdtr.obj
 0001:00000450       InternalX86WriteIdtr       0000000000000710     BaseLib:WriteIdtr.obj
 0001:00000458       _ModuleEntryPoint          0000000000000718 f   UefiDriverEntryPoint:DriverEntryPoint.obj
 0001:0000046c       ProcessLibraryConstructorList 000000000000072c f   BdsDxe:AutoGen.obj
 0001:00000a38       ProcessModuleEntryPointList 0000000000000cf8 f   BdsDxe:AutoGen.obj
 0001:00000b1c       CheckDeferredLoadImageOnReadyToBoot 0000000000000ddc f   BdsDxe:BdsEntry.obj
 0001:00000c24       ProcessLoadOptions         0000000000000ee4 f   BdsDxe:BdsEntry.obj
 0001:00000d5c       BdsFormalizeConsoleVariable 000000000000101c f   BdsDxe:BdsEntry.obj
 0001:00000df8       BdsEntry                   00000000000010b8 f   BdsDxe:BdsEntry.obj
 0001:00001b44       BdsDxeSetVariableAndReportStatusCodeOnError 0000000000001e04 f   BdsDxe:BdsEntry.obj
 0001:00001c50       IsLangInSupportedLangCodes 0000000000001f10 f   BdsDxe:Language.obj
 0001:00001d14       InitializeLangVariable     0000000000001fd4 f   BdsDxe:Language.obj
 0001:00001dd0       GetPcdProtocol             0000000000002090 f   DxePcdLib:DxePcdLib.obj
 0001:00001e5c       CopyGuid                   000000000000211c f   BaseMemoryLibRepStr:MemLibGuid.obj
 0001:00001f0c       CompareGuid                00000000000021cc f   BaseMemoryLibRepStr:MemLibGuid.obj
 0001:00001fd0       CopyMem                    0000000000002290 f   BaseMemoryLibRepStr:CopyMemWrapper.obj
 0001:0000206c       FreePages                  000000000000232c f   UefiMemoryAllocationLib:MemoryAllocationLib.obj
 0001:000020e8       AllocatePool               00000000000023a8 f   UefiMemoryAllocationLib:MemoryAllocationLib.obj
 0001:0000211c       InternalAllocateZeroPool   00000000000023dc f   UefiMemoryAllocationLib:MemoryAllocationLib.obj
 0001:00002168       InternalAllocateCopyPool   0000000000002428 f   UefiMemoryAllocationLib:MemoryAllocationLib.obj
 0001:00002218       InternalReallocatePool     00000000000024d8 f   UefiMemoryAllocationLib:MemoryAllocationLib.obj
 0001:00002280       FreePool                   0000000000002540 f   UefiMemoryAllocationLib:MemoryAllocationLib.obj
 0001:000022c4       StrLen                     0000000000002584 f   BaseLib:String.obj
 0001:0000234c       StrCmp                     000000000000260c f   BaseLib:String.obj
 0001:000023f4       StrnCmp                    00000000000026b4 f   BaseLib:String.obj
 0001:000024dc       AsciiStrLen                000000000000279c f   BaseLib:String.obj
 0001:00002548       AsciiStrCmp                0000000000002808 f   BaseLib:String.obj
 0001:000025d4       AsciiStrnCmp               0000000000002894 f   BaseLib:String.obj
 0001:000026a0       CpuDeadLoop                0000000000002960 f   BaseLib:CpuDeadLoop.obj
 0001:000026d0       StrnLenS                   0000000000002990 f   BaseLib:SafeString.obj
 0001:00002738       StrCpyS                    00000000000029f8 f   BaseLib:SafeString.obj
 0001:000028d0       StrCatS                    0000000000002b90 f   BaseLib:SafeString.obj
 0001:00002ab8       AsciiStrToUnicodeStrS      0000000000002d78 f   BaseLib:SafeString.obj
 0001:00002c2c       DivU64x32                  0000000000002eec f   BaseLib:DivU64x32.obj
 0001:00002c60       UnicodeVSPrint             0000000000002f20 f   BasePrintLib:PrintLib.obj
 0001:00002cf4       UnicodeSPrint              0000000000002fb4 f   BasePrintLib:PrintLib.obj
 0001:00002d14       UnicodeVSPrintAsciiFormat  0000000000002fd4 f   BasePrintLib:PrintLib.obj
 0001:00002d88       UnicodeSPrintAsciiFormat   0000000000003048 f   BasePrintLib:PrintLib.obj
 0001:00002da8       UnicodeValueToStringS      0000000000003068 f   BasePrintLib:PrintLib.obj
 0001:00002dec       AsciiSPrint                00000000000030ac f   BasePrintLib:PrintLib.obj
 0001:00002e18       BasePrintLibFillBuffer     00000000000030d8 f   BasePrintLib:PrintLibInternal.obj
 0001:00002e4c       BasePrintLibValueToString  000000000000310c f   BasePrintLib:PrintLibInternal.obj
 0001:00002eb8       BasePrintLibConvertValueToStringS 0000000000003178 f   BasePrintLib:PrintLibInternal.obj
 0001:00003020       BasePrintLibSPrintMarker   00000000000032e0 f   BasePrintLib:PrintLibInternal.obj
 0001:00003f38       BasePrintLibSPrint         00000000000041f8 f   BasePrintLib:PrintLibInternal.obj
 0001:00003f5c       DebugPrint                 000000000000421c f   BaseDebugLibSerialPort:DebugLib.obj
 0001:00003f80       DebugPrintMarker           0000000000004240 f   BaseDebugLibSerialPort:DebugLib.obj
 0001:0000400c       DebugAssert                00000000000042cc f   BaseDebugLibSerialPort:DebugLib.obj
 0001:00004064       IsDevicePathValid          0000000000004324 f   UefiDevicePathLibDevicePathProtocol:UefiDevicePathLib.obj
 0001:00004158       DevicePathNodeLength       0000000000004418 f   UefiDevicePathLibDevicePathProtocol:UefiDevicePathLib.obj
 0001:000041a0       IsDevicePathEnd            0000000000004460 f   UefiDevicePathLibDevicePathProtocol:UefiDevicePathLib.obj
 0001:00004218       SetDevicePathNodeLength    00000000000044d8 f   UefiDevicePathLibDevicePathProtocol:UefiDevicePathLib.obj
 0001:00004298       DevicePathFromHandle       0000000000004558 f   UefiDevicePathLibDevicePathProtocol:UefiDevicePathLib.obj
 0001:000042cc       FileDevicePath             000000000000458c f   UefiDevicePathLibDevicePathProtocol:UefiDevicePathLib.obj
 0001:000043b4       UefiDevicePathLibLocateProtocol 0000000000004674 f   UefiDevicePathLibDevicePathProtocol:UefiDevicePathLib.obj
 0001:000043e4       ConvertDevicePathToText    00000000000046a4 f   UefiDevicePathLibDevicePathProtocol:UefiDevicePathLib.obj
 0001:00004428       EfiGetSystemConfigurationTable 00000000000046e8 f   UefiLib:UefiLib.obj
 0001:000044ec       EfiCreateProtocolNotifyEvent 00000000000047ac f   UefiLib:UefiLib.obj
 0001:00004618       EfiEventGroupSignal        00000000000048d8 f   UefiLib:UefiLib.obj
 0001:00004690       EfiEventEmptyFunction      0000000000004950 f   UefiLib:UefiLib.obj
 0001:00004694       EfiAcquireLock             0000000000004954 f   UefiLib:UefiLib.obj
 0001:000046e0       EfiReleaseLock             00000000000049a0 f   UefiLib:UefiLib.obj
 0001:00004728       GetVariable2               00000000000049e8 f   UefiLib:UefiLib.obj
 0001:00004848       GetBestLanguage            0000000000004b08 f   UefiLib:UefiLib.obj
 0001:00004980       InternalPrint              0000000000004c40 f   UefiLib:UefiLibPrint.obj
 0001:00004a6c       Print                      0000000000004d2c f   UefiLib:UefiLibPrint.obj
 0001:00004a9c       AsciiInternalPrint         0000000000004d5c f   UefiLib:UefiLibPrint.obj
 0001:00004b78       AsciiPrint                 0000000000004e38 f   UefiLib:UefiLibPrint.obj
 0001:00004bcc       InternalPrintGraphic       0000000000004e8c f   UefiLib:UefiLibPrint.obj
 0001:00005008       PrintXY                    00000000000052c8 f   UefiLib:UefiLibPrint.obj
 0001:000050e4       GetHobList                 00000000000053a4 f   DxeHobLib:HobLib.obj
 0001:00005168       GetFirstGuidHob            0000000000005428 f   DxeHobLib:HobLib.obj
 0001:000051fc       CreateBasicVariablePolicy  00000000000054bc f   VariablePolicyHelperLib:VariablePolicyHelperLib.obj
 0001:00005304       RegisterBasicVariablePolicy 00000000000055c4 f   VariablePolicyHelperLib:VariablePolicyHelperLib.obj
 0001:00005374       InternalReportStatusCode   0000000000005634 f   DxeReportStatusCodeLib:ReportStatusCodeLib.obj
 0001:0000542c       ReportStatusCodeEx         00000000000056ec f   DxeReportStatusCodeLib:ReportStatusCodeLib.obj
 0001:00005608       BmForEachVariable          00000000000058c8 f   UefiBootManagerLib:BmLoadOption.obj
 0001:00005730       BmGetFreeOptionNumber      00000000000059f0 f   UefiBootManagerLib:BmLoadOption.obj
 0001:000058ac       EfiBootManagerLoadOptionToVariable 0000000000005b6c f   UefiBootManagerLib:BmLoadOption.obj
 0001:00005b00       BmAddOptionNumberToOrderVariable 0000000000005dc0 f   UefiBootManagerLib:BmLoadOption.obj
 0001:00005c48       EfiBootManagerAddLoadOptionVariable 0000000000005f08 f   UefiBootManagerLib:BmLoadOption.obj
 0001:00005ce4       EfiBootManagerInitializeLoadOption 0000000000005fa4 f   UefiBootManagerLib:BmLoadOption.obj
 0001:00005dd4       EfiBootManagerFindLoadOption 0000000000006094 f   UefiBootManagerLib:BmLoadOption.obj
 0001:00005e84       EfiBootManagerDeleteLoadOptionVariable 0000000000006144 f   UefiBootManagerLib:BmLoadOption.obj
 0001:00005fe8       BmValidateOption           00000000000062a8 f   UefiBootManagerLib:BmLoadOption.obj
 0001:0000615c       EfiBootManagerIsValidLoadOptionVariableName 000000000000641c f   UefiBootManagerLib:BmLoadOption.obj
 0001:00006264       EfiBootManagerVariableToLoadOptionEx 0000000000006524 f   UefiBootManagerLib:BmLoadOption.obj
 0001:000063d8       BmCollectLoadOptions       0000000000006698 f   UefiBootManagerLib:BmLoadOption.obj
 0001:00006500       EfiBootManagerGetLoadOptions 00000000000067c0 f   UefiBootManagerLib:BmLoadOption.obj
 0001:000066e4       EfiBootManagerFreeLoadOption 00000000000069a4 f   UefiBootManagerLib:BmLoadOption.obj
 0001:00006730       EfiBootManagerFreeLoadOptions 00000000000069f0 f   UefiBootManagerLib:BmLoadOption.obj
 0001:0000678c       BmGetNextLoadOptionBuffer  0000000000006a4c f   UefiBootManagerLib:BmLoadOption.obj
 0001:0000696c       EfiBootManagerProcessLoadOption 0000000000006c2c f   UefiBootManagerLib:BmLoadOption.obj
 0001:00006bd0       BmCollectKeyOptions        0000000000006e90 f   UefiBootManagerLib:BmHotkey.obj
 0001:00006dfc       BmInitializeKeyFields      00000000000070bc f   UefiBootManagerLib:BmHotkey.obj
 0001:00006efc       BmHotkeyCallback           00000000000071bc f   UefiBootManagerLib:BmHotkey.obj
 0001:000070f8       BmGetActiveConsoleIn       00000000000073b8 f   UefiBootManagerLib:BmHotkey.obj
 0001:0000719c       BmRegisterHotkeyNotify     000000000000745c f   UefiBootManagerLib:BmHotkey.obj
 0001:00007240       BmGenerateKeyShiftState    0000000000007500 f   UefiBootManagerLib:BmHotkey.obj
 0001:0000738c       BmProcessKeyOption         000000000000764c f   UefiBootManagerLib:BmHotkey.obj
 0001:00007588       BmTxtInExCallback          0000000000007848 f   UefiBootManagerLib:BmHotkey.obj
 0001:00007690       EfiBootManagerRegisterContinueKeyOption 0000000000007950 f   UefiBootManagerLib:BmHotkey.obj
 0001:00007740       BmStopHotkeyService        0000000000007a00 f   UefiBootManagerLib:BmHotkey.obj
 0001:000078f8       EfiBootManagerStartHotkeyService 0000000000007bb8 f   UefiBootManagerLib:BmHotkey.obj
 0001:00007ae0       EfiBootManagerAddKeyOptionVariable 0000000000007da0 f   UefiBootManagerLib:BmHotkey.obj
 0001:00007d0c       BmFindBootOptionInVariable 0000000000007fcc f   UefiBootManagerLib:BmBoot.obj
 0001:00007e64       BmAdjustFvFilePath         0000000000008124 f   UefiBootManagerLib:BmBoot.obj
 0001:00007ffc       BmMatchUsbClass            00000000000082bc f   UefiBootManagerLib:BmBoot.obj
 0001:000080d4       BmMatchUsbWwid             0000000000008394 f   UefiBootManagerLib:BmBoot.obj
 0001:00008274       BmExpandUsbDevicePath      0000000000008534 f   UefiBootManagerLib:BmBoot.obj
 0001:00008464       BmExpandFileDevicePath     0000000000008724 f   UefiBootManagerLib:BmBoot.obj
 0001:000085d4       BmExpandUriDevicePath      0000000000008894 f   UefiBootManagerLib:BmBoot.obj
 0001:000086e0       BmCachePartitionDevicePath 00000000000089a0 f   UefiBootManagerLib:BmBoot.obj
 0001:000087f4       BmExpandPartitionDevicePath 0000000000008ab4 f   UefiBootManagerLib:BmBoot.obj
 0001:00008b10       BmExpandMediaDevicePath    0000000000008dd0 f   UefiBootManagerLib:BmBoot.obj
 0001:00008d7c       BmExpandNetworkFileSystem  000000000000903c f   UefiBootManagerLib:BmBoot.obj
 0001:00008ecc       BmGetRamDiskDevicePath     000000000000918c f   UefiBootManagerLib:BmBoot.obj
 0001:00009018       BmDestroyRamDisk           00000000000092d8 f   UefiBootManagerLib:BmBoot.obj
 0001:00009234       BmExpandLoadFile           00000000000094f4 f   UefiBootManagerLib:BmBoot.obj
 0001:00009430       BmExpandLoadFiles          00000000000096f0 f   UefiBootManagerLib:BmBoot.obj
 0001:000096bc       BmGetNextLoadOptionDevicePath 000000000000997c f   UefiBootManagerLib:BmBoot.obj
 0001:000099a0       BmIsBootManagerMenuFilePath 0000000000009c60 f   UefiBootManagerLib:BmBoot.obj
 0001:00009a34       BmReportLoadFailure        0000000000009cf4 f   UefiBootManagerLib:BmBoot.obj
 0001:00009ab0       EfiBootManagerBoot         0000000000009d70 f   UefiBootManagerLib:BmBoot.obj
 0001:00009f9c       BmMatchPartitionDevicePathNode 000000000000a25c f   UefiBootManagerLib:BmBoot.obj
 0001:0000a038       BmEnumerateBootOptions     000000000000a2f8 f   UefiBootManagerLib:BmBoot.obj
 0001:0000a5d8       EfiBootManagerRefreshAllBootOption 000000000000a898 f   UefiBootManagerLib:BmBoot.obj
 0001:0000a7d4       BmRegisterBootManagerMenu  000000000000aa94 f   UefiBootManagerLib:BmBoot.obj
 0001:0000aaac       EfiBootManagerGetBootManagerMenu 000000000000ad6c f   UefiBootManagerLib:BmBoot.obj
 0001:0000abac       EfiBootManagerConnectAll   000000000000ae6c f   UefiBootManagerLib:BmConnect.obj
 0001:0000ac38       EfiBootManagerConnectDevicePath 000000000000aef8 f   UefiBootManagerLib:BmConnect.obj
 0001:0000ad84       BmConnectUsbShortFormDevicePath 000000000000b044 f   UefiBootManagerLib:BmConnect.obj
 0001:0000aec0       BmUpdateSystemTableConsole 000000000000b180 f   UefiBootManagerLib:BmConsole.obj
 0001:0000b09c       EfiBootManagerUpdateConsoleVariable 000000000000b35c f   UefiBootManagerLib:BmConsole.obj
 0001:0000b1ec       EfiBootManagerConnectConsoleVariable 000000000000b4ac f   UefiBootManagerLib:BmConsole.obj
 0001:0000b484       EfiBootManagerConnectAllDefaultConsoles 000000000000b744 f   UefiBootManagerLib:BmConsole.obj
 0001:0000b594       BmDelPartMatchInstance     000000000000b854 f   UefiBootManagerLib:BmMisc.obj
 0001:0000b680       BmMatchDevicePaths         000000000000b940 f   UefiBootManagerLib:BmMisc.obj
 0001:0000b6f0       BmSetMemoryTypeInformationVariable 000000000000b9b0 f   UefiBootManagerLib:BmMisc.obj
 0001:0000b910       BmSetVariableAndReportStatusCodeOnError 000000000000bbd0 f   UefiBootManagerLib:BmMisc.obj
 0001:0000ba10       EfiBootManagerDispatchDeferredImages 000000000000bcd0 f   UefiBootManagerLib:BmMisc.obj
 0001:0000bbbc       BmEliminateExtraSpaces     000000000000be7c f   UefiBootManagerLib:BmBootDescription.obj
 0001:0000bbf8       BmGetDescriptionFromDiskInfo 000000000000beb8 f   UefiBootManagerLib:BmBootDescription.obj
 0001:0000bf18       BmGetUsbDescription        000000000000c1d8 f   UefiBootManagerLib:BmBootDescription.obj
 0001:0000c0f8       BmGetNetworkDescription    000000000000c3b8 f   UefiBootManagerLib:BmBootDescription.obj
 0001:0000c5a0       BmGetLoadFileDescription   000000000000c860 f   UefiBootManagerLib:BmBootDescription.obj
 0001:0000c640       BmGetNvmeDescription       000000000000c900 f   UefiBootManagerLib:BmBootDescription.obj
 0001:0000c87c       BmGetMiscDescription       000000000000cb3c f   UefiBootManagerLib:BmBootDescription.obj
 0001:0000cae0       BmGetBootDescription       000000000000cda0 f   UefiBootManagerLib:BmBootDescription.obj
 0001:0000cc48       BmGetControllerName        000000000000cf08 f   UefiBootManagerLib:BmDriverHealth.obj
 0001:0000cda0       BmDisplayMessages          000000000000d060 f   UefiBootManagerLib:BmDriverHealth.obj
 0001:0000ce90       BmRepairNotify             000000000000d150 f   UefiBootManagerLib:BmDriverHealth.obj
 0001:0000ced8       BmGetSingleControllerHealthStatus 000000000000d198 f   UefiBootManagerLib:BmDriverHealth.obj
 0001:0000d0c4       EfiBootManagerGetDriverHealthInfo 000000000000d384 f   UefiBootManagerLib:BmDriverHealth.obj
 0001:0000d2d0       EfiBootManagerFreeDriverHealthInfo 000000000000d590 f   UefiBootManagerLib:BmDriverHealth.obj
 0001:0000d324       BmRepairAllControllers     000000000000d5e4 f   UefiBootManagerLib:BmDriverHealth.obj
 0001:0000da34       InternalQemuFwCfgDmaBytes  000000000000dcf4 f   QemuFwCfgDxeLib:QemuFwCfgDxe.obj
 0001:0000dc30       QemuFwCfgSelectItem        000000000000def0 f   QemuFwCfgDxeLib:QemuFwCfgLib.obj
 0001:0000dc60       QemuFwCfgReadBytes         000000000000df20 f   QemuFwCfgDxeLib:QemuFwCfgLib.obj
 0001:0000dca0       QemuFwCfgFindFile          000000000000df60 f   QemuFwCfgDxeLib:QemuFwCfgLib.obj
 0001:0000de04       PlatformRegisterFvBootOption 000000000000e0c4 f   PlatformBootManagerLib:BdsPlatform.obj
 0001:0000dff0       RemoveStaleFvFileOptions   000000000000e2b0 f   PlatformBootManagerLib:BdsPlatform.obj
 0001:0000e1dc       PlatformRegisterOptionsAndKeys 000000000000e49c f   PlatformBootManagerLib:BdsPlatform.obj
 0001:0000e304       PlatformBootManagerBeforeConsole 000000000000e5c4 f   PlatformBootManagerLib:BdsPlatform.obj
 0001:0000e5ac       ConnectRootBridge          000000000000e86c f   PlatformBootManagerLib:BdsPlatform.obj
 0001:0000e724       PrepareLpcBridgeDevicePath 000000000000e9e4 f   PlatformBootManagerLib:BdsPlatform.obj
 0001:0000e918       PreparePciDisplayDevicePath 000000000000ebd8 f   PlatformBootManagerLib:BdsPlatform.obj
 0001:0000ed50       PrepareVirtioSerialDevicePath 000000000000f010 f   PlatformBootManagerLib:BdsPlatform.obj
 0001:0000ee08       VisitAllInstancesOfProtocol 000000000000f0c8 f   PlatformBootManagerLib:BdsPlatform.obj
 0001:0000eec8       VisitingAPciInstance       000000000000f188 f   PlatformBootManagerLib:BdsPlatform.obj
 0001:0000ef20       DetectAndPreparePlatformPciDevicePath 000000000000f1e0 f   PlatformBootManagerLib:BdsPlatform.obj
 0001:0000f10c       DetectAndPreparePlatformVirtioDevicePath 000000000000f3cc f   PlatformBootManagerLib:BdsPlatform.obj
 0001:0000f15c       PlatformInitializeConsole  000000000000f41c f   PlatformBootManagerLib:BdsPlatform.obj
 0001:0000f280       SetPciIntLine              000000000000f540 f   PlatformBootManagerLib:BdsPlatform.obj
 0001:0000f518       PciAcpiInitialization      000000000000f7d8 f   PlatformBootManagerLib:BdsPlatform.obj
 0001:0000f748       ConnectRecursivelyIfPciMassStorage 000000000000fa08 f   PlatformBootManagerLib:BdsPlatform.obj
 0001:0000f820       EmuVariablesUpdatedCallback 000000000000fae0 f   PlatformBootManagerLib:BdsPlatform.obj
 0001:0000f84c       VisitingFileSystemInstance 000000000000fb0c f   PlatformBootManagerLib:BdsPlatform.obj
 0001:0000f9a8       PlatformBootManagerAfterConsole 000000000000fc68 f   PlatformBootManagerLib:BdsPlatform.obj
 0001:0000fcec       NotifyDevPath              000000000000ffac f   PlatformBootManagerLib:BdsPlatform.obj
 0001:0000ff64       PlatformBootManagerWaitCallback 0000000000010224 f   PlatformBootManagerLib:BdsPlatform.obj
 0001:00010008       IoRead8                    00000000000102c8 f   BaseIoLibIntrinsicSev:IoLibMsc.obj
 0001:00010030       IoRead16                   00000000000102f0 f   BaseIoLibIntrinsicSev:IoLibMsc.obj
 0001:0001007c       IoWrite16                  000000000001033c f   BaseIoLibIntrinsicSev:IoLibMsc.obj
 0001:000100d8       IoRead32                   0000000000010398 f   BaseIoLibIntrinsicSev:IoLibMsc.obj
 0001:00010120       IoWrite32                  00000000000103e0 f   BaseIoLibIntrinsicSev:IoLibMsc.obj
 0001:00010178       IoReadFifo8                0000000000010438 f   BaseIoLibIntrinsicSev:IoLibFifoCc.obj
 0001:000101d0       IsTdxGuest                 0000000000010490 f   BaseIoLibIntrinsicSev:IoLibInternalTdx.obj
 0001:000101fc       TdIoRead8                  00000000000104bc f   BaseIoLibIntrinsicSev:IoLibInternalTdx.obj
 0001:0001024c       TdIoRead16                 000000000001050c f   BaseIoLibIntrinsicSev:IoLibInternalTdx.obj
 0001:000102c0       TdIoRead32                 0000000000010580 f   BaseIoLibIntrinsicSev:IoLibInternalTdx.obj
 0001:00010334       TdIoWrite8                 00000000000105f4 f   BaseIoLibIntrinsicSev:IoLibInternalTdx.obj
 0001:00010384       TdIoWrite16                0000000000010644 f   BaseIoLibIntrinsicSev:IoLibInternalTdx.obj
 0001:00010400       TdIoWrite32                00000000000106c0 f   BaseIoLibIntrinsicSev:IoLibInternalTdx.obj
 0001:0001047c       MmioWrite8                 000000000001073c f   BaseIoLibIntrinsicSev:IoLib.obj
 0001:000104e0       MmioRead16                 00000000000107a0 f   BaseIoLibIntrinsicSev:IoLib.obj
 0001:00010558       MmioWrite16                0000000000010818 f   BaseIoLibIntrinsicSev:IoLib.obj
 0001:000105f8       MmioRead32                 00000000000108b8 f   BaseIoLibIntrinsicSev:IoLib.obj
 0001:0001066c       ZeroMem                    000000000001092c f   BaseMemoryLibRepStr:ZeroMemWrapper.obj
 0001:000106dc       CompareMem                 000000000001099c f   BaseMemoryLibRepStr:CompareMemWrapper.obj
 0001:000107b4       InternalBaseLibIsListValid 0000000000010a74 f   BaseLib:LinkedList.obj
 0001:00010820       InsertTailList             0000000000010ae0 f   BaseLib:LinkedList.obj
 0001:00010880       GetFirstNode               0000000000010b40 f   BaseLib:LinkedList.obj
 0001:000108b4       GetNextNode                0000000000010b74 f   BaseLib:LinkedList.obj
 0001:000108e8       IsListEmpty                0000000000010ba8 f   BaseLib:LinkedList.obj
 0001:00010920       IsNull                     0000000000010be0 f   BaseLib:LinkedList.obj
 0001:00010964       RemoveEntryList            0000000000010c24 f   BaseLib:LinkedList.obj
 0001:000109ac       SerialPortWrite            0000000000010c6c f   PcAtSerialPortLib:SerialPortLib.obj
 0001:00010a1c       EfiCreateEventReadyToBootEx 0000000000010cdc f   UefiLib:UefiNotTiano.obj
 0001:00010ad4       EfiSignalEventReadyToBoot  0000000000010d94 f   UefiLib:UefiNotTiano.obj
 0001:00010b6c       PciExpressWrite8           0000000000010e2c f   BasePciExpressLib:PciExpressLib.obj
 0001:00010bc8       PciExpressRead32           0000000000010e88 f   BasePciExpressLib:PciExpressLib.obj
 0001:00010c18       PciCf8Write8               0000000000010ed8 f   BasePciCf8Lib:PciCf8Lib.obj
 0001:00010cf8       PciCf8Read32               0000000000010fb8 f   BasePciCf8Lib:PciCf8Lib.obj
 0001:00010da4       HiiGetString               0000000000011064 f   UefiHiiLib:HiiString.obj
 0001:00010f50       HiiGetHiiHandles           0000000000011210 f   UefiHiiLib:HiiLib.obj
 0001:00010fdc       HiiGetSupportedLanguages   000000000001129c f   UefiHiiLib:HiiLanguage.obj
 0001:00011080       InternalImageHandleToFvHandle 0000000000011340 f   DxeServicesLib:DxeServicesLib.obj
 0001:00011108       InternalGetSectionFromFv   00000000000113c8 f   DxeServicesLib:DxeServicesLib.obj
 0001:000111e0       GetFileBufferByFilePath    00000000000114a0 f   DxeServicesLib:DxeServicesLib.obj
 0001:000116d0       GetFileDevicePathFromAnyFv 0000000000011990 f   DxeServicesLib:DxeServicesLib.obj
 0001:000118d8       XenGetInfoHOB              0000000000011b98 f   XenPlatformLib:XenPlatformLib.obj
 0001:00012a9c       ConnectDevicesFromQemu     0000000000012d5c f   QemuBootOrderLib:QemuBootOrderLib.obj
 0001:00012d3c       StoreQemuBootOrder         0000000000012ffc f   QemuBootOrderLib:QemuBootOrderLib.obj
 0001:00013284       SetBootOrderFromQemu       0000000000013544 f   QemuBootOrderLib:QemuBootOrderLib.obj
 0001:00013700       CreateExtraRootBusMap      00000000000139c0 f   QemuBootOrderLib:ExtraRootBusMap.obj
 0001:0001405c       QemuLoadKernelImage        000000000001431c f   X86QemuLoadImageLib:X86QemuLoadImageLib.obj
 0001:00014350       QemuStartKernelImage       0000000000014610 f   X86QemuLoadImageLib:X86QemuLoadImageLib.obj
 0001:000143f8       GetNvVarsFile              00000000000146b8 f   NvVarsFileLib:FsAccess.obj
 0001:00014480       ReadNvVarsFile             0000000000014740 f   NvVarsFileLib:FsAccess.obj
 0001:00014648       LoadNvVarsFromFs           0000000000014908 f   NvVarsFileLib:FsAccess.obj
 0001:00014734       SaveNvVarsToFs             00000000000149f4 f   NvVarsFileLib:FsAccess.obj
 0001:0001496c       BootLogoEnableLogo         0000000000014c2c f   BootLogoLib:BootLogoLib.obj
 0001:00014e48       BootLogoUpdateProgress     0000000000015108 f   BootLogoLib:BootLogoLib.obj
 0001:000150c4       GetTdInfo                  0000000000015384 f   TdxLib:TdInfo.obj
 0001:00015128       TdSharedPageMask           00000000000153e8 f   TdxLib:TdInfo.obj
 0001:00015154       SaveAndDisableInterrupts   0000000000015414 f   BaseLib:Cpu.obj
 0001:00015178       OrderedCollectionNext      0000000000015438 f   BaseOrderedCollectionRedBlackTreeLib:BaseOrderedCollectionRedBlackTreeLib.obj
 0001:000151b8       RedBlackTreeRotateRight    0000000000015478 f   BaseOrderedCollectionRedBlackTreeLib:BaseOrderedCollectionRedBlackTreeLib.obj
 0001:000151f8       RedBlackTreeRotateLeft     00000000000154b8 f   BaseOrderedCollectionRedBlackTreeLib:BaseOrderedCollectionRedBlackTreeLib.obj
 0001:00015238       OrderedCollectionInsert    00000000000154f8 f   BaseOrderedCollectionRedBlackTreeLib:BaseOrderedCollectionRedBlackTreeLib.obj
 0001:00015410       OrderedCollectionDelete    00000000000156d0 f   BaseOrderedCollectionRedBlackTreeLib:BaseOrderedCollectionRedBlackTreeLib.obj
 0001:00015d94       LoadLinux                  0000000000016054 f   LoadLinuxLib:Linux.obj
 0001:000161dc       SerializeVariablesFreeInstance 000000000001649c f   DxeSerializeVariablesLib:SerializeVariablesLib.obj
 0001:0001623c       SerializeVariablesIterateSystemVariables 00000000000164fc f   DxeSerializeVariablesLib:SerializeVariablesLib.obj
 0001:000163f0       SerializeVariablesAddVariable 00000000000166b0 f   DxeSerializeVariablesLib:SerializeVariablesLib.obj
 0001:00016530       FileHandleGetInfo          00000000000167f0 f   UefiFileHandleLib:UefiFileHandleLib.obj
 0002:00000000       ??_C@_0CB@DMEJJJHA@?6ASSERT_EFI_ERROR?5?$CIStatus?5?$DN?5?$CFr?$CJ@ 0000000000016880     UefiDriverEntryPoint:DriverEntryPoint.obj
 0002:00000028       ??_C@_0CH@BBNBJKHK@?$CB?$CI?$CI?$CIINTN?$CJ?$CIRETURN_STATUS?$CJ?$CIStatus@ 00000000000168a8     UefiDriverEntryPoint:DriverEntryPoint.obj
 0002:00000050       ??_C@_06MKAOPKOC@BdsDxe@   00000000000168d0     BdsDxe:AutoGen.obj
 0002:00000058       ??_C@_0CE@IBFOBMLB@?6ASSERT_RETURN_ERROR?5?$CIStatus?5?$DN?5@ 00000000000168d8     BdsDxe:AutoGen.obj
 0002:00000080       ??_C@_0HM@KKLLOMBD@d?3?2uefi_specs_personal_collecti@ 0000000000016900     BdsDxe:AutoGen.obj
 0002:00000100       _gPcd_FixedAtBuild_PcdDriverHealthConfigureForm 0000000000016980     BdsDxe:AutoGen.obj
 0002:00000110       _gPcd_FixedAtBuild_PcdUefiVariableDefaultPlatformLang 0000000000016990     BdsDxe:AutoGen.obj
 0002:00000118       _gPcd_FixedAtBuild_PcdFirmwareVendor 0000000000016998     BdsDxe:AutoGen.obj
 0002:00000128       _gPcd_FixedAtBuild_PcdUefiVariableDefaultLangCodes 00000000000169a8     BdsDxe:AutoGen.obj
 0002:00000138       _gPcd_FixedAtBuild_PcdBootManagerMenuFile 00000000000169b8     BdsDxe:AutoGen.obj
 0002:00000150       _gPcd_FixedAtBuild_PcdUefiVariableDefaultPlatformLangCodes 00000000000169d0     BdsDxe:AutoGen.obj
 0002:00000164       _gPcd_FixedAtBuild_PcdUefiVariableDefaultLang 00000000000169e4     BdsDxe:AutoGen.obj
 0002:00000168       ??_C@_1CE@GLBFGNOF@?$AAP?$AAl?$AAa?$AAt?$AAf?$AAo?$AAr?$AAm?$AAL?$AAa?$AAn?$AAg?$AAC?$AAo?$AAd@ 00000000000169e8     BdsDxe:BdsEntry.obj
 0002:00000190       ??_C@_1BE@PMKNNMNM@?$AAL?$AAa?$AAn?$AAg?$AAC?$AAo?$AAd?$AAe?$AAs@ 0000000000016a10     BdsDxe:BdsEntry.obj
 0002:000001a8       ??_C@_1CE@BKEAGEIL@?$AAB?$AAo?$AAo?$AAt?$AAO?$AAp?$AAt?$AAi?$AAo?$AAn?$AAS?$AAu?$AAp?$AAp?$AAo@ 0000000000016a28     BdsDxe:BdsEntry.obj
 0002:000001d0       ??_C@_1CA@BOALBJHG@?$AAH?$AAw?$AAE?$AAr?$AAr?$AAR?$AAe?$AAc?$AAS?$AAu?$AAp?$AAp?$AAo?$AAr?$AAt@ 0000000000016a50     BdsDxe:BdsEntry.obj
 0002:000001f0       ??_C@_1CO@MENFEBKM@?$AAO?$AAs?$AAI?$AAn?$AAd?$AAi?$AAc?$AAa?$AAt?$AAi?$AAo?$AAn?$AAs?$AAS?$AAu@ 0000000000016a70     BdsDxe:BdsEntry.obj
 0002:00000220       ??_C@_1O@GAOCKAOK@?$AAD?$AAr?$AAi?$AAv?$AAe?$AAr@ 0000000000016aa0     BdsDxe:BdsEntry.obj
 0002:00000230       ??_C@_1BA@IBFPPJON@?$AAS?$AAy?$AAs?$AAP?$AAr?$AAe?$AAp@ 0000000000016ab0     BdsDxe:BdsEntry.obj
 0002:00000240       ??_C@_19JCAOHIEH@?$AAB?$AAo?$AAo?$AAt@ 0000000000016ac0     BdsDxe:BdsEntry.obj
 0002:00000250       ??_C@_1CC@LGMJPJO@?$AAP?$AAl?$AAa?$AAt?$AAf?$AAo?$AAr?$AAm?$AAR?$AAe?$AAc?$AAo?$AAv?$AAe?$AAr@ 0000000000016ad0     BdsDxe:BdsEntry.obj
 0002:00000278       ??_C@_0CO@NDPLJGND@?$FLBds?$FN?5Image?5was?5deferred?5but?5no@ 0000000000016af8     BdsDxe:BdsEntry.obj
 0002:000002b0       ??_C@_0FB@OJPFCDLH@D?3?2uefi_specs_personal_collecti@ 0000000000016b30     BdsDxe:BdsEntry.obj
 0002:00000308       ??_C@_0L@LAHJEOP@Index?5?$DN?$DN?50@ 0000000000016b88     BdsDxe:BdsEntry.obj
 0002:00000318       ??_C@_0CB@KJGCPDFO@?$FLBds?$FNBdsWait?5?4?4?4Zzzzzzzzzzzz?4?4?4@ 0000000000016b98     BdsDxe:BdsEntry.obj
 0002:00000340       ??_C@_0BL@NHDNDBGH@?$FLBds?$FNBdsWait?$CI?$CFd?$CJ?4?4Zzzz?4?4?4?6@ 0000000000016bc0     BdsDxe:BdsEntry.obj
 0002:00000360       ??_C@_0BI@EIAIPE@?$FLBds?$FNExit?5the?5waiting?$CB?6@ 0000000000016be0     BdsDxe:BdsEntry.obj
 0002:00000378       ??_C@_0DA@LBMBPMFK@LoadOptionType?5?$DN?$DN?5LoadOptions?$FLI@ 0000000000016bf8     BdsDxe:BdsEntry.obj
 0002:000003a8       ??_C@_0CF@KALAFFH@LoadOptionType?5?$CB?$DN?5LoadOptionTyp@ 0000000000016c28     BdsDxe:BdsEntry.obj
 0002:000003d0       ??_C@_1BM@MDLAABPK@?$AAO?$AAs?$AAI?$AAn?$AAd?$AAi?$AAc?$AAa?$AAt?$AAi?$AAo?$AAn?$AAs@ 0000000000016c50     BdsDxe:BdsEntry.obj
 0002:000003f0       ??_C@_0DN@IBLJEIDN@?$FLBds?$FN?5Unformalized?5OsIndication@ 0000000000016c70     BdsDxe:BdsEntry.obj
 0002:00000430       ??_C@_1M@NFPEGKHA@?$AAC?$AAo?$AAn?$AAI?$AAn@ 0000000000016cb0     BdsDxe:BdsEntry.obj
 0002:00000440       ??_C@_1O@MJHLOIFA@?$AAC?$AAo?$AAn?$AAO?$AAu?$AAt@ 0000000000016cc0     BdsDxe:BdsEntry.obj
 0002:00000450       ??_C@_1O@JOJMCOJC@?$AAE?$AAr?$AAr?$AAO?$AAu?$AAt@ 0000000000016cd0     BdsDxe:BdsEntry.obj
 0002:00000460       ??_C@_0BA@DAGOAHGJ@?$FLBds?$FN?5Entry?4?4?4?6@ 0000000000016ce0     BdsDxe:BdsEntry.obj
 0002:00000470       ??_C@_0CE@JBGCGPKP@gST?9?$DOFirmwareVendor?5?$CB?$DN?5?$CI?$CIvoid?5?$CK@ 0000000000016cf0     BdsDxe:BdsEntry.obj
 0002:00000498       ??_C@_0CP@JFKGJHME@?$FLBdsDxe?$FN?5Locate?5Variable?5Policy@ 0000000000016d18     BdsDxe:BdsEntry.obj
 0002:000004c8       ??_C@_1BA@BKONPLFM@?$AAT?$AAi?$AAm?$AAe?$AAo?$AAu?$AAt@ 0000000000016d48     BdsDxe:BdsEntry.obj
 0002:000004d8       ??_C@_1BC@HGEHGBBD@?$AAB?$AAo?$AAo?$AAt?$AAN?$AAe?$AAx?$AAt@ 0000000000016d58     BdsDxe:BdsEntry.obj
 0002:000004f0       ??_C@_1CM@POLGBFKG@?$AA?2?$AAE?$AAF?$AAI?$AA?2?$AAB?$AAO?$AAO?$AAT?$AA?2?$AAB?$AAO?$AAO?$AAT?$AAX@ 0000000000016d70     BdsDxe:BdsEntry.obj
 0002:00000520       ??_C@_0EF@NENHEPIM@Fail?5to?5allocate?5memory?5for?5def@ 0000000000016da0     BdsDxe:BdsEntry.obj
 0002:00000568       ??_C@_1DC@DDAANGAJ@?$AAD?$AAe?$AAf?$AAa?$AAu?$AAl?$AAt?$AA?5?$AAP?$AAl?$AAa?$AAt?$AAf?$AAo?$AAr@ 0000000000016de8     BdsDxe:BdsEntry.obj
 0002:000005a0       ??_C@_0DE@MLIBCMGL@PlatformDefaultBootOptionValid?5@ 0000000000016e20     BdsDxe:BdsEntry.obj
 0002:000005d8       ??_C@_0CB@LFAFAAIP@PlatformBootManagerBeforeConsol@ 0000000000016e58     BdsDxe:BdsEntry.obj
 0002:00000600       ??_C@_0CE@DIGOHAEA@?$CK?$CK?$CK?$CK?$CK?$CK?$CK?$CK?$CK?$CK?$CK?$CK?$CK?$CK?$CK?$CK?$CK?$CK?$CK?$CK?$CK?$CK?$CK?$CK?$CK?$CK?$CK?$CK?$CK?$CK?$CK@ 0000000000016e80     BdsDxe:BdsEntry.obj
 0002:00000628       ??_C@_0CE@LLEPLPOC@?$CK?$CK?5?5WARNING?3?5Test?5Key?5is?5used?4?5@ 0000000000016ea8     BdsDxe:BdsEntry.obj
 0002:00000650       ??_C@_1EI@LNDJNEI@?$AA?$CK?$AA?$CK?$AA?5?$AA?5?$AAW?$AAA?$AAR?$AAN?$AAI?$AAN?$AAG?$AA?3?$AA?5?$AAT?$AAe@ 0000000000016ed0     BdsDxe:BdsEntry.obj
 0002:00000698       ??_C@_0BK@DDINDG@?$FLBds?$FNOsIndication?3?5?$CF016x?6@ 0000000000016f18     BdsDxe:BdsEntry.obj
 0002:000006b8       ??_C@_0DP@HABAMBOC@?$FLBds?$FN?$DN?$DN?$DN?$DN?$DN?$DN?$DN?$DN?$DN?$DN?$DN?$DN?$DNBegin?5Load?5Op@ 0000000000016f38     BdsDxe:BdsEntry.obj
 0002:000006f8       ??_C@_0P@MKILGENC@?5?5?$CFs?5Options?3?6@ 0000000000016f78     BdsDxe:BdsEntry.obj
 0002:00000708       ??_C@_0BK@FAAGHLLC@?5?5?5?5?$CFs?$CF04x?3?5?$CFs?5?7?7?50x?$CF04x?6@ 0000000000016f88     BdsDxe:BdsEntry.obj
 0002:00000728       ??_C@_0DJ@IJDHGBDL@?$FLBds?$FN?$DN?$DN?$DN?$DN?$DN?$DN?$DN?$DN?$DN?$DN?$DN?$DN?$DNEnd?5Load?5Opti@ 0000000000016fa8     BdsDxe:BdsEntry.obj
 0002:00000770       ??_C@_0FK@LFOCKHA@Status?5?$DN?$DN?5?$CIRETURN_STATUS?$CJ?$CI0?$CJ?5?$HM?$HM@ 0000000000016ff0     BdsDxe:BdsEntry.obj
 0002:000007d0       ??_C@_1BC@HAMKBGJJ@?$AAB?$AAo?$AAo?$AAt?$AA?$CF?$AA0?$AA4?$AAx@ 0000000000017050     BdsDxe:BdsEntry.obj
 0002:000007e8       ??_C@_0BH@PBMLOCJC@?$FLBds?$FN?5Unable?5to?5boot?$CB?6@ 0000000000017068     BdsDxe:BdsEntry.obj
 0002:00000800       mReadOnlyVariables         0000000000017080     BdsDxe:BdsEntry.obj
 0002:00000830       mBmLoadOptionName          00000000000170b0     UefiBootManagerLib:BmLoadOption.obj
 0002:00000830       mBdsLoadOptionName         00000000000170b0     BdsDxe:BdsEntry.obj
 0002:00000850       ??_C@_0EI@BDPJBIIK@IsLangInSupportedLangCodes?5?$CISup@ 00000000000170d0     BdsDxe:Language.obj
 0002:000008a0       ??_C@_0FB@DPHLKIDB@D?3?2uefi_specs_personal_collecti@ 0000000000017120     BdsDxe:Language.obj
 0002:000008f8       ??_C@_19BALNHBBC@?$AAL?$AAa?$AAn?$AAg@ 0000000000017178     BdsDxe:Language.obj
 0002:00000908       ??_C@_1BK@GGGENMOA@?$AAP?$AAl?$AAa?$AAt?$AAf?$AAo?$AAr?$AAm?$AAL?$AAa?$AAn?$AAg@ 0000000000017188     BdsDxe:Language.obj
 0002:00000930       ??_C@_0EN@ENFGNHA@D?3?2uefi_specs_personal_collecti@ 00000000000171b0     DxePcdLib:DxePcdLib.obj
 0002:00000980       ??_C@_0BF@OOKDELHM@mPcd?5?$CB?$DN?5?$CI?$CIvoid?5?$CK?$CJ?50?$CJ@ 0000000000017200     DxePcdLib:DxePcdLib.obj
 0002:00000998       ??_C@_0BH@IACGKAP@Buffer?5?$CB?$DN?5?$CI?$CIvoid?5?$CK?$CJ?50?$CJ@ 0000000000017218     DxePcdLib:DxePcdLib.obj
 0002:000009b0       ??_C@_0DG@EEENIGGL@Length?5?$DM?$DN?5?$CI0xFFFFFFFFFFFFFFFFUL@ 0000000000017230     BaseMemoryLibRepStr:MemLibGuid.obj
 0002:000009f0       ??_C@_0ED@MKGCMJG@?$CILength?5?9?51?$CJ?5?$DM?$DN?5?$CI0xFFFFFFFFFFFF@ 0000000000017270     BaseMemoryLibRepStr:CopyMemWrapper.obj
 0002:00000a40       ??_C@_0FM@IDPIEKJH@D?3?2uefi_specs_personal_collecti@ 00000000000172c0     BaseMemoryLibRepStr:CopyMemWrapper.obj
 0002:00000aa0       ??_C@_0DO@MAOBOFEG@?$CILength?5?9?51?$CJ?5?$DM?$DN?5?$CI0xFFFFFFFFFFFF@ 0000000000017320     BaseMemoryLibRepStr:CopyMemWrapper.obj
 0002:00000ae0       ??_C@_0L@LBCNCHJA@Pages?5?$CB?$DN?50@ 0000000000017360     UefiMemoryAllocationLib:MemoryAllocationLib.obj
 0002:00000af0       ??_C@_0GF@KMHDEKMA@D?3?2uefi_specs_personal_collecti@ 0000000000017370     UefiMemoryAllocationLib:MemoryAllocationLib.obj
 0002:00000b58       ??_C@_0DO@GEEICOOO@AllocationSize?5?$DM?$DN?5?$CI0xFFFFFFFFFF@ 00000000000173d8     UefiMemoryAllocationLib:MemoryAllocationLib.obj
 0002:00000b98       ??_C@_0BH@MAAHKCPC@String?5?$CB?$DN?5?$CI?$CIvoid?5?$CK?$CJ?50?$CJ@ 0000000000017418     BaseLib:String.obj
 0002:00000bb0       ??_C@_0EI@LOLLHGDK@D?3?2uefi_specs_personal_collecti@ 0000000000017430     BaseLib:String.obj
 0002:00000bf8       ??_C@_0CC@GFNLNIOC@?$CI?$CIUINTN?$CJString?5?$CG?50x00000001?$CJ?5?$DN?$DN@ 0000000000017478     BaseLib:String.obj
 0002:00000c20       ??_C@_0DK@EOJCOAME@Length?5?$DM?5_gPcd_FixedAtBuild_Pcd@ 00000000000174a0     BaseLib:String.obj
 0002:00000c60       ??_C@_0BL@JAAMOCAJ@StrSize?5?$CIFirstString?$CJ?5?$CB?$DN?50@ 00000000000174e0     BaseLib:String.obj
 0002:00000c80       ??_C@_0BM@DALBOILC@StrSize?5?$CISecondString?$CJ?5?$CB?$DN?50@ 0000000000017500     BaseLib:String.obj
 0002:00000ca0       ??_C@_0DL@LFIMEMJP@Length?5?$DM?$DN?5_gPcd_FixedAtBuild_Pc@ 0000000000017520     BaseLib:String.obj
 0002:00000ce0       ??_C@_0DI@MDIKFADO@Length?5?$DM?5_gPcd_FixedAtBuild_Pcd@ 0000000000017560     BaseLib:String.obj
 0002:00000d18       ??_C@_0BL@IKFBNFIL@AsciiStrSize?5?$CIFirstString?$CJ@ 0000000000017598     BaseLib:String.obj
 0002:00000d38       ??_C@_0BM@EDNOKLLE@AsciiStrSize?5?$CISecondString?$CJ@ 00000000000175b8     BaseLib:String.obj
 0002:00000d58       ??_C@_0DJ@JJHGIFMP@Length?5?$DM?$DN?5_gPcd_FixedAtBuild_Pc@ 00000000000175d8     BaseLib:String.obj
 0002:00000da0       ??_C@_0EL@GLNKFHII@D?3?2uefi_specs_personal_collecti@ 0000000000017620     BaseLib:Unaligned.obj
 0002:00000df0       ??_C@_0EM@OAPOMMAE@D?3?2uefi_specs_personal_collecti@ 0000000000017670     BaseLib:SafeString.obj
 0002:00000e40       ??_C@_0CH@LALFPBMC@?$CI?$CIUINTN?$CJDestination?5?$CG?50x0000000@ 00000000000176c0     BaseLib:SafeString.obj
 0002:00000e68       ??_C@_0CC@HEBCMBPF@?$CI?$CIUINTN?$CJSource?5?$CG?50x00000001?$CJ?5?$DN?$DN@ 00000000000176e8     BaseLib:SafeString.obj
 0002:00000e90       ??_C@_0BO@ECNIOIHG@?$CIDestination?5?$CB?$DN?5?$CI?$CIvoid?5?$CK?$CJ?50?$CJ?$CJ@ 0000000000017710     BaseLib:SafeString.obj
 0002:00000eb0       ??_C@_07KBGDFDAM@StrCpyS@  0000000000017730     BaseLib:SafeString.obj
 0002:00000ec0       ??_C@_0EA@PDPDJJNN@?$CFa?$CI?$CFd?$CJ?5?$CFa?3?5SAFE_STRING_CONSTRAI@ 0000000000017740     BaseLib:SafeString.obj
 0002:00000f00       ??_C@_0BJ@EAEEJIP@?$CISource?5?$CB?$DN?5?$CI?$CIvoid?5?$CK?$CJ?50?$CJ?$CJ@ 0000000000017780     BaseLib:SafeString.obj
 0002:00000f20       ??_C@_0EA@BBALOHPI@?$CIDestMax?5?$DM?$DN?5?$CI_gPcd_FixedAtBuild@ 00000000000177a0     BaseLib:SafeString.obj
 0002:00000f60       ??_C@_0P@PMIMLIHM@?$CIDestMax?5?$CB?$DN?50?$CJ@ 00000000000177e0     BaseLib:SafeString.obj
 0002:00000f70       ??_C@_0BG@EEGIIOKH@?$CIDestMax?5?$DO?5SourceLen?$CJ@ 00000000000177f0     BaseLib:SafeString.obj
 0002:00000f90       ??_C@_0FH@PPBLBDBJ@InternalSafeStringNoStrOverlap?5@ 0000000000017810     BaseLib:SafeString.obj
 0002:00000fe8       ??_C@_07EBBOPAKF@StrCatS@  0000000000017868     BaseLib:SafeString.obj
 0002:00000ff0       ??_C@_0P@BHOOOJPD@?$CICopyLen?5?$CB?$DN?50?$CJ@ 0000000000017870     BaseLib:SafeString.obj
 0002:00001000       ??_C@_0BG@BPGICNPK@?$CICopyLen?5?$DO?5SourceLen?$CJ@ 0000000000017880     BaseLib:SafeString.obj
 0002:00001018       ??_C@_0BJ@CNKJJNE@?$CIBuffer?5?$CB?$DN?5?$CI?$CIvoid?5?$CK?$CJ?50?$CJ?$CJ@ 0000000000017898     BaseLib:SafeString.obj
 0002:00001038       ??_C@_0BG@MFINJFHO@AsciiStrToUnicodeStrS@ 00000000000178b8     BaseLib:SafeString.obj
 0002:00001050       ??_C@_0GF@GCLJAOAI@?$CBInternalSafeStringIsOverlap?5?$CID@ 00000000000178d0     BaseLib:SafeString.obj
 0002:000010b8       ??_C@_0N@KGHEHMDL@Divisor?5?$CB?$DN?50@ 0000000000017938     BaseLib:DivU64x32.obj
 0002:000010d0       ??_C@_0EL@IADNJGFD@D?3?2uefi_specs_personal_collecti@ 0000000000017950     BaseLib:DivU64x32.obj
 0002:00001120       ??_C@_0CI@BGLNHBLM@?$CI?$CI?$CIUINTN?$CJ?5?$CIStartOfBuffer?$CJ?$CJ?5?$CG?50x@ 00000000000179a0     BasePrintLib:PrintLib.obj
 0002:00001150       ??_C@_0EP@OFLCNDBG@D?3?2uefi_specs_personal_collecti@ 00000000000179d0     BasePrintLib:PrintLib.obj
 0002:000011a0       ??_C@_0CH@KJLBGOBB@?$CI?$CI?$CIUINTN?$CJ?5?$CIFormatString?$CJ?$CJ?5?$CG?50x0@ 0000000000017a20     BasePrintLib:PrintLib.obj
 0002:000011c8       ??_C@_0CB@LDBAOPMG@?$CI?$CI?$CIUINTN?$CJ?5?$CIBuffer?$CJ?$CJ?5?$CG?50x01?$CJ?5?$DN?$DN?5@ 0000000000017a48     BasePrintLib:PrintLib.obj
 0002:000011f0       ??_C@_0FH@MODEAFEI@D?3?2uefi_specs_personal_collecti@ 0000000000017a70     BasePrintLib:PrintLibInternal.obj
 0002:00001250       ??_C@_0EB@HDGIDCIO@?$CIBufferSize?5?$DM?$DN?5?$CI_gPcd_FixedAtBu@ 0000000000017ad0     BasePrintLib:PrintLibInternal.obj
 0002:00001298       ??_C@_0CI@HPJOGFNE@?$CIBufferSize?5?$DO?$DN?5?$CIWidth?5?$CL?51?$CJ?5?$CK?5In@ 0000000000017b18     BasePrintLib:PrintLibInternal.obj
 0002:000012c0       ??_C@_0BJ@PPAKKDJG@?$CIFormat?5?$CB?$DN?5?$CI?$CIvoid?5?$CK?$CJ?50?$CJ?$CJ@ 0000000000017b40     BasePrintLib:PrintLibInternal.obj
 0002:000012e0       ??_C@_0ED@LPDDCECB@?$CIBufferSize?5?$DM?$DN?5?$CI_gPcd_FixedAtBu@ 0000000000017b60     BasePrintLib:PrintLibInternal.obj
 0002:00001330       ??_C@_0IM@BFJJFLGB@?$CIStrnLenS?5?$CI?$CICHAR16?5?$CK?$CJFormat?0?5?$CI_@ 0000000000017bb0     BasePrintLib:PrintLibInternal.obj
 0002:000013c0       ??_C@_0ID@PLGJGION@?$CIAsciiStrnLenS?5?$CIFormat?0?5?$CI_gPcd_@ 0000000000017c40     BasePrintLib:PrintLibInternal.obj
 0002:00001448       ??_C@_0O@MLOLIMFM@?$DMnull?5string?$DO@ 0000000000017cc8     BasePrintLib:PrintLibInternal.obj
 0002:00001458       ??_C@_0M@BJJDNPHK@?$DMnull?5guid?$DO@ 0000000000017cd8     BasePrintLib:PrintLibInternal.obj
 0002:00001468       ??_C@_0DB@PMLHLBMO@?$CF08x?9?$CF04x?9?$CF04x?9?$CF02x?$CF02x?9?$CF02x?$CF02@ 0000000000017ce8     BasePrintLib:PrintLibInternal.obj
 0002:000014a0       ??_C@_0M@LHGBCIKM@?$DMnull?5time?$DO@ 0000000000017d20     BasePrintLib:PrintLibInternal.obj
 0002:000014b0       ??_C@_0BK@FCPKCIDD@?$CF02d?1?$CF02d?1?$CF04d?5?5?$CF02d?3?$CF02d@ 0000000000017d30     BasePrintLib:PrintLibInternal.obj
 0002:000014cc       ??_C@_04JIMNDDED@?$CF08X@  0000000000017d4c     BasePrintLib:PrintLibInternal.obj
 0002:000014d4       ??_C@_02PCIJFNDE@?$AN?6@   0000000000017d54     BasePrintLib:PrintLibInternal.obj
 0002:000014d8       ??_C@_01LIIJDEN@?$AN@      0000000000017d58     BasePrintLib:PrintLibInternal.obj
 0002:000014e0       mWarningString             0000000000017d60     BasePrintLib:PrintLibInternal.obj
 0002:000015b0       mErrorString               0000000000017e30     BasePrintLib:PrintLibInternal.obj
 0002:00001890       mHexStr                    0000000000018110     BasePrintLib:PrintLibInternal.obj
 0002:000018a0       ??_C@_0BH@LKMBFCBF@Format?5?$CB?$DN?5?$CI?$CIvoid?5?$CK?$CJ?50?$CJ@ 0000000000018120     BaseDebugLibSerialPort:DebugLib.obj
 0002:000018c0       ??_C@_0FJ@BNNHJMAJ@D?3?2uefi_specs_personal_collecti@ 0000000000018140     BaseDebugLibSerialPort:DebugLib.obj
 0002:00001920       ??_C@_0BI@NOCKJDBJ@ASSERT?5?$FL?$CFa?$FN?5?$CFa?$CI?$CFd?$CJ?3?5?$CFa?6@ 00000000000181a0     BaseDebugLibSerialPort:DebugLib.obj
 0002:00001938       ??_C@_0BN@COECPDCC@gImageHandle?5?$CB?$DN?5?$CI?$CIvoid?5?$CK?$CJ?50?$CJ@ 00000000000181b8     UefiBootServicesTableLib:UefiBootServicesTableLib.obj
 0002:00001960       ??_C@_0GL@PJCPJLGM@D?3?2uefi_specs_personal_collecti@ 00000000000181e0     UefiBootServicesTableLib:UefiBootServicesTableLib.obj
 0002:000019d0       ??_C@_0BE@DGNHAHIL@gST?5?$CB?$DN?5?$CI?$CIvoid?5?$CK?$CJ?50?$CJ@ 0000000000018250     UefiBootServicesTableLib:UefiBootServicesTableLib.obj
 0002:000019e8       ??_C@_0BE@BDFJLGLN@gBS?5?$CB?$DN?5?$CI?$CIvoid?5?$CK?$CJ?50?$CJ@ 0000000000018268     UefiBootServicesTableLib:UefiBootServicesTableLib.obj
 0002:00001a00       ??_C@_0BE@OBDFIHND@gRT?5?$CB?$DN?5?$CI?$CIvoid?5?$CK?$CJ?50?$CJ@ 0000000000018280     UefiRuntimeServicesTableLib:UefiRuntimeServicesTableLib.obj
 0002:00001a20       ??_C@_0HB@NCAPNEDO@D?3?2uefi_specs_personal_collecti@ 00000000000182a0     UefiRuntimeServicesTableLib:UefiRuntimeServicesTableLib.obj
 0002:00001aa0       ??_C@_0GP@HEOOPGAM@D?3?2uefi_specs_personal_collecti@ 0000000000018320     UefiDevicePathLibDevicePathProtocol:UefiDevicePathLib.obj
 0002:00001b10       ??_C@_0DC@CNNBPJA@mDevicePathLibDevicePathUtiliti@ 0000000000018390     UefiDevicePathLibDevicePathProtocol:UefiDevicePathLib.obj
 0002:00001b48       ??_C@_0BL@JFODOCGB@DevicePath?5?$CB?$DN?5?$CI?$CIvoid?5?$CK?$CJ?50?$CJ@ 00000000000183c8     UefiDevicePathLibDevicePathProtocol:UefiDevicePathLib.obj
 0002:00001b68       ??_C@_0BF@CBLMFKOC@Node?5?$CB?$DN?5?$CI?$CIvoid?5?$CK?$CJ?50?$CJ@ 00000000000183e8     UefiDevicePathLibDevicePathProtocol:UefiDevicePathLib.obj
 0002:00001b80       ??_C@_0EH@ENCEEKKL@?$CILength?5?$DO?$DN?5sizeof?5?$CIEFI_DEVICE_P@ 0000000000018400     UefiDevicePathLibDevicePathProtocol:UefiDevicePathLib.obj
 0002:00001bc8       ??_C@_0BF@MBJFHGBE@Size?5?$CB?$DN?5?$CI?$CIvoid?5?$CK?$CJ?50?$CJ@ 0000000000018448     UefiDevicePathLibDevicePathProtocol:UefiDevicePathLib.obj
 0002:00001be0       mUefiDevicePathLibEndDevicePath 0000000000018460     UefiDevicePathLibDevicePathProtocol:UefiDevicePathLib.obj
 0002:00001be8       ??_C@_0BK@PPOBBAMB@TableGuid?5?$CB?$DN?5?$CI?$CIvoid?5?$CK?$CJ?50?$CJ@ 0000000000018468     UefiLib:UefiLib.obj
 0002:00001c10       ??_C@_0EJ@PPOMJLJB@D?3?2uefi_specs_personal_collecti@ 0000000000018490     UefiLib:UefiLib.obj
 0002:00001c60       ??_C@_0BG@JDKEGFNB@Table?5?$CB?$DN?5?$CI?$CIvoid?5?$CK?$CJ?50?$CJ@ 00000000000184e0     UefiLib:UefiLib.obj
 0002:00001c78       ??_C@_0BN@HHGHCLME@ProtocolGuid?5?$CB?$DN?5?$CI?$CIvoid?5?$CK?$CJ?50?$CJ@ 00000000000184f8     UefiLib:UefiLib.obj
 0002:00001c98       ??_C@_0BP@DEIEJICI@NotifyFunction?5?$CB?$DN?5?$CI?$CIvoid?5?$CK?$CJ?50?$CJ@ 0000000000018518     UefiLib:UefiLib.obj
 0002:00001cb8       ??_C@_0BN@OMCJCPAI@Registration?5?$CB?$DN?5?$CI?$CIvoid?5?$CK?$CJ?50?$CJ@ 0000000000018538     UefiLib:UefiLib.obj
 0002:00001cd8       ??_C@_0BF@OGAHIMFI@Name?5?$CB?$DN?5?$CI?$CIvoid?5?$CK?$CJ?50?$CJ@ 0000000000018558     UefiLib:UefiLib.obj
 0002:00001cf0       ??_C@_0BO@IJOPPPFL@Lock?9?$DOLock?5?$DN?$DN?5EfiLockReleased@ 0000000000018570     UefiLib:UefiLib.obj
 0002:00001d10       ??_C@_0BO@FHNOFLFJ@Lock?9?$DOLock?5?$DN?$DN?5EfiLockAcquired@ 0000000000018590     UefiLib:UefiLib.obj
 0002:00001d30       ??_C@_0EG@GOBFPEEP@Name?5?$CB?$DN?5?$CI?$CIvoid?5?$CK?$CJ?50?$CJ?5?$CG?$CG?5Guid?5?$CB?$DN@ 00000000000185b0     UefiLib:UefiLib.obj
 0002:00001d78       ??_C@_0BH@FMEOEIBC@?$CKValue?5?$CB?$DN?5?$CI?$CIvoid?5?$CK?$CJ?50?$CJ@ 00000000000185f8     UefiLib:UefiLib.obj
 0002:00001d90       ??_C@_0CD@OLFKAJF@SupportedLanguages?5?$CB?$DN?5?$CI?$CIvoid?5?$CK?$CJ@ 0000000000018610     UefiLib:UefiLib.obj
 0002:00001dc0       ??_C@_0EO@FMCPFLJA@D?3?2uefi_specs_personal_collecti@ 0000000000018640     UefiLib:UefiLibPrint.obj
 0002:00001e10       ??_C@_0CC@KPMNJIIF@?$CI?$CIUINTN?$CJFormat?5?$CG?50x00000001?$CJ?5?$DN?$DN@ 0000000000018690     UefiLib:UefiLibPrint.obj
 0002:00001e38       ??_C@_0BI@DIKLKBJC@Console?5?$CB?$DN?5?$CI?$CIvoid?5?$CK?$CJ?50?$CJ@ 00000000000186b8     UefiLib:UefiLibPrint.obj
 0002:00001e50       ??_C@_0BO@LGKGLLEA@ConsoleHandle?5?$CB?$DN?5?$CI?$CIvoid?5?$CK?$CJ?50?$CJ@ 00000000000186d0     UefiLib:UefiLibPrint.obj
 0002:00001e70       ??_C@_0DJ@MPLJCEEA@?$CIHorizontalResolution?5?$CB?$DN?50?$CJ?5?$CG?$CG?5@ 00000000000186f0     UefiLib:UefiLibPrint.obj
 0002:00001eb0       ??_C@_0BE@CMLOOEHP@Blt?5?$CB?$DN?5?$CI?$CIvoid?5?$CK?$CJ?50?$CJ@ 0000000000018730     UefiLib:UefiLibPrint.obj
 0002:00001ec8       ??_C@_0BI@NENOGMNJ@UgaDraw?5?$CB?$DN?5?$CI?$CIvoid?5?$CK?$CJ?50?$CJ@ 0000000000018748     UefiLib:UefiLibPrint.obj
 0002:00001ee0       ??_C@_0CC@FBIDNHPC@Blt?9?$DOImage?4Bitmap?5?$CB?$DN?5?$CI?$CIvoid?5?$CK?$CJ?5@ 0000000000018760     UefiLib:UefiLibPrint.obj
 0002:00001f08       ??_C@_0BN@NCDEJCLP@RowInfoArray?5?$CB?$DN?5?$CI?$CIvoid?5?$CK?$CJ?50?$CJ@ 0000000000018788     UefiLib:UefiLibPrint.obj
 0002:00001f28       ??_C@_0BG@FILCNCLA@RowInfoArraySize?5?$DM?$DN?51@ 00000000000187a8     UefiLib:UefiLibPrint.obj
 0002:00001f40       ??_C@_0EK@CGIIDOCH@D?3?2uefi_specs_personal_collecti@ 00000000000187c0     DxeHobLib:HobLib.obj
 0002:00001f90       ??_C@_0BJ@OBFMLLDO@mHobList?5?$CB?$DN?5?$CI?$CIvoid?5?$CK?$CJ?50?$CJ@ 0000000000018810     DxeHobLib:HobLib.obj
 0002:00001fb0       ??_C@_0BJ@NOLLDKJB@HobStart?5?$CB?$DN?5?$CI?$CIvoid?5?$CK?$CJ?50?$CJ@ 0000000000018830     DxeHobLib:HobLib.obj
 0002:00001fd0       ??_C@_0BC@FEDIJHFF@?$CI?$CIBOOLEAN?$CJ?$CI0?$DN?$DN1?$CJ?$CJ@ 0000000000018850     DxeHobLib:HobLib.obj
 0002:00001fe8       ??_C@_0BP@LHBKJBMC@PlatformInfoHob?5is?5not?5found?4?6@ 0000000000018868     DxeAcpiTimerLib:DxeAcpiTimerLib.obj
 0002:00002010       ??_C@_0FH@PGONMIHN@D?3?2uefi_specs_personal_collecti@ 0000000000018890     DxeAcpiTimerLib:DxeAcpiTimerLib.obj
 0002:00002068       ??_C@_0BI@HAGPDMHJ@AcpiTimerLibConstructor@ 00000000000188e8     DxeAcpiTimerLib:DxeAcpiTimerLib.obj
 0002:00002080       ??_C@_0CL@DGCOIACG@?$CFa?3?5Unknown?5Host?5Bridge?5Device?5@ 0000000000018900     DxeAcpiTimerLib:DxeAcpiTimerLib.obj
 0002:000020b0       ??_C@_0GF@MFAMBDAB@D?3?2uefi_specs_personal_collecti@ 0000000000018930     UefiHiiServicesLib:UefiHiiServicesLib.obj
 0002:00002120       ??_C@_0GB@FAJPOEDK@D?3?2uefi_specs_personal_collecti@ 00000000000189a0     DxeServicesTableLib:DxeServicesTableLib.obj
 0002:00002188       ??_C@_0BE@IOIFLNKO@gDS?5?$CB?$DN?5?$CI?$CIvoid?5?$CK?$CJ?50?$CJ@ 0000000000018a08     DxeServicesTableLib:DxeServicesTableLib.obj
 0002:000021a0       ??_C@_0BO@DIMHDDCF@TotalSize?5?$DM?$DN?5?$CI?$CIUINT16?$CJ0xFFFF?$CJ@ 0000000000018a20     VariablePolicyHelperLib:VariablePolicyHelperLib.obj
 0002:000021c0       ??_C@_0GP@BKHIFNBC@D?3?2uefi_specs_personal_collecti@ 0000000000018a40     VariablePolicyHelperLib:VariablePolicyHelperLib.obj
 0002:00002230       ??_C@_0GK@HIFHPALF@D?3?2uefi_specs_personal_collecti@ 0000000000018ab0     DxeReportStatusCodeLib:ReportStatusCodeLib.obj
 0002:000022a0       ??_C@_0BF@OBJIPFIC@Data?5?$CB?$DN?5?$CI?$CIvoid?5?$CK?$CJ?50?$CJ@ 0000000000018b20     DxeReportStatusCodeLib:ReportStatusCodeLib.obj
 0002:000022b8       ??_C@_0BM@HAIDGOCB@Description?5?$CB?$DN?5?$CI?$CIvoid?5?$CK?$CJ?50?$CJ@ 0000000000018b38     DxeReportStatusCodeLib:ReportStatusCodeLib.obj
 0002:000022d8       ??_C@_0DN@HHIHPHHB@?$CB?$CI?$CIExtendedData?5?$DN?$DN?5?$CI?$CIvoid?5?$CK?$CJ?50?$CJ@ 0000000000018b58     DxeReportStatusCodeLib:ReportStatusCodeLib.obj
 0002:00002318       ??_C@_0DN@BBBIFINB@?$CB?$CI?$CIExtendedData?5?$CB?$DN?5?$CI?$CIvoid?5?$CK?$CJ?50?$CJ@ 0000000000018b98     DxeReportStatusCodeLib:ReportStatusCodeLib.obj
 0002:00002358       ??_C@_1BI@PDMCFEDG@?$AAD?$AAr?$AAi?$AAv?$AAe?$AAr?$AAO?$AAr?$AAd?$AAe?$AAr@ 0000000000018bd8     UefiBootManagerLib:BmLoadOption.obj
 0002:00002370       ??_C@_1BK@CHMLNGLH@?$AAS?$AAy?$AAs?$AAP?$AAr?$AAe?$AAp?$AAO?$AAr?$AAd?$AAe?$AAr@ 0000000000018bf0     UefiBootManagerLib:BmLoadOption.obj
 0002:00002390       ??_C@_1BE@CHCFCNKI@?$AAB?$AAo?$AAo?$AAt?$AAO?$AAr?$AAd?$AAe?$AAr@ 0000000000018c10     UefiBootManagerLib:BmLoadOption.obj
 0002:000023b0       ??_C@_0FP@JDCHHJEA@D?3?2uefi_specs_personal_collecti@ 0000000000018c30     UefiBootManagerLib:BmLoadOption.obj
 0002:00002410       ??_C@_0CB@PFDEGLPD@FreeOptionNumber?5?$CB?$DN?5?$CI?$CIvoid?5?$CK?$CJ?50@ 0000000000018c90     UefiBootManagerLib:BmLoadOption.obj
 0002:00002440       ??_C@_0HK@DHJNPELJ@LoadOptionType?5?$DN?$DN?5LoadOptionTyp@ 0000000000018cc0     UefiBootManagerLib:BmLoadOption.obj
 0002:000024c0       ??_C@_0GP@HFLIMAAP@?$CIOptionOrder?5?$CB?$DN?5?$CI?$CIvoid?5?$CK?$CJ?50?$CJ?5?$CG?$CG@ 0000000000018d40     UefiBootManagerLib:BmLoadOption.obj
 0002:00002530       ??_C@_0BI@HMGPIBBB@OptionNumber?5?$DM?$DN?50x10000@ 0000000000018db0     UefiBootManagerLib:BmLoadOption.obj
 0002:00002548       ??_C@_0BJ@DLOFCCCI@Variable?5?$CB?$DN?5?$CI?$CIvoid?5?$CK?$CJ?50?$CJ@ 0000000000018dc8     UefiBootManagerLib:BmLoadOption.obj
 0002:00002568       ??_C@_1O@CJIOJFKI@?$AA?$CF?$AAs?$AA?$CF?$AA0?$AA4?$AAx@ 0000000000018de8     UefiBootManagerLib:BmLoadOption.obj
 0002:00002578       ??_C@_0BP@NMMDNJFN@NewOptionOrder?5?$CB?$DN?5?$CI?$CIvoid?5?$CK?$CJ?50?$CJ@ 0000000000018df8     UefiBootManagerLib:BmLoadOption.obj
 0002:00002598       ??_C@_0CM@MAOCOHA@String?5?$CB?$DN?5?$CI?$CIvoid?5?$CK?$CJ?50?$CJ?5?$CG?$CG?5MaxSt@ 0000000000018e18     UefiBootManagerLib:BmLoadOption.obj
 0002:000025c8       ??_C@_0BP@CLCCNNAA@Param?9?$DOOptions?5?$CB?$DN?5?$CI?$CIvoid?5?$CK?$CJ?50?$CJ@ 0000000000018e48     UefiBootManagerLib:BmLoadOption.obj
 0002:000025e8       ??_C@_0BI@BEIPAHPN@Options?5?$CB?$DN?5?$CI?$CIvoid?5?$CK?$CJ?50?$CJ@ 0000000000018e68     UefiBootManagerLib:BmLoadOption.obj
 0002:00002600       ??_C@_0EN@EEPBAEH@?$FLBds?$FN?5?$CFs?5doesn?8t?5exist?5?9?5Update@ 0000000000018e80     UefiBootManagerLib:BmLoadOption.obj
 0002:00002650       ??_C@_0DC@GPHPCJCG@Options?$FLOptionIndex?$FN?4OptionNumb@ 0000000000018ed0     UefiBootManagerLib:BmLoadOption.obj
 0002:00002688       ??_C@_0O@JAAHIOB@?$FLBds?$FN?5Expand?5@ 0000000000018f08     UefiBootManagerLib:BmLoadOption.obj
 0002:00002698       ??_C@_04BBDFLMDN@?5?9?$DO?5@ 0000000000018f18     UefiBootManagerLib:BmLoadOption.obj
 0002:000026a0       ??_C@_01EEMJAFIK@?6@       0000000000018f20     UefiBootManagerLib:BmLoadOption.obj
 0002:000026a8       ??_C@_0BJ@MLNOANLN@Process?5?$CFs?$CF04x?5?$CI?$CFs?$CJ?5?4?4?4?6@ 0000000000018f28     UefiBootManagerLib:BmLoadOption.obj
 0002:000026c8       ??_C@_0BL@CHFKAAGM@?$CFs?$CF04x?5Return?5Status?5?$DN?5?$CFr?6@ 0000000000018f48     UefiBootManagerLib:BmLoadOption.obj
 0002:000026e8       mBmLoadOptionOrderName     0000000000018f68     UefiBootManagerLib:BmLoadOption.obj
 0002:00002708       ??_C@_17KACEIPNC@?$AAK?$AAe?$AAy@ 0000000000018f88     UefiBootManagerLib:BmHotkey.obj
 0002:00002710       ??_C@_0BK@FLHJNINC@KeyOption?5?$CB?$DN?5?$CI?$CIvoid?5?$CK?$CJ?50?$CJ@ 0000000000018f90     UefiBootManagerLib:BmHotkey.obj
 0002:00002730       ??_C@_0FL@CECMDIJJ@D?3?2uefi_specs_personal_collecti@ 0000000000018fb0     UefiBootManagerLib:BmHotkey.obj
 0002:00002790       ??_C@_0CC@EMDPMLGH@Param?9?$DOKeyOptions?5?$CB?$DN?5?$CI?$CIvoid?5?$CK?$CJ?5@ 0000000000019010     UefiBootManagerLib:BmHotkey.obj
 0002:000027b8       ??_C@_0CC@JHGOKCAM@?$FLBds?$FNBmHotkeyCallback?3?5?$CF04x?3?$CF04@ 0000000000019038     UefiBootManagerLib:BmHotkey.obj
 0002:000027e0       ??_C@_0BF@NDBIKIKC@CR?5has?5Bad?5Signature@ 0000000000019060     UefiBootManagerLib:BmHotkey.obj
 0002:00002800       ??_C@_0EO@PGCGMAA@Hotkey?9?$DOWaitingKey?5?$DM?5?$CIsizeof?5?$CIH@ 0000000000019080     UefiBootManagerLib:BmHotkey.obj
 0002:00002850       ??_C@_0CB@PFLHPPPA@?$FLBds?$FNHotkey?5for?5?$CFs?5pressed?5?9?5?$CFr@ 00000000000190d0     UefiBootManagerLib:BmHotkey.obj
 0002:00002878       ??_C@_0BM@PIEMCHHP@?$FLBds?$FNContinue?5key?5pressed?$CB?6@ 00000000000190f8     UefiBootManagerLib:BmHotkey.obj
 0002:00002898       ??_C@_0CI@IEECCPEN@?$FLBds?$FNUnregisterKeyNotify?3?5?$CF04x?1@ 0000000000019118     UefiBootManagerLib:BmHotkey.obj
 0002:000028c0       ??_C@_0DA@JOMFCNDD@?$FLBds?$FNRegisterKeyNotify?3?5?$CF04x?1?$CF0@ 0000000000019140     UefiBootManagerLib:BmHotkey.obj
 0002:000028f0       ??_C@_0EP@BPCJHBGF@KeyShiftStateCount?5?$DM?$DN?5?$CIsizeof?5?$CI@ 0000000000019170     UefiBootManagerLib:BmHotkey.obj
 0002:00002940       ??_C@_0BH@DPGPDJFD@Hotkey?5?$CB?$DN?5?$CI?$CIvoid?5?$CK?$CJ?50?$CJ@ 00000000000191c0     UefiBootManagerLib:BmHotkey.obj
 0002:00002958       ??_C@_0CF@ODMMDHMK@mBmContinueKeyOption?5?$CB?$DN?5?$CI?$CIvoid?5@ 00000000000191d8     UefiBootManagerLib:BmHotkey.obj
 0002:00002980       ??_C@_0BL@ELKNAPIO@?$FLBds?$FNStop?5Hotkey?5Service?$CB?6@ 0000000000019200     UefiBootManagerLib:BmHotkey.obj
 0002:000029a0       ??_C@_0EJ@JOIJLOGL@Bds?3?5BootOptionSupport?5NV?5varia@ 0000000000019220     UefiBootManagerLib:BmHotkey.obj
 0002:000029f0       ??_C@_1BA@MLKFGFON@?$AAK?$AAe?$AAy?$AA?$CF?$AA0?$AA4?$AAx@ 0000000000019270     UefiBootManagerLib:BmHotkey.obj
 0002:00002a00       ??_C@_0DG@JBPPOHBO@OptionToFind?9?$DOOptionNumber?5?$DN?$DN?5B@ 0000000000019280     UefiBootManagerLib:BmBoot.obj
 0002:00002a40       ??_C@_0FJ@OCBBGEAA@D?3?2uefi_specs_personal_collecti@ 00000000000192c0     UefiBootManagerLib:BmBoot.obj
 0002:00002aa0       ??_C@_19GDALFLBC@?$AAH?$AAD?$AAD?$AAP@ 0000000000019320     UefiBootManagerLib:BmBoot.obj
 0002:00002ab0       ??_C@_0CB@HNPPGGEL@IsDevicePathEnd?5?$CITempDevicePath@ 0000000000019330     UefiBootManagerLib:BmBoot.obj
 0002:00002ad8       ??_C@_0CC@IJGCPIJN@RamDiskDevicePath?5?$CB?$DN?5?$CI?$CIvoid?5?$CK?$CJ?5@ 0000000000019358     UefiBootManagerLib:BmBoot.obj
 0002:00002b00       ??_C@_0GA@KMAJBBHE@?$CIDevicePathType?5?$CIRamDiskDeviceP@ 0000000000019380     UefiBootManagerLib:BmBoot.obj
 0002:00002b60       ??_C@_0BB@DLJFOJCC@BmExpandLoadFile@ 00000000000193e0     UefiBootManagerLib:BmBoot.obj
 0002:00002b80       ??_C@_0FG@OIHFMLDO@?$CFa?3?$CFa?3?5failed?5to?5allocate?5reser@ 0000000000019400     UefiBootManagerLib:BmBoot.obj
 0002:00002bd8       ??_C@_0BJ@LNALCLOM@FilePath?5?$CB?$DN?5?$CI?$CIvoid?5?$CK?$CJ?50?$CJ@ 0000000000019458     UefiBootManagerLib:BmBoot.obj
 0002:00002c00       ??_C@_0EN@JHMJNHPF@?$CIErrorCode?5?$DN?$DN?5?$CI0x1000?5?$HM?50x00000@ 0000000000019480     UefiBootManagerLib:BmBoot.obj
 0002:00002c50       ??_C@_0DM@POBOKFGH@?$FLBds?$FN?5Failed?5to?5create?5Boot?$CD?$CD?$CD?$CD@ 00000000000194d0     UefiBootManagerLib:BmBoot.obj
 0002:00002c90       ??_C@_1BI@LBNGELID@?$AAB?$AAo?$AAo?$AAt?$AAC?$AAu?$AAr?$AAr?$AAe?$AAn?$AAt@ 0000000000019510     UefiBootManagerLib:BmBoot.obj
 0002:00002ca8       ??_C@_0CC@HMPNCCAJ@?$FLBds?$FN?5Booting?5Boot?5Manager?5Menu@ 0000000000019528     UefiBootManagerLib:BmBoot.obj
 0002:00002cd0       ??_C@_0CH@MAENAIDI@?$FLBds?$FNBooting?5from?5unknown?5devic@ 0000000000019550     UefiBootManagerLib:BmBoot.obj
 0002:00002cf8       ??_C@_0BB@BJMHKPKN@?$FLBds?$FNBooting?5?$CFs?6@ 0000000000019578     UefiBootManagerLib:BmBoot.obj
 0002:00002d10       ??_C@_0BK@CCNIJCHI@Image?5Return?5Status?5?$DN?5?$CFr?6@ 0000000000019590     UefiBootManagerLib:BmBoot.obj
 0002:00002d30       ??_C@_0CA@CKEJEPEJ@BootOptionCount?5?$CB?$DN?5?$CI?$CIvoid?5?$CK?$CJ?50?$CJ@ 00000000000195b0     UefiBootManagerLib:BmBoot.obj
 0002:00002d50       ??_C@_0BM@DJHLFDEF@BootOptions?5?$CB?$DN?5?$CI?$CIvoid?5?$CK?$CJ?50?$CJ@ 00000000000195d0     UefiBootManagerLib:BmBoot.obj
 0002:00002d70       ??_C@_0FG@IDHOKGJD@?$FLBds?$FNBootManagerMenu?5FFS?5sectio@ 00000000000195f0     UefiBootManagerLib:BmBoot.obj
 0002:00002dc8       ??_C@_1CE@NNDBOIGN@?$AAB?$AAo?$AAo?$AAt?$AA?5?$AAM?$AAa?$AAn?$AAa?$AAg?$AAe?$AAr?$AA?5?$AAM?$AAe@ 0000000000019648     UefiBootManagerLib:BmBoot.obj
 0002:00002df0       ??_C@_0EO@NDKIDFN@EfiBootManagerFindLoadOption?5?$CIB@ 0000000000019670     UefiBootManagerLib:BmBoot.obj
 0002:00002e40       ??_C@_0EP@CPFHHOMB@?$CI?$CI?$CIINTN?$CJ?$CIRETURN_STATUS?$CJ?$CIStatus?$CJ@ 00000000000196c0     UefiBootManagerLib:BmConnect.obj
 0002:00002e90       ??_C@_0FM@HGCGLIHJ@D?3?2uefi_specs_personal_collecti@ 0000000000019710     UefiBootManagerLib:BmConnect.obj
 0002:00002ef0       ??_C@_1BC@OBFMLJLI@?$AAC?$AAo?$AAn?$AAI?$AAn?$AAD?$AAe?$AAv@ 0000000000019770     UefiBootManagerLib:BmConsole.obj
 0002:00002f08       ??_C@_1BE@INNAKDAF@?$AAC?$AAo?$AAn?$AAO?$AAu?$AAt?$AAD?$AAe?$AAv@ 0000000000019788     UefiBootManagerLib:BmConsole.obj
 0002:00002f20       ??_C@_1BE@JFPOEAHF@?$AAE?$AAr?$AAr?$AAO?$AAu?$AAt?$AAD?$AAe?$AAv@ 00000000000197a0     UefiBootManagerLib:BmConsole.obj
 0002:00002f40       ??_C@_0FM@LLEBMBDK@D?3?2uefi_specs_personal_collecti@ 00000000000197c0     UefiBootManagerLib:BmConsole.obj
 0002:00002fa0       ??_C@_0BI@LEGCJJJC@VarName?5?$CB?$DN?5?$CI?$CIvoid?5?$CK?$CJ?50?$CJ@ 0000000000019820     UefiBootManagerLib:BmConsole.obj
 0002:00002fb8       ??_C@_0BM@CGHKLPCB@ConsoleGuid?5?$CB?$DN?5?$CI?$CIvoid?5?$CK?$CJ?50?$CJ@ 0000000000019838     UefiBootManagerLib:BmConsole.obj
 0002:00002fd8       ??_C@_0CC@IEKIILIB@ProtocolInterface?5?$CB?$DN?5?$CI?$CIvoid?5?$CK?$CJ?5@ 0000000000019858     UefiBootManagerLib:BmConsole.obj
 0002:00003000       ??_C@_0DC@IFPPFOCH@?$FLBds?$FN?5No?5valid?5console?5instance@ 0000000000019880     UefiBootManagerLib:BmConsole.obj
 0002:00003038       mConVarName                00000000000198b8     UefiBootManagerLib:BmConsole.obj
 0002:00003068       ??_C@_1CM@OLBNONPD@?$AAM?$AAe?$AAm?$AAo?$AAr?$AAy?$AAT?$AAy?$AAp?$AAe?$AAI?$AAn?$AAf?$AAo?$AAr@ 00000000000198e8     UefiBootManagerLib:BmMisc.obj
 0002:00003098       ??_C@_0CG@JANCEMEA@Memory?5?5Previous?5?5Current?5?5?5?5Ne@ 0000000000019918     UefiBootManagerLib:BmMisc.obj
 0002:000030c0       ??_C@_0CG@GIAKKOHH@?5Type?5?5?5?5Pages?5?5?5?5?5Pages?5?5?5?5?5Pa@ 0000000000019940     UefiBootManagerLib:BmMisc.obj
 0002:000030e8       ??_C@_0CG@DHPBOGIK@?$DN?$DN?$DN?$DN?$DN?$DN?5?5?$DN?$DN?$DN?$DN?$DN?$DN?$DN?$DN?5?5?$DN?$DN?$DN?$DN?$DN?$DN?$DN?$DN?5?5?$DN?$DN?$DN@ 0000000000019968     UefiBootManagerLib:BmMisc.obj
 0002:00003110       ??_C@_0BM@FKMFCHDC@?5?5?$CF02x?5?5?5?5?$CF08x?5?5?$CF08x?5?5?$CF08x?6@ 0000000000019990     UefiBootManagerLib:BmMisc.obj
 0002:00003130       ??_C@_0CK@JOALLLAO@Memory?5Type?5Information?5setting@ 00000000000199b0     UefiBootManagerLib:BmMisc.obj
 0002:00003160       ??_C@_0ED@IFKDJDAE@Memory?5Type?5Information?5setting@ 00000000000199e0     UefiBootManagerLib:BmMisc.obj
 0002:000031a4       ??_C@_02DKCKIIND@?$CFs@    0000000000019a24     UefiBootManagerLib:BmMisc.obj
 0002:000031b0       ??_C@_0GE@ODMHJDDE@D?3?2uefi_specs_personal_collecti@ 0000000000019a30     UefiBootManagerLib:BmBootDescription.obj
 0002:00003218       ??_C@_0DD@MBGDIJCD@Length?5?$DN?$DN?5ModelNameLength?5?$CL?5Ser@ 0000000000019a98     UefiBootManagerLib:BmBootDescription.obj
 0002:00003250       ??_C@_1BE@HCCIKJOI@?$AAS?$AAD?$AA?5?$AAD?$AAe?$AAv?$AAi?$AAc?$AAe@ 0000000000019ad0     UefiBootManagerLib:BmBootDescription.obj
 0002:00003268       ??_C@_1BI@MOIBBPND@?$AAe?$AAM?$AAM?$AAC?$AA?5?$AAD?$AAe?$AAv?$AAi?$AAc?$AAe@ 0000000000019ae8     UefiBootManagerLib:BmBootDescription.obj
 0002:00003280       ??_C@_13HOIJIPNN@?$AA?5@   0000000000019b00     UefiBootManagerLib:BmBootDescription.obj
 0002:00003288       ??_C@_17IDOMPBMF@?$AAP?$AAX?$AAE@ 0000000000019b08     UefiBootManagerLib:BmBootDescription.obj
 0002:00003290       ??_C@_19BMGGGIKC@?$AAH?$AAT?$AAT?$AAP@ 0000000000019b10     UefiBootManagerLib:BmBootDescription.obj
 0002:000032a0       ??_C@_1EK@KDADHDDD@?$AA?$CF?$AAs?$AAv?$AA?$CF?$AAd?$AA?5?$AA?$CI?$AAM?$AAA?$AAC?$AA?3?$AA?$CF?$AA0?$AA2?$AAx@ 0000000000019b20     UefiBootManagerLib:BmBootDescription.obj
 0002:000032f0       ??_C@_1FI@BDHDKNGL@?$AA?$CF?$AAs?$AAv?$AA?$CF?$AAd?$AA?5?$AA?$CI?$AAM?$AAA?$AAC?$AA?3?$AA?$CF?$AA0?$AA2?$AAx@ 0000000000019b70     UefiBootManagerLib:BmBootDescription.obj
 0002:00003348       ??_C@_1O@CLMODHEM@?$AAF?$AAl?$AAo?$AAp?$AAp?$AAy@ 0000000000019bc8     UefiBootManagerLib:BmBootDescription.obj
 0002:00003358       ??_C@_1BE@CAANMHKL@?$AAD?$AAV?$AAD?$AA?1?$AAC?$AAD?$AAR?$AAO?$AAM@ 0000000000019bd8     UefiBootManagerLib:BmBootDescription.obj
 0002:00003370       ??_C@_1BG@FNOOENMH@?$AAH?$AAa?$AAr?$AAd?$AA?5?$AAD?$AAr?$AAi?$AAv?$AAe@ 0000000000019bf0     UefiBootManagerLib:BmBootDescription.obj
 0002:00003388       ??_C@_1BG@PDJIKBEG@?$AAU?$AAS?$AAB?$AA?5?$AAD?$AAe?$AAv?$AAi?$AAc?$AAe@ 0000000000019c08     UefiBootManagerLib:BmBootDescription.obj
 0002:000033a0       ??_C@_1BI@NPAIJFIJ@?$AAS?$AAC?$AAS?$AAI?$AA?5?$AAD?$AAe?$AAv?$AAi?$AAc?$AAe@ 0000000000019c20     UefiBootManagerLib:BmBootDescription.obj
 0002:000033b8       ??_C@_1BO@NNOGFLGA@?$AAR?$AAe?$AAm?$AAo?$AAv?$AAa?$AAb?$AAl?$AAe?$AA?5?$AAD?$AAi?$AAs?$AAk@ 0000000000019c38     UefiBootManagerLib:BmBootDescription.obj
 0002:000033d8       ??_C@_1BI@IIOANEKN@?$AAM?$AAi?$AAs?$AAc?$AA?5?$AAD?$AAe?$AAv?$AAi?$AAc?$AAe@ 0000000000019c58     UefiBootManagerLib:BmBootDescription.obj
 0002:000033f0       ??_C@_1CM@CCDJEPCI@?$AAN?$AAo?$AAn?$AA?9?$AAB?$AAl?$AAo?$AAc?$AAk?$AA?5?$AAB?$AAo?$AAo?$AAt?$AA?5@ 0000000000019c70     UefiBootManagerLib:BmBootDescription.obj
 0002:00003420       ??_C@_0BF@OIGBEABJ@Temp?5?$CB?$DN?5?$CI?$CIvoid?5?$CK?$CJ?50?$CJ@ 0000000000019ca0     UefiBootManagerLib:BmBootDescription.obj
 0002:00003438       ??_C@_0CD@NNLEHLIP@DefaultDescription?5?$CB?$DN?5?$CI?$CIvoid?5?$CK?$CJ@ 0000000000019cb8     UefiBootManagerLib:BmBootDescription.obj
 0002:00003460       ??_C@_0BI@HAGDMNKK@Visited?5?$CB?$DN?5?$CI?$CIvoid?5?$CK?$CJ?50?$CJ@ 0000000000019ce0     UefiBootManagerLib:BmBootDescription.obj
 0002:00003478       ??_C@_1M@DJFDNGE@?$AA?$CF?$AAs?$AA?5?$AA?$CF?$AAd@ 0000000000019cf8     UefiBootManagerLib:BmBootDescription.obj
 0002:00003490       mBmBootDescriptionHandlers 0000000000019d10     UefiBootManagerLib:BmBootDescription.obj
 0002:000034c0       ??_C@_1BA@OEPBAFIJ@?$AAH?$AAe?$AAa?$AAl?$AAt?$AAh?$AAy@ 0000000000019d40     UefiBootManagerLib:BmDriverHealth.obj
 0002:000034d0       ??_C@_1CA@MECBMJF@?$AAR?$AAe?$AAp?$AAa?$AAi?$AAr?$AA?5?$AAR?$AAe?$AAq?$AAu?$AAi?$AAr?$AAe?$AAd@ 0000000000019d50     UefiBootManagerLib:BmDriverHealth.obj
 0002:000034f0       ??_C@_1CO@FBBOCFDH@?$AAC?$AAo?$AAn?$AAf?$AAi?$AAg?$AAu?$AAr?$AAa?$AAt?$AAi?$AAo?$AAn?$AA?5?$AAR@ 0000000000019d70     UefiBootManagerLib:BmDriverHealth.obj
 0002:00003520       ??_C@_1O@GCADHOOL@?$AAF?$AAa?$AAi?$AAl?$AAe?$AAd@ 0000000000019da0     UefiBootManagerLib:BmDriverHealth.obj
 0002:00003530       ??_C@_1CG@MFKNOOC@?$AAR?$AAe?$AAc?$AAo?$AAn?$AAn?$AAe?$AAc?$AAt?$AA?5?$AAR?$AAe?$AAq?$AAu?$AAi@ 0000000000019db0     UefiBootManagerLib:BmDriverHealth.obj
 0002:00003558       ??_C@_1CA@LMENMPKC@?$AAR?$AAe?$AAb?$AAo?$AAo?$AAt?$AA?5?$AAR?$AAe?$AAq?$AAu?$AAi?$AAr?$AAe?$AAd@ 0000000000019dd8     UefiBootManagerLib:BmDriverHealth.obj
 0002:00003578       ??_C@_03LKLGDMJI@eng@      0000000000019df8     UefiBootManagerLib:BmDriverHealth.obj
 0002:0000357c       ??_C@_05JJLPJMLG@en?9US@   0000000000019dfc     UefiBootManagerLib:BmDriverHealth.obj
 0002:00003582       ??_C@_00CNPNBAHC@@         0000000000019e02     UefiBootManagerLib:BmDriverHealth.obj
 0002:00003588       ??_C@_0BA@PJPGFCCB@Controller?3?5?$CFs?6@ 0000000000019e08     UefiBootManagerLib:BmDriverHealth.obj
 0002:00003598       ??_C@_1CA@PLAOFDKP@?$AAC?$AAo?$AAn?$AAt?$AAr?$AAo?$AAl?$AAl?$AAe?$AAr?$AA?3?$AA?5?$AA?$CF?$AAs?$AA?6@ 0000000000019e18     UefiBootManagerLib:BmDriverHealth.obj
 0002:000035b8       ??_C@_1M@IANLBCIB@?$AA?5?$AA?5?$AA?$CF?$AAs?$AA?6@ 0000000000019e38     UefiBootManagerLib:BmDriverHealth.obj
 0002:000035c4       ??_C@_05LDOEBFOB@?5?5?$CFs?6@ 0000000000019e44     UefiBootManagerLib:BmDriverHealth.obj
 0002:000035d0       ??_C@_0BK@NGFIGLGA@?$FLBDS?$FNRepairNotify?3?5?$CFd?1?$CFd?6@ 0000000000019e50     UefiBootManagerLib:BmDriverHealth.obj
 0002:000035f0       ??_C@_1DE@KPAEMAID@?$AA?$FL?$AAB?$AAD?$AAS?$AA?$FN?$AAR?$AAe?$AAp?$AAa?$AAi?$AAr?$AAN?$AAo?$AAt?$AAi@ 0000000000019e70     UefiBootManagerLib:BmDriverHealth.obj
 0002:00003628       ??_C@_0CD@BOOHEENM@DriverHealthHandle?5?$CB?$DN?5?$CI?$CIvoid?5?$CK?$CJ@ 0000000000019ea8     UefiBootManagerLib:BmDriverHealth.obj
 0002:00003650       ??_C@_0GB@EGHLMNFA@D?3?2uefi_specs_personal_collecti@ 0000000000019ed0     UefiBootManagerLib:BmDriverHealth.obj
 0002:000036b8       ??_C@_0CC@KGLGCPCA@?$CKDriverHealthInfo?5?$CB?$DN?5?$CI?$CIvoid?5?$CK?$CJ?5@ 0000000000019f38     UefiBootManagerLib:BmDriverHealth.obj
 0002:000036e0       ??_C@_0CE@MFGOGKIA@DriverHealthHandles?5?$CB?$DN?5?$CI?$CIvoid?5?$CK@ 0000000000019f60     UefiBootManagerLib:BmDriverHealth.obj
 0002:00003708       ??_C@_0P@JFBCBHIC@?$CF02d?3?5?$CFs?5?9?5?$CFs?6@ 0000000000019f88     UefiBootManagerLib:BmDriverHealth.obj
 0002:00003718       ??_C@_0BH@PIKEIHIM@BmRepairAllControllers@ 0000000000019f98     UefiBootManagerLib:BmDriverHealth.obj
 0002:00003730       ??_C@_0CJ@OPCGBII@?$FL?$CFa?3?$CFd?$FN?5Repair?5failed?5after?5?$CFd?5@ 0000000000019fb0     UefiBootManagerLib:BmDriverHealth.obj
 0002:00003760       ??_C@_0DO@HEBFPBBH@?$FLBDS?$FN?5One?5of?5the?5Driver?5Health?5@ 0000000000019fe0     UefiBootManagerLib:BmDriverHealth.obj
 0002:000037a0       mBmHealthStatusText        000000000001a020     UefiBootManagerLib:BmDriverHealth.obj
 0002:000037d0       ??_C@_0BI@IJEGBDOG@FW?5CFG?5Signature?3?50x?$CFx?6@ 000000000001a050     QemuFwCfgDxeLib:QemuFwCfgDxe.obj
 0002:000037e8       ??_C@_0BH@IDHABEEK@FW?5CFG?5Revision?3?50x?$CFx?6@ 000000000001a068     QemuFwCfgDxeLib:QemuFwCfgDxe.obj
 0002:00003800       ??_C@_0CE@MJBGNOEJ@QemuFwCfg?5interface?5not?5support@ 000000000001a080     QemuFwCfgDxeLib:QemuFwCfgDxe.obj
 0002:00003828       ??_C@_0CN@HEOCCDJJ@QemuFwCfg?5interface?5?$CIIO?5Port?$CJ?5i@ 000000000001a0a8     QemuFwCfgDxeLib:QemuFwCfgDxe.obj
 0002:00003858       ??_C@_0CJ@KLCLHHDJ@QemuFwCfg?5interface?5?$CIDMA?$CJ?5is?5su@ 000000000001a0d8     QemuFwCfgDxeLib:QemuFwCfgDxe.obj
 0002:00003888       ??_C@_0BE@ICMOEABH@QemuFwCfgInitialize@ 000000000001a108     QemuFwCfgDxeLib:QemuFwCfgDxe.obj
 0002:000038a0       ??_C@_0DF@DPBJNHOO@QemuFwCfgDma?5?$CFa?3?$CFa?5Failed?5to?5lo@ 000000000001a120     QemuFwCfgDxeLib:QemuFwCfgDxe.obj
 0002:000038e0       ??_C@_0FE@HOPLGIPD@D?3?2uefi_specs_personal_collecti@ 000000000001a160     QemuFwCfgDxeLib:QemuFwCfgDxe.obj
 0002:00003938       ??_C@_0BK@BCAAPLAN@AllocFwCfgDmaAccessBuffer@ 000000000001a1b8     QemuFwCfgDxeLib:QemuFwCfgDxe.obj
 0002:00003958       ??_C@_0CM@GFEJKPGJ@?$CFa?3?$CFa?5failed?5to?5allocate?5FW_CFG@ 000000000001a1d8     QemuFwCfgDxeLib:QemuFwCfgDxe.obj
 0002:00003988       ??_C@_0CJ@KEMBAJAO@?$CFa?3?$CFa?5failed?5to?5Map?$CI?$CJ?5FW_CFG_DM@ 000000000001a208     QemuFwCfgDxeLib:QemuFwCfgDxe.obj
 0002:000039b8       ??_C@_0DD@JKOFAKBE@?$CFa?3?$CFa?5failed?5to?5Map?$CI?$CJ?5?9?5request@ 000000000001a238     QemuFwCfgDxeLib:QemuFwCfgDxe.obj
 0002:000039f0       ??_C@_0BJ@PJCCKKKO@FreeFwCfgDmaAccessBuffer@ 000000000001a270     QemuFwCfgDxeLib:QemuFwCfgDxe.obj
 0002:00003a10       ??_C@_0CH@ECJOHDLF@?$CFa?3?$CFa?5failed?5to?5UnMap?$CI?$CJ?5Mapping@ 000000000001a290     QemuFwCfgDxeLib:QemuFwCfgDxe.obj
 0002:00003a38       ??_C@_0BO@GNFEKELG@?$CFa?3?$CFa?5failed?5to?5Free?$CI?$CJ?50x?$CFLx?6@ 000000000001a2b8     QemuFwCfgDxeLib:QemuFwCfgDxe.obj
 0002:00003a58       ??_C@_0BG@IBBEPALH@MapFwCfgDmaDataBuffer@ 000000000001a2d8     QemuFwCfgDxeLib:QemuFwCfgDxe.obj
 0002:00003a70       ??_C@_0DA@PGHOGGFB@?$CFa?3?$CFa?5failed?5to?5Map?$CI?$CJ?5Address?50@ 000000000001a2f0     QemuFwCfgDxeLib:QemuFwCfgDxe.obj
 0002:00003aa0       ??_C@_0DC@GIJFHMNI@?$CFa?3?$CFa?5failed?5to?5Map?$CI?$CJ?5?9?5request@ 000000000001a320     QemuFwCfgDxeLib:QemuFwCfgDxe.obj
 0002:00003ad8       ??_C@_0BI@FJKLEDLA@UnmapFwCfgDmaDataBuffer@ 000000000001a358     QemuFwCfgDxeLib:QemuFwCfgDxe.obj
 0002:00003af0       ??_C@_0BL@NIDDMANE@?$CIStatus?5?$CG?50x00000001?$CJ?5?$DN?$DN?50@ 000000000001a370     QemuFwCfgDxeLib:QemuFwCfgDxe.obj
 0002:00003b10       ??_C@_0BD@DFJLKIGA@Select?5Item?3?50x?$CFx?6@ 000000000001a390     QemuFwCfgDxeLib:QemuFwCfgLib.obj
 0002:00003b30       ??_C@_0FN@DIEIOBNM@D?3?2uefi_specs_personal_collecti@ 000000000001a3b0     PlatformBootManagerLib:BdsPlatform.obj
 0002:00003b90       ??_C@_1BM@DCAGJABI@?$AA?$DM?$AAu?$AAn?$AAa?$AAv?$AAa?$AAi?$AAl?$AAa?$AAb?$AAl?$AAe?$AA?$DO@ 000000000001a410     PlatformBootManagerLib:BdsPlatform.obj
 0002:00003bb0       ??_C@_0BJ@BOFEKAED@RemoveStaleFvFileOptions@ 000000000001a430     PlatformBootManagerLib:BdsPlatform.obj
 0002:00003bd0       ??_C@_0CF@CJEPKIIK@?$CFa?3?5removing?5stale?5Boot?$CD?$CF04x?5?$CFs@ 000000000001a450     PlatformBootManagerLib:BdsPlatform.obj
 0002:00003c00       ??_C@_0FK@HIEKPOBO@Status?5?$DN?$DN?5?$CIRETURN_STATUS?$CJ?$CI0?$CJ?5?$HM?$HM@ 000000000001a480     PlatformBootManagerLib:BdsPlatform.obj
 0002:00003c60       ??_C@_0CC@IHFNHDDL@PlatformBootManagerBeforeConsol@ 000000000001a4e0     PlatformBootManagerLib:BdsPlatform.obj
 0002:00003c88       ??_C@_0CK@FMBEAILJ@?$CB?$CI?$CI?$CIINTN?$CJ?$CIRETURN_STATUS?$CJ?$CIPcdSta@ 000000000001a508     PlatformBootManagerLib:BdsPlatform.obj
 0002:00003cb8       ??_C@_0BN@CLFOPHIP@?$CFa?3?5SetVariable?$CI?$CFs?0?5?$CFu?$CJ?3?5?$CFr?6@ 000000000001a538     PlatformBootManagerLib:BdsPlatform.obj
 0002:00003cd8       ??_C@_0BE@OBMCBLFJ@ConnectVirtioPciRng@ 000000000001a558     PlatformBootManagerLib:BdsPlatform.obj
 0002:00003cf0       ??_C@_07FINMALIC@?$CFa?3?5?$CFr?6@ 000000000001a570     PlatformBootManagerLib:BdsPlatform.obj
 0002:00003cf8       ??_C@_0CF@HBKHBHNI@BdsPlatform?4c?$CL?$CFd?3?5COM?$CFd?5DevPath@ 000000000001a578     PlatformBootManagerLib:BdsPlatform.obj
 0002:00003d20       ??_C@_0BJ@PMGAMOAL@Found?5LPC?5Bridge?5device?6@ 000000000001a5a0     PlatformBootManagerLib:BdsPlatform.obj
 0002:00003d40       ??_C@_0BP@KIFNKONE@Found?5PCI?516550?5SERIAL?5device?6@ 000000000001a5c0     PlatformBootManagerLib:BdsPlatform.obj
 0002:00003d60       ??_C@_0BK@KBNLGLFL@Found?5PCI?5display?5device?6@ 000000000001a5e0     PlatformBootManagerLib:BdsPlatform.obj
 0002:00003d80       ??_C@_0BM@FCDJMPGG@Found?5virtio?5serial?5device?6@ 000000000001a600     PlatformBootManagerLib:BdsPlatform.obj
 0002:00003da0       ??_C@_0CJ@LPPGKGDF@DetectAndPreparePlatformVirtioD@ 000000000001a620     PlatformBootManagerLib:BdsPlatform.obj
 0002:00003dd0       ??_C@_0O@EJABFNLC@?$CFa?3?$CFd?3?5id?5?$CFd?6@ 000000000001a650     PlatformBootManagerLib:BdsPlatform.obj
 0002:00003de0       ??_C@_0BM@DOCPPFI@DevPathNode?5?$CB?$DN?5?$CI?$CIvoid?5?$CK?$CJ?50?$CJ@ 000000000001a660     PlatformBootManagerLib:BdsPlatform.obj
 0002:00003e00       ??_C@_0O@PBGDLLA@SetPciIntLine@ 000000000001a680     PlatformBootManagerLib:BdsPlatform.obj
 0002:00003e10       ??_C@_0DK@CEJCHGAF@?$CFa?3?5PCI?5host?5bridge?5?$CI00?300?40?$CJ?5s@ 000000000001a690     PlatformBootManagerLib:BdsPlatform.obj
 0002:00003e50       ??_C@_0CB@JKHFHHGN@?$CFa?3?5?$FL?$CF02x?3?$CF02x?4?$CFx?$FN?5?$CFs?5?9?$DO?50x?$CF02x@ 000000000001a6d0     PlatformBootManagerLib:BdsPlatform.obj
 0002:00003e78       ??_C@_0BG@KAFKFBKP@PciAcpiInitialization@ 000000000001a6f8     PlatformBootManagerLib:BdsPlatform.obj
 0002:00003e90       ??_C@_1BK@FFFNMNG@?$AAM?$AAa?$AAs?$AAs?$AA?5?$AAS?$AAt?$AAo?$AAr?$AAa?$AAg?$AAe@ 000000000001a710     PlatformBootManagerLib:BdsPlatform.obj
 0002:00003eb0       ??_C@_17JPNONGDM@?$AAX?$AAe?$AAn@ 000000000001a730     PlatformBootManagerLib:BdsPlatform.obj
 0002:00003eb8       ??_C@_0BF@HMAFDJP@Found?5?$CFs?5device?3?5?$CFs?6@ 000000000001a738     PlatformBootManagerLib:BdsPlatform.obj
 0002:00003ed0       ??_C@_0BN@PMILMHIA@EmuVariablesUpdatedCallback?6@ 000000000001a750     PlatformBootManagerLib:BdsPlatform.obj
 0002:00003ef0       ??_C@_0BM@NDIGAPFA@PlatformBdsConnectSequence?6@ 000000000001a770     PlatformBootManagerLib:BdsPlatform.obj
 0002:00003f10       ??_C@_0BK@HEPMCICE@EfiBootManagerConnectAll?6@ 000000000001a790     PlatformBootManagerLib:BdsPlatform.obj
 0002:00003f30       ??_C@_0CB@GKDOGNDG@PlatformBootManagerAfterConsole@ 000000000001a7b0     PlatformBootManagerLib:BdsPlatform.obj
 0002:00003f60       ??_C@_0GJ@HOMIAFPG@PlatformBdsPolicyBehavior?3?5not?5@ 000000000001a7e0     PlatformBootManagerLib:BdsPlatform.obj
 0002:00003fd0       ??_C@_0O@CBNGOFMG@Boot?5Mode?3?$CFx?6@ 000000000001a850     PlatformBootManagerLib:BdsPlatform.obj
[...]
 0005:000000e8       $unwind$GetFirstNode       000000000001dde8     BaseLib:LinkedList.obj
 0005:000000e8       $unwind$GetNextNode        000000000001dde8     BaseLib:LinkedList.obj
 0005:000000e8       $unwind$InternalBaseLibIsListValid 000000000001dde8     BaseLib:LinkedList.obj
 0005:000000e8       $unwind$IsListEmpty        000000000001dde8     BaseLib:LinkedList.obj
 0005:000000e8       $unwind$RemoveEntryList    000000000001dde8     BaseLib:LinkedList.obj
 0005:000000e8       $unwind$PciExpressRead32   000000000001dde8     BasePciExpressLib:PciExpressLib.obj
 0005:000000e8       $unwind$ConvertDevicePathToText 000000000001dde8     UefiDevicePathLibDevicePathProtocol:UefiDevicePathLib.obj
 0005:000000e8       $unwind$DevicePathNodeLength 000000000001dde8     UefiDevicePathLibDevicePathProtocol:UefiDevicePathLib.obj
 0005:000000e8       $unwind$InternalAllocateZeroPool 000000000001dde8     UefiMemoryAllocationLib:MemoryAllocationLib.obj
 0005:000000e8       $unwind$SaveS3BootScript   000000000001dde8     PlatformBootManagerLib:BdsPlatform.obj
 0005:000000e8       $unwind$QemuFwCfgSelectItem 000000000001dde8     QemuFwCfgDxeLib:QemuFwCfgLib.obj
 0005:000000e8       $unwind$SerializeVariablesFreeInstance 000000000001dde8     DxeSerializeVariablesLib:SerializeVariablesLib.obj
 0005:000000e8       $unwind$XenGetInfoHOB      000000000001dde8     XenPlatformLib:XenPlatformLib.obj
 0005:000000f0       $unwind$StrCpyS            000000000001ddf0     BaseLib:SafeString.obj
 0005:00000108       $unwind$BmGetControllerName 000000000001de08     UefiBootManagerLib:BmDriverHealth.obj
 0005:00000108       $unwind$AsciiStrToUnicodeStrS 000000000001de08     BaseLib:SafeString.obj
 0005:00000108       $unwind$VisitAllInstancesOfProtocol 000000000001de08     PlatformBootManagerLib:BdsPlatform.obj
 0005:0000011c       $unwind$InternalReportStatusCode 000000000001de1c     DxeReportStatusCodeLib:ReportStatusCodeLib.obj
 0005:0000011c       $unwind$UnicodeVSPrint     000000000001de1c     BasePrintLib:PrintLib.obj
 0005:0000011c       $unwind$UnicodeVSPrintAsciiFormat 000000000001de1c     BasePrintLib:PrintLib.obj
 0005:00000130       $unwind$UnicodeSPrint      000000000001de30     BasePrintLib:PrintLib.obj
 0005:00000130       $unwind$UnicodeSPrintAsciiFormat 000000000001de30     BasePrintLib:PrintLib.obj
 0005:00000138       $unwind$TdIoWrite16        000000000001de38     BaseIoLibIntrinsicSev:IoLibInternalTdx.obj
 0005:00000138       $unwind$TdIoWrite32        000000000001de38     BaseIoLibIntrinsicSev:IoLibInternalTdx.obj
 0005:00000138       $unwind$UnicodeValueToStringS 000000000001de38     BasePrintLib:PrintLib.obj
 0005:00000138       $unwind$EfiCreateEventReadyToBootEx 000000000001de38     UefiLib:UefiNotTiano.obj
 0005:00000138       $unwind$LoadNvVarsFromFs   000000000001de38     NvVarsFileLib:FsAccess.obj
 0005:00000138       $unwind$DetectAndPreparePlatformVirtioDevicePath 000000000001de38     PlatformBootManagerLib:BdsPlatform.obj
 0005:00000138       $unwind$IterateVariablesCallbackSetSystemVariable 000000000001de38     DxeSerializeVariablesLib:SerializeVariablesLib.obj
 0005:00000144       $unwind$AsciiSPrint        000000000001de44     BasePrintLib:PrintLib.obj
 0005:0000014c       $unwind$BasePrintLibConvertValueToStringS 000000000001de4c     BasePrintLib:PrintLibInternal.obj
 0005:00000160       $unwind$BasePrintLibSPrintMarker 000000000001de60     BasePrintLib:PrintLibInternal.obj
 0005:0000017c       $unwind$BasePrintLibSPrint 000000000001de7c     BasePrintLib:PrintLibInternal.obj
 0005:00000184       $unwind$DebugPrint         000000000001de84     BaseDebugLibSerialPort:DebugLib.obj
 0005:0000018c       $unwind$DebugPrintMarker   000000000001de8c     BaseDebugLibSerialPort:DebugLib.obj
 0005:000001a0       $unwind$DebugAssert        000000000001dea0     BaseDebugLibSerialPort:DebugLib.obj
 0005:000001a8       $unwind$PciCf8Write8       000000000001dea8     BasePciCf8Lib:PciCf8Lib.obj
 0005:000001a8       $unwind$IsDevicePathValid  000000000001dea8     UefiDevicePathLibDevicePathProtocol:UefiDevicePathLib.obj
 0005:000001a8       $unwind$EfiGetSystemConfigurationTable 000000000001dea8     UefiLib:UefiLib.obj
 0005:000001a8       $unwind$AsciiInternalPrint 000000000001dea8     UefiLib:UefiLibPrint.obj
 0005:000001a8       $unwind$InternalPrint      000000000001dea8     UefiLib:UefiLibPrint.obj
 0005:000001a8       $unwind$CollectActiveOptions 000000000001dea8     QemuBootOrderLib:QemuBootOrderLib.obj
 0005:000001c0       $unwind$EfiCreateProtocolNotifyEvent 000000000001dec0     UefiLib:UefiLib.obj
 0005:000001d0       $unwind$EfiBootManagerConnectAll 000000000001ded0     UefiBootManagerLib:BmConnect.obj
 0005:000001d0       $unwind$BmGetActiveConsoleIn 000000000001ded0     UefiBootManagerLib:BmHotkey.obj
 0005:000001d0       $unwind$MmioRead16         000000000001ded0     BaseIoLibIntrinsicSev:IoLib.obj
 0005:000001d0       $unwind$MmioRead32         000000000001ded0     BaseIoLibIntrinsicSev:IoLib.obj
 0005:000001d0       $unwind$TdIoRead16         000000000001ded0     BaseIoLibIntrinsicSev:IoLibInternalTdx.obj
 0005:000001d0       $unwind$TdIoRead32         000000000001ded0     BaseIoLibIntrinsicSev:IoLibInternalTdx.obj
 0005:000001d0       $unwind$TdIoWrite8         000000000001ded0     BaseIoLibIntrinsicSev:IoLibInternalTdx.obj
 0005:000001d0       $unwind$EfiEventGroupSignal 000000000001ded0     UefiLib:UefiLib.obj
 0005:000001d0       $unwind$PlatformBootManagerWaitCallback 000000000001ded0     PlatformBootManagerLib:BdsPlatform.obj
 0005:000001d0       $unwind$VisitingFileSystemInstance 000000000001ded0     PlatformBootManagerLib:BdsPlatform.obj
 0005:000001d0       $unwind$QemuStartKernelImage 000000000001ded0     X86QemuLoadImageLib:X86QemuLoadImageLib.obj
 0005:000001d0       $unwind$QemuUnloadLegacyImage 000000000001ded0     X86QemuLoadImageLib:X86QemuLoadImageLib.obj
 0005:000001d8       $unwind$BmForEachVariable  000000000001ded8     UefiBootManagerLib:BmLoadOption.obj
 0005:000001d8       $unwind$GetVariable2       000000000001ded8     UefiLib:UefiLib.obj
 0005:000001ec       $unwind$GetBestLanguage    000000000001deec     UefiLib:UefiLib.obj
 0005:00000200       $unwind$AsciiPrint         000000000001df00     UefiLib:UefiLibPrint.obj
 0005:00000200       $unwind$Print              000000000001df00     UefiLib:UefiLibPrint.obj
 0005:00000208       $unwind$InternalPrintGraphic 000000000001df08     UefiLib:UefiLibPrint.obj
 0005:00000228       $unwind$PrintXY            000000000001df28     UefiLib:UefiLibPrint.obj
 0005:00000238       $unwind$RegisterBasicVariablePolicy 000000000001df38     VariablePolicyHelperLib:VariablePolicyHelperLib.obj
 0005:00000244       $unwind$ReportStatusCodeEx 000000000001df44     DxeReportStatusCodeLib:ReportStatusCodeLib.obj
 0005:00000260       $unwind$BmGetFreeOptionNumber 000000000001df60     UefiBootManagerLib:BmLoadOption.obj
 0005:00000274       $unwind$EfiBootManagerLoadOptionToVariable 000000000001df74     UefiBootManagerLib:BmLoadOption.obj
 0005:0000028c       $unwind$BmAddOptionNumberToOrderVariable 000000000001df8c     UefiBootManagerLib:BmLoadOption.obj
 0005:000002a4       $unwind$EfiBootManagerAddLoadOptionVariable 000000000001dfa4     UefiBootManagerLib:BmLoadOption.obj
 0005:000002b0       $unwind$EfiBootManagerInitializeLoadOption 000000000001dfb0     UefiBootManagerLib:BmLoadOption.obj
 0005:000002c8       $unwind$EfiBootManagerDeleteLoadOptionVariable 000000000001dfc8     UefiBootManagerLib:BmLoadOption.obj
 0005:000002dc       $unwind$BmValidateOption   000000000001dfdc     UefiBootManagerLib:BmLoadOption.obj
 0005:000002f4       $unwind$EfiBootManagerIsValidLoadOptionVariableName 000000000001dff4     UefiBootManagerLib:BmLoadOption.obj
 0005:00000310       $unwind$EfiBootManagerVariableToLoadOptionEx 000000000001e010     UefiBootManagerLib:BmLoadOption.obj
 0005:00000328       $unwind$BmCollectLoadOptions 000000000001e028     UefiBootManagerLib:BmLoadOption.obj
 0005:00000338       $unwind$EfiBootManagerGetLoadOptions 000000000001e038     UefiBootManagerLib:BmLoadOption.obj
 0005:00000350       $unwind$BmGetNextLoadOptionBuffer 000000000001e050     UefiBootManagerLib:BmLoadOption.obj
 0005:00000368       $unwind$EfiBootManagerProcessLoadOption 000000000001e068     UefiBootManagerLib:BmLoadOption.obj
 0005:0000037c       $unwind$BmCollectKeyOptions 000000000001e07c     UefiBootManagerLib:BmHotkey.obj
 0005:00000390       $unwind$BmHotkeyCallback   000000000001e090     UefiBootManagerLib:BmHotkey.obj
 0005:000003a4       $unwind$BmRegisterHotkeyNotify 000000000001e0a4     UefiBootManagerLib:BmHotkey.obj
 0005:000003bc       $unwind$BmGenerateKeyShiftState 000000000001e0bc     UefiBootManagerLib:BmHotkey.obj
 0005:000003d8       $unwind$BmProcessKeyOption 000000000001e0d8     UefiBootManagerLib:BmHotkey.obj
 0005:000003f0       $unwind$BmTxtInExCallback  000000000001e0f0     UefiBootManagerLib:BmHotkey.obj
 0005:000003f8       $unwind$EfiBootManagerRegisterContinueKeyOption 000000000001e0f8     UefiBootManagerLib:BmHotkey.obj
 0005:00000400       $unwind$BmStopHotkeyService 000000000001e100     UefiBootManagerLib:BmHotkey.obj
 0005:00000414       $unwind$EfiBootManagerStartHotkeyService 000000000001e114     UefiBootManagerLib:BmHotkey.obj
 0005:00000424       $unwind$EfiBootManagerAddKeyOptionVariable 000000000001e124     UefiBootManagerLib:BmHotkey.obj
 0005:0000043c       $unwind$BmFindBootOptionInVariable 000000000001e13c     UefiBootManagerLib:BmBoot.obj
 0005:00000454       $unwind$BmAdjustFvFilePath 000000000001e154     UefiBootManagerLib:BmBoot.obj
 0005:00000464       $unwind$BmMatchUsbClass    000000000001e164     UefiBootManagerLib:BmBoot.obj
 0005:00000470       $unwind$BmMatchUsbWwid     000000000001e170     UefiBootManagerLib:BmBoot.obj
 0005:00000484       $unwind$BmExpandUsbDevicePath 000000000001e184     UefiBootManagerLib:BmBoot.obj
 0005:0000049c       $unwind$BmExpandFileDevicePath 000000000001e19c     UefiBootManagerLib:BmBoot.obj
 0005:000004b4       $unwind$BmExpandUriDevicePath 000000000001e1b4     UefiBootManagerLib:BmBoot.obj
 0005:000004b4       $unwind$SaveNvVarsToFs     000000000001e1b4     NvVarsFileLib:FsAccess.obj
 0005:000004c8       $unwind$BmExpandPartitionDevicePath 000000000001e1c8     UefiBootManagerLib:BmBoot.obj
 0005:000004e0       $unwind$BmExpandMediaDevicePath 000000000001e1e0     UefiBootManagerLib:BmBoot.obj
 0005:000004e0       $unwind$BmExpandNetworkFileSystem 000000000001e1e0     UefiBootManagerLib:BmBoot.obj
 0005:000004f4       $unwind$BmGetRamDiskDevicePath 000000000001e1f4     UefiBootManagerLib:BmBoot.obj
 0005:00000504       $unwind$BmDestroyRamDisk   000000000001e204     UefiBootManagerLib:BmBoot.obj
 0005:00000518       $unwind$BmExpandLoadFile   000000000001e218     UefiBootManagerLib:BmBoot.obj
 0005:0000052c       $unwind$BmExpandLoadFiles  000000000001e22c     UefiBootManagerLib:BmBoot.obj
 0005:00000544       $unwind$BmGetNextLoadOptionDevicePath 000000000001e244     UefiBootManagerLib:BmBoot.obj
 0005:00000558       $unwind$BmIsBootManagerMenuFilePath 000000000001e258     UefiBootManagerLib:BmBoot.obj
 0005:00000558       $unwind$InternalImageHandleToFvHandle 000000000001e258     DxeServicesLib:DxeServicesLib.obj
 0005:00000560       $unwind$BmReportLoadFailure 000000000001e260     UefiBootManagerLib:BmBoot.obj
 0005:0000056c       $unwind$EfiBootManagerBoot 000000000001e26c     UefiBootManagerLib:BmBoot.obj
 0005:00000580       $unwind$BmEnumerateBootOptions 000000000001e280     UefiBootManagerLib:BmBoot.obj
 0005:00000598       $unwind$EfiBootManagerRefreshAllBootOption 000000000001e298     UefiBootManagerLib:BmBoot.obj
 0005:000005ac       $unwind$BmRegisterBootManagerMenu 000000000001e2ac     UefiBootManagerLib:BmBoot.obj
 0005:000005c0       $unwind$EfiBootManagerGetBootManagerMenu 000000000001e2c0     UefiBootManagerLib:BmBoot.obj
 0005:000005d4       $unwind$EfiBootManagerConnectDevicePath 000000000001e2d4     UefiBootManagerLib:BmConnect.obj
 0005:000005ec       $unwind$BmConnectUsbShortFormDevicePath 000000000001e2ec     UefiBootManagerLib:BmConnect.obj
 0005:000005fc       $unwind$BmUpdateSystemTableConsole 000000000001e2fc     UefiBootManagerLib:BmConsole.obj
 0005:00000618       $unwind$EfiBootManagerUpdateConsoleVariable 000000000001e318     UefiBootManagerLib:BmConsole.obj
 0005:00000630       $unwind$EfiBootManagerConnectConsoleVariable 000000000001e330     UefiBootManagerLib:BmConsole.obj
 0005:00000648       $unwind$BmDelPartMatchInstance 000000000001e348     UefiBootManagerLib:BmMisc.obj
 0005:0000065c       $unwind$BmMatchDevicePaths 000000000001e35c     UefiBootManagerLib:BmMisc.obj
 0005:0000065c       $unwind$FileHandleGetInfo  000000000001e35c     UefiFileHandleLib:UefiFileHandleLib.obj
 0005:00000668       $unwind$BmSetMemoryTypeInformationVariable 000000000001e368     UefiBootManagerLib:BmMisc.obj
 0005:00000680       $unwind$BmSetVariableAndReportStatusCodeOnError 000000000001e380     UefiBootManagerLib:BmMisc.obj
 0005:0000069c       $unwind$EfiBootManagerDispatchDeferredImages 000000000001e39c     UefiBootManagerLib:BmMisc.obj
 0005:000006ac       $unwind$BmGetDescriptionFromDiskInfo 000000000001e3ac     UefiBootManagerLib:BmBootDescription.obj
 0005:000006c0       $unwind$BmGetUsbDescription 000000000001e3c0     UefiBootManagerLib:BmBootDescription.obj
 0005:000006d0       $unwind$BmGetNetworkDescription 000000000001e3d0     UefiBootManagerLib:BmBootDescription.obj
 0005:000006ec       $unwind$BmGetNvmeDescription 000000000001e3ec     UefiBootManagerLib:BmBootDescription.obj
 0005:00000700       $unwind$BmGetMiscDescription 000000000001e400     UefiBootManagerLib:BmBootDescription.obj
 0005:00000710       $unwind$BmDisplayMessages  000000000001e410     UefiBootManagerLib:BmDriverHealth.obj
 0005:00000724       $unwind$BmGetSingleControllerHealthStatus 000000000001e424     UefiBootManagerLib:BmDriverHealth.obj
 0005:0000073c       $unwind$EfiBootManagerGetDriverHealthInfo 000000000001e43c     UefiBootManagerLib:BmDriverHealth.obj
 0005:00000750       $unwind$BmRepairAllControllers 000000000001e450     UefiBootManagerLib:BmDriverHealth.obj
 0005:00000768       $unwind$AllocFwCfgDmaAccessBuffer 000000000001e468     QemuFwCfgDxeLib:QemuFwCfgDxe.obj
 0005:00000778       $unwind$MmioWrite16        000000000001e478     BaseIoLibIntrinsicSev:IoLib.obj
 0005:00000778       $unwind$MmioWrite8         000000000001e478     BaseIoLibIntrinsicSev:IoLib.obj
 0005:00000778       $unwind$FreeFwCfgDmaAccessBuffer 000000000001e478     QemuFwCfgDxeLib:QemuFwCfgDxe.obj
 0005:00000788       $unwind$MapFwCfgDmaDataBuffer 000000000001e488     QemuFwCfgDxeLib:QemuFwCfgDxe.obj
 0005:0000079c       $unwind$InternalQemuFwCfgDmaBytes 000000000001e49c     QemuFwCfgDxeLib:QemuFwCfgDxe.obj
 0005:000007ac       $unwind$QemuFwCfgFindFile  000000000001e4ac     QemuFwCfgDxeLib:QemuFwCfgLib.obj
 0005:000007c4       $unwind$PlatformRegisterFvBootOption 000000000001e4c4     PlatformBootManagerLib:BdsPlatform.obj
 0005:000007dc       $unwind$RemoveStaleFvFileOptions 000000000001e4dc     PlatformBootManagerLib:BdsPlatform.obj
 0005:000007f0       $unwind$PlatformRegisterOptionsAndKeys 000000000001e4f0     PlatformBootManagerLib:BdsPlatform.obj
 0005:00000800       $unwind$PlatformBootManagerBeforeConsole 000000000001e500     PlatformBootManagerLib:BdsPlatform.obj
 0005:00000814       $unwind$ConnectVirtioPciRng 000000000001e514     PlatformBootManagerLib:BdsPlatform.obj
 0005:00000828       $unwind$PrepareLpcBridgeDevicePath 000000000001e528     PlatformBootManagerLib:BdsPlatform.obj
 0005:00000838       $unwind$PreparePciDisplayDevicePath 000000000001e538     PlatformBootManagerLib:BdsPlatform.obj
 0005:00000850       $unwind$VisitingAPciInstance 000000000001e550     PlatformBootManagerLib:BdsPlatform.obj
 0005:00000860       $unwind$DetectAndPreparePlatformPciDevicePath 000000000001e560     PlatformBootManagerLib:BdsPlatform.obj
 0005:00000870       $unwind$SetPciIntLine      000000000001e570     PlatformBootManagerLib:BdsPlatform.obj
 0005:00000888       $unwind$PlatformBootManagerAfterConsole 000000000001e588     PlatformBootManagerLib:BdsPlatform.obj
 0005:00000898       $unwind$NotifyDevPath      000000000001e598     PlatformBootManagerLib:BdsPlatform.obj
 0005:000008ac       $unwind$TdIoRead8          000000000001e5ac     BaseIoLibIntrinsicSev:IoLibInternalTdx.obj
 0005:000008ac       $unwind$EfiSignalEventReadyToBoot 000000000001e5ac     UefiLib:UefiNotTiano.obj
 0005:000008b4       $unwind$HiiGetString       000000000001e5b4     UefiHiiLib:HiiString.obj
 0005:000008c8       $unwind$HiiGetHiiHandles   000000000001e5c8     UefiHiiLib:HiiLib.obj
 0005:000008d0       $unwind$InternalGetSectionFromFv 000000000001e5d0     DxeServicesLib:DxeServicesLib.obj
 0005:000008e0       $unwind$GetFileBufferByFilePath 000000000001e5e0     DxeServicesLib:DxeServicesLib.obj
 0005:000008fc       $unwind$GetFileDevicePathFromAnyFv 000000000001e5fc     DxeServicesLib:DxeServicesLib.obj
 0005:0000090c       $unwind$HandleStatusCode   000000000001e60c     PlatformBmPrintScLib:StatusCodeHandler.obj
 0005:00000928       $unwind$ParseUnitAddressHexList 000000000001e628     QemuBootOrderLib:QemuBootOrderLib.obj
 0005:0000093c       $unwind$ParseOfwNode       000000000001e63c     QemuBootOrderLib:QemuBootOrderLib.obj
 0005:00000950       $unwind$TranslatePciOfwNodes 000000000001e650     QemuBootOrderLib:QemuBootOrderLib.obj
 0005:00000970       $unwind$TranslateOfwPath   000000000001e670     QemuBootOrderLib:QemuBootOrderLib.obj
 0005:00000990       $unwind$ConnectDevicesFromQemu 000000000001e690     QemuBootOrderLib:QemuBootOrderLib.obj
 0005:000009ac       $unwind$StoreQemuBootOrder 000000000001e6ac     QemuBootOrderLib:QemuBootOrderLib.obj
 0005:000009c4       $unwind$Match              000000000001e6c4     QemuBootOrderLib:QemuBootOrderLib.obj
 0005:000009dc       $unwind$BootOrderComplete  000000000001e6dc     QemuBootOrderLib:QemuBootOrderLib.obj
 0005:000009f8       $unwind$SetBootOrderFromQemu 000000000001e6f8     QemuBootOrderLib:QemuBootOrderLib.obj
 0005:00000a10       $unwind$CreateExtraRootBusMap 000000000001e710     QemuBootOrderLib:ExtraRootBusMap.obj
 0005:00000a20       $unwind$QemuLoadLegacyImage 000000000001e720     X86QemuLoadImageLib:X86QemuLoadImageLib.obj
 0005:00000a38       $unwind$QemuLoadKernelImage 000000000001e738     X86QemuLoadImageLib:X86QemuLoadImageLib.obj
 0005:00000a4c       $unwind$GetNvVarsFile      000000000001e74c     NvVarsFileLib:FsAccess.obj
 0005:00000a58       $unwind$ReadNvVarsFile     000000000001e758     NvVarsFileLib:FsAccess.obj
 0005:00000a68       $unwind$BootLogoEnableLogo 000000000001e768     BootLogoLib:BootLogoLib.obj
 0005:00000a80       $unwind$BootLogoUpdateProgress 000000000001e780     BootLogoLib:BootLogoLib.obj
 0005:00000a98       $unwind$GetTdInfo          000000000001e798     TdxLib:TdInfo.obj
 0005:00000aa0       $unwind$OrderedCollectionInsert 000000000001e7a0     BaseOrderedCollectionRedBlackTreeLib:BaseOrderedCollectionRedBlackTreeLib.obj
 0005:00000ab8       $unwind$OrderedCollectionDelete 000000000001e7b8     BaseOrderedCollectionRedBlackTreeLib:BaseOrderedCollectionRedBlackTreeLib.obj
 0005:00000ad0       $unwind$SetupLinuxMemmap   000000000001e7d0     LoadLinuxLib:Linux.obj
 0005:00000ae8       $unwind$SetupGraphicsFromGop 000000000001e7e8     LoadLinuxLib:Linux.obj
 0005:00000af8       $unwind$SetupLinuxBootParams 000000000001e7f8     LoadLinuxLib:Linux.obj
 0005:00000b04       $unwind$LoadLinux          000000000001e804     LoadLinuxLib:Linux.obj
 0005:00000b18       $unwind$IterateVariablesInBuffer 000000000001e818     DxeSerializeVariablesLib:SerializeVariablesLib.obj
 0005:00000b30       $unwind$SerializeVariablesIterateSystemVariables 000000000001e830     DxeSerializeVariablesLib:SerializeVariablesLib.obj
 0005:00000b48       $unwind$SerializeVariablesAddVariable 000000000001e848     DxeSerializeVariablesLib:SerializeVariablesLib.obj
