 DxeCore

 Timestamp is 6725e49a (Sat Nov  2 16:36:42 2024)

 Preferred load address is 0000000000000000

 Start         Length     Name                   Class
 0001:00000000 00001a98H .text                   CODE
 0001:00001a98 0001cc2dH .text$mn                CODE
 0002:00000000 00006a04H .rdata                  DATA
 0002:00006a04 00000098H .rdata$voltmd           DATA
 0002:00006a9c 0000014cH .rdata$zzzdbg           DATA
 0003:00000000 000015a0H .data                   DATA
 0003:000015a0 00007c90H .bss                    DATA
 0004:00000000 00000ff0H .pdata                  DATA
 0005:00000000 00000b90H .xdata                  DATA

  Address         Publics by Value              Rva+Base               Lib:Object

 0000:00000000       __arm64x_redirection_metadata 0000000000000000     <absolute>
 0000:00000000       __guard_fids_count         0000000000000000     <absolute>
 0000:00000000       __guard_iat_table          0000000000000000     <absolute>
 0000:00000000       __arm64x_extra_rfe_table   0000000000000000     <absolute>
 0000:00000000       __guard_longjmp_table      0000000000000000     <absolute>
 0000:00000000       __guard_iat_count          0000000000000000     <absolute>
 0000:00000000       __guard_longjmp_count      0000000000000000     <absolute>
 0000:00000000       __hybrid_code_map          0000000000000000     <absolute>
 0000:00000000       __arm64x_extra_rfe_table_size 0000000000000000     <absolute>
 0000:00000000       __dynamic_value_reloc_table 0000000000000000     <absolute>
 0000:00000000       __hybrid_auxiliary_iat     0000000000000000     <absolute>
 0000:00000000       __x64_code_ranges_to_entry_points_count 0000000000000000     <absolute>
 0000:00000000       __hybrid_auxiliary_iat_copy 0000000000000000     <absolute>
 0000:00000000       __x64_code_ranges_to_entry_points 0000000000000000     <absolute>
 0000:00000000       __AbsoluteZero             0000000000000000     <absolute>
 0000:00000000       __guard_check_icall_a64n_fptr 0000000000000000     <absolute>
 0000:00000000       __guard_fids_table         0000000000000000     <absolute>
 0000:00000000       __guard_flags              0000000000000000     <absolute>
 0000:00000000       __guard_eh_cont_count      0000000000000000     <absolute>
 0000:00000000       __arm64x_redirection_metadata_count 0000000000000000     <absolute>
 0000:00000000       __enclave_config           0000000000000000     <absolute>
 0000:00000000       __guard_eh_cont_table      0000000000000000     <absolute>
 0000:00000000       __arm64x_native_entrypoint 0000000000000000     <absolute>
 0000:00000000       __hybrid_code_map_count    0000000000000000     <absolute>
 0000:00000000       __ImageBase                0000000000000000     <linker-defined>
 0001:00000000       SetJump                    00000000000002c0     BaseLib:SetJump.obj
 0001:000000d0       CpuPause                   0000000000000390     BaseLib:CpuPause.obj
 0001:000000e0       InternalLongJump           00000000000003a0     BaseLib:LongJump.obj
 0001:00000190       InternalMemCopyMem         0000000000000450     BaseMemoryLibRepStr:CopyMem.obj
 0001:000001d0       InternalMemZeroMem         0000000000000490     BaseMemoryLibRepStr:ZeroMem.obj
 0001:000001f0       InternalMemSetMem          00000000000004b0     BaseMemoryLibRepStr:SetMem.obj
 0001:00000210       InternalMemCompareMem      00000000000004d0     BaseMemoryLibRepStr:CompareMem.obj
 0001:00000230       InternalMemSetMem64        00000000000004f0     BaseMemoryLibRepStr:SetMem64.obj
 0001:00000250       InternalMemSetMem32        0000000000000510     BaseMemoryLibRepStr:SetMem32.obj
 0001:000014a4       CommonInterruptEntry       0000000000001764     DxeCpuExceptionHandlerLib:ExceptionHandlerAsm.obj
 0001:000016da       AsmGetTemplateAddressMap   000000000000199a     DxeCpuExceptionHandlerLib:ExceptionHandlerAsm.obj
 0001:000016f8       AsmVectorNumFixup          00000000000019b8     DxeCpuExceptionHandlerLib:ExceptionHandlerAsm.obj
 0001:00001700       TdVmCallCpuid              00000000000019c0     CcExitLib:TdVmcallCpuid.obj
 0001:00001790       AsmWbinvd                  0000000000001a50     BaseLib:Wbinvd.obj
 0001:000017a0       AsmFlushCacheLine          0000000000001a60     BaseLib:FlushCacheLine.obj
 0001:000017b0       AsmInvd                    0000000000001a70     BaseLib:Invd.obj
 0001:000017c0       AsmCpuid                   0000000000001a80     BaseLib:CpuId.obj
 0001:000017f0       AsmReadCs                  0000000000001ab0     BaseLib:ReadCs.obj
 0001:00001800       AsmWriteTr                 0000000000001ac0     BaseLib:WriteTr.obj
 0001:00001810       TdVmCall                   0000000000001ad0     BaseLib:TdVmcall.obj
 0001:00001890       AsmCpuidEx                 0000000000001b50     BaseLib:CpuIdEx.obj
 0001:000018c0       EnableInterrupts           0000000000001b80     BaseLib:EnableInterrupts.obj
 0001:000018d0       DisableInterrupts          0000000000001b90     BaseLib:DisableInterrupts.obj
 0001:000018e0       TdCall                     0000000000001ba0     BaseLib:TdCall.obj
 0001:00001940       AsmXGetBv                  0000000000001c00     BaseLib:XGetBv.obj
 0001:00001950       AsmReadCr4                 0000000000001c10     BaseLib:ReadCr4.obj
 0001:00001960       AsmVmgExit                 0000000000001c20     BaseLib:VmgExit.obj
 0001:00001970       InternalX86ReadIdtr        0000000000001c30     BaseLib:ReadIdtr.obj
 0001:00001980       InternalX86WriteGdtr       0000000000001c40     BaseLib:WriteGdtr.obj
 0001:00001990       InternalX86ReadGdtr        0000000000001c50     BaseLib:ReadGdtr.obj
 0001:000019a0       AsmReadEflags              0000000000001c60     BaseLib:ReadEflags.obj
 0001:000019b0       InternalMemSetMem16        0000000000001c70     BaseMemoryLibRepStr:SetMem16.obj
 0001:000019d0       AsmRmpAdjust               0000000000001c90     BaseLib:RmpAdjust.obj
 0001:000019e0       AsmVmgExitSvsm             0000000000001ca0     BaseLib:VmgExitSvsm.obj
 0001:00001a40       AsmPvalidate               0000000000001d00     BaseLib:Pvalidate.obj
 0001:00001a60       AsmReadCr0                 0000000000001d20     BaseLib:ReadCr0.obj
 0001:00001a70       AsmReadCr3                 0000000000001d30     BaseLib:ReadCr3.obj
 0001:00001a80       AsmWriteCr0                0000000000001d40     BaseLib:WriteCr0.obj
 0001:00001a90       AsmWriteCr3                0000000000001d50     BaseLib:WriteCr3.obj
 0001:00001a98       _ModuleEntryPoint          0000000000001d58 f   DxeCoreEntryPoint:DxeCoreEntryPoint.obj
 0001:00001acc       ProcessLibraryConstructorList 0000000000001d8c f   DxeCore:AutoGen.obj
 0001:00001e34       DxeMain                    00000000000020f4 f   DxeCore:DxeMain.obj
 0001:00002984       CoreEfiNotAvailableYetArg2 0000000000002c44 f   DxeCore:DxeMain.obj
 0001:00002984       CoreEfiNotAvailableYetArg3 0000000000002c44 f   DxeCore:DxeMain.obj
 0001:00002984       CoreEfiNotAvailableYetArg5 0000000000002c44 f   DxeCore:DxeMain.obj
 0001:00002984       CoreEfiNotAvailableYetArg1 0000000000002c44 f   DxeCore:DxeMain.obj
 0001:00002984       CoreEfiNotAvailableYetArg4 0000000000002c44 f   DxeCore:DxeMain.obj
 0001:00002990       CalculateEfiHdrCrc         0000000000002c50 f   DxeCore:DxeMain.obj
 0001:000029c4       CoreExitBootServices       0000000000002c84 f   DxeCore:DxeMain.obj
 0001:00002bfc       DxeMainUefiDecompressGetInfo 0000000000002ebc f   DxeCore:DxeMain.obj
 0001:00002c34       DxeMainUefiDecompress      0000000000002ef4 f   DxeCore:DxeMain.obj
 0001:00002cb0       CoreDumpGcdMemorySpaceMap  0000000000002f70 f   DxeCore:Gcd.obj
 0001:00002dc8       CoreDumpGcdIoSpaceMap      0000000000003088 f   DxeCore:Gcd.obj
 0001:00002ed0       CoreAllocateGcdMapEntry    0000000000003190 f   DxeCore:Gcd.obj
 0001:00002f4c       CoreInsertGcdMapEntry      000000000000320c f   DxeCore:Gcd.obj
 0001:00003054       CoreMergeGcdMapEntry       0000000000003314 f   DxeCore:Gcd.obj
 0001:0000315c       CoreCleanupGcdMapEntry     000000000000341c f   DxeCore:Gcd.obj
 0001:000031c4       CoreSearchGcdMapEntry      0000000000003484 f   DxeCore:Gcd.obj
 0001:0000329c       CoreConvertSpace           000000000000355c f   DxeCore:Gcd.obj
 0001:00003760       CoreAllocateSpace          0000000000003a20 f   DxeCore:Gcd.obj
 0001:00003cf8       CoreInternalAddMemorySpace 0000000000003fb8 f   DxeCore:Gcd.obj
 0001:00003dc0       CoreAllocateMemorySpace    0000000000004080 f   DxeCore:Gcd.obj
 0001:00003f0c       CoreAddMemorySpace         00000000000041cc f   DxeCore:Gcd.obj
 0001:00004044       CoreFreeMemorySpace        0000000000004304 f   DxeCore:Gcd.obj
 0001:00004098       CoreRemoveMemorySpace      0000000000004358 f   DxeCore:Gcd.obj
 0001:000040ec       CoreGetMemorySpaceDescriptor 00000000000043ac f   DxeCore:Gcd.obj
 0001:00004208       CoreSetMemorySpaceAttributes 00000000000044c8 f   DxeCore:Gcd.obj
 0001:0000427c       CoreSetMemorySpaceCapabilities 000000000000453c f   DxeCore:Gcd.obj
 0001:00004348       CoreGetMemorySpaceMap      0000000000004608 f   DxeCore:Gcd.obj
 0001:000044b4       CoreAddIoSpace             0000000000004774 f   DxeCore:Gcd.obj
 0001:00004550       CoreAllocateIoSpace        0000000000004810 f   DxeCore:Gcd.obj
 0001:0000469c       CoreFreeIoSpace            000000000000495c f   DxeCore:Gcd.obj
 0001:000046f0       CoreRemoveIoSpace          00000000000049b0 f   DxeCore:Gcd.obj
 0001:00004744       CoreGetIoSpaceDescriptor   0000000000004a04 f   DxeCore:Gcd.obj
 0001:00004850       CoreGetIoSpaceMap          0000000000004b10 f   DxeCore:Gcd.obj
 0001:00004968       FindLargestFreeRegion      0000000000004c28 f   DxeCore:Gcd.obj
 0001:00004a60       CoreInitializeMemoryServices 0000000000004d20 f   DxeCore:Gcd.obj
 0001:000050f8       CoreInitializeGcdServices  00000000000053b8 f   DxeCore:Gcd.obj
 0001:00005744       GenericProtocolNotify      0000000000005a04 f   DxeCore:DxeProtocolNotify.obj
 0001:000058e4       CoreNotifyOnProtocolEntryTable 0000000000005ba4 f   DxeCore:DxeProtocolNotify.obj
 0001:000059b4       CoreValidateHandle         0000000000005c74 f   DxeCore:Handle.obj
 0001:00005a50       CoreFindProtocolEntry      0000000000005d10 f   DxeCore:Handle.obj
 0001:00005b98       CoreFindProtocolInterface  0000000000005e58 f   DxeCore:Handle.obj
 0001:00005c54       IsDevicePathInstalled      0000000000005f14 f   DxeCore:Handle.obj
 0001:00005d78       CoreUnregisterProtocolNotify 0000000000006038 f   DxeCore:Handle.obj
 0001:00005e74       CoreInstallProtocolInterface 0000000000006134 f   DxeCore:Handle.obj
 0001:00005e88       CoreInstallProtocolInterfaceNotify 0000000000006148 f   DxeCore:Handle.obj
 0001:00006104       CoreInstallMultipleProtocolInterfaces 00000000000063c4 f   DxeCore:Handle.obj
 0001:00006200       CoreDisconnectControllersUsingProtocolInterface 00000000000064c0 f   DxeCore:Handle.obj
 0001:00006340       CoreUninstallProtocolInterface 0000000000006600 f   DxeCore:Handle.obj
 0001:00006458       CoreUninstallMultipleProtocolInterfaces 0000000000006718 f   DxeCore:Handle.obj
 0001:0000656c       CoreHandleProtocol         000000000000682c f   DxeCore:Handle.obj
 0001:00006590       CoreOpenProtocol           0000000000006850 f   DxeCore:Handle.obj
 0001:00006924       CoreCloseProtocol          0000000000006be4 f   DxeCore:Handle.obj
 0001:00006a54       CoreOpenProtocolInformation 0000000000006d14 f   DxeCore:Handle.obj
 0001:00006bb8       CoreProtocolsPerHandle     0000000000006e78 f   DxeCore:Handle.obj
 0001:00006ce0       CoreConnectHandlesByKey    0000000000006fa0 f   DxeCore:Handle.obj
 0001:00006e14       CoreConnectController      00000000000070d4 f   DxeCore:DriverSupport.obj
 0001:00007180       AddSortedDriverBindingProtocol 0000000000007440 f   DxeCore:DriverSupport.obj
 0001:000072f4       CoreConnectSingleController 00000000000075b4 f   DxeCore:DriverSupport.obj
 0001:00007728       CoreDisconnectController   00000000000079e8 f   DxeCore:DriverSupport.obj
 0001:00007cc8       RemoveMemoryMapEntry       0000000000007f88 f   DxeCore:Page.obj
 0001:00007d08       CoreAddRange               0000000000007fc8 f   DxeCore:Page.obj
 0001:00007ed4       CoreFreeMemoryMapStack     0000000000008194 f   DxeCore:Page.obj
 0001:000080d8       PromoteMemoryResource      0000000000008398 f   DxeCore:Page.obj
 0001:00008200       CoreAddMemoryDescriptor    00000000000084c0 f   DxeCore:Page.obj
 0001:00008484       CoreConvertPagesEx         0000000000008744 f   DxeCore:Page.obj
 0001:0000893c       CoreFindFreePagesI         0000000000008bfc f   DxeCore:Page.obj
 0001:00008b20       FindFreePages              0000000000008de0 f   DxeCore:Page.obj
 0001:00008c0c       CoreInternalAllocatePages  0000000000008ecc f   DxeCore:Page.obj
 0001:00008e10       CoreAllocatePages          00000000000090d0 f   DxeCore:Page.obj
 0001:00008e70       CoreFreePages              0000000000009130 f   DxeCore:Page.obj
 0001:00008f90       MergeMemoryMapDescriptor   0000000000009250 f   DxeCore:Page.obj
 0001:00009014       CoreGetMemoryMap           00000000000092d4 f   DxeCore:Page.obj
 0001:000095ec       CoreAllocatePoolPages      00000000000098ac f   DxeCore:Page.obj
 0001:00009680       GetMachineTypeName         0000000000009940 f   DxeCore:Image.obj
 0001:0000978c       CoreInitializeImageServices 0000000000009a4c f   DxeCore:Image.obj
 0001:000099fc       CoreReadImageFile          0000000000009cbc f   DxeCore:Image.obj
 0001:00009bec       CoreLoadPeImage            0000000000009eac f   DxeCore:Image.obj
 0001:0000a054       CoreLoadedImageInfo        000000000000a314 f   DxeCore:Image.obj
 0001:0000a0e0       CoreUnloadAndCloseImage    000000000000a3a0 f   DxeCore:Image.obj
 0001:0000a404       CoreLoadImageCommon        000000000000a6c4 f   DxeCore:Image.obj
 0001:0000a8ec       CoreLoadImage              000000000000abac f   DxeCore:Image.obj
 0001:0000a914       CoreStartImage             000000000000abd4 f   DxeCore:Image.obj
 0001:0000abf0       CoreExit                   000000000000aeb0 f   DxeCore:Image.obj
 0001:0000ad48       CoreUnloadImage            000000000000b008 f   DxeCore:Image.obj
 0001:0000adc0       GetUefiImageProtectionPolicy 000000000000b080 f   DxeCore:MemoryProtection.obj
 0001:0000ae98       SetUefiImageMemoryAttributes 000000000000b158 f   DxeCore:MemoryProtection.obj
 0001:0000af68       SetUefiImageProtectionAttributes 000000000000b228 f   DxeCore:MemoryProtection.obj
 0001:0000b074       ProtectUefiImage           000000000000b334 f   DxeCore:MemoryProtection.obj
 0001:0000b1c4       MemoryProtectionCpuArchProtocolNotify 000000000000b484 f   DxeCore:MemoryProtection.obj
 0001:0000b2f8       CoreNotifyProtocolEntry    000000000000b5b8 f   DxeCore:Notify.obj
 0001:0000b374       CoreRemoveInterfaceFromProtocol 000000000000b634 f   DxeCore:Notify.obj
 0001:0000b43c       CoreRegisterProtocolNotify 000000000000b6fc f   DxeCore:Notify.obj
 0001:0000b508       CoreReinstallProtocolInterface 000000000000b7c8 f   DxeCore:Notify.obj
 0001:0000b630       CoreNotifyEvent            000000000000b8f0 f   DxeCore:Event.obj
 0001:0000b6b0       CoreNotifySignalList       000000000000b970 f   DxeCore:Event.obj
 0001:0000b74c       CoreCreateEvent            000000000000ba0c f   DxeCore:Event.obj
 0001:0000b790       CoreCreateEventEx          000000000000ba50 f   DxeCore:Event.obj
 0001:0000b7bc       CoreCreateEventInternal    000000000000ba7c f   DxeCore:Event.obj
 0001:0000b98c       CoreSignalEvent            000000000000bc4c f   DxeCore:Event.obj
 0001:0000ba50       CoreCheckEvent             000000000000bd10 f   DxeCore:Event.obj
 0001:0000bb38       CoreWaitForEvent           000000000000bdf8 f   DxeCore:Event.obj
 0001:0000bbd8       CoreCloseEvent             000000000000be98 f   DxeCore:Event.obj
 0001:0000bcb4       CoreSetWatchdogTimer       000000000000bf74 f   DxeCore:SetWatchdogTimer.obj
 0001:0000bcfc       CoreGetDepexSectionAndPreProccess 000000000000bfbc f   DxeCore:Dispatcher.obj
 0001:0000bdb8       CoreSchedule               000000000000c078 f   DxeCore:Dispatcher.obj
 0001:0000bea4       CoreTrust                  000000000000c164 f   DxeCore:Dispatcher.obj
 0001:0000bf78       CoreDispatcher             000000000000c238 f   DxeCore:Dispatcher.obj
 0001:0000c278       CoreInsertOnScheduledQueueWhileProcessingBeforeAndAfter 000000000000c538 f   DxeCore:Dispatcher.obj
 0001:0000c444       FvIsBeingProcessed         000000000000c704 f   DxeCore:Dispatcher.obj
 0001:0000c688       CoreFvToDevicePath         000000000000c948 f   DxeCore:Dispatcher.obj
 0001:0000c744       CoreAddToDriverList        000000000000ca04 f   DxeCore:Dispatcher.obj
 0001:0000c81c       GetFvUsedSize              000000000000cadc f   DxeCore:Dispatcher.obj
 0001:0000c984       CoreProcessFvImageFile     000000000000cc44 f   DxeCore:Dispatcher.obj
 0001:0000ccac       CoreFwVolEventProtocolNotify 000000000000cf6c f   DxeCore:Dispatcher.obj
 0001:0000d164       InternalCoreLocateHandle   000000000000d424 f   DxeCore:Locate.obj
 0001:0000d2e0       CoreLocateHandle           000000000000d5a0 f   DxeCore:Locate.obj
 0001:0000d34c       CoreGetNextLocateAllHandles 000000000000d60c f   DxeCore:Locate.obj
 0001:0000d3a4       CoreGetNextLocateByRegisterNotify 000000000000d664 f   DxeCore:Locate.obj
 0001:0000d454       CoreGetNextLocateByProtocol 000000000000d714 f   DxeCore:Locate.obj
 0001:0000d500       CoreLocateDevicePath       000000000000d7c0 f   DxeCore:Locate.obj
 0001:0000d768       CoreLocateProtocol         000000000000da28 f   DxeCore:Locate.obj
 0001:0000d868       CoreLocateHandleBuffer     000000000000db28 f   DxeCore:Locate.obj
 0001:0000d9a0       CoreInitializeDebugImageInfoTable 000000000000dc60 f   DxeCore:DebugImageInfo.obj
 0001:0000db54       CoreNewDebugImageInfoEntry 000000000000de14 f   DxeCore:DebugImageInfo.obj
 0001:0000dc8c       FwVolBlockGetAttributes    000000000000df4c f   DxeCore:FwVolBlock.obj
 0001:0000dcdc       FwVolBlockWriteBlock       000000000000df9c f   DxeCore:FwVolBlock.obj
 0001:0000dcdc       FvSetVolumeAttributes      000000000000df9c f   DxeCore:FwVolAttrib.obj
 0001:0000dcdc       FvSetVolumeInfo            000000000000df9c f   DxeCore:FwVolAttrib.obj
 0001:0000dcdc       FvGetVolumeInfo            000000000000df9c f   DxeCore:FwVolAttrib.obj
 0001:0000dcdc       FvWriteFile                000000000000df9c f   DxeCore:FwVolWrite.obj
 0001:0000dcdc       FwVolBlockSetAttributes    000000000000df9c f   DxeCore:FwVolBlock.obj
 0001:0000dce8       FwVolBlockEraseBlock       000000000000dfa8 f   DxeCore:FwVolBlock.obj
 0001:0000dd04       FwVolBlockReadBlock        000000000000dfc4 f   DxeCore:FwVolBlock.obj
 0001:0000dde0       FwVolBlockGetPhysicalAddress 000000000000e0a0 f   DxeCore:FwVolBlock.obj
 0001:0000de44       FwVolBlockGetBlockSize     000000000000e104 f   DxeCore:FwVolBlock.obj
 0001:0000deec       ProduceFVBProtocolOnBuffer 000000000000e1ac f   DxeCore:FwVolBlock.obj
 0001:0000e11c       CoreProcessFirmwareVolume  000000000000e3dc f   DxeCore:FwVolBlock.obj
 0001:0000e1b0       CoreInsertEventTimer       000000000000e470 f   DxeCore:Timer.obj
 0001:0000e260       CoreCheckTimers            000000000000e520 f   DxeCore:Timer.obj
 0001:0000e360       CoreTimerTick              000000000000e620 f   DxeCore:Timer.obj
 0001:0000e3f0       CoreSetTimer               000000000000e6b0 f   DxeCore:Timer.obj
 0001:0000e50c       LookupPoolHead             000000000000e7cc f   DxeCore:Pool.obj
 0001:0000e61c       CoreInternalAllocatePool   000000000000e8dc f   DxeCore:Pool.obj
 0001:0000e6c0       CoreAllocatePool           000000000000e980 f   DxeCore:Pool.obj
 0001:0000e790       CoreAllocatePoolI          000000000000ea50 f   DxeCore:Pool.obj
 0001:0000eb58       CoreInternalFreePool       000000000000ee18 f   DxeCore:Pool.obj
 0001:0000ebb0       CoreFreePool               000000000000ee70 f   DxeCore:Pool.obj
 0001:0000ec60       CoreFreePoolI              000000000000ef20 f   DxeCore:Pool.obj
 0001:0000ef7c       OpenSectionStreamEx        000000000000f23c f   DxeCore:CoreSectionExtraction.obj
 0001:0000f08c       VerifyGuidedSectionGuid    000000000000f34c f   DxeCore:CoreSectionExtraction.obj
 0001:0000f14c       NotifyGuidedExtraction     000000000000f40c f   DxeCore:CoreSectionExtraction.obj
 0001:0000f290       CreateChildNode            000000000000f550 f   DxeCore:CoreSectionExtraction.obj
 0001:0000f6c8       FindChildNode              000000000000f988 f   DxeCore:CoreSectionExtraction.obj
 0001:0000fa08       FindStreamNode             000000000000fcc8 f   DxeCore:CoreSectionExtraction.obj
 0001:0000fb00       GetSection                 000000000000fdc0 f   DxeCore:CoreSectionExtraction.obj
 0001:0000fd08       CloseSectionStream         000000000000ffc8 f   DxeCore:CoreSectionExtraction.obj
 0001:0000fe40       CustomGuidedSectionExtract 0000000000010100 f   DxeCore:CoreSectionExtraction.obj
 0001:00010008       CoreSetInterruptState      00000000000102c8 f   DxeCore:Tpl.obj
 0001:0001005c       CoreRaiseTpl               000000000001031c f   DxeCore:Tpl.obj
 0001:000100f4       CoreRestoreTpl             00000000000103b4 f   DxeCore:Tpl.obj
 0001:0001034c       InstallMemoryAttributesTable 000000000001060c f   DxeCore:MemoryAttributesTable.obj
 0001:000106ac       InstallMemoryAttributesTableOnReadyToBoot 000000000001096c f   DxeCore:MemoryAttributesTable.obj
 0001:000106c4       InstallMemoryAttributesTableOnEndOfDxe 0000000000010984 f   DxeCore:MemoryAttributesTable.obj
 0001:00010898       MergeMemoryMap             0000000000010b58 f   DxeCore:MemoryAttributesTable.obj
 0001:00010940       CoreGetMemoryMapWithSeparatedImageSection 0000000000010c00 f   DxeCore:MemoryAttributesTable.obj
 0001:00010ac4       InsertImageRecord          0000000000010d84 f   DxeCore:MemoryAttributesTable.obj
 0001:00010c78       RemoveImageRecord          0000000000010f38 f   DxeCore:MemoryAttributesTable.obj
 0001:00010d5c       CoreInternalWaitForTick    000000000001101c f   DxeCore:Stall.obj
 0001:00010db8       CoreStall                  0000000000011078 f   DxeCore:Stall.obj
 0001:00010e44       ReadFvbData                0000000000011104 f   DxeCore:FwVol.obj
 0001:00010f84       GetFwVolHeader             0000000000011244 f   DxeCore:FwVol.obj
 0001:00011088       FvCheck                    0000000000011348 f   DxeCore:FwVol.obj
 0001:000115e0       NotifyFwVolBlock           00000000000118a0 f   DxeCore:FwVol.obj
 0001:00011878       CoreInstallConfigurationTable 0000000000011b38 f   DxeCore:InstallConfigurationTable.obj
 0001:00011a24       CoreAcquireLockOrFail      0000000000011ce4 f   DxeCore:Library.obj
 0001:00011a94       CoreAcquireLock            0000000000011d54 f   DxeCore:Library.obj
 0001:00011af0       CoreReleaseLock            0000000000011db0 f   DxeCore:Library.obj
 0001:00011b48       FindGuardedMemoryMap       0000000000011e08 f   DxeCore:HeapGuard.obj
 0001:00011dd8       SetGuardedMemoryBits       0000000000012098 f   DxeCore:HeapGuard.obj
 0001:00011ef8       ClearGuardedMemoryBits     00000000000121b8 f   DxeCore:HeapGuard.obj
 0001:00012018       GetGuardedMemoryBits       00000000000122d8 f   DxeCore:HeapGuard.obj
 0001:00012158       IsGuardPage                0000000000012418 f   DxeCore:HeapGuard.obj
 0001:0001218c       SetGuardPage               000000000001244c f   DxeCore:HeapGuard.obj
 0001:000121f8       UnsetGuardPage             00000000000124b8 f   DxeCore:HeapGuard.obj
 0001:00012260       SetGuardForMemory          0000000000012520 f   DxeCore:HeapGuard.obj
 0001:000122c8       UnsetGuardForMemory        0000000000012588 f   DxeCore:HeapGuard.obj
 0001:00012368       AdjustMemoryF              0000000000012628 f   DxeCore:HeapGuard.obj
 0001:00012430       CoreConvertPagesWithGuard  00000000000126f0 f   DxeCore:HeapGuard.obj
 0001:000124dc       GrowDepexStack             000000000001279c f   DxeCore:Dependency.obj
 0001:00012580       PushBool                   0000000000012840 f   DxeCore:Dependency.obj
 0001:000125c0       PopBool                    0000000000012880 f   DxeCore:Dependency.obj
 0001:000125ec       CoreIsSchedulable          00000000000128ac f   DxeCore:Dependency.obj
 0001:000129ac       FvGetVolumeAttributes      0000000000012c6c f   DxeCore:FwVolAttrib.obj
 0001:00012a0c       FvGetNextFile              0000000000012ccc f   DxeCore:FwVolRead.obj
 0001:00012b80       FvReadFile                 0000000000012e40 f   DxeCore:FwVolRead.obj
 0001:00012d94       FvReadFileSection          0000000000013054 f   DxeCore:FwVolRead.obj
 0001:00012f94       InternalAllocateAlignedPages 0000000000013254 f   DxeCoreMemoryAllocationLib:MemoryAllocationLib.obj
 0001:00013124       AllocatePool               00000000000133e4 f   DxeCoreMemoryAllocationLib:MemoryAllocationLib.obj
 0001:00013158       InternalAllocateZeroPool   0000000000013418 f   DxeCoreMemoryAllocationLib:MemoryAllocationLib.obj
 0001:000131a0       InternalAllocateCopyPool   0000000000013460 f   DxeCoreMemoryAllocationLib:MemoryAllocationLib.obj
 0001:0001324c       InternalReallocatePool     000000000001350c f   DxeCoreMemoryAllocationLib:MemoryAllocationLib.obj
 0001:000132b8       FreePool                   0000000000013578 f   DxeCoreMemoryAllocationLib:MemoryAllocationLib.obj
 0001:000132f8       CpuDeadLoop                00000000000135b8 f   BaseLib:CpuDeadLoop.obj
 0001:00013328       InternalBaseLibIsListValid 00000000000135e8 f   BaseLib:LinkedList.obj
 0001:00013394       InsertHeadList             0000000000013654 f   BaseLib:LinkedList.obj
 0001:000133e4       InsertTailList             00000000000136a4 f   BaseLib:LinkedList.obj
 0001:00013438       GetFirstNode               00000000000136f8 f   BaseLib:LinkedList.obj
 0001:0001346c       GetNextNode                000000000001372c f   BaseLib:LinkedList.obj
 0001:000134a0       IsListEmpty                0000000000013760 f   BaseLib:LinkedList.obj
 0001:000134d8       IsNodeAtEnd                0000000000013798 f   BaseLib:LinkedList.obj
 0001:00013554       RemoveEntryList            0000000000013814 f   BaseLib:LinkedList.obj
 0001:0001359c       LShiftU64                  000000000001385c f   BaseLib:LShiftU64.obj
 0001:000135e0       RShiftU64                  00000000000138a0 f   BaseLib:RShiftU64.obj
 0001:00013624       AsciiStrLen                00000000000138e4 f   BaseLib:String.obj
 0001:00013690       DivU64x32Remainder         0000000000013950 f   BaseLib:DivU64x32Remainder.obj
 0001:000136f0       CalculateSum8              00000000000139b0 f   BaseLib:CheckSum.obj
 0001:0001376c       CalculateSum16             0000000000013a2c f   BaseLib:CheckSum.obj
 0001:0001381c       InternalAssertJumpBuffer   0000000000013adc f   BaseLib:SetJump.obj
 0001:00013854       StrnLenS                   0000000000013b14 f   BaseLib:SafeString.obj
 0001:000138ac       CopyMem                    0000000000013b6c f   BaseMemoryLibRepStr:CopyMemWrapper.obj
 0001:00013948       ZeroMem                    0000000000013c08 f   BaseMemoryLibRepStr:ZeroMemWrapper.obj
 0001:000139b8       SetMem                     0000000000013c78 f   BaseMemoryLibRepStr:SetMemWrapper.obj
 0001:00013a1c       CopyGuid                   0000000000013cdc f   BaseMemoryLibRepStr:MemLibGuid.obj
 0001:00013acc       CompareGuid                0000000000013d8c f   BaseMemoryLibRepStr:MemLibGuid.obj
 0001:00013b90       CompareMem                 0000000000013e50 f   BaseMemoryLibRepStr:CompareMemWrapper.obj
 0001:00013c68       SetMem64                   0000000000013f28 f   BaseMemoryLibRepStr:SetMem64Wrapper.obj
 0001:00013d2c       DebugPrint                 0000000000013fec f   BaseDebugLibSerialPort:DebugLib.obj
 0001:00013d50       DebugPrintMarker           0000000000014010 f   BaseDebugLibSerialPort:DebugLib.obj
 0001:00013ddc       DebugAssert                000000000001409c f   BaseDebugLibSerialPort:DebugLib.obj
 0001:00013e34       GetDevicePathSize          00000000000140f4 f   UefiDevicePathLib:UefiDevicePathLib.obj
 0001:00013eb8       DuplicateDevicePath        0000000000014178 f   UefiDevicePathLib:UefiDevicePathLib.obj
 0001:00013ee4       AppendDevicePath           00000000000141a4 f   UefiDevicePathLib:UefiDevicePathLib.obj
 0001:00013fb0       IsDevicePathValid          0000000000014270 f   UefiDevicePathLib:DevicePathUtilities.obj
 0001:00014090       DevicePathNodeLength       0000000000014350 f   UefiDevicePathLib:DevicePathUtilities.obj
 0001:000140d8       IsDevicePathEnd            0000000000014398 f   UefiDevicePathLib:DevicePathUtilities.obj
 0001:00014150       SetDevicePathNodeLength    0000000000014410 f   UefiDevicePathLib:DevicePathUtilities.obj
 0001:000141a0       EfiCreateProtocolNotifyEvent 0000000000014460 f   UefiLib:UefiLib.obj
 0001:000142e0       SzFree                     00000000000145a0 f   LzmaDecompressLib:LzmaDecompress.obj
 0001:000142e0       EfiEventEmptyFunction      00000000000145a0 f   UefiLib:UefiLib.obj
 0001:000142e4       GetHobList                 00000000000145a4 f   DxeCoreHobLib:HobLib.obj
 0001:00014318       GetNextHob                 00000000000145d8 f   DxeCoreHobLib:HobLib.obj
 0001:00014370       GetNextGuidHob             0000000000014630 f   DxeCoreHobLib:HobLib.obj
 0001:000143b8       PeCoffLoaderGetEntryPoint  0000000000014678 f   BasePeCoffGetEntryPointLib:PeCoffGetEntryPoint.obj
 0001:00014464       PeCoffLoaderGetPdbPointer  0000000000014724 f   BasePeCoffGetEntryPointLib:PeCoffGetEntryPoint.obj
 0001:000145b0       ReallocateExtractHandlerTable 0000000000014870 f   DxeExtractGuidedSectionLib:DxeExtractGuidedSectionLib.obj
 0001:00014694       ExtractGuidedSectionDecode 0000000000014954 f   DxeExtractGuidedSectionLib:DxeExtractGuidedSectionLib.obj
 0001:000147a8       FillBuf                    0000000000014a68 f   BaseUefiDecompressLib:BaseUefiDecompressLib.obj
 0001:00014850       MakeTable                  0000000000014b10 f   BaseUefiDecompressLib:BaseUefiDecompressLib.obj
 0001:00014b50       ReadPTLen                  0000000000014e10 f   BaseUefiDecompressLib:BaseUefiDecompressLib.obj
 0001:00014cf4       ReadCLen                   0000000000014fb4 f   BaseUefiDecompressLib:BaseUefiDecompressLib.obj
 0001:00014ebc       Decode                     000000000001517c f   BaseUefiDecompressLib:BaseUefiDecompressLib.obj
 0001:000150d0       UefiDecompressGetInfo      0000000000015390 f   BaseUefiDecompressLib:BaseUefiDecompressLib.obj
 0001:000151c4       UefiDecompress             0000000000015484 f   BaseUefiDecompressLib:BaseUefiDecompressLib.obj
 0001:000152f0       PeCoffLoaderGetPeHeader    00000000000155b0 f   BasePeCoffLib:BasePeCoff.obj
 0001:00015800       PeCoffLoaderGetImageInfo   0000000000015ac0 f   BasePeCoffLib:BasePeCoff.obj
 0001:00015be0       PeCoffLoaderRelocateImage  0000000000015ea0 f   BasePeCoffLib:BasePeCoff.obj
 0001:00015ed8       PeCoffLoaderLoadImage      0000000000016198 f   BasePeCoffLib:BasePeCoff.obj
 0001:000164c0       PeCoffLoaderImageReadFromMemory 0000000000016780 f   BasePeCoffLib:BasePeCoff.obj
 0001:00016560       InternalReportStatusCode   0000000000016820 f   DxeReportStatusCodeLib:ReportStatusCodeLib.obj
 0001:00016618       ReportStatusCodeWithExtendedData 00000000000168d8 f   DxeReportStatusCodeLib:ReportStatusCodeLib.obj
 0001:000166d8       GetFileBufferByFilePath    0000000000016998 f   DxeServicesLib:DxeServicesLib.obj
 0001:00016c70       CommonExceptionHandler     0000000000016f30 f   DxeCpuExceptionHandlerLib:DxeException.obj
 0001:00016c78       CommonExceptionHandlerWorker 0000000000016f38 f   DxeCpuExceptionHandlerLib:PeiDxeSmmCpuException.obj
 0001:00016eec       UpdateIdtTable             00000000000171ac f   DxeCpuExceptionHandlerLib:PeiDxeSmmCpuException.obj
 0001:0001700c       DumpCpuContext             00000000000172cc f   DxeCpuExceptionHandlerLib:ArchExceptionHandler.obj
 0001:000172f0       InternalPrintMessage       00000000000175b0 f   DxeCpuExceptionHandlerLib:CpuExceptionCommon.obj
 0001:00017350       DumpModuleImageInfo        0000000000017610 f   DxeCpuExceptionHandlerLib:CpuExceptionCommon.obj
 0001:000179d0       SplitTable                 0000000000017c90 f   ImagePropertiesRecordLib:ImagePropertiesRecordLib.obj
 0001:00017b70       SortImageRecordCodeSection 0000000000017e30 f   ImagePropertiesRecordLib:ImagePropertiesRecordLib.obj
 0001:00017c48       IsImageRecordCodeSectionValid 0000000000017f08 f   ImagePropertiesRecordLib:ImagePropertiesRecordLib.obj
 0001:00017d18       SortImageRecord            0000000000017fd8 f   ImagePropertiesRecordLib:ImagePropertiesRecordLib.obj
 0001:00017e88       CreateImagePropertiesRecord 0000000000018148 f   ImagePropertiesRecordLib:ImagePropertiesRecordLib.obj
 0001:000181f0       DeleteImagePropertiesRecord 00000000000184b0 f   ImagePropertiesRecordLib:ImagePropertiesRecordLib.obj
 0001:0001822c       LzmaGuidedSectionGetInfo   00000000000184ec f   LzmaDecompressLib:GuidedSectionExtraction.obj
 0001:00018358       LzmaGuidedSectionExtraction 0000000000018618 f   LzmaDecompressLib:GuidedSectionExtraction.obj
 0001:00018458       SzAlloc                    0000000000018718 f   LzmaDecompressLib:LzmaDecompress.obj
 0001:0001849c       LzmaUefiDecompressGetInfo  000000000001875c f   LzmaDecompressLib:LzmaDecompress.obj
 0001:0001851c       LzmaUefiDecompress         00000000000187dc f   LzmaDecompressLib:LzmaDecompress.obj
 0001:000198bc       LzmaDec_DecodeToDic        0000000000019b7c f   LzmaDecompressLib:LzmaDec.obj
 0001:00019b8c       LzmaProps_Decode           0000000000019e4c f   LzmaDecompressLib:LzmaDec.obj
 0001:00019c84       IoRead8                    0000000000019f44 f   BaseIoLibIntrinsicSev:IoLibMsc.obj
 0001:00019ca8       IoRead32                   0000000000019f68 f   BaseIoLibIntrinsicSev:IoLibMsc.obj
 0001:00019cf0       IoWrite32                  0000000000019fb0 f   BaseIoLibIntrinsicSev:IoLibMsc.obj
 0001:00019d48       IsTdxGuest                 000000000001a008 f   BaseIoLibIntrinsicSev:IoLibInternalTdx.obj
 0001:00019d74       TdIoRead8                  000000000001a034 f   BaseIoLibIntrinsicSev:IoLibInternalTdx.obj
 0001:00019dc4       TdIoRead16                 000000000001a084 f   BaseIoLibIntrinsicSev:IoLibInternalTdx.obj
 0001:00019e1c       TdIoRead32                 000000000001a0dc f   BaseIoLibIntrinsicSev:IoLibInternalTdx.obj
 0001:00019e90       TdIoWrite8                 000000000001a150 f   BaseIoLibIntrinsicSev:IoLibInternalTdx.obj
 0001:00019ee0       TdIoWrite32                000000000001a1a0 f   BaseIoLibIntrinsicSev:IoLibInternalTdx.obj
 0001:00019f5c       AccessMsrTdxCall           000000000001a21c f   BaseXApicX2ApicLib:BaseXApicX2ApicLib.obj
 0001:0001a078       LocalApicReadMsrReg64      000000000001a338 f   BaseXApicX2ApicLib:BaseXApicX2ApicLib.obj
 0001:0001a0e4       LocalApicBaseAddressMsrSupported 000000000001a3a4 f   BaseXApicX2ApicLib:BaseXApicX2ApicLib.obj
 0001:0001a120       GetLocalApicBaseAddress    000000000001a3e0 f   BaseXApicX2ApicLib:BaseXApicX2ApicLib.obj
 0001:0001a15c       ReadLocalApicReg           000000000001a41c f   BaseXApicX2ApicLib:BaseXApicX2ApicLib.obj
 0001:0001a18c       GetApicMode                000000000001a44c f   BaseXApicX2ApicLib:BaseXApicX2ApicLib.obj
 0001:0001a1dc       GetApicId                  000000000001a49c f   BaseXApicX2ApicLib:BaseXApicX2ApicLib.obj
 0001:0001a294       CcExitHandleVc             000000000001a554 f   CcExitLib:PeiDxeCcExitVcHandler.obj
 0001:0001ac5c       CcExitHandleVe             000000000001af1c f   CcExitLib:CcExitVeHandler.obj
 0001:0001c390       InternalVmgExitHandleVc    000000000001c650 f   CcExitLib:CcExitVcHandler.obj
 0001:0001c6d0       CcGetRegisterPointer       000000000001c990 f   CcExitLib:CcInstruction.obj
 0001:0001c950       CcDecodeModRm              000000000001cc10 f   CcExitLib:CcInstruction.obj
 0001:0001ca54       CcInitInstructionData      000000000001cd14 f   CcExitLib:CcInstruction.obj
 0001:0001cb80       CcExitVmgExit              000000000001ce40 f   CcExitLib:CcExitLib.obj
 0001:0001cc6c       SaveAndDisableInterrupts   000000000001cf2c f   BaseLib:Cpu.obj
 0001:0001cc90       SetMem16                   000000000001cf50 f   BaseMemoryLibRepStr:SetMem16Wrapper.obj
 0001:0001cd58       SerialPortInitialize       000000000001d018 f   PcAtSerialPortLib:SerialPortLib.obj
 0001:0001ce18       SerialPortWrite            000000000001d0d8 f   PcAtSerialPortLib:SerialPortLib.obj
 0001:0001ce90       AsciiSPrint                000000000001d150 f   BasePrintLib:PrintLib.obj
 0001:0001cebc       BasePrintLibFillBuffer     000000000001d17c f   BasePrintLib:PrintLibInternal.obj
 0001:0001cef0       BasePrintLibValueToString  000000000001d1b0 f   BasePrintLib:PrintLibInternal.obj
 0001:0001cf40       BasePrintLibSPrintMarker   000000000001d200 f   BasePrintLib:PrintLibInternal.obj
 0001:0001de4c       BasePrintLibSPrint         000000000001e10c f   BasePrintLib:PrintLibInternal.obj
 0001:0001de70       PciOr8                     000000000001e130 f   BasePciLibCf8:PciLib.obj
 0001:0001df5c       PciAndThenOr32             000000000001e21c f   BasePciLibCf8:PciLib.obj
 0001:0001e028       AcquireSpinLockOrFail      000000000001e2e8 f   BaseSynchronizationLib:SynchronizationMsc.obj
 0001:0001e0a8       ReleaseSpinLock            000000000001e368 f   BaseSynchronizationLib:SynchronizationMsc.obj
 0001:0001e170       InternalMemEncryptSevGetAddressRangeState 000000000001e430 f   DxeMemEncryptSevLib:VirtualMemory.obj
 0001:0001e34c       GetTdInfo                  000000000001e60c f   TdxLib:TdInfo.obj
 0001:0001e3b0       TdSharedPageMask           000000000001e670 f   TdxLib:TdInfo.obj
 0001:0001e3dc       MmioRead32                 000000000001e69c f   BaseIoLibIntrinsicSev:IoLib.obj
 0001:0001e450       GetPcdProtocol             000000000001e710 f   DxePcdLib:DxePcdLib.obj
 0001:0001e4dc       PciCf8Read8                000000000001e79c f   BasePciCf8Lib:PciCf8Lib.obj
 0001:0001e594       PciCf8Read16               000000000001e854 f   BasePciCf8Lib:PciCf8Lib.obj
 0001:0001e61c       PciCf8Read32               000000000001e8dc f   BasePciCf8Lib:PciCf8Lib.obj
 0002:00000000       ??_C@_0BC@FEDIJHFF@?$CI?$CIBOOLEAN?$CJ?$CI0?$DN?$DN1?$CJ?$CJ@ 000000000001e9a0     DxeCoreEntryPoint:DxeCoreEntryPoint.obj
 0002:00000020       ??_C@_0FN@GKJEONHM@D?3?2uefi_specs_personal_collecti@ 000000000001e9c0     DxeCoreEntryPoint:DxeCoreEntryPoint.obj
 0002:00000080       ??_C@_07IDFNAKDE@DxeCore@  000000000001ea20     DxeCore:AutoGen.obj
 0002:00000088       ??_C@_0CE@IBFOBMLB@?6ASSERT_RETURN_ERROR?5?$CIStatus?5?$DN?5@ 000000000001ea28     DxeCore:AutoGen.obj
 0002:000000b0       ??_C@_0CH@BBNBJKHK@?$CB?$CI?$CI?$CIINTN?$CJ?$CIRETURN_STATUS?$CJ?$CIStatus@ 000000000001ea50     DxeCore:AutoGen.obj
 0002:000000e0       ??_C@_0HF@GELMFKJJ@d?3?2uefi_specs_personal_collecti@ 000000000001ea80     DxeCore:AutoGen.obj
 0002:00000158       ??_C@_0CB@DMEJJJHA@?6ASSERT_EFI_ERROR?5?$CIStatus?5?$DN?5?$CFr?$CJ@ 000000000001eaf8     DxeCore:AutoGen.obj
 0002:0000017c       _gPcd_FixedAtBuild_PcdControlFlowEnforcementPropertyMask 000000000001eb1c     DxeCore:AutoGen.obj
 0002:00000180       ??_C@_0FA@LCMCGOMG@D?3?2uefi_specs_personal_collecti@ 000000000001eb20     DxeCore:DxeMain.obj
 0002:000001d0       ??_C@_0BL@KFDMJOEH@gDxeCoreST?5?$CB?$DN?5?$CI?$CIvoid?5?$CK?$CJ?50?$CJ@ 000000000001eb70     DxeCore:DxeMain.obj
 0002:000001f0       ??_C@_0BL@HCNOBOBP@gDxeCoreRT?5?$CB?$DN?5?$CI?$CIvoid?5?$CK?$CJ?50?$CJ@ 000000000001eb90     DxeCore:DxeMain.obj
 0002:00000210       ??_C@_07CPDFFGDM@DxeMain@  000000000001ebb0     DxeCore:DxeMain.obj
 0002:00000218       ??_C@_0DA@FJJALMKI@?$CFa?3?5MemoryBaseAddress?$DN0x?$CFLx?5Mem@ 000000000001ebb8     DxeCore:DxeMain.obj
 0002:00000248       ??_C@_0BP@JHIGBJBJ@HOBLIST?5address?5in?5DXE?5?$DN?50x?$CFp?6@ 000000000001ebe8     DxeCore:DxeMain.obj
 0002:00000268       ??_C@_0CK@DGGNNHLJ@Memory?5Allocation?50x?$CF08x?50x?$CF0lx@ 000000000001ec08     DxeCore:DxeMain.obj
 0002:00000298       ??_C@_0CD@IPELIEAD@FV?5Hob?5?5?5?5?5?5?5?5?5?5?5?50x?$CF0lx?5?9?50x?$CF0@ 000000000001ec38     DxeCore:DxeMain.obj
 0002:000002c0       ??_C@_0CD@PNLGIPJF@FV2?5Hob?5?5?5?5?5?5?5?5?5?5?50x?$CF0lx?5?9?50x?$CF0@ 000000000001ec60     DxeCore:DxeMain.obj
 0002:000002e8       ??_C@_0BL@HNODMJIL@?5?5?5?5?5?5?5?5?5?5?5?5?5?5?5?5?5?5?$CFg?5?9?5?$CFg?6@ 000000000001ec88     DxeCore:DxeMain.obj
 0002:00000308       ??_C@_0DB@OOMKHHHJ@FV3?5Hob?5?5?5?5?5?5?5?5?5?5?50x?$CF0lx?5?9?50x?$CF0@ 000000000001eca8     DxeCore:DxeMain.obj
 0002:00000340       ??_C@_0BL@JCKLHDNI@VectorInfo?5?$CB?$DN?5?$CI?$CIvoid?5?$CK?$CJ?50?$CJ@ 000000000001ece0     DxeCore:DxeMain.obj
 0002:00000360       ??_C@_09CLHHHE@NonExist?5@ 000000000001ed00     DxeCore:Gcd.obj
 0002:00000370       ??_C@_09KKOLAJOM@Reserved?5@ 000000000001ed10     DxeCore:Gcd.obj
 0002:00000380       ??_C@_09OGAEAMND@SystemMem@ 000000000001ed20     DxeCore:Gcd.obj
 0002:00000390       ??_C@_09BHOLMENB@MMIO?5?5?5?5?5@ 000000000001ed30     DxeCore:Gcd.obj
 0002:000003a0       ??_C@_09OGNINBDN@PersisMem@ 000000000001ed40     DxeCore:Gcd.obj
 0002:000003b0       ??_C@_09JJJEBDHA@MoreRelia@ 000000000001ed50     DxeCore:Gcd.obj
 0002:000003c0       ??_C@_09IOAJAMNF@Unaccepte@ 000000000001ed60     DxeCore:Gcd.obj
 0002:000003d0       ??_C@_09EFIBGIME@Unknown?5?5@ 000000000001ed70     DxeCore:Gcd.obj
 0002:000003e0       ??_C@_08BABJFEMI@NonExist@ 000000000001ed80     DxeCore:Gcd.obj
 0002:000003f0       ??_C@_08NKCLJDKG@Reserved@ 000000000001ed90     DxeCore:Gcd.obj
 0002:00000400       ??_C@_08DCEEMMCJ@I?1O?5?5?5?5?5@ 000000000001eda0     DxeCore:Gcd.obj
 0002:00000410       ??_C@_08GFFKJBOF@Unknown?5@ 000000000001edb0     DxeCore:Gcd.obj
 0002:00000420       ??_C@_0BK@CPLEOACC@AnySearchBottomUp?5?5?5?5?5?5?5?5@ 000000000001edc0     DxeCore:Gcd.obj
 0002:00000440       ??_C@_0BK@NJMEKB@MaxAddressSearchBottomUp?5@ 000000000001ede0     DxeCore:Gcd.obj
 0002:00000460       ??_C@_0BK@DEGJCJIH@AtAddress?5?5?5?5?5?5?5?5?5?5?5?5?5?5?5?5@ 000000000001ee00     DxeCore:Gcd.obj
 0002:00000480       ??_C@_0BK@OKALKAAN@AnySearchTopDown?5?5?5?5?5?5?5?5?5@ 000000000001ee20     DxeCore:Gcd.obj
 0002:000004a0       ??_C@_0BK@GHIGEAJF@MaxAddressSearchTopDown?5?5@ 000000000001ee40     DxeCore:Gcd.obj
 0002:000004c0       ??_C@_0BK@PEMENPCN@Unknown?5?5?5?5?5?5?5?5?5?5?5?5?5?5?5?5?5?5@ 000000000001ee60     DxeCore:Gcd.obj
 0002:000004e0       ??_C@_0DP@PHLGEMBJ@Status?5?$DN?$DN?5?$CIRETURN_STATUS?$CJ?$CI0?$CJ?5?$CG?$CG@ 000000000001ee80     DxeCore:Gcd.obj
 0002:00000520       ??_C@_0EI@PAKDEEPP@D?3?2uefi_specs_personal_collecti@ 000000000001eec0     DxeCore:Gcd.obj
 0002:00000568       ??_C@_0CC@PDPAILAB@GCD?3Initial?5GCD?5Memory?5Space?5Ma@ 000000000001ef08     DxeCore:Gcd.obj
 0002:00000590       ??_C@_0FA@NJMGIMOE@GCDMemType?5Range?5?5?5?5?5?5?5?5?5?5?5?5?5?5?5@ 000000000001ef30     DxeCore:Gcd.obj
 0002:000005e0       ??_C@_0FA@IPOENJGI@?$DN?$DN?$DN?$DN?$DN?$DN?$DN?$DN?$DN?$DN?5?$DN?$DN?$DN?$DN?$DN?$DN?$DN?$DN?$DN?$DN?$DN?$DN?$DN?$DN?$DN?$DN?$DN?$DN?$DN?$DN@ 000000000001ef80     DxeCore:Gcd.obj
 0002:00000630       ??_C@_0CD@IGLICNPJ@?$CFa?5?5?$CF016lx?9?$CF016lx?5?$CF016lx?5?$CF016lx@ 000000000001efd0     DxeCore:Gcd.obj
 0002:00000654       ??_C@_01EEMJAFIK@?6@       000000000001eff4     DxeCore:Gcd.obj
 0002:00000658       ??_C@_0DL@MLDONEBJ@Status?5?$DN?$DN?5?$CIRETURN_STATUS?$CJ?$CI0?$CJ?5?$CG?$CG@ 000000000001eff8     DxeCore:Gcd.obj
 0002:00000698       ??_C@_0BP@JBOEBKAB@GCD?3Initial?5GCD?5I?1O?5Space?5Map?6@ 000000000001f038     DxeCore:Gcd.obj
 0002:000006b8       ??_C@_0CO@EOOAKPNG@GCDIoType?5?5Range?5?5?5?5?5?5?5?5?5?5?5?5?5?5?5@ 000000000001f058     DxeCore:Gcd.obj
 0002:000006e8       ??_C@_0CO@HLPKCBGC@?$DN?$DN?$DN?$DN?$DN?$DN?$DN?$DN?$DN?$DN?5?$DN?$DN?$DN?$DN?$DN?$DN?$DN?$DN?$DN?$DN?$DN?$DN?$DN?$DN?$DN?$DN?$DN?$DN?$DN?$DN@ 000000000001f088     DxeCore:Gcd.obj
 0002:00000718       ??_C@_0BG@GLMAILEI@?$CFa?5?5?5?$CF016lx?9?$CF016lx?$CFc?6@ 000000000001f0b8     DxeCore:Gcd.obj
 0002:00000730       ??_C@_0EF@EKFPBING@?$CI?$CIAttributes?5?$CG?50x00000080?$CJ?5?$DN?$DN?50@ 000000000001f0d0     DxeCore:Gcd.obj
 0002:00000780       ??_C@_0EF@BHOJOGHC@?$CI?$CIAttributes?5?$CG?50x00000100?$CJ?5?$DN?$DN?50@ 000000000001f120     DxeCore:Gcd.obj
 0002:000007d0       ??_C@_0EF@FEKALAGL@?$CI?$CIAttributes?5?$CG?50x00000200?$CJ?5?$DN?$DN?50@ 000000000001f170     DxeCore:Gcd.obj
 0002:00000820       ??_C@_0EF@JFAOEMFI@?$CI?$CIAttributes?5?$CG?50x00040000?$CJ?5?$DN?$DN?50@ 000000000001f1c0     DxeCore:Gcd.obj
 0002:00000870       ??_C@_0EF@NMKLCIFM@?$CI?$CIAttributes?5?$CG?50x00800000?$CJ?5?$DN?$DN?50@ 000000000001f210     DxeCore:Gcd.obj
 0002:000008b8       ??_C@_0M@OJOIOPDA@Length?5?$CB?$DN?50@ 000000000001f258     DxeCore:Gcd.obj
 0002:000008c8       ??_C@_0BM@OMDEEKNK@BottomEntry?9?$DOSignature?5?$DN?$DN?50@ 000000000001f268     DxeCore:Gcd.obj
 0002:000008e8       ??_C@_0BJ@EIBDJLA@TopEntry?9?$DOSignature?5?$DN?$DN?50@ 000000000001f288     DxeCore:Gcd.obj
 0002:00000908       ??_C@_0BF@NDBIKIKC@CR?5has?5Bad?5Signature@ 000000000001f2a8     DxeCore:Gcd.obj
 0002:00000920       ??_C@_0P@IEHMCOMK@?5?5Status?5?$DN?5?$CFr?6@ 000000000001f2c0     DxeCore:Gcd.obj
 0002:00000930       ??_C@_0DF@KHIFOALB@StartLink?5?$CB?$DN?5?$CI?$CIvoid?5?$CK?$CJ?50?$CJ?5?$CG?$CG?5En@ 000000000001f2d0     DxeCore:Gcd.obj
 0002:00000968       ??_C@_0DI@DJEDOKDG@TopEntry?5?$CB?$DN?5?$CI?$CIvoid?5?$CK?$CJ?50?$CJ?5?$CG?$CG?5Bot@ 000000000001f308     DxeCore:Gcd.obj
 0002:000009a0       ??_C@_0O@CCLKPNAN@?5?5Status?5?$DN?5?$CFr@ 000000000001f340     DxeCore:Gcd.obj
 0002:000009b0       ??_C@_0BJ@DDJOAKJB@?5?5?$CIBaseAddress?5?$DN?5?$CF016lx?$CJ@ 000000000001f350     DxeCore:Gcd.obj
 0002:000009d0       ??_C@_0CP@CEAOLIMI@GCD?3AddMemorySpace?$CIBase?$DN?$CF016lx?0@ 000000000001f370     DxeCore:Gcd.obj
 0002:00000a00       ??_C@_0BI@GDHAEIMH@?5?5GcdMemoryType?5?5?5?$DN?5?$CFa?6@ 000000000001f3a0     DxeCore:Gcd.obj
 0002:00000a18       ??_C@_0BM@PIDCDDFH@?5?5Capabilities?5?5?5?5?$DN?5?$CF016lx?6@ 000000000001f3b8     DxeCore:Gcd.obj
 0002:00000a38       ??_C@_0DE@OCFOPPEM@GCD?3AllocateMemorySpace?$CIBase?$DN?$CF0@ 000000000001f3d8     DxeCore:Gcd.obj
 0002:00000a70       ??_C@_0DE@CDAAHKFC@GCD?3AllocateMemorySpace?$CIBase?$DN?$DMN@ 000000000001f410     DxeCore:Gcd.obj
 0002:00000aa8       ??_C@_0BI@PGPKBGLH@?5?5GcdAllocateType?5?$DN?5?$CFa?6@ 000000000001f448     DxeCore:Gcd.obj
 0002:00000ac0       ??_C@_0BM@OMGGPGCO@?5?5Alignment?5?5?5?5?5?5?5?$DN?5?$CF016lx?6@ 000000000001f460     DxeCore:Gcd.obj
 0002:00000ae0       ??_C@_0BI@GIOHJBHB@?5?5ImageHandle?5?5?5?5?5?$DN?5?$CFp?6@ 000000000001f480     DxeCore:Gcd.obj
 0002:00000af8       ??_C@_0BI@DEAPEPHO@?5?5DeviceHandle?5?5?5?5?$DN?5?$CFp?6@ 000000000001f498     DxeCore:Gcd.obj
 0002:00000b10       ??_C@_0DA@HMHHABJF@GCD?3FreeMemorySpace?$CIBase?$DN?$CF016lx@ 000000000001f4b0     DxeCore:Gcd.obj
 0002:00000b40       ??_C@_0DC@MCJPLFAC@GCD?3RemoveMemorySpace?$CIBase?$DN?$CF016@ 000000000001f4e0     DxeCore:Gcd.obj
 0002:00000b78       ??_C@_0DJ@BKEGNNKB@GCD?3SetMemorySpaceAttributes?$CIBa@ 000000000001f518     DxeCore:Gcd.obj
 0002:00000bb8       ??_C@_0BI@PMFKMIML@?5?5Attributes?5?5?$DN?5?$CF016lx?6@ 000000000001f558     DxeCore:Gcd.obj
 0002:00000bd0       ??_C@_0DP@KFHGIBOG@GCD?3CoreSetMemorySpaceCapabilit@ 000000000001f570     DxeCore:Gcd.obj
 0002:00000c10       ??_C@_0BK@LLICKKMF@?5?5Capabilities?5?5?$DN?5?$CF016lx?6@ 000000000001f5b0     DxeCore:Gcd.obj
 0002:00000c30       ??_C@_0CL@IHLLEJAB@GCD?3AddIoSpace?$CIBase?$DN?$CF016lx?0Leng@ 000000000001f5d0     DxeCore:Gcd.obj
 0002:00000c60       ??_C@_0BF@HMLBENFG@?5?5GcdIoType?5?5?5?5?$DN?5?$CFa?6@ 000000000001f600     DxeCore:Gcd.obj
 0002:00000c78       ??_C@_0DA@IIHELIHJ@GCD?3AllocateIoSpace?$CIBase?$DN?$CF016lx@ 000000000001f618     DxeCore:Gcd.obj
 0002:00000ca8       ??_C@_0DA@EJCKDNGH@GCD?3AllocateIoSpace?$CIBase?$DN?$DMNULL?$DO@ 000000000001f648     DxeCore:Gcd.obj
 0002:00000cd8       ??_C@_0BI@EKBMIDBF@?5?5GcdIoType?5?5?5?5?5?5?5?$DN?5?$CFa?6@ 000000000001f678     DxeCore:Gcd.obj
 0002:00000cf0       ??_C@_0CM@FKMOMCIM@GCD?3FreeIoSpace?$CIBase?$DN?$CF016lx?0Len@ 000000000001f690     DxeCore:Gcd.obj
 0002:00000d20       ??_C@_0CO@EMFMKEDD@GCD?3RemoveIoSpace?$CIBase?$DN?$CF016lx?0L@ 000000000001f6c0     DxeCore:Gcd.obj
 0002:00000d50       ??_C@_0DK@DDONJNGD@?$CI?$CI?$CK?$CIEFI_HOB_GENERIC_HEADER?5?$CK?$CK?$CJ?$CG@ 000000000001f6f0     DxeCore:Gcd.obj
 0002:00000d8c       ??_C@_05JDGHEPJG@Found@    000000000001f72c     DxeCore:Gcd.obj
 0002:00000d98       ??_C@_0BP@GPENAPDN@CoreInitializeMemoryServices?3?6@ 000000000001f738     DxeCore:Gcd.obj
 0002:00000dc0       ??_C@_0EG@HIPBHLMB@?5?5BaseAddress?5?9?50x?$CFlx?5Length?5?9?5@ 000000000001f760     DxeCore:Gcd.obj
 0002:00000e08       ??_C@_0CC@NHBJGGMC@Length?5?$DO?$DN?5MinimalMemorySizeNeed@ 000000000001f7a8     DxeCore:Gcd.obj
 0002:00000e30       ??_C@_0BH@LILALLBE@CpuHob?5?$CB?$DN?5?$CI?$CIvoid?5?$CK?$CJ?50?$CJ@ 000000000001f7d0     DxeCore:Gcd.obj
 0002:00000e48       ??_C@_0BG@LAOOPKAA@Entry?5?$CB?$DN?5?$CI?$CIvoid?5?$CK?$CJ?50?$CJ@ 000000000001f7e8     DxeCore:Gcd.obj
 0002:00000e60       ??_C@_0HJ@FLJHFJCH@?$CIDescriptor?4GcdMemoryType?5?$DN?$DN?5Ef@ 000000000001f800     DxeCore:Gcd.obj
 0002:00000ee0       ??_C@_0BN@BDINJONM@Status?5?$DN?$DN?5?$CIRETURN_STATUS?$CJ?$CI0?$CJ@ 000000000001f880     DxeCore:Gcd.obj
 0002:00000f00       ??_C@_0BL@KMGNLCAF@NewHobList?5?$CB?$DN?5?$CI?$CIvoid?5?$CK?$CJ?50?$CJ@ 000000000001f8a0     DxeCore:Gcd.obj
 0002:00000f20       mGcdMemoryTypeNames        000000000001f8c0     DxeCore:Gcd.obj
 0002:00000f60       mGcdAllocationTypeNames    000000000001f900     DxeCore:Gcd.obj
 0002:00000f90       mGcdIoTypeNames            000000000001f930     DxeCore:Gcd.obj
 0002:00000fb0       ??_C@_08EDKKPLCC@Security@ 000000000001f950     DxeCore:DxeProtocolNotify.obj
 0002:00000fbc       ??_C@_03PMGKFAJB@CPU@      000000000001f95c     DxeCore:DxeProtocolNotify.obj
 0002:00000fc0       ??_C@_09NGEINFHN@Metronome@ 000000000001f960     DxeCore:DxeProtocolNotify.obj
 0002:00000fcc       ??_C@_05NHFJDMOA@Timer@    000000000001f96c     DxeCore:DxeProtocolNotify.obj
 0002:00000fd4       ??_C@_03KEGKPJJM@Bds@      000000000001f974     DxeCore:DxeProtocolNotify.obj
 0002:00000fd8       ??_C@_0P@DENBLOAF@Watchdog?5Timer@ 000000000001f978     DxeCore:DxeProtocolNotify.obj
 0002:00000fe8       ??_C@_07BDIJHMJM@Runtime@  000000000001f988     DxeCore:DxeProtocolNotify.obj
 0002:00000ff0       ??_C@_08DMMJCAML@Variable@ 000000000001f990     DxeCore:DxeProtocolNotify.obj
 0002:00001000       ??_C@_0P@MMKCCJJA@Variable?5Write@ 000000000001f9a0     DxeCore:DxeProtocolNotify.obj
 0002:00001010       ??_C@_07KAPIMIBP@Capsule@  000000000001f9b0     DxeCore:DxeProtocolNotify.obj
 0002:00001018       ??_C@_0BC@PDACIGNG@Monotonic?5Counter@ 000000000001f9b8     DxeCore:DxeProtocolNotify.obj
 0002:0000102c       ??_C@_05CCGMLFNG@Reset@    000000000001f9cc     DxeCore:DxeProtocolNotify.obj
 0002:00001038       ??_C@_0BA@NFHCMGKF@Real?5Time?5Clock@ 000000000001f9d8     DxeCore:DxeProtocolNotify.obj
 0002:00001048       ??_C@_00CNPNBAHC@@         000000000001f9e8     DxeCore:DxeProtocolNotify.obj
 0002:00001050       ??_C@_0FK@OPLIIGG@D?3?2uefi_specs_personal_collecti@ 000000000001f9f0     DxeCore:DxeProtocolNotify.obj
 0002:000010b0       ??_C@_0CB@PCGLEABO@?6?$CFa?5Arch?5Protocol?5not?5present?$CB?$CB@ 000000000001fa50     DxeCore:DxeProtocolNotify.obj
 0002:000010e0       mMissingProtocols          000000000001fa80     DxeCore:DxeProtocolNotify.obj
 0002:000011c0       ??_C@_0EM@DNGKJOGJ@D?3?2uefi_specs_personal_collecti@ 000000000001fb60     DxeCore:Handle.obj
 0002:00001210       ??_C@_0CC@CBAFNOJA@?$CGgProtocolDatabaseLock?5not?5lock@ 000000000001fbb0     DxeCore:Handle.obj
 0002:00001238       ??_C@_0DC@CAHOHHBK@SourceSize?5?$DO?$DN?5?$CIsizeof?5?$CIEFI_DEVI@ 000000000001fbd8     DxeCore:Handle.obj
 0002:00001270       ??_C@_0CM@ICPGCNBM@Size?5?$DO?$DN?5?$CIsizeof?5?$CIEFI_DEVICE_PAT@ 000000000001fc10     DxeCore:Handle.obj
 0002:000012a0       ??_C@_0CB@FGNELNDC@InstallProtocolInterface?3?5?$CFg?5?$CFp@ 000000000001fc40     DxeCore:Handle.obj
 0002:000012c8       ??_C@_0DL@JMLDNLDN@InstallProtocolInterface?3?5input@ 000000000001fc68     DxeCore:Handle.obj
 0002:00001310       ??_C@_0EI@LMEPGOGI@CoreFindProtocolInterface?5?$CIHand@ 000000000001fcb0     DxeCore:Handle.obj
 0002:00001358       ??_C@_0DA@DJMJHNBL@InstallProtocolInterface?3?5?$CFg?5?$CFp@ 000000000001fcf8     DxeCore:Handle.obj
 0002:00001388       ??_C@_0BF@IEAGJIOD@Prot?5?$CB?$DN?5?$CI?$CIvoid?5?$CK?$CJ?50?$CJ@ 000000000001fd28     DxeCore:Handle.obj
 0002:000013a0       ??_C@_0CK@BNHBJELF@Count?5?$DN?$DN?5ProtocolInterface?9?$DOOpe@ 000000000001fd40     DxeCore:Handle.obj
 0002:000013d0       ??_C@_0BP@HJGHBKEE@HandleFilePath?5?$CB?$DN?5?$CI?$CIvoid?5?$CK?$CJ?50?$CJ@ 000000000001fd70     DxeCore:DriverSupport.obj
 0002:000013f0       ??_C@_0FD@MPPFFLOO@D?3?2uefi_specs_personal_collecti@ 000000000001fd90     DxeCore:DriverSupport.obj
 0002:00001448       ??_C@_0BN@JGHNALBE@TempFilePath?5?$CB?$DN?5?$CI?$CIvoid?5?$CK?$CJ?50?$CJ@ 000000000001fde8     DxeCore:DriverSupport.obj
 0002:00001468       ??_C@_0BF@DKMPHDPK@?$CIStart?5?$CG?50xFFF?$CJ?5?$DN?$DN?50@ 000000000001fe08     DxeCore:Page.obj
 0002:00001480       ??_C@_0EJ@LMHGFCAB@D?3?2uefi_specs_personal_collecti@ 000000000001fe20     DxeCore:Page.obj
 0002:000014d0       ??_C@_0M@DCLLLGMI@End?5?$DO?5Start@ 000000000001fe70     DxeCore:Page.obj
 0002:000014e0       ??_C@_0BI@ONJDKCMB@?$CGgMemoryLock?5not?5locked@ 000000000001fe80     DxeCore:Page.obj
 0002:000014f8       ??_C@_0BJ@PAOKAOFD@AddRange?3?5?$CFlx?9?$CFlx?5to?5?$CFd?6@ 000000000001fe98     DxeCore:Page.obj
 0002:00001518       ??_C@_0O@LJAPMOCN@mMapDepth?5?$DM?56@ 000000000001feb8     DxeCore:Page.obj
 0002:00001528       ??_C@_05HKHPEFOF@Entry@    000000000001fec8     DxeCore:Page.obj
 0002:00001530       ??_C@_0BN@HEIGHNIJ@Promote?5the?5memory?5resource?6@ 000000000001fed0     DxeCore:Page.obj
 0002:00001550       ??_C@_0CC@IJEELBDC@CoreSetMemoryTypeInformationRan@ 000000000001fef0     DxeCore:Page.obj
 0002:00001578       ??_C@_0CA@CPDGFJCI@?$CFa?3?5Ignored?4?5Bins?5already?5set?4?6@ 000000000001ff18     DxeCore:Page.obj
 0002:00001598       ??_C@_0O@IJLJOHG@NumberOfPages@ 000000000001ff38     DxeCore:Page.obj
 0002:000015b0       ??_C@_0FB@EAPGANKD@?$CIChangingType?5?$DN?$DN?5?$CI?$CIBOOLEAN?$CJ?$CI0?$DN?$DN@ 000000000001ff50     DxeCore:Page.obj
 0002:00001608       ??_C@_0CO@EJFJFKFK@ConvertPages?3?5failed?5to?5find?5ra@ 000000000001ffa8     DxeCore:Page.obj
 0002:00001638       ??_C@_0DH@BHHHBMDC@ConvertPages?3?5range?5?$CFlx?5?9?5?$CFlx?5c@ 000000000001ffd8     DxeCore:Page.obj
 0002:00001670       ??_C@_0CC@IIKOLMNI@ConvertRange?3?5?$CFlx?9?$CFlx?5to?5type?5?$CF@ 0000000000020010     DxeCore:Page.obj
 0002:00001698       ??_C@_0CD@PGFFIJEA@ConvertRange?3?5?$CFlx?9?$CFlx?5to?5attr?5?$CF@ 0000000000020038     DxeCore:Page.obj
 0002:000016c0       ??_C@_0CK@FPPGCKMP@ConvertPages?3?5Incompatible?5memo@ 0000000000020060     DxeCore:Page.obj
 0002:000016f0       ??_C@_0CD@FCKMKELM@the?5pages?5to?5free?5have?5been?5fre@ 0000000000020090     DxeCore:Page.obj
 0002:00001718       ??_C@_0CL@CLDEPKJP@the?5pages?5to?5allocate?5have?5been@ 00000000000200b8     DxeCore:Page.obj
 0002:00001748       ??_C@_0BK@OGIMILJG@Entry?9?$DOStart?5?$DM?5Entry?9?$DOEnd@ 00000000000200e8     DxeCore:Page.obj
 0002:00001768       ??_C@_0BJ@MBGAPCJG@Entry?9?$DOVirtualStart?5?$DN?$DN?50@ 0000000000020108     DxeCore:Page.obj
 0002:00001788       ??_C@_0CM@DHDJDGHH@?$CIMergeGcdMapEntry?4BaseAddress?5?$CG@ 0000000000020128     DxeCore:Page.obj
 0002:000017c0       ??_C@_0FA@CAHBMJDL@?$CI?$CIMergeGcdMapEntry?4EndAddress?5?9@ 0000000000020160     DxeCore:Page.obj
 0002:00001810       ??_C@_0DA@DGIDMPCM@AllocatePoolPages?3?5failed?5to?5al@ 00000000000201b0     DxeCore:Page.obj
 0002:00001840       ??_C@_0CE@NFNPJFE@Entry?9?$DOType?5?$CB?$DN?5EfiACPIReclaimMe@ 00000000000201e0     DxeCore:Page.obj
 0002:00001868       ??_C@_0CA@DFKEOJOC@Entry?9?$DOType?5?$CB?$DN?5EfiACPIMemoryNVS@ 0000000000020208     DxeCore:Page.obj
 0002:00001890       ??_C@_0EI@MMBIIJHJ@ExitBootServices?3?5A?5RUNTIME?5mem@ 0000000000020230     DxeCore:Page.obj
 0002:000018d8       ??_C@_19EDCBDMLJ@?$AAI?$AAA?$AA3?$AA2@ 0000000000020278     DxeCore:Image.obj
 0002:000018e8       ??_C@_19DGIHPCNG@?$AAI?$AAA?$AA6?$AA4@ 0000000000020288     DxeCore:Image.obj
 0002:000018f8       ??_C@_17LBHEEDKD@?$AAX?$AA6?$AA4@ 0000000000020298     DxeCore:Image.obj
 0002:00001900       ??_C@_17FHNCMLPJ@?$AAA?$AAR?$AAM@ 00000000000202a0     DxeCore:Image.obj
 0002:00001908       ??_C@_1BA@LNDLOPGI@?$AAA?$AAA?$AAR?$AAC?$AAH?$AA6?$AA4@ 00000000000202a8     DxeCore:Image.obj
 0002:00001918       ??_C@_1BA@LDBJBEEE@?$AAR?$AAI?$AAS?$AAC?$AAV?$AA6?$AA4@ 00000000000202b8     DxeCore:Image.obj
 0002:00001928       ??_C@_1BI@MABENGPE@?$AAL?$AAO?$AAO?$AAN?$AAG?$AAA?$AAR?$AAC?$AAH?$AA6?$AA4@ 00000000000202c8     DxeCore:Image.obj
 0002:00001940       ??_C@_1BE@BGMELJBK@?$AA?$DM?$AAU?$AAn?$AAk?$AAn?$AAo?$AAw?$AAn?$AA?$DO@ 00000000000202e0     DxeCore:Image.obj
 0002:00001960       ??_C@_0EM@IIAFEGMH@D?3?2uefi_specs_personal_collecti@ 0000000000020300     DxeCore:Image.obj
 0002:000019b0       ??_C@_0BP@LNDCHNN@DxeCoreHob?4Raw?5?$CB?$DN?5?$CI?$CIvoid?5?$CK?$CJ?50?$CJ@ 0000000000020350     DxeCore:Image.obj
 0002:000019d0       ??_C@_0EK@DBFEBAJP@FHand?9?$DOSignature?5?$DN?$DN?5?$CI?$CI?$CI?8i?8?$CJ?5?$HM?5?$CI@ 0000000000020370     DxeCore:Image.obj
 0002:00001a20       ??_C@_0DC@EJDBEBLN@Image?5type?5?$CFs?5can?8t?5be?5loaded?5o@ 00000000000203c0     DxeCore:Image.obj
 0002:00001a58       ??_C@_0CM@DHEJGNGM@Loading?5driver?5at?50x?$CF11p?5EntryP@ 00000000000203f8     DxeCore:Image.obj
 0002:00001a84       ??_C@_02ECNOPIAA@?$CFa@    0000000000020424     DxeCore:Image.obj
 0002:00001a88       ??_C@_0CM@OGKPDMHB@CoreLoadedImageInfo?3?5Not?5an?5Ima@ 0000000000020428     DxeCore:Image.obj
 0002:00001ab8       ??_C@_0BE@LIDLKJIC@gEfiCurrentTpl?5?$DM?516@ 0000000000020458     DxeCore:Image.obj
 0002:00001ad0       ??_C@_0DA@PNFPMGEN@LoadImageEx?3?5Parent?5handle?5not?5@ 0000000000020470     DxeCore:Image.obj
 0002:00001b00       ??_C@_0BK@CFBPOBLI@gSecurity?5?$CB?$DN?5?$CI?$CIvoid?5?$CK?$CJ?50?$CJ@ 00000000000204a0     DxeCore:Image.obj
 0002:00001b20       ??_C@_0CA@LMDJIDC@Image?5type?5?$CFs?5can?8t?5be?5started?5@ 00000000000204c0     DxeCore:Image.obj
 0002:00001b40       ??_C@_0BE@PMMMCCHM@on?5?$CFs?5UEFI?5system?4?6@ 00000000000204e0     DxeCore:Image.obj
 0002:00001b60       ??_C@_0EG@GLDEAECD@CoreLoadPeImage?3?5Failed?5to?5regi@ 0000000000020500     DxeCore:Image.obj
 0002:00001ba8       ??_C@_0CH@BJEHJFJH@Error?3?5Image?5at?5?$CF11p?5start?5fail@ 0000000000020548     DxeCore:Image.obj
 0002:00001bd0       ??_C@_0BN@KFGHOKFH@Image?9?$DOTpl?5?$DN?$DN?5gEfiCurrentTpl@ 0000000000020570     DxeCore:Image.obj
 0002:00001bf0       ??_C@_0CJ@DLIJNNII@StartImage?3?5ExitDataSize?5?$CFd?0?5Ex@ 0000000000020590     DxeCore:Image.obj
 0002:00001c1c       ??_C@_05DNDNCJEB@?5?$CI?$CFs?$CJ@ 00000000000205bc     DxeCore:Image.obj
 0002:00001c28       ??_C@_0CD@CIGCNLDL@Exit?3?5Image?5is?5not?5exitable?5ima@ 00000000000205c8     DxeCore:Image.obj
 0002:00001c50       ??_C@_0FG@IMLKAHAO@D?3?2uefi_specs_personal_collecti@ 00000000000205f0     DxeCore:MemoryProtection.obj
 0002:00001ca8       ??_C@_0DP@JAPMDJLG@SetUefiImageMemoryAttributes?5?9?5@ 0000000000020648     DxeCore:MemoryProtection.obj
 0002:00001ce8       ??_C@_0BF@BBBPPCMC@gCpu?5?$CB?$DN?5?$CI?$CIvoid?5?$CK?$CJ?50?$CJ@ 0000000000020688     DxeCore:MemoryProtection.obj
 0002:00001d00       ??_C@_0DH@OJNENLBH@CurrentBase?5?$DM?$DN?5ImageRecordCodeS@ 00000000000206a0     DxeCore:MemoryProtection.obj
 0002:00001d38       ??_C@_0BI@DPJDPFEL@CurrentBase?5?$DM?$DN?5ImageEnd@ 00000000000206d8     DxeCore:MemoryProtection.obj
 0002:00001d50       ??_C@_0BP@FGDIJMOP@ProtectUefiImageCommon?5?9?50x?$CFx?6@ 00000000000206f0     DxeCore:MemoryProtection.obj
 0002:00001d70       ??_C@_0BJ@NHGBELDF@?5?5?9?50x?$CF016lx?5?9?50x?$CF016lx?6@ 0000000000020710     DxeCore:MemoryProtection.obj
 0002:00001d90       ??_C@_0BB@BNEBDLMB@ProtectUefiImage@ 0000000000020730     DxeCore:MemoryProtection.obj
 0002:00001da8       ??_C@_0CN@OCDFEJK@?$CFa?5failed?5to?5create?5image?5prope@ 0000000000020748     DxeCore:MemoryProtection.obj
 0002:00001dd8       ??_C@_0DJ@CIDFFKAG@Status?5?$DN?$DN?5?$CI?$CIRETURN_STATUS?$CJ?$CI0x80@ 0000000000020778     DxeCore:MemoryProtection.obj
 0002:00001e18       ??_C@_0BK@BEMEMBP@MemoryMap?5?$CB?$DN?5?$CI?$CIvoid?5?$CK?$CJ?50?$CJ@ 00000000000207b8     DxeCore:MemoryProtection.obj
 0002:00001e38       ??_C@_0CI@KKNIBCOL@MemoryProtectionCpuArchProtocol@ 00000000000207d8     DxeCore:MemoryProtection.obj
 0002:00001e60       ??_C@_0EM@HELFNFAJ@D?3?2uefi_specs_personal_collecti@ 0000000000020800     DxeCore:Notify.obj
 0002:00001eb0       ??_C@_0CF@FMPFMLED@gEventQueueLock?4OwnerTpl?5?$DN?$DN?5Pri@ 0000000000020850     DxeCore:Event.obj
 0002:00001ee0       ??_C@_0EM@NELOMFJ@D?3?2uefi_specs_personal_collecti@ 0000000000020880     DxeCore:Event.obj
 0002:00001f30       ??_C@_0CG@BNFJMDOB@Event?9?$DONotifyFunction?5?$CB?$DN?5?$CI?$CIvoid@ 00000000000208d0     DxeCore:Event.obj
 0002:00001f58       ??_C@_0BM@MHJDAOFB@?$CGgEventQueueLock?5not?5locked@ 00000000000208f8     DxeCore:Event.obj
 0002:00001f80       mEventTable                0000000000020920     DxeCore:Event.obj
 0002:00001fa0       ??_C@_0FG@LJNLIENN@D?3?2uefi_specs_personal_collecti@ 0000000000020940     DxeCore:Dispatcher.obj
 0002:00001ff8       ??_C@_0CA@IFALBDJD@Schedule?5FFS?$CI?$CFg?$CJ?5?9?5EFI_SUCCESS?6@ 0000000000020998     DxeCore:Dispatcher.obj
 0002:00002018       ??_C@_0CC@DLDPKBBM@Schedule?5FFS?$CI?$CFg?$CJ?5?9?5EFI_NOT_FOUN@ 00000000000209b8     DxeCore:Dispatcher.obj
 0002:00002040       ??_C@_0BD@GOHKOBCJ@Loading?5driver?5?$CFg?6@ 00000000000209e0     DxeCore:Dispatcher.obj
 0002:00002058       ??_C@_0CJ@GOOBNJLF@DriverEntry?9?$DOImageHandle?5?$CB?$DN?5?$CI?$CIv@ 00000000000209f8     DxeCore:Dispatcher.obj
 0002:00002088       ??_C@_0CA@ICIDHKK@Evaluate?5DXE?5DEPEX?5for?5FFS?$CI?$CFg?$CJ?6@ 0000000000020a28     DxeCore:Dispatcher.obj
 0002:000020b0       ??_C@_0ED@KMLPGIKP@?5?5SOR?5?5?5?5?5?5?5?5?5?5?5?5?5?5?5?5?5?5?5?5?5?5?5?5?5?5@ 0000000000020a50     DxeCore:Dispatcher.obj
 0002:000020f8       ??_C@_0BC@KNMKMBFG@?5?5RESULT?5?$DN?5FALSE?6@ 0000000000020a98     DxeCore:Dispatcher.obj
 0002:00002110       ??_C@_0BE@NGDMDIJA@?5?5BEFORE?5FFS?$CI?$CFg?$CJ?5?$DN?5@ 0000000000020ab0     DxeCore:Dispatcher.obj
 0002:00002128       ??_C@_0BM@FKEPNHMN@TRUE?6?5?5END?6?5?5RESULT?5?$DN?5TRUE?6@ 0000000000020ac8     DxeCore:Dispatcher.obj
 0002:00002148       ??_C@_0BO@IOEAMIGE@FALSE?6?5?5END?6?5?5RESULT?5?$DN?5FALSE?6@ 0000000000020ae8     DxeCore:Dispatcher.obj
 0002:00002168       ??_C@_0BD@NIJHLBPK@?5?5AFTER?5FFS?$CI?$CFg?$CJ?5?$DN?5@ 0000000000020b08     DxeCore:Dispatcher.obj
 0002:00002180       ??_C@_0BE@CMNLMPMF@Fvb?5?$CB?$DN?5?$CI?$CIvoid?5?$CK?$CJ?50?$CJ@ 0000000000020b20     DxeCore:Dispatcher.obj
 0002:00002198       ??_C@_0BM@DMAELHGE@FwVolHeader?5?$CB?$DN?5?$CI?$CIvoid?5?$CK?$CJ?50?$CJ@ 0000000000020b38     DxeCore:Dispatcher.obj
 0002:000021b8       ??_C@_0DL@FBBCBGFD@FvImage?5on?5FvHandle?5?$CFp?5and?5?$CFp?5h@ 0000000000020b58     DxeCore:Dispatcher.obj
 0002:000021f8       ??_C@_0BM@PPFNPPMA@KnownHandle?5?$CB?$DN?5?$CI?$CIvoid?5?$CK?$CJ?50?$CJ@ 0000000000020b98     DxeCore:Dispatcher.obj
 0002:00002218       ??_C@_0BM@HECPJCLL@DriverEntry?5?$CB?$DN?5?$CI?$CIvoid?5?$CK?$CJ?50?$CJ@ 0000000000020bb8     DxeCore:Dispatcher.obj
 0002:00002238       ??_C@_0DJ@LKNCCCCL@FV?5at?50x?$CFx?5has?50x?$CFx?5used?5size?0?5@ 0000000000020bd8     DxeCore:Dispatcher.obj
 0002:00002278       ??_C@_0BH@LLNEDFOL@CoreProcessFvImageFile@ 0000000000020c18     DxeCore:Dispatcher.obj
 0002:00002290       ??_C@_0CP@HPHALLJH@?$CFa?$CI?$CJ?5FV?5at?50x?$CFx?0?5FvAlignment?5re@ 0000000000020c30     DxeCore:Dispatcher.obj
 0002:000022c0       ??_C@_0BL@HMFJNHJC@?5?5RESULT?5?$DN?5TRUE?5?$CIApriori?$CJ?6@ 0000000000020c60     DxeCore:Dispatcher.obj
 0002:000022e0       ??_C@_0CL@LMDLCLKA@Driver?5?$CFg?5was?5discovered?5but?5no@ 0000000000020c80     DxeCore:Dispatcher.obj
 0002:0000230c       mDxeFileTypes              0000000000020cac     DxeCore:Dispatcher.obj
 0002:00002320       ??_C@_0EM@BEIGPBGH@D?3?2uefi_specs_personal_collecti@ 0000000000020cc0     DxeCore:Locate.obj
 0002:00002370       ??_C@_0BK@BPKPPMIP@SearchKey?5?$CB?$DN?5?$CI?$CIvoid?5?$CK?$CJ?50?$CJ@ 0000000000020d10     DxeCore:Locate.obj
 0002:00002390       ??_C@_0EP@IMFJAECC@ProtNotify?9?$DOSignature?5?$DN?$DN?5?$CI?$CI?$CI?8p?8@ 0000000000020d30     DxeCore:Locate.obj
 0002:000023e0       ??_C@_09KGHPCAJJ@Size?5?$DO?$DN?50@ 0000000000020d80     DxeCore:Locate.obj
 0002:000023f0       ??_C@_0BC@KDNKCHNM@Size?5?$CB?$DN?5BestMatch@ 0000000000020d90     DxeCore:Locate.obj
 0002:00002410       ??_C@_0FE@PGMDMCKK@D?3?2uefi_specs_personal_collecti@ 0000000000020db0     DxeCore:DebugImageInfo.obj
 0002:00002468       ??_C@_0BM@KCFHPMG@mDebugTable?5?$CB?$DN?5?$CI?$CIvoid?5?$CK?$CJ?50?$CJ@ 0000000000020e08     DxeCore:DebugImageInfo.obj
 0002:00002488       ??_C@_0BJ@GBLMKKIK@Index?5?$DM?5mMaxTableEntries@ 0000000000020e28     DxeCore:DebugImageInfo.obj
 0002:000024b0       ??_C@_0FG@LOMLBMFE@D?3?2uefi_specs_personal_collecti@ 0000000000020e50     DxeCore:FwVolBlock.obj
 0002:00002510       ??_C@_0EI@EOAGIEHL@Unaligned?5FvImage?5found?5at?50x?$CFl@ 0000000000020eb0     DxeCore:FwVolBlock.obj
 0002:00002558       ??_C@_0CC@PBCMMGPK@?$CKFVProtocolHandle?5?$CB?$DN?5?$CI?$CIvoid?5?$CK?$CJ?5@ 0000000000020ef8     DxeCore:FwVolBlock.obj
 0002:00002580       ??_C@_0EM@JCCENNGL@D?3?2uefi_specs_personal_collecti@ 0000000000020f20     DxeCore:Timer.obj
 0002:000025d0       ??_C@_0BK@OEHKHKCA@?$CGmEfiTimerLock?5not?5locked@ 0000000000020f70     DxeCore:Timer.obj
 0002:000025f0       ??_C@_0EJ@MLAEDHDK@D?3?2uefi_specs_personal_collecti@ 0000000000020f90     DxeCore:Pool.obj
 0002:00002640       ??_C@_0BM@KKFMLGIB@?$CGmPoolMemoryLock?5not?5locked@ 0000000000020fe0     DxeCore:Pool.obj
 0002:00002660       ??_C@_0ED@BJPMJCNA@Index?5?$DM?5?$CI?$CIsizeof?5?$CImPoolSizeTabl@ 0000000000021000     DxeCore:Pool.obj
 0002:000026a8       ??_C@_0BE@IGCHCEAB@Offset?5?$DN?$DN?5MaxOffset@ 0000000000021048     DxeCore:Pool.obj
 0002:000026c0       ??_C@_0DA@MFNGHLKJ@AllocatePoolI?3?5Type?5?$CFx?0?5Addr?5?$CFp@ 0000000000021060     DxeCore:Pool.obj
 0002:000026f0       ??_C@_0CM@HBBDHNH@AllocatePool?3?5failed?5to?5allocat@ 0000000000021090     DxeCore:Pool.obj
 0002:00002720       ??_C@_0BH@IACGKAP@Buffer?5?$CB?$DN?5?$CI?$CIvoid?5?$CK?$CJ?50?$CJ@ 00000000000210c0     DxeCore:Pool.obj
 0002:00002738       ??_C@_0BF@FBEMMEEB@Head?5?$CB?$DN?5?$CI?$CIvoid?5?$CK?$CJ?50?$CJ@ 00000000000210d8     DxeCore:Pool.obj
 0002:00002750       ??_C@_0JF@FCLDABPD@Head?9?$DOSignature?5?$DN?$DN?5?$CI?$CI?$CI?8p?8?$CJ?5?$HM?5?$CI?8@ 00000000000210f0     DxeCore:Pool.obj
 0002:000027e8       ??_C@_0BF@HNLOIDLA@Tail?5?$CB?$DN?5?$CI?$CIvoid?5?$CK?$CJ?50?$CJ@ 0000000000021188     DxeCore:Pool.obj
 0002:00002800       ??_C@_0EJ@NAAKIGKI@Tail?9?$DOSignature?5?$DN?$DN?5?$CI?$CI?$CI?8p?8?$CJ?5?$HM?5?$CI?8@ 00000000000211a0     DxeCore:Pool.obj
 0002:00002850       ??_C@_0BJ@LNLMFOPC@Head?9?$DOSize?5?$DN?$DN?5Tail?9?$DOSize@ 00000000000211f0     DxeCore:Pool.obj
 0002:00002870       ??_C@_0BN@HPFHKNAN@FreePool?3?5?$CFp?5?$CIlen?5?$CFlx?$CJ?5?$CF?0ld?6@ 0000000000021210     DxeCore:Pool.obj
 0002:00002890       ??_C@_0BF@IFDLHOEE@Free?5?$CB?$DN?5?$CI?$CIvoid?5?$CK?$CJ?50?$CJ@ 0000000000021230     DxeCore:Pool.obj
 0002:000028d0       ??_C@_0GI@JKONNCCN@D?3?2uefi_specs_personal_collecti@ 0000000000021270     DxeCore:CoreSectionExtraction.obj
 0002:00002938       ??_C@_0CI@HIJAFAGE@GuidedHeader?9?$DOCommonHeader?4Type@ 00000000000212d8     DxeCore:CoreSectionExtraction.obj
 0002:00002960       ??_C@_0BI@DNICFLOF@Context?5?$CB?$DN?5?$CI?$CIvoid?5?$CK?$CJ?50?$CJ@ 0000000000021300     DxeCore:CoreSectionExtraction.obj
 0002:00002978       ??_C@_0BL@IIFJKKLG@Decompress?5?$CB?$DN?5?$CI?$CIvoid?5?$CK?$CJ?50?$CJ@ 0000000000021318     DxeCore:CoreSectionExtraction.obj
 0002:00002998       ??_C@_0BF@FBJGGPOH@?$CKSectionInstance?5?$DO?50@ 0000000000021338     DxeCore:CoreSectionExtraction.obj
 0002:000029b0       ??_C@_0CB@CNFLOPGM@CurrentChildNode?5?$CB?$DN?5?$CI?$CIvoid?5?$CK?$CJ?50@ 0000000000021350     DxeCore:CoreSectionExtraction.obj
 0002:000029d8       ??_C@_0CL@NNCAIFHP@?$CI?$CI?$CIINTN?$CJ?$CIRETURN_STATUS?$CJ?$CIErrorSt@ 0000000000021378     DxeCore:CoreSectionExtraction.obj
 0002:00002a08       ??_C@_0L@IPEEMBLD@GetSection@ 00000000000213a8     DxeCore:CoreSectionExtraction.obj
 0002:00002a18       ??_C@_0CM@HDKOPCPM@?$CFa?3?5recursion?5aborted?5due?5to?5ne@ 00000000000213b8     DxeCore:CoreSectionExtraction.obj
 0002:00002a50       ??_C@_0EO@LAPNMKO@?$CI?$CI?$CIEFI_COMMON_SECTION_HEADER2?5?$CK@ 00000000000213f0     DxeCore:CoreSectionExtraction.obj
 0002:00002aa0       ??_C@_0DM@GLCAIADA@It?5is?5a?5FFS3?5formatted?5section?5@ 0000000000021440     DxeCore:CoreSectionExtraction.obj
 0002:00002ae0       ??_C@_0EO@CPIGPIBK@ChildNode?9?$DOSignature?5?$DN?$DN?5?$CI?$CI?$CI?8S?8?$CJ@ 0000000000021480     DxeCore:CoreSectionExtraction.obj
 0002:00002b30       ??_C@_0CJ@LEPGFEOI@GetInfo?5from?5guided?5section?5Fai@ 00000000000214d0     DxeCore:CoreSectionExtraction.obj
 0002:00002b60       ??_C@_0CE@CGCKLIFH@Extract?5guided?5section?5Failed?5?9@ 0000000000021500     DxeCore:CoreSectionExtraction.obj
 0002:00002b88       ??_C@_0DJ@BEDKBBDO@FATAL?5ERROR?5?9?5RaiseTpl?5with?5Old@ 0000000000021528     DxeCore:Tpl.obj
 0002:00002bd0       ??_C@_0EK@MMFKEJNO@D?3?2uefi_specs_personal_collecti@ 0000000000021570     DxeCore:Tpl.obj
 0002:00002c20       ??_C@_0BB@DKMJFNAG@?$CI?$CINewTpl?$CJ?5?$DM?$DN?531?$CJ@ 00000000000215c0     DxeCore:Tpl.obj
 0002:00002c38       ??_C@_0DL@IMFJACGO@FATAL?5ERROR?5?9?5RestoreTpl?5with?5N@ 00000000000215d8     DxeCore:Tpl.obj
 0002:00002c78       ??_C@_0BJ@OAAKNPEN@Pe32Data?5?$CB?$DN?5?$CI?$CIvoid?5?$CK?$CJ?50?$CJ@ 0000000000021618     DxeCore:MemoryProfileRecord.obj
 0002:00002c98       ??_C@_0BL@OOFMKHJH@EntryPoint?5?$CB?$DN?5?$CI?$CIvoid?5?$CK?$CJ?50?$CJ@ 0000000000021638     DxeCore:MemoryProfileRecord.obj
 0002:00002cb8       ??_C@_0CI@JIIAGMAO@Cannot?5install?5Memory?5Attribute@ 0000000000021658     DxeCore:MemoryAttributesTable.obj
 0002:00002ce0       ??_C@_0DG@GNEGIFLJ@because?5Runtime?5Driver?5Section?5@ 0000000000021680     DxeCore:MemoryAttributesTable.obj
 0002:00002d20       ??_C@_0FL@FNIPCEO@D?3?2uefi_specs_personal_collecti@ 00000000000216c0     DxeCore:MemoryAttributesTable.obj
 0002:00002d80       ??_C@_0CG@FPGHNECH@MemoryAttributesTable?5?$CB?$DN?5?$CI?$CIvoid@ 0000000000021720     DxeCore:MemoryAttributesTable.obj
 0002:00002da8       ??_C@_0BI@HNOKICAB@MemoryAttributesTable?3?6@ 0000000000021748     DxeCore:MemoryAttributesTable.obj
 0002:00002dc0       ??_C@_0CB@GMMBKKEK@?5?5Version?5?5?5?5?5?5?5?5?5?5?5?5?5?5?9?50x?$CF08x@ 0000000000021760     DxeCore:MemoryAttributesTable.obj
 0002:00002de8       ??_C@_0CB@KMMAFNLM@?5?5NumberOfEntries?5?5?5?5?5?5?9?50x?$CF08x@ 0000000000021788     DxeCore:MemoryAttributesTable.obj
 0002:00002e10       ??_C@_0CB@FHOLKKC@?5?5DescriptorSize?5?5?5?5?5?5?5?9?50x?$CF08x@ 00000000000217b0     DxeCore:MemoryAttributesTable.obj
 0002:00002e38       ??_C@_0O@BJLMFKPN@Entry?5?$CI0x?$CFx?$CJ?6@ 00000000000217d8     DxeCore:MemoryAttributesTable.obj
 0002:00002e48       ??_C@_0BM@OFOMNHPM@?5?5Type?5?5?5?5?5?5?5?5?5?5?5?5?5?5?9?50x?$CFx?6@ 00000000000217e8     DxeCore:MemoryAttributesTable.obj
 0002:00002e68       ??_C@_0CA@LKNOBKLP@?5?5PhysicalStart?5?5?5?5?5?9?50x?$CF016lx?6@ 0000000000021808     DxeCore:MemoryAttributesTable.obj
 0002:00002e88       ??_C@_0CA@OBLLFPPH@?5?5VirtualStart?5?5?5?5?5?5?9?50x?$CF016lx?6@ 0000000000021828     DxeCore:MemoryAttributesTable.obj
 0002:00002ea8       ??_C@_0CA@HKCNAHEO@?5?5NumberOfPages?5?5?5?5?5?9?50x?$CF016lx?6@ 0000000000021848     DxeCore:MemoryAttributesTable.obj
 0002:00002ec8       ??_C@_0CA@EEMGMJFM@?5?5Attribute?5?5?5?5?5?5?5?5?5?9?50x?$CF016lx?6@ 0000000000021868     DxeCore:MemoryAttributesTable.obj
 0002:00002ee8       ??_C@_0CH@GOHPIDLA@DXE?5?9?5Total?5Runtime?5Image?5Count@ 0000000000021888     DxeCore:MemoryAttributesTable.obj
 0002:00002f10       ??_C@_0CD@IJGLDEEJ@DXE?5?9?5Dump?5Runtime?5Image?5Record@ 00000000000218b0     DxeCore:MemoryAttributesTable.obj
 0002:00002f38       ??_C@_0BK@BDNMFFLI@InsertImageRecord?5?9?50x?$CFx?6@ 00000000000218d8     DxeCore:MemoryAttributesTable.obj
 0002:00002f58       ??_C@_0DD@CPDCPODE@Do?5not?5insert?5runtime?5image?5rec@ 00000000000218f8     DxeCore:MemoryAttributesTable.obj
 0002:00002f90       ??_C@_0O@GJKANIFG@?5?5Image?5?9?5?$CFa?6@ 0000000000021930     DxeCore:MemoryAttributesTable.obj
 0002:00002fa0       ??_C@_0DP@DCIHFLBD@?$CB?$CB?$CB?$CB?$CB?$CB?$CB?$CB?5?5InsertImageRecord?5?9?5C@ 0000000000021940     DxeCore:MemoryAttributesTable.obj
 0002:00002fe0       ??_C@_0CA@NBAFADJB@?$CB?$CB?$CB?$CB?$CB?$CB?$CB?$CB?5?5Image?5?9?5?$CFa?5?5?$CB?$CB?$CB?$CB?$CB?$CB?$CB?$CB?6@ 0000000000021980     DxeCore:MemoryAttributesTable.obj
 0002:00003000       ??_C@_0CG@FKONGJEN@IsImageRecordCodeSectionValid?5?9@ 00000000000219a0     DxeCore:MemoryAttributesTable.obj
 0002:00003028       ??_C@_0BK@HPPNGIAO@RemoveImageRecord?5?9?50x?$CFx?6@ 00000000000219c8     DxeCore:MemoryAttributesTable.obj
 0002:00003048       ??_C@_0CJ@LNPAJGNG@RemoveImageRecord?5?9?50x?$CF016lx?5?9?5@ 00000000000219e8     DxeCore:MemoryAttributesTable.obj
 0002:00003078       ??_C@_0DD@GJBAEOGG@Do?5not?5remove?5runtime?5image?5rec@ 0000000000021a18     DxeCore:MemoryAttributesTable.obj
 0002:000030b0       ??_C@_0CJ@MHHEPHPJ@?$CB?$CB?$CB?$CB?$CB?$CB?$CB?$CB?5ImageRecord?5not?5found?5@ 0000000000021a50     DxeCore:MemoryAttributesTable.obj
 0002:000030e0       ??_C@_0DN@IHGHEFGN@Found?5a?5FFS3?5formatted?5file?3?5?$CFg@ 0000000000021a80     DxeCore:FwVol.obj
 0002:00003120       ??_C@_0FK@ECOJJFD@?$CI?$CIUINT32?$CJ?5?$CI?$CI?$CIEFI_FFS_FILE_HEADE@ 0000000000021ac0     DxeCore:FwVol.obj
 0002:00003180       ??_C@_0EM@DICHMFLL@D?3?2uefi_specs_personal_collecti@ 0000000000021b20     DxeCore:FwVol.obj
 0002:000031d0       ??_C@_0BF@JGGLMCFN@Lock?5?$CB?$DN?5?$CI?$CIvoid?5?$CK?$CJ?50?$CJ@ 0000000000021b70     DxeCore:Library.obj
 0002:000031f0       ??_C@_0FA@FNIABGBG@D?3?2uefi_specs_personal_collecti@ 0000000000021b90     DxeCore:Library.obj
 0002:00003240       ??_C@_0CD@PGOFFOAH@Lock?9?$DOLock?5?$CB?$DN?5EfiLockUninitiali@ 0000000000021be0     DxeCore:Library.obj
 0002:00003268       ??_C@_0BO@IJOPPPFL@Lock?9?$DOLock?5?$DN?$DN?5EfiLockReleased@ 0000000000021c08     DxeCore:Library.obj
 0002:00003288       ??_C@_0BO@FHNOFLFJ@Lock?9?$DOLock?5?$DN?$DN?5EfiLockAcquired@ 0000000000021c28     DxeCore:Library.obj
 0002:000032a8       ??_C@_0BG@NIPFGNEI@BitNumber?5?$DM?$DN?5?$CI1?5?$DM?$DM?56?$CJ@ 0000000000021c48     DxeCore:HeapGuard.obj
 0002:000032c0       ??_C@_0EO@FGLLMKNI@D?3?2uefi_specs_personal_collecti@ 0000000000021c60     DxeCore:HeapGuard.obj
 0002:00003310       ??_C@_0P@BELBPKJL@MapMemory?5?$CB?$DN?50@ 0000000000021cb0     DxeCore:HeapGuard.obj
 0002:00003320       ??_C@_0BH@CPAFCLMN@BitMap?5?$CB?$DN?5?$CI?$CIvoid?5?$CK?$CJ?50?$CJ@ 0000000000021cc0     DxeCore:HeapGuard.obj
 0002:00003338       ??_C@_0BA@BDENPEJJ@Target?5?$DO?$DN?5Start@ 0000000000021cd8     DxeCore:HeapGuard.obj
 0002:00003348       ??_C@_0DF@CGKKDMDF@?5?5All?5UEFI?5Services?5Available?5?5@ 0000000000021ce8     DxeCore:Dependency.obj
 0002:00003380       ??_C@_0BI@OJJILPHO@FALSE?6?5?5RESULT?5?$DN?5FALSE?6@ 0000000000021d20     DxeCore:Dependency.obj
 0002:00003398       ??_C@_0BG@PMDFLICB@TRUE?6?5?5RESULT?5?$DN?5TRUE?6@ 0000000000021d38     DxeCore:Dependency.obj
 0002:000033b0       ??_C@_0DH@HJNPFLMD@?5?5RESULT?5?$DN?5FALSE?5?$CIAttempt?5to?5fe@ 0000000000021d50     DxeCore:Dependency.obj
 0002:000033e8       ??_C@_0DG@BLEOFCEK@?5?5RESULT?5?$DN?5FALSE?5?$CIUnexpected?5BE@ 0000000000021d88     DxeCore:Dependency.obj
 0002:00003420       ??_C@_0FG@KKHOLPIN@D?3?2uefi_specs_personal_collecti@ 0000000000021dc0     DxeCore:Dependency.obj
 0002:00003478       ??_C@_06IDJBPDAP@?5?5SOR?6@ 0000000000021e18     DxeCore:Dependency.obj
 0002:00003480       ??_C@_0CK@PBPNBCDP@?5?5RESULT?5?$DN?5FALSE?5?$CIUnexpected?5SO@ 0000000000021e20     DxeCore:Dependency.obj
 0002:000034b0       ??_C@_0DP@KKBOABM@?5?5SOR?5?5?5?5?5?5?5?5?5?5?5?5?5?5?5?5?5?5?5?5?5?5?5?5?5?5@ 0000000000021e50     DxeCore:Dependency.obj
 0002:000034f0       ??_C@_0BJ@NLJMNGGI@?5?5PUSH?5GUID?$CI?$CFg?$CJ?5?$DN?5FALSE?6@ 0000000000021e90     DxeCore:Dependency.obj
 0002:00003510       ??_C@_0BI@OMMPINOL@?5?5PUSH?5GUID?$CI?$CFg?$CJ?5?$DN?5TRUE?6@ 0000000000021eb0     DxeCore:Dependency.obj
 0002:00003528       ??_C@_0CF@JIJFBAAC@?5?5RESULT?5?$DN?5FALSE?5?$CIUnexpected?5er@ 0000000000021ec8     DxeCore:Dependency.obj
 0002:00003550       ??_C@_06DJKGIPEK@?5?5AND?6@ 0000000000021ef0     DxeCore:Dependency.obj
 0002:00003558       ??_C@_05NOPACOFB@?5?5OR?6@ 0000000000021ef8     DxeCore:Dependency.obj
 0002:00003560       ??_C@_06BPGMNMIO@?5?5NOT?6@ 0000000000021f00     DxeCore:Dependency.obj
 0002:00003568       ??_C@_07JLHPFCH@?5?5TRUE?6@ 0000000000021f08     DxeCore:Dependency.obj
 0002:00003570       ??_C@_08EJKLCAIL@?5?5FALSE?6@ 0000000000021f10     DxeCore:Dependency.obj
 0002:0000357c       ??_C@_06MMCGCJIK@?5?5END?6@ 0000000000021f1c     DxeCore:Dependency.obj
 0002:00003584       ??_C@_04HCDDPBNL@TRUE@     0000000000021f24     DxeCore:Dependency.obj
 0002:0000358c       ??_C@_05MAJJAKPI@FALSE@    0000000000021f2c     DxeCore:Dependency.obj
 0002:00003598       ??_C@_0P@GJLOBHPI@?5?5RESULT?5?$DN?5?$CFa?6@ 0000000000021f38     DxeCore:Dependency.obj
 0002:000035a8       ??_C@_0CD@LDMHFHNL@?5?5RESULT?5?$DN?5FALSE?5?$CIUnknown?5opcod@ 0000000000021f48     DxeCore:Dependency.obj
 0002:000035d0       ??_C@_0FC@JEACPADN@D?3?2uefi_specs_personal_collecti@ 0000000000021f70     DxeCore:FwVolAttrib.obj
 0002:00003630       ??_C@_0FA@DOFEKDKO@D?3?2uefi_specs_personal_collecti@ 0000000000021fd0     DxeCore:FwVolRead.obj
 0002:00003680       mFvAttributes2             0000000000022020     DxeCore:FwVolRead.obj
 0002:00003688       mFvAttributes              0000000000022028     DxeCore:FwVolRead.obj
 0002:00003690       ??_C@_0L@LBCNCHJA@Pages?5?$CB?$DN?50@ 0000000000022030     DxeCoreMemoryAllocationLib:MemoryAllocationLib.obj
 0002:000036a0       ??_C@_0GO@GCKDILBK@D?3?2uefi_specs_personal_collecti@ 0000000000022040     DxeCoreMemoryAllocationLib:MemoryAllocationLib.obj
 0002:00003710       ??_C@_0CD@GECBLADO@?$CIAlignment?5?$CG?5?$CIAlignment?5?9?51?$CJ?$CJ?5?$DN@ 00000000000220b0     DxeCoreMemoryAllocationLib:MemoryAllocationLib.obj
 0002:00003738       ??_C@_0BC@BDMGDFME@RealPages?5?$DO?5Pages@ 00000000000220d8     DxeCoreMemoryAllocationLib:MemoryAllocationLib.obj
 0002:00003750       ??_C@_0DO@GEEICOOO@AllocationSize?5?$DM?$DN?5?$CI0xFFFFFFFFFF@ 00000000000220f0     DxeCoreMemoryAllocationLib:MemoryAllocationLib.obj
 0002:00003790       ??_C@_0BF@NJNGJMPC@List?5?$CB?$DN?5?$CI?$CIvoid?5?$CK?$CJ?50?$CJ@ 0000000000022130     BaseLib:LinkedList.obj
 0002:000037b0       ??_C@_0EM@NCJPOFNN@D?3?2uefi_specs_personal_collecti@ 0000000000022150     BaseLib:LinkedList.obj
 0002:00003800       ??_C@_0CC@KDLPLAED@List?9?$DOForwardLink?5?$CB?$DN?5?$CI?$CIvoid?5?$CK?$CJ?5@ 00000000000221a0     BaseLib:LinkedList.obj
 0002:00003828       ??_C@_0BP@IJJCCMAK@List?9?$DOBackLink?5?$CB?$DN?5?$CI?$CIvoid?5?$CK?$CJ?50?$CJ@ 00000000000221c8     BaseLib:LinkedList.obj
 0002:00003848       ??_C@_0CI@BMHOPIIO@InternalBaseLibIsListValid?5?$CIFir@ 00000000000221e8     BaseLib:LinkedList.obj
[...]
 0005:000000c0       $unwind$SetMem64           000000000002f8a0     BaseMemoryLibRepStr:SetMem64Wrapper.obj
 0005:000000c0       $unwind$SetMem             000000000002f8a0     BaseMemoryLibRepStr:SetMemWrapper.obj
 0005:000000c0       $unwind$FillBuf            000000000002f8a0     BaseUefiDecompressLib:BaseUefiDecompressLib.obj
 0005:000000c0       $unwind$GetDevicePathSize  000000000002f8a0     UefiDevicePathLib:UefiDevicePathLib.obj
 0005:000000c0       $unwind$Dr7ReadExit        000000000002f8a0     CcExitLib:CcExitVcHandler.obj
 0005:000000c0       $unwind$Dr7WriteExit       000000000002f8a0     CcExitLib:CcExitVcHandler.obj
 0005:000000c0       $unwind$RdpmcExit          000000000002f8a0     CcExitLib:CcExitVcHandler.obj
 0005:000000c0       $unwind$RdtscExit          000000000002f8a0     CcExitLib:CcExitVcHandler.obj
 0005:000000c0       $unwind$RdtscpExit         000000000002f8a0     CcExitLib:CcExitVcHandler.obj
 0005:000000c0       $unwind$VmmCallExit        000000000002f8a0     CcExitLib:CcExitVcHandler.obj
 0005:000000c0       $unwind$CcInitInstructionData 000000000002f8a0     CcExitLib:CcInstruction.obj
 0005:000000c0       $unwind$SerialPortWrite    000000000002f8a0     PcAtSerialPortLib:SerialPortLib.obj
 0005:000000d0       $unwind$CoreSearchGcdMapEntry 000000000002f8b0     DxeCore:Gcd.obj
 0005:000000d0       $unwind$CoreDisconnectControllersUsingProtocolInterface 000000000002f8b0     DxeCore:Handle.obj
 0005:000000d0       $unwind$CoreFindProtocolEntry 000000000002f8b0     DxeCore:Handle.obj
 0005:000000d0       $unwind$CoreProtocolsPerHandle 000000000002f8b0     DxeCore:Handle.obj
 0005:000000d0       $unwind$CoreUnregisterProtocolNotify 000000000002f8b0     DxeCore:Handle.obj
 0005:000000d0       $unwind$CoreExit           000000000002f8b0     DxeCore:Image.obj
 0005:000000d0       $unwind$MergeMemoryMap     000000000002f8b0     DxeCore:MemoryAttributesTable.obj
 0005:000000d0       $unwind$PciAndThenOr32     000000000002f8b0     BasePciLibCf8:PciLib.obj
 0005:000000d0       $unwind$PciOr8             000000000002f8b0     BasePciLibCf8:PciLib.obj
 0005:000000d0       $unwind$UefiDecompress     000000000002f8b0     BaseUefiDecompressLib:BaseUefiDecompressLib.obj
 0005:000000e8       $unwind$CoreConvertSpace   000000000002f8c8     DxeCore:Gcd.obj
 0005:00000100       $unwind$CoreAllocateSpace  000000000002f8e0     DxeCore:Gcd.obj
 0005:00000118       $unwind$CoreInternalAddMemorySpace 000000000002f8f8     DxeCore:Gcd.obj
 0005:00000130       $unwind$CoreAllocateIoSpace 000000000002f910     DxeCore:Gcd.obj
 0005:00000130       $unwind$CoreAllocateMemorySpace 000000000002f910     DxeCore:Gcd.obj
 0005:00000130       $unwind$CreateImagePropertiesRecord 000000000002f910     ImagePropertiesRecordLib:ImagePropertiesRecordLib.obj
 0005:0000014c       $unwind$CoreAddMemorySpace 000000000002f92c     DxeCore:Gcd.obj
 0005:00000164       $unwind$CoreFreeIoSpace    000000000002f944     DxeCore:Gcd.obj
 0005:00000164       $unwind$CoreFreeMemorySpace 000000000002f944     DxeCore:Gcd.obj
 0005:00000164       $unwind$CoreRemoveIoSpace  000000000002f944     DxeCore:Gcd.obj
 0005:00000164       $unwind$CoreRemoveMemorySpace 000000000002f944     DxeCore:Gcd.obj
 0005:00000164       $unwind$PeCoffEmuProtocolNotify 000000000002f944     DxeCore:Image.obj
 0005:00000164       $unwind$CoreAllocatePages  000000000002f944     DxeCore:Page.obj
 0005:00000170       $unwind$CoreGetIoSpaceDescriptor 000000000002f950     DxeCore:Gcd.obj
 0005:00000170       $unwind$CoreGetMemorySpaceDescriptor 000000000002f950     DxeCore:Gcd.obj
 0005:00000180       $unwind$CoreAddIoSpace     000000000002f960     DxeCore:Gcd.obj
 0005:00000180       $unwind$CoreSetMemorySpaceAttributes 000000000002f960     DxeCore:Gcd.obj
 0005:00000180       $unwind$GetUefiImageProtectionPolicy 000000000002f960     DxeCore:MemoryProtection.obj
 0005:00000190       $unwind$CoreSetMemorySpaceCapabilities 000000000002f970     DxeCore:Gcd.obj
 0005:00000190       $unwind$CoreLocateProtocol 000000000002f970     DxeCore:Locate.obj
 0005:000001a4       $unwind$CoreGetMemorySpaceMap 000000000002f984     DxeCore:Gcd.obj
 0005:000001bc       $unwind$FindLargestFreeRegion 000000000002f99c     DxeCore:Gcd.obj
 0005:000001cc       $unwind$CoreInitializeMemoryServices 000000000002f9ac     DxeCore:Gcd.obj
 0005:000001e4       $unwind$CoreInitializeGcdServices 000000000002f9c4     DxeCore:Gcd.obj
 0005:000001fc       $unwind$GenericProtocolNotify 000000000002f9dc     DxeCore:DxeProtocolNotify.obj
 0005:0000020c       $unwind$CoreNotifyOnProtocolEntryTable 000000000002f9ec     DxeCore:DxeProtocolNotify.obj
 0005:0000021c       $unwind$CoreCloseProtocol  000000000002f9fc     DxeCore:Handle.obj
 0005:0000021c       $unwind$IsDevicePathInstalled 000000000002f9fc     DxeCore:Handle.obj
 0005:0000021c       $unwind$CoreStartImage     000000000002f9fc     DxeCore:Image.obj
 0005:0000021c       $unwind$SortImageRecord    000000000002f9fc     ImagePropertiesRecordLib:ImagePropertiesRecordLib.obj
 0005:0000021c       $unwind$ExtractGuidedSectionDecode 000000000002f9fc     DxeExtractGuidedSectionLib:DxeExtractGuidedSectionLib.obj
 0005:0000021c       $unwind$UpdateIdtTable     000000000002f9fc     DxeCpuExceptionHandlerLib:PeiDxeSmmCpuException.obj
 0005:00000238       $unwind$CoreCreateEvent    000000000002fa18     DxeCore:Event.obj
 0005:00000238       $unwind$CoreHandleProtocol 000000000002fa18     DxeCore:Handle.obj
 0005:00000238       $unwind$CoreInstallProtocolInterface 000000000002fa18     DxeCore:Handle.obj
 0005:00000238       $unwind$TdIoRead8          000000000002fa18     BaseIoLibIntrinsicSev:IoLibInternalTdx.obj
 0005:00000238       $unwind$TdxMmioReadWrite   000000000002fa18     CcExitLib:CcExitVeHandler.obj
 0005:00000238       $unwind$LocalApicBaseAddressMsrSupported 000000000002fa18     BaseXApicX2ApicLib:BaseXApicX2ApicLib.obj
 0005:00000240       $unwind$CoreInstallProtocolInterfaceNotify 000000000002fa20     DxeCore:Handle.obj
 0005:00000240       $unwind$FindGuardedMemoryMap 000000000002fa20     DxeCore:HeapGuard.obj
 0005:00000258       $unwind$CoreInstallMultipleProtocolInterfaces 000000000002fa38     DxeCore:Handle.obj
 0005:0000026c       $unwind$CoreUninstallMultipleProtocolInterfaces 000000000002fa4c     DxeCore:Handle.obj
 0005:00000278       $unwind$CoreOpenProtocol   000000000002fa58     DxeCore:Handle.obj
 0005:00000290       $unwind$CoreConnectHandlesByKey 000000000002fa70     DxeCore:Handle.obj
 0005:00000290       $unwind$CompareGuid        000000000002fa70     BaseMemoryLibRepStr:MemLibGuid.obj
 0005:000002a8       $unwind$CoreConnectController 000000000002fa88     DxeCore:DriverSupport.obj
 0005:000002c4       $unwind$AddSortedDriverBindingProtocol 000000000002faa4     DxeCore:DriverSupport.obj
 0005:000002c4       $unwind$InternalCoreLocateHandle 000000000002faa4     DxeCore:Locate.obj
 0005:000002dc       $unwind$CoreConnectSingleController 000000000002fabc     DxeCore:DriverSupport.obj
 0005:000002f4       $unwind$CoreDisconnectController 000000000002fad4     DxeCore:DriverSupport.obj
 0005:0000030c       $unwind$CoreAddRange       000000000002faec     DxeCore:Page.obj
 0005:0000030c       $unwind$CoreInternalAllocatePages 000000000002faec     DxeCore:Page.obj
 0005:0000030c       $unwind$CoreGetMemoryMapWithSeparatedImageSection 000000000002faec     DxeCore:MemoryAttributesTable.obj
 0005:00000328       $unwind$CoreFreeMemoryMapStack 000000000002fb08     DxeCore:Page.obj
 0005:00000338       $unwind$CoreAddMemoryDescriptor 000000000002fb18     DxeCore:Page.obj
 0005:00000350       $unwind$CoreConvertPagesEx 000000000002fb30     DxeCore:Page.obj
 0005:0000036c       $unwind$CoreFindFreePagesI 000000000002fb4c     DxeCore:Page.obj
 0005:0000036c       $unwind$LzmaDec_DecodeToDic 000000000002fb4c     LzmaDecompressLib:LzmaDec.obj
 0005:00000388       $unwind$CoreLocateHandleBuffer 000000000002fb68     DxeCore:Locate.obj
 0005:00000388       $unwind$FindFreePages      000000000002fb68     DxeCore:Page.obj
 0005:000003a0       $unwind$CoreFreePages      000000000002fb80     DxeCore:Page.obj
 0005:000003b4       $unwind$MergeMemoryMapDescriptor 000000000002fb94     DxeCore:Page.obj
 0005:000003bc       $unwind$CoreGetMemoryMap   000000000002fb9c     DxeCore:Page.obj
 0005:000003d4       $unwind$CoreLocateHandle   000000000002fbb4     DxeCore:Locate.obj
 0005:000003d4       $unwind$CoreAllocatePoolPages 000000000002fbb4     DxeCore:Page.obj
 0005:000003d4       $unwind$InternalReportStatusCode 000000000002fbb4     DxeReportStatusCodeLib:ReportStatusCodeLib.obj
 0005:000003e8       $unwind$CoreInitializeImageServices 000000000002fbc8     DxeCore:Image.obj
 0005:000003f8       $unwind$CoreLoadPeImage    000000000002fbd8     DxeCore:Image.obj
 0005:00000414       $unwind$CoreLoadedImageInfo 000000000002fbf4     DxeCore:Image.obj
 0005:00000420       $unwind$CoreUnloadAndCloseImage 000000000002fc00     DxeCore:Image.obj
 0005:00000434       $unwind$CoreLoadImageCommon 000000000002fc14     DxeCore:Image.obj
 0005:00000450       $unwind$CoreLoadImage      000000000002fc30     DxeCore:Image.obj
 0005:00000458       $unwind$SetUefiImageMemoryAttributes 000000000002fc38     DxeCore:MemoryProtection.obj
 0005:00000468       $unwind$SetUefiImageProtectionAttributes 000000000002fc48     DxeCore:MemoryProtection.obj
 0005:00000480       $unwind$MemoryProtectionCpuArchProtocolNotify 000000000002fc60     DxeCore:MemoryProtection.obj
 0005:00000490       $unwind$CoreWaitForEvent   000000000002fc70     DxeCore:Event.obj
 0005:00000490       $unwind$FwVolBlockGetBlockSize 000000000002fc70     DxeCore:FwVolBlock.obj
 0005:00000490       $unwind$CoreGetNextLocateByRegisterNotify 000000000002fc70     DxeCore:Locate.obj
 0005:00000490       $unwind$IsImageRecordCodeSectionValid 000000000002fc70     ImagePropertiesRecordLib:ImagePropertiesRecordLib.obj
 0005:000004a4       $unwind$CoreGetDepexSectionAndPreProccess 000000000002fc84     DxeCore:Dispatcher.obj
 0005:000004b4       $unwind$CoreDispatcher     000000000002fc94     DxeCore:Dispatcher.obj
 0005:000004c8       $unwind$CoreInsertOnScheduledQueueWhileProcessingBeforeAndAfter 000000000002fca8     DxeCore:Dispatcher.obj
 0005:000004e0       $unwind$FvIsBeingProcessed 000000000002fcc0     DxeCore:Dispatcher.obj
 0005:000004f8       $unwind$CoreFvToDevicePath 000000000002fcd8     DxeCore:Dispatcher.obj
 0005:00000504       $unwind$GetFvUsedSize      000000000002fce4     DxeCore:Dispatcher.obj
 0005:00000504       $unwind$CoreFreePoolI      000000000002fce4     DxeCore:Pool.obj
 0005:00000520       $unwind$CoreProcessFvImageFile 000000000002fd00     DxeCore:Dispatcher.obj
 0005:00000538       $unwind$CoreFwVolEventProtocolNotify 000000000002fd18     DxeCore:Dispatcher.obj
 0005:00000554       $unwind$CoreLocateDevicePath 000000000002fd34     DxeCore:Locate.obj
 0005:0000056c       $unwind$CoreInitializeDebugImageInfoTable 000000000002fd4c     DxeCore:DebugImageInfo.obj
 0005:0000057c       $unwind$ProduceFVBProtocolOnBuffer 000000000002fd5c     DxeCore:FwVolBlock.obj
 0005:00000594       $unwind$CoreProcessFirmwareVolume 000000000002fd74     DxeCore:FwVolBlock.obj
 0005:00000594       $unwind$MmioRead32         000000000002fd74     BaseIoLibIntrinsicSev:IoLib.obj
 0005:00000594       $unwind$TdIoRead32         000000000002fd74     BaseIoLibIntrinsicSev:IoLibInternalTdx.obj
 0005:00000594       $unwind$TdIoWrite8         000000000002fd74     BaseIoLibIntrinsicSev:IoLibInternalTdx.obj
 0005:00000594       $unwind$GetApicId          000000000002fd74     BaseXApicX2ApicLib:BaseXApicX2ApicLib.obj
 0005:00000594       $unwind$LocalApicReadMsrReg64 000000000002fd74     BaseXApicX2ApicLib:BaseXApicX2ApicLib.obj
 0005:0000059c       $unwind$CoreSetTimer       000000000002fd7c     DxeCore:Timer.obj
 0005:0000059c       $unwind$CoreAllocatePoolPagesI 000000000002fd7c     DxeCore:Pool.obj
 0005:000005ac       $unwind$CoreAllocatePoolI  000000000002fd8c     DxeCore:Pool.obj
 0005:000005c0       $unwind$CoreFreePoolPagesI 000000000002fda0     DxeCore:Pool.obj
 0005:000005cc       $unwind$VerifyGuidedSectionGuid 000000000002fdac     DxeCore:CoreSectionExtraction.obj
 0005:000005e0       $unwind$NotifyGuidedExtraction 000000000002fdc0     DxeCore:CoreSectionExtraction.obj
 0005:000005f0       $unwind$CreateChildNode    000000000002fdd0     DxeCore:CoreSectionExtraction.obj
 0005:00000608       $unwind$FindChildNode      000000000002fde8     DxeCore:CoreSectionExtraction.obj
 0005:00000624       $unwind$GetSection         000000000002fe04     DxeCore:CoreSectionExtraction.obj
 0005:0000063c       $unwind$CloseSectionStream 000000000002fe1c     DxeCore:CoreSectionExtraction.obj
 0005:00000654       $unwind$CustomGuidedSectionExtract 000000000002fe34     DxeCore:CoreSectionExtraction.obj
 0005:00000670       $unwind$InstallMemoryAttributesTable 000000000002fe50     DxeCore:MemoryAttributesTable.obj
 0005:00000688       $unwind$InstallMemoryAttributesTableOnEndOfDxe 000000000002fe68     DxeCore:MemoryAttributesTable.obj
 0005:000006a4       $unwind$InsertImageRecord  000000000002fe84     DxeCore:MemoryAttributesTable.obj
 0005:000006b8       $unwind$ReadFvbData        000000000002fe98     DxeCore:FwVol.obj
 0005:000006cc       $unwind$GetFwVolHeader     000000000002feac     DxeCore:FwVol.obj
 0005:000006dc       $unwind$FvCheck            000000000002febc     DxeCore:FwVol.obj
 0005:000006f4       $unwind$NotifyFwVolBlock   000000000002fed4     DxeCore:FwVol.obj
 0005:00000708       $unwind$CoreInstallConfigurationTable 000000000002fee8     DxeCore:InstallConfigurationTable.obj
 0005:00000720       $unwind$ClearGuardedMemoryBits 000000000002ff00     DxeCore:HeapGuard.obj
 0005:00000720       $unwind$SetGuardedMemoryBits 000000000002ff00     DxeCore:HeapGuard.obj
 0005:00000738       $unwind$GetGuardedMemoryBits 000000000002ff18     DxeCore:HeapGuard.obj
 0005:00000750       $unwind$UnsetGuardForMemory 000000000002ff30     DxeCore:HeapGuard.obj
 0005:00000760       $unwind$AdjustMemoryF      000000000002ff40     DxeCore:HeapGuard.obj
 0005:00000774       $unwind$CoreConvertPagesWithGuard 000000000002ff54     DxeCore:HeapGuard.obj
 0005:00000784       $unwind$CoreIsSchedulable  000000000002ff64     DxeCore:Dependency.obj
 0005:00000798       $unwind$FvGetNextFile      000000000002ff78     DxeCore:FwVolRead.obj
 0005:000007b0       $unwind$FvReadFile         000000000002ff90     DxeCore:FwVolRead.obj
 0005:000007c8       $unwind$FvReadFileSection  000000000002ffa8     DxeCore:FwVolRead.obj
 0005:000007dc       $unwind$InternalAllocateAlignedPages 000000000002ffbc     DxeCoreMemoryAllocationLib:MemoryAllocationLib.obj
 0005:000007f0       $unwind$DebugPrint         000000000002ffd0     BaseDebugLibSerialPort:DebugLib.obj
 0005:000007f8       $unwind$DebugPrintMarker   000000000002ffd8     BaseDebugLibSerialPort:DebugLib.obj
 0005:0000080c       $unwind$DebugAssert        000000000002ffec     BaseDebugLibSerialPort:DebugLib.obj
 0005:00000814       $unwind$EfiCreateProtocolNotifyEvent 000000000002fff4     UefiLib:UefiLib.obj
 0005:0000082c       $unwind$MakeTable          000000000003000c     BaseUefiDecompressLib:BaseUefiDecompressLib.obj
 0005:00000844       $unwind$ReadPTLen          0000000000030024     BaseUefiDecompressLib:BaseUefiDecompressLib.obj
 0005:00000860       $unwind$ReadCLen           0000000000030040     BaseUefiDecompressLib:BaseUefiDecompressLib.obj
 0005:0000087c       $unwind$PeCoffLoaderGetPeHeader 000000000003005c     BasePeCoffLib:BasePeCoff.obj
 0005:00000898       $unwind$PeCoffLoaderGetImageInfo 0000000000030078     BasePeCoffLib:BasePeCoff.obj
 0005:000008b8       $unwind$PeCoffLoaderRelocateImage 0000000000030098     BasePeCoffLib:BasePeCoff.obj
 0005:000008d4       $unwind$PeCoffLoaderLoadImage 00000000000300b4     BasePeCoffLib:BasePeCoff.obj
 0005:000008ec       $unwind$ReportStatusCodeWithExtendedData 00000000000300cc     DxeReportStatusCodeLib:ReportStatusCodeLib.obj
 0005:00000904       $unwind$GetFileBufferByFilePath 00000000000300e4     DxeServicesLib:DxeServicesLib.obj
 0005:00000924       $unwind$CommonExceptionHandlerWorker 0000000000030104     DxeCpuExceptionHandlerLib:PeiDxeSmmCpuException.obj
 0005:0000093c       $unwind$DumpCpuContext     000000000003011c     DxeCpuExceptionHandlerLib:ArchExceptionHandler.obj
 0005:0000094c       $unwind$InternalPrintMessage 000000000003012c     DxeCpuExceptionHandlerLib:CpuExceptionCommon.obj
 0005:00000954       $unwind$DumpModuleImageInfo 0000000000030134     DxeCpuExceptionHandlerLib:CpuExceptionCommon.obj
 0005:00000968       $unwind$FreeImageRecordCodeSections 0000000000030148     ImagePropertiesRecordLib:ImagePropertiesRecordLib.obj
 0005:00000974       $unwind$SortMemoryMap      0000000000030154     ImagePropertiesRecordLib:ImagePropertiesRecordLib.obj
 0005:00000990       $unwind$SetNewRecord       0000000000030170     ImagePropertiesRecordLib:ImagePropertiesRecordLib.obj
 0005:000009a8       $unwind$SplitRecord        0000000000030188     ImagePropertiesRecordLib:ImagePropertiesRecordLib.obj
 0005:000009c4       $unwind$SplitTable         00000000000301a4     ImagePropertiesRecordLib:ImagePropertiesRecordLib.obj
 0005:000009dc       $unwind$LzmaUefiDecompress 00000000000301bc     LzmaDecompressLib:LzmaDecompress.obj
 0005:000009f4       $unwind$LzmaDec_DecodeReal_3 00000000000301d4     LzmaDecompressLib:LzmaDec.obj
 0005:00000a0c       $unwind$LzmaDec_WriteRem   00000000000301ec     LzmaDecompressLib:LzmaDec.obj
 0005:00000a18       $unwind$LzmaDec_TryDummy   00000000000301f8     LzmaDecompressLib:LzmaDec.obj
 0005:00000a34       $unwind$TdIoRead16         0000000000030214     BaseIoLibIntrinsicSev:IoLibInternalTdx.obj
 0005:00000a34       $unwind$BasePrintLibSPrint 0000000000030214     BasePrintLib:PrintLibInternal.obj
 0005:00000a3c       $unwind$TdIoWrite32        000000000003021c     BaseIoLibIntrinsicSev:IoLibInternalTdx.obj
 0005:00000a48       $unwind$AccessMsrTdxCall   0000000000030228     BaseXApicX2ApicLib:BaseXApicX2ApicLib.obj
 0005:00000a54       $unwind$IoioExit           0000000000030234     CcExitLib:CcExitVcHandler.obj
 0005:00000a54       $unwind$IoExit             0000000000030234     CcExitLib:CcExitVeHandler.obj
 0005:00000a6c       $unwind$ParseMmioExitInstructions 000000000003024c     CcExitLib:CcExitVeHandler.obj
 0005:00000a84       $unwind$MmioExit           0000000000030264     CcExitLib:CcExitVeHandler.obj
 0005:00000aa0       $unwind$CcExitHandleVe     0000000000030280     CcExitLib:CcExitVeHandler.obj
 0005:00000ab4       $unwind$ValidateMmioMemory 0000000000030294     CcExitLib:CcExitVcHandler.obj
 0005:00000abc       $unwind$MmioExit           000000000003029c     CcExitLib:CcExitVcHandler.obj
 0005:00000ad8       $unwind$GetCpuidFw         00000000000302b8     CcExitLib:CcExitVcHandler.obj
 0005:00000af4       $unwind$CpuidExit          00000000000302d4     CcExitLib:CcExitVcHandler.obj
 0005:00000b0c       $unwind$InternalVmgExitHandleVc 00000000000302ec     CcExitLib:CcExitVcHandler.obj
 0005:00000b2c       $unwind$GetEffectiveMemoryAddress 000000000003030c     CcExitLib:CcInstruction.obj
 0005:00000b40       $unwind$BasePrintLibValueToString 0000000000030320     BasePrintLib:PrintLibInternal.obj
 0005:00000b40       $unwind$AcquireSpinLockOrFail 0000000000030320     BaseSynchronizationLib:SynchronizationMsc.obj
 0005:00000b40       $unwind$CcExitVmgExit      0000000000030320     CcExitLib:CcExitLib.obj
 0005:00000b4c       $unwind$AsciiSPrint        000000000003032c     BasePrintLib:PrintLib.obj
 0005:00000b54       $unwind$BasePrintLibSPrintMarker 0000000000030334     BasePrintLib:PrintLibInternal.obj
 0005:00000b70       $unwind$InternalMemEncryptSevGetAddressRangeState 0000000000030350     DxeMemEncryptSevLib:VirtualMemory.obj
 0005:00000b88       $unwind$GetTdInfo          0000000000030368     TdxLib:TdInfo.obj
