 Shell

 Timestamp is 6725e4a5 (Sat Nov  2 16:36:53 2024)

 Preferred load address is 0000000000000000

 Start         Length     Name                   Class
 0001:00000000 000001e8H .text                   CODE
 0001:000001e8 00066664H .text$mn                CODE
 0002:00000000 0001d9a4H .rdata                  DATA
 0002:0001d9a4 0000004cH .rdata$voltmd           DATA
 0002:0001d9f0 0000014cH .rdata$zzzdbg           DATA
 0003:00000000 00060c20H .data                   DATA
 0003:00060c20 00002e48H .bss                    DATA
 0004:00000000 000026d0H .pdata                  DATA
 0005:00000000 000018a8H .xdata                  DATA

  Address         Publics by Value              Rva+Base               Lib:Object

 0000:00000000       __x64_code_ranges_to_entry_points_count 0000000000000000     <absolute>
 0000:00000000       __guard_check_icall_a64n_fptr 0000000000000000     <absolute>
 0000:00000000       __guard_longjmp_table      0000000000000000     <absolute>
 0000:00000000       __guard_fids_table         0000000000000000     <absolute>
 0000:00000000       __x64_code_ranges_to_entry_points 0000000000000000     <absolute>
 0000:00000000       __guard_fids_count         0000000000000000     <absolute>
 0000:00000000       __arm64x_redirection_metadata 0000000000000000     <absolute>
 0000:00000000       __arm64x_extra_rfe_table   0000000000000000     <absolute>
 0000:00000000       __AbsoluteZero             0000000000000000     <absolute>
 0000:00000000       __hybrid_auxiliary_iat_copy 0000000000000000     <absolute>
 0000:00000000       __guard_iat_table          0000000000000000     <absolute>
 0000:00000000       __hybrid_code_map          0000000000000000     <absolute>
 0000:00000000       __arm64x_extra_rfe_table_size 0000000000000000     <absolute>
 0000:00000000       __hybrid_auxiliary_iat     0000000000000000     <absolute>
 0000:00000000       __arm64x_redirection_metadata_count 0000000000000000     <absolute>
 0000:00000000       __enclave_config           0000000000000000     <absolute>
 0000:00000000       __guard_eh_cont_table      0000000000000000     <absolute>
 0000:00000000       __arm64x_native_entrypoint 0000000000000000     <absolute>
 0000:00000000       __guard_flags              0000000000000000     <absolute>
 0000:00000000       __guard_eh_cont_count      0000000000000000     <absolute>
 0000:00000000       __hybrid_code_map_count    0000000000000000     <absolute>
 0000:00000000       __guard_iat_count          0000000000000000     <absolute>
 0000:00000000       __dynamic_value_reloc_table 0000000000000000     <absolute>
 0000:00000000       __guard_longjmp_count      0000000000000000     <absolute>
 0000:00000000       __ImageBase                0000000000000000     <linker-defined>
 0001:00000000       InternalMemCopyMem         00000000000002c0     BaseMemoryLibRepStr:CopyMem.obj
 0001:00000040       InternalMemZeroMem         0000000000000300     BaseMemoryLibRepStr:ZeroMem.obj
 0001:00000060       InternalMemSetMem16        0000000000000320     BaseMemoryLibRepStr:SetMem16.obj
 0001:00000080       InternalMemSetMem          0000000000000340     BaseMemoryLibRepStr:SetMem.obj
 0001:000000a0       InternalMemSetMem64        0000000000000360     BaseMemoryLibRepStr:SetMem64.obj
 0001:000000c0       InternalMemSetMem32        0000000000000380     BaseMemoryLibRepStr:SetMem32.obj
 0001:000000e0       InternalMemCompareMem      00000000000003a0     BaseMemoryLibRepStr:CompareMem.obj
 0001:00000100       CpuPause                   00000000000003c0     BaseLib:CpuPause.obj
 0001:00000110       TdVmCall                   00000000000003d0     BaseLib:TdVmcall.obj
 0001:00000190       TdCall                     0000000000000450     BaseLib:TdCall.obj
 0001:000001e8       _ModuleEntryPoint          00000000000004a8 f   UefiApplicationEntryPoint:ApplicationEntryPoint.obj
 0001:00000224       ProcessLibraryConstructorList 00000000000004e4 f   Shell:AutoGen.obj
 0001:000008ac       ProcessLibraryDestructorList 0000000000000b6c f   Shell:AutoGen.obj
 0001:00000a4c       TrimSpaces                 0000000000000d0c f   Shell:Shell.obj
 0001:00000b18       FindNextInstance           0000000000000dd8 f   Shell:Shell.obj
 0001:00000b60       ContainsSplit              0000000000000e20 f   Shell:Shell.obj
 0001:00000c34       InternalEfiShellStartCtrlSMonitor 0000000000000ef4 f   Shell:Shell.obj
 0001:00000d5c       UefiMain                   000000000000101c f   Shell:Shell.obj
 0001:00001704       IsScriptOnlyCommand        00000000000019c4 f   Shell:Shell.obj
 0001:000017f4       GetDevicePathsForImageAndFile 0000000000001ab4 f   Shell:Shell.obj
 0001:00001944       ProcessCommandLine         0000000000001c04 f   Shell:Shell.obj
 0001:00001e14       DoStartupScript            00000000000020d4 f   Shell:Shell.obj
 0001:00002188       DoShellPrompt              0000000000002448 f   Shell:Shell.obj
 0001:0000230c       AddBufferToFreeList        00000000000025cc f   Shell:Shell.obj
 0001:0000234c       RestoreBufferList          000000000000260c f   Shell:Shell.obj
 0001:0000237c       AddLineToCommandHistory    000000000000263c f   Shell:Shell.obj
 0001:00002478       ShellConvertVariables      0000000000002738 f   Shell:Shell.obj
 0001:0000292c       RunSplitCommand            0000000000002bec f   Shell:Shell.obj
 0001:00002be4       ShellSubstituteAliases     0000000000002ea4 f   Shell:Shell.obj
 0001:00002dc0       GetOperationType           0000000000003080 f   Shell:Shell.obj
 0001:00002ea4       IsValidSplit               0000000000003164 f   Shell:Shell.obj
 0001:00002fe8       VerifySplit                00000000000032a8 f   Shell:Shell.obj
 0001:00003044       SetLastError               0000000000003304 f   Shell:Shell.obj
 0001:00003090       ProcessCommandLineToFinal  0000000000003350 f   Shell:Shell.obj
 0001:00003300       RunInternalCommand         00000000000035c0 f   Shell:Shell.obj
 0001:0000358c       RunCommandOrFile           000000000000384c f   Shell:Shell.obj
 0001:00003764       SetupAndRunCommandOrFile   0000000000003a24 f   Shell:Shell.obj
 0001:000039a8       RunShellCommand            0000000000003c68 f   Shell:Shell.obj
 0001:00003ce8       RunScriptFileHandle        0000000000003fa8 f   Shell:Shell.obj
 0001:00004844       RunScriptFile              0000000000004b04 f   Shell:Shell.obj
 0001:0000491c       FindFirstCharacter         0000000000004bdc f   Shell:Shell.obj
 0001:000049d0       EfiShellClose              0000000000004c90 f   Shell:ShellProtocol.obj
 0001:00004a04       EfiShellSetMap             0000000000004cc4 f   Shell:ShellProtocol.obj
 0001:00004b94       EfiShellGetDevicePathFromMap 0000000000004e54 f   Shell:ShellProtocol.obj
 0001:00004c10       EfiShellGetMapFromDevicePath 0000000000004ed0 f   Shell:ShellProtocol.obj
 0001:00004dd8       EfiShellGetFilePathFromDevicePath 0000000000005098 f   Shell:ShellProtocol.obj
 0001:00005020       EfiShellGetDevicePathFromFilePath 00000000000052e0 f   Shell:ShellProtocol.obj
 0001:00005200       EfiShellGetDeviceName      00000000000054c0 f   Shell:ShellProtocol.obj
 0001:00005630       EfiShellOpenRootByHandle   00000000000058f0 f   Shell:ShellProtocol.obj
 0001:000056f0       EfiShellOpenRoot           00000000000059b0 f   Shell:ShellProtocol.obj
 0001:00005750       EfiShellBatchIsActive      0000000000005a10 f   Shell:ShellProtocol.obj
 0001:00005764       InternalOpenFileDevicePath 0000000000005a24 f   Shell:ShellProtocol.obj
 0001:00005984       EfiShellCreateFile         0000000000005c44 f   Shell:ShellProtocol.obj
 0001:00005a40       EfiShellRegisterGuidName   0000000000005d00 f   Shell:ShellProtocol.obj
 0001:00005ac0       EfiShellOpenFileByName     0000000000005d80 f   Shell:ShellProtocol.obj
 0001:00005c60       EfiShellDeleteFileByName   0000000000005f20 f   Shell:ShellProtocol.obj
 0001:00005c9c       EfiShellDisablePageBreak   0000000000005f5c f   Shell:ShellProtocol.obj
 0001:00005ca4       EfiShellEnablePageBreak    0000000000005f64 f   Shell:ShellProtocol.obj
 0001:00005cac       InternalShellExecuteDevicePath 0000000000005f6c f   Shell:ShellProtocol.obj
 0001:00006190       EfiShellExecute            0000000000006450 f   Shell:ShellProtocol.obj
 0001:00006330       InternalFreeShellFileInfoNode 00000000000065f0 f   Shell:ShellProtocol.obj
 0001:00006388       EfiShellFreeFileList       0000000000006648 f   Shell:ShellProtocol.obj
 0001:000063f0       EfiShellRemoveDupInFileList 00000000000066b0 f   Shell:ShellProtocol.obj
 0001:000064e8       InternalDuplicateShellFileInfo 00000000000067a8 f   Shell:ShellProtocol.obj
 0001:000065e0       CreateAndPopulateShellFileInfo 00000000000068a0 f   Shell:ShellProtocol.obj
 0001:00006994       EfiShellFindFilesInDir     0000000000006c54 f   Shell:ShellProtocol.obj
 0001:00006c60       EfiShellGetGuidFromName    0000000000006f20 f   Shell:ShellProtocol.obj
 0001:00006cb4       EfiShellGetGuidName        0000000000006f74 f   Shell:ShellProtocol.obj
 0001:00006d1c       ShellSearchHandle          0000000000006fdc f   Shell:ShellProtocol.obj
 0001:000071bc       EfiShellFindFiles          000000000000747c f   Shell:ShellProtocol.obj
 0001:0000736c       EfiShellOpenFileList       000000000000762c f   Shell:ShellProtocol.obj
 0001:00007858       EfiShellGetEnvEx           0000000000007b18 f   Shell:ShellProtocol.obj
 0001:00007a74       EfiShellGetEnv             0000000000007d34 f   Shell:ShellProtocol.obj
 0001:00007a7c       InternalEfiShellSetEnv     0000000000007d3c f   Shell:ShellProtocol.obj
 0001:00007b8c       EfiShellSetEnv             0000000000007e4c f   Shell:ShellProtocol.obj
 0001:00007c8c       EfiShellGetCurDir          0000000000007f4c f   Shell:ShellProtocol.obj
 0001:00007d28       EfiShellSetCurDir          0000000000007fe8 f   Shell:ShellProtocol.obj
 0001:00008168       EfiShellGetHelpText        0000000000008428 f   Shell:ShellProtocol.obj
 0001:0000837c       EfiShellGetPageBreak       000000000000863c f   Shell:ShellProtocol.obj
 0001:00008384       EfiShellIsRootShell        0000000000008644 f   Shell:ShellProtocol.obj
 0001:0000838c       InternalEfiShellGetListAlias 000000000000864c f   Shell:ShellProtocol.obj
 0001:00008520       EfiShellGetAlias           00000000000087e0 f   Shell:ShellProtocol.obj
 0001:00008670       InternalSetAlias           0000000000008930 f   Shell:ShellProtocol.obj
 0001:00008788       EfiShellSetAlias           0000000000008a48 f   Shell:ShellProtocol.obj
 0001:00008830       CreatePopulateInstallShellProtocol 0000000000008af0 f   Shell:ShellProtocol.obj
 0001:00008a94       CleanUpShellProtocol       0000000000008d54 f   Shell:ShellProtocol.obj
 0001:00008b34       CleanUpShellEnvironment    0000000000008df4 f   Shell:ShellProtocol.obj
 0001:00008c34       NotificationFunction       0000000000008ef4 f   Shell:ShellProtocol.obj
 0001:00008ca8       InernalEfiShellStartMonitor 0000000000008f68 f   Shell:ShellProtocol.obj
 0001:00008df0       ConInWaitForKey            00000000000090b0 f   Shell:ConsoleWrappers.obj
 0001:00008dfc       FileBasedSimpleTextOutReset 00000000000090bc f   Shell:ConsoleWrappers.obj
 0001:00008dfc       FileBasedSimpleTextOutSetAttribute 00000000000090bc f   Shell:ConsoleWrappers.obj
 0001:00008dfc       FileBasedSimpleTextOutSetCursorPosition 00000000000090bc f   Shell:ConsoleWrappers.obj
 0001:00008dfc       FileInterfaceNulWrite      00000000000090bc f   Shell:FileHandleWrappers.obj
 0001:00008dfc       DevPathSerialDefault       00000000000090bc f   UefiShellCommandLib:ConsistMapping.obj
 0001:00008dfc       FileBasedSimpleTextOutTestString 00000000000090bc f   Shell:ConsoleWrappers.obj
 0001:00008dfc       FileInterfaceNopGeneric    00000000000090bc f   Shell:FileHandleWrappers.obj
 0001:00008dfc       FileBasedSimpleTextInReset 00000000000090bc f   Shell:ConsoleWrappers.obj
 0001:00008dfc       FileBasedSimpleTextOutClearScreen 00000000000090bc f   Shell:ConsoleWrappers.obj
 0001:00008dfc       FileBasedSimpleTextOutEnableCursor 00000000000090bc f   Shell:ConsoleWrappers.obj
 0001:00008e00       FileBasedSimpleTextInReadKeyStroke 00000000000090c0 f   Shell:ConsoleWrappers.obj
 0001:00008e88       CreateSimpleTextInOnFile   0000000000009148 f   Shell:ConsoleWrappers.obj
 0001:00008f80       CloseSimpleTextInOnFile    0000000000009240 f   Shell:ConsoleWrappers.obj
 0001:00008ff8       FileBasedSimpleTextOutQueryMode 00000000000092b8 f   Shell:ConsoleWrappers.obj
 0001:00009004       FileInterfaceNopSetInfo    00000000000092c4 f   Shell:FileHandleWrappers.obj
 0001:00009004       FileInterfaceStdInWrite    00000000000092c4 f   Shell:FileHandleWrappers.obj
 0001:00009004       FileInterfaceNopSetPosition 00000000000092c4 f   Shell:FileHandleWrappers.obj
 0001:00009004       FileInterfaceNopGetPosition 00000000000092c4 f   Shell:FileHandleWrappers.obj
 0001:00009004       FileInterfaceStdOutRead    00000000000092c4 f   Shell:FileHandleWrappers.obj
 0001:00009004       FileInterfaceStdErrRead    00000000000092c4 f   Shell:FileHandleWrappers.obj
 0001:00009004       FileInterfaceNopGetInfo    00000000000092c4 f   Shell:FileHandleWrappers.obj
 0001:00009004       FileBasedSimpleTextOutSetMode 00000000000092c4 f   Shell:ConsoleWrappers.obj
 0001:00009010       FileBasedSimpleTextOutOutputString 00000000000092d0 f   Shell:ConsoleWrappers.obj
 0001:00009054       CreateSimpleTextOutOnFile  0000000000009314 f   Shell:ConsoleWrappers.obj
 0001:000091cc       CloseSimpleTextOutOnFile   000000000000948c f   Shell:ConsoleWrappers.obj
 0001:00009228       IsVolatileEnv              00000000000094e8 f   Shell:ShellEnvVar.obj
 0001:00009314       FreeEnvironmentVariableList 00000000000095d4 f   Shell:ShellEnvVar.obj
 0001:000093a8       GetEnvironmentVariableList 0000000000009668 f   Shell:ShellEnvVar.obj
 0001:00009634       SetEnvironmentVariableList 00000000000098f4 f   Shell:ShellEnvVar.obj
 0001:000097ec       SetEnvironmentVariables    0000000000009aac f   Shell:ShellEnvVar.obj
 0001:000099dc       ShellFindEnvVarInList      0000000000009c9c f   Shell:ShellEnvVar.obj
 0001:00009ad0       ShellAddEnvVarToList       0000000000009d90 f   Shell:ShellEnvVar.obj
 0001:00009c10       ShellRemvoeEnvVarFromList  0000000000009ed0 f   Shell:ShellEnvVar.obj
 0001:00009ccc       FindEndOfParameter         0000000000009f8c f   Shell:ShellParametersProtocol.obj
 0001:00009d1c       GetNextParameter           0000000000009fdc f   Shell:ShellParametersProtocol.obj
 0001:00009e70       ParseCommandLineToArgs     000000000000a130 f   Shell:ShellParametersProtocol.obj
 0001:0000a0ac       CreatePopulateInstallShellParametersProtocol 000000000000a36c f   Shell:ShellParametersProtocol.obj
 0001:0000a3b8       IsUnicodeFile              000000000000a678 f   Shell:ShellParametersProtocol.obj
 0001:0000a480       FixFileName                000000000000a740 f   Shell:ShellParametersProtocol.obj
 0001:0000a4e8       FixVarName                 000000000000a7a8 f   Shell:ShellParametersProtocol.obj
 0001:0000a524       WriteFileTag               000000000000a7e4 f   Shell:ShellParametersProtocol.obj
 0001:0000a588       UpdateStdInStdOutStdErr    000000000000a848 f   Shell:ShellParametersProtocol.obj
 0001:0000b848       RestoreArgcArgv            000000000000bb08 f   Shell:ShellParametersProtocol.obj
 0001:0000b910       ConsoleLoggerInstall       000000000000bbd0 f   Shell:ConsoleLogger.obj
 0001:0000bb84       ConsoleLoggerUninstall     000000000000be44 f   Shell:ConsoleLogger.obj
 0001:0000bc54       ConsoleLoggerDisplayHistory 000000000000bf14 f   Shell:ConsoleLogger.obj
 0001:0000bd04       UpdateDisplayFromHistory   000000000000bfc4 f   Shell:ConsoleLogger.obj
 0001:0000bf54       ConsoleLoggerReset         000000000000c214 f   Shell:ConsoleLogger.obj
 0001:0000bfd8       AppendStringToHistory      000000000000c298 f   Shell:ConsoleLogger.obj
 0001:0000c2f8       ConsoleLoggerOutputStringSplit 000000000000c5b8 f   Shell:ConsoleLogger.obj
 0001:0000c330       ConsoleLoggerDoPageBreak   000000000000c5f0 f   Shell:ConsoleLogger.obj
 0001:0000c440       ConsoleLoggerPrintWithPageBreak 000000000000c700 f   Shell:ConsoleLogger.obj
 0001:0000c5b8       ConsoleLoggerOutputString  000000000000c878 f   Shell:ConsoleLogger.obj
 0001:0000c758       ConsoleLoggerTestString    000000000000ca18 f   Shell:ConsoleLogger.obj
 0001:0000c7a8       ConsoleLoggerQueryMode     000000000000ca68 f   Shell:ConsoleLogger.obj
 0001:0000c818       ConsoleLoggerSetMode       000000000000cad8 f   Shell:ConsoleLogger.obj
 0001:0000c8a0       ConsoleLoggerSetAttribute  000000000000cb60 f   Shell:ConsoleLogger.obj
 0001:0000c8fc       ConsoleLoggerClearScreen   000000000000cbbc f   Shell:ConsoleLogger.obj
 0001:0000c9f8       ConsoleLoggerSetCursorPosition 000000000000ccb8 f   Shell:ConsoleLogger.obj
 0001:0000ca88       ConsoleLoggerEnableCursor  000000000000cd48 f   Shell:ConsoleLogger.obj
 0001:0000cae4       ConsoleLoggerResetBuffers  000000000000cda4 f   Shell:ConsoleLogger.obj
 0001:0000cc04       FileInterfaceOpenNotFound  000000000000cec4 f   Shell:FileHandleWrappers.obj
 0001:0000cc10       FileInterfaceStdOutWrite   000000000000ced0 f   Shell:FileHandleWrappers.obj
 0001:0000cc4c       FileInterfaceStdErrWrite   000000000000cf0c f   Shell:FileHandleWrappers.obj
 0001:0000cc64       FileInterfaceNulRead       000000000000cf24 f   Shell:FileHandleWrappers.obj
 0001:0000cc6c       CreateTabCompletionList    000000000000cf2c f   Shell:FileHandleWrappers.obj
 0001:0000cf34       FileInterfaceStdInRead     000000000000d1f4 f   Shell:FileHandleWrappers.obj
 0001:0000d7e8       FileInterfaceEnvClose      000000000000daa8 f   Shell:FileHandleWrappers.obj
 0001:0000d96c       FileInterfaceEnvDelete     000000000000dc2c f   Shell:FileHandleWrappers.obj
 0001:0000d9a4       FileInterfaceEnvRead       000000000000dc64 f   Shell:FileHandleWrappers.obj
 0001:0000da04       FileInterfaceEnvVolWrite   000000000000dcc4 f   Shell:FileHandleWrappers.obj
 0001:0000db68       FileInterfaceEnvNonVolWrite 000000000000de28 f   Shell:FileHandleWrappers.obj
 0001:0000dccc       CreateFileInterfaceEnv     000000000000df8c f   Shell:FileHandleWrappers.obj
 0001:0000ddcc       PrintCommandHistory        000000000000e08c f   Shell:FileHandleWrappers.obj
 0001:0000dea8       FileInterfaceMemSetPosition 000000000000e168 f   Shell:FileHandleWrappers.obj
 0001:0000dec0       FileInterfaceMemGetPosition 000000000000e180 f   Shell:FileHandleWrappers.obj
 0001:0000decc       FileInterfaceMemGetInfo    000000000000e18c f   Shell:FileHandleWrappers.obj
 0001:0000df5c       FileInterfaceMemWrite      000000000000e21c f   Shell:FileHandleWrappers.obj
 0001:0000e0d4       FileInterfaceMemRead       000000000000e394 f   Shell:FileHandleWrappers.obj
 0001:0000e128       FileInterfaceMemClose      000000000000e3e8 f   Shell:FileHandleWrappers.obj
 0001:0000e154       CreateFileInterfaceMem     000000000000e414 f   Shell:FileHandleWrappers.obj
 0001:0000e290       FileInterfaceFileSetPosition 000000000000e550 f   Shell:FileHandleWrappers.obj
 0001:0000e29c       FileInterfaceFileGetPosition 000000000000e55c f   Shell:FileHandleWrappers.obj
 0001:0000e2a8       FileInterfaceFileGetInfo   000000000000e568 f   Shell:FileHandleWrappers.obj
 0001:0000e2b4       FileInterfaceFileSetInfo   000000000000e574 f   Shell:FileHandleWrappers.obj
 0001:0000e2c0       FileInterfaceFileFlush     000000000000e580 f   Shell:FileHandleWrappers.obj
 0001:0000e2cc       FileInterfaceFileRead      000000000000e58c f   Shell:FileHandleWrappers.obj
 0001:0000e3f8       FileInterfaceFileOpen      000000000000e6b8 f   Shell:FileHandleWrappers.obj
 0001:0000e404       FileInterfaceFileDelete    000000000000e6c4 f   Shell:FileHandleWrappers.obj
 0001:0000e434       FileInterfaceFileClose     000000000000e6f4 f   Shell:FileHandleWrappers.obj
 0001:0000e464       FileInterfaceFileWrite     000000000000e724 f   Shell:FileHandleWrappers.obj
 0001:0000e4f8       CreateFileInterfaceFile    000000000000e7b8 f   Shell:FileHandleWrappers.obj
 0001:0000e5b0       GetExecuatableFileName     000000000000e870 f   Shell:ShellManParser.obj
 0001:0000e790       GetManFileName             000000000000ea50 f   Shell:ShellManParser.obj
 0001:0000e878       ManFileFindSections        000000000000eb38 f   Shell:ShellManParser.obj
 0001:0000ea9c       IsTitleHeader              000000000000ed5c f   Shell:ShellManParser.obj
 0001:0000ec28       ManFileFindTitleSection    000000000000eee8 f   Shell:ShellManParser.obj
 0001:0000ed94       ProcessManFile             000000000000f054 f   Shell:ShellManParser.obj
 0001:0000f29c       CopyMem                    000000000000f55c f   BaseMemoryLibRepStr:CopyMemWrapper.obj
 0001:0000f338       CopyGuid                   000000000000f5f8 f   BaseMemoryLibRepStr:MemLibGuid.obj
 0001:0000f3e8       CompareGuid                000000000000f6a8 f   BaseMemoryLibRepStr:MemLibGuid.obj
 0001:0000f4ac       ZeroMem                    000000000000f76c f   BaseMemoryLibRepStr:ZeroMemWrapper.obj
 0001:0000f51c       SetMem16                   000000000000f7dc f   BaseMemoryLibRepStr:SetMem16Wrapper.obj
 0001:0000f5e4       SetMem                     000000000000f8a4 f   BaseMemoryLibRepStr:SetMemWrapper.obj
 0001:0000f648       StrnLenS                   000000000000f908 f   BaseLib:SafeString.obj
 0001:0000f6b0       StrCpyS                    000000000000f970 f   BaseLib:SafeString.obj
 0001:0000f854       StrnCpyS                   000000000000fb14 f   BaseLib:SafeString.obj
 0001:0000fa2c       StrCatS                    000000000000fcec f   BaseLib:SafeString.obj
 0001:0000fc14       StrnCatS                   000000000000fed4 f   BaseLib:SafeString.obj
 0001:0000fe38       StrDecimalToUintnS         00000000000100f8 f   BaseLib:SafeString.obj
 0001:0000ff98       StrHexToUintnS             0000000000010258 f   BaseLib:SafeString.obj
 0001:00010140       StrHexToUint64S            0000000000010400 f   BaseLib:SafeString.obj
 0001:000102c0       StrToIpv6Address           0000000000010580 f   BaseLib:SafeString.obj
 0001:0001055c       StrToGuid                  000000000001081c f   BaseLib:SafeString.obj
 0001:00010708       StrHexToBytes              00000000000109c8 f   BaseLib:SafeString.obj
 0001:000108a0       AsciiStrToUnicodeStrS      0000000000010b60 f   BaseLib:SafeString.obj
 0001:00010a28       StrLen                     0000000000010ce8 f   BaseLib:String.obj
 0001:00010ab0       StrCmp                     0000000000010d70 f   BaseLib:String.obj
 0001:00010b58       StrnCmp                    0000000000010e18 f   BaseLib:String.obj
 0001:00010c40       StrStr                     0000000000010f00 f   BaseLib:String.obj
 0001:00010d08       InternalHexCharToUintn     0000000000010fc8 f   BaseLib:String.obj
 0001:00010d38       AsciiStrLen                0000000000010ff8 f   BaseLib:String.obj
 0001:00010da4       AsciiStrnCmp               0000000000011064 f   BaseLib:String.obj
 0001:00010e70       InternalBaseLibIsListValid 0000000000011130 f   BaseLib:LinkedList.obj
 0001:00010edc       InitializeListHead         000000000001119c f   BaseLib:LinkedList.obj
 0001:00010f14       InsertHeadList             00000000000111d4 f   BaseLib:LinkedList.obj
 0001:00010f64       InsertTailList             0000000000011224 f   BaseLib:LinkedList.obj
 0001:00010fb8       GetFirstNode               0000000000011278 f   BaseLib:LinkedList.obj
 0001:00010fec       GetNextNode                00000000000112ac f   BaseLib:LinkedList.obj
 0001:00011020       GetPreviousNode            00000000000112e0 f   BaseLib:LinkedList.obj
 0001:00011054       IsListEmpty                0000000000011314 f   BaseLib:LinkedList.obj
 0001:0001108c       IsNull                     000000000001134c f   BaseLib:LinkedList.obj
 0001:000110d0       SwapListEntries            0000000000011390 f   BaseLib:LinkedList.obj
 0001:00011160       RemoveEntryList            0000000000011420 f   BaseLib:LinkedList.obj
 0001:000111a8       PathRemoveLastItem         0000000000011468 f   BaseLib:FilePaths.obj
 0001:00011200       PathCleanUpDirectories     00000000000114c0 f   BaseLib:FilePaths.obj
 0001:00011374       ReadUnaligned16            0000000000011634 f   BaseLib:Unaligned.obj
 0001:000113a4       ReadUnaligned64            0000000000011664 f   BaseLib:Unaligned.obj
 0001:000113d4       RShiftU64                  0000000000011694 f   BaseLib:RShiftU64.obj
 0001:00011418       UnicodeVSPrint             00000000000116d8 f   BasePrintLib:PrintLib.obj
 0001:000114ac       UnicodeSPrint              000000000001176c f   BasePrintLib:PrintLib.obj
 0001:000114cc       UnicodeValueToStringS      000000000001178c f   BasePrintLib:PrintLib.obj
 0001:00011510       AsciiSPrint                00000000000117d0 f   BasePrintLib:PrintLib.obj
 0001:0001153c       BasePrintLibFillBuffer     00000000000117fc f   BasePrintLib:PrintLibInternal.obj
 0001:00011570       BasePrintLibValueToString  0000000000011830 f   BasePrintLib:PrintLibInternal.obj
 0001:000115c0       BasePrintLibConvertValueToStringS 0000000000011880 f   BasePrintLib:PrintLibInternal.obj
 0001:00011728       BasePrintLibSPrintMarker   00000000000119e8 f   BasePrintLib:PrintLibInternal.obj
 0001:00012640       BasePrintLibSPrint         0000000000012900 f   BasePrintLib:PrintLibInternal.obj
 0001:00012664       DebugPrint                 0000000000012924 f   BaseDebugLibSerialPort:DebugLib.obj
 0001:00012688       DebugPrintMarker           0000000000012948 f   BaseDebugLibSerialPort:DebugLib.obj
 0001:00012714       DebugAssert                00000000000129d4 f   BaseDebugLibSerialPort:DebugLib.obj
 0001:00012768       InternalAllocatePool       0000000000012a28 f   UefiMemoryAllocationLib:MemoryAllocationLib.obj
 0001:00012798       AllocateZeroPool           0000000000012a58 f   UefiMemoryAllocationLib:MemoryAllocationLib.obj
 0001:000127c0       InternalAllocateCopyPool   0000000000012a80 f   UefiMemoryAllocationLib:MemoryAllocationLib.obj
 0001:00012838       InternalReallocatePool     0000000000012af8 f   UefiMemoryAllocationLib:MemoryAllocationLib.obj
 0001:000128b4       FreePool                   0000000000012b74 f   UefiMemoryAllocationLib:MemoryAllocationLib.obj
 0001:000128f8       DevicePathNodeLength       0000000000012bb8 f   UefiDevicePathLibDevicePathProtocol:UefiDevicePathLib.obj
 0001:00012940       IsDevicePathEnd            0000000000012c00 f   UefiDevicePathLibDevicePathProtocol:UefiDevicePathLib.obj
 0001:000129b8       SetDevicePathNodeLength    0000000000012c78 f   UefiDevicePathLibDevicePathProtocol:UefiDevicePathLib.obj
 0001:00012a38       DevicePathFromHandle       0000000000012cf8 f   UefiDevicePathLibDevicePathProtocol:UefiDevicePathLib.obj
 0001:00012a6c       FileDevicePath             0000000000012d2c f   UefiDevicePathLibDevicePathProtocol:UefiDevicePathLib.obj
 0001:00012b58       UefiDevicePathLibLocateProtocol 0000000000012e18 f   UefiDevicePathLibDevicePathProtocol:UefiDevicePathLib.obj
 0001:00012b88       ConvertDevicePathToText    0000000000012e48 f   UefiDevicePathLibDevicePathProtocol:UefiDevicePathLib.obj
 0001:00012be0       EfiGetSystemConfigurationTable 0000000000012ea0 f   UefiLib:UefiLib.obj
 0001:00012ca4       GetVariable2               0000000000012f64 f   UefiLib:UefiLib.obj
 0001:00012dc0       GetBestLanguage            0000000000013080 f   UefiLib:UefiLib.obj
 0001:00012ef8       EfiOpenFileByDevicePath    00000000000131b8 f   UefiLib:UefiLib.obj
 0001:00013130       GetHobList                 00000000000133f0 f   DxeHobLib:HobLib.obj
 0001:000131b4       PerformQuickSort           0000000000013474 f   UefiSortLib:UefiSortLib.obj
 0001:00013234       DevicePathCompare          00000000000134f4 f   UefiSortLib:UefiSortLib.obj
 0001:00013330       StringNoCaseCompare        00000000000135f0 f   UefiSortLib:UefiSortLib.obj
 0001:000133b8       HiiAddPackages             0000000000013678 f   UefiHiiLib:HiiLib.obj
 0001:00013504       HiiRemovePackages          00000000000137c4 f   UefiHiiLib:HiiLib.obj
 0001:00013574       HiiSetString               0000000000013834 f   UefiHiiLib:HiiString.obj
 0001:000136c8       HiiGetString               0000000000013988 f   UefiHiiLib:HiiString.obj
 0001:00013878       HiiGetSupportedLanguages   0000000000013b38 f   UefiHiiLib:HiiLanguage.obj
 0001:0001391c       FileHandleGetInfo          0000000000013bdc f   UefiFileHandleLib:UefiFileHandleLib.obj
 0001:000139a0       FileHandleSetInfo          0000000000013c60 f   UefiFileHandleLib:UefiFileHandleLib.obj
 0001:000139c8       FileHandleRead             0000000000013c88 f   UefiFileHandleLib:UefiFileHandleLib.obj
 0001:000139dc       FileHandleWrite            0000000000013c9c f   UefiFileHandleLib:UefiFileHandleLib.obj
 0001:000139f0       FileHandleClose            0000000000013cb0 f   UefiFileHandleLib:UefiFileHandleLib.obj
 0001:00013a04       FileHandleDelete           0000000000013cc4 f   UefiFileHandleLib:UefiFileHandleLib.obj
 0001:00013a18       FileHandleSetPosition      0000000000013cd8 f   UefiFileHandleLib:UefiFileHandleLib.obj
 0001:00013a2c       FileHandleGetPosition      0000000000013cec f   UefiFileHandleLib:UefiFileHandleLib.obj
 0001:00013a48       FileHandleFlush            0000000000013d08 f   UefiFileHandleLib:UefiFileHandleLib.obj
 0001:00013a5c       FileHandleIsDirectory      0000000000013d1c f   UefiFileHandleLib:UefiFileHandleLib.obj
 0001:00013aa0       FileHandleFindFirstFile    0000000000013d60 f   UefiFileHandleLib:UefiFileHandleLib.obj
 0001:00013ba4       FileHandleGetSize          0000000000013e64 f   UefiFileHandleLib:UefiFileHandleLib.obj
 0001:00013bf0       StrnCatGrowLeft            0000000000013eb0 f   UefiFileHandleLib:UefiFileHandleLib.obj
 0001:00013d24       FileHandleGetFileName      0000000000013fe4 f   UefiFileHandleLib:UefiFileHandleLib.obj
 0001:00013ff0       FullyQualifyPath           00000000000142b0 f   UefiShellLib:UefiShellLib.obj
 0001:00014194       ShellFindSE2               0000000000014454 f   UefiShellLib:UefiShellLib.obj
 0001:00014340       ShellLibConstructorWorker  0000000000014600 f   UefiShellLib:UefiShellLib.obj
 0001:000145e8       ShellLibDestructor         00000000000148a8 f   UefiShellLib:UefiShellLib.obj
 0001:000146fc       ShellInitialize            00000000000149bc f   UefiShellLib:UefiShellLib.obj
 0001:00014750       ShellOpenFileByName        0000000000014a10 f   UefiShellLib:UefiShellLib.obj
 0001:00014a38       ShellGetExecutionBreakFlag 0000000000014cf8 f   UefiShellLib:UefiShellLib.obj
 0001:00014a80       ShellGetCurrentDir         0000000000014d40 f   UefiShellLib:UefiShellLib.obj
 0001:00014aa4       InternalShellConvertFileListType 0000000000014d64 f   UefiShellLib:UefiShellLib.obj
 0001:00014ca4       ShellOpenFileMetaArg       0000000000014f64 f   UefiShellLib:UefiShellLib.obj
 0001:00014ef0       ShellCloseFileMetaArg      00000000000151b0 f   UefiShellLib:UefiShellLib.obj
 0001:00014fcc       ShellFindFilePath          000000000001528c f   UefiShellLib:UefiShellLib.obj
 0001:000152d8       ShellFindFilePathEx        0000000000015598 f   UefiShellLib:UefiShellLib.obj
 0001:00015400       InternalIsOnCheckList      00000000000156c0 f   UefiShellLib:UefiShellLib.obj
 0001:00015554       InternalIsFlag             0000000000015814 f   UefiShellLib:UefiShellLib.obj
 0001:000155e4       InternalCommandLineParse   00000000000158a4 f   UefiShellLib:UefiShellLib.obj
 0001:00015c90       ShellCommandLineParseEx    0000000000015f50 f   UefiShellLib:UefiShellLib.obj
 0001:00015d68       ShellCommandLineFreeVarList 0000000000016028 f   UefiShellLib:UefiShellLib.obj
 0001:00015dd4       ShellCommandLineGetFlag    0000000000016094 f   UefiShellLib:UefiShellLib.obj
 0001:00015ed0       ShellCommandLineGetValue   0000000000016190 f   UefiShellLib:UefiShellLib.obj
 0001:00015fec       ShellCommandLineGetRawValue 00000000000162ac f   UefiShellLib:UefiShellLib.obj
 0001:00016048       ShellCommandLineGetCount   0000000000016308 f   UefiShellLib:UefiShellLib.obj
 0001:000160ac       ShellCommandLineCheckDuplicate 000000000001636c f   UefiShellLib:UefiShellLib.obj
 0001:00016188       ShellCopySearchAndReplace  0000000000016448 f   UefiShellLib:UefiShellLib.obj
 0001:00016344       InternalPrintTo            0000000000016604 f   UefiShellLib:UefiShellLib.obj
 0001:000163e0       InternalShellPrintWorker   00000000000166a0 f   UefiShellLib:UefiShellLib.obj
 0001:000167c4       ShellPrintEx               0000000000016a84 f   UefiShellLib:UefiShellLib.obj
 0001:000167f4       ShellPrintHiiEx            0000000000016ab4 f   UefiShellLib:UefiShellLib.obj
 0001:0001684c       ShellIsDirectory           0000000000016b0c f   UefiShellLib:UefiShellLib.obj
 0001:000169f8       ShellIsFile                0000000000016cb8 f   UefiShellLib:UefiShellLib.obj
 0001:00016ae8       ShellStrToUintn            0000000000016da8 f   UefiShellLib:UefiShellLib.obj
 0001:00016b2c       StrnCatGrow                0000000000016dec f   UefiShellLib:UefiShellLib.obj
 0001:00016c6c       ShellPromptForResponse     0000000000016f2c f   UefiShellLib:UefiShellLib.obj
 0001:00017280       ShellPromptForResponseHii  0000000000017540 f   UefiShellLib:UefiShellLib.obj
 0001:000172d0       InternalShellIsHexOrDecimalNumber 0000000000017590 f   UefiShellLib:UefiShellLib.obj
 0001:000173b8       ShellFileExists            0000000000017678 f   UefiShellLib:UefiShellLib.obj
 0001:00017410       InternalShellStrHexToUint64 00000000000176d0 f   UefiShellLib:UefiShellLib.obj
 0001:00017594       InternalShellStrDecimalToUint64 0000000000017854 f   UefiShellLib:UefiShellLib.obj
 0001:0001767c       ShellConvertStringToUint64 000000000001793c f   UefiShellLib:UefiShellLib.obj
 0001:000177c0       ShellFileHandleReturnLine  0000000000017a80 f   UefiShellLib:UefiShellLib.obj
 0001:00017878       ShellFileHandleReadLine    0000000000017b38 f   UefiShellLib:UefiShellLib.obj
 0001:00017ae0       ShellPrintHelp             0000000000017da0 f   UefiShellLib:UefiShellLib.obj
 0001:00017be0       ConvertMemoryType          0000000000017ea0 f   UefiHandleParsingLib:UefiHandleParsingLib.obj
 0001:00017d10       HandleParsingHiiInit       0000000000017fd0 f   UefiHandleParsingLib:UefiHandleParsingLib.obj
 0001:00017d64       LoadedImageProtocolDumpInformation 0000000000018024 f   UefiHandleParsingLib:UefiHandleParsingLib.obj
 0001:00017fd4       GraphicsOutputProtocolDumpInformation 0000000000018294 f   UefiHandleParsingLib:UefiHandleParsingLib.obj
 0001:000182b0       EdidDiscoveredProtocolDumpInformation 0000000000018570 f   UefiHandleParsingLib:UefiHandleParsingLib.obj
 0001:000183b4       EdidActiveProtocolDumpInformation 0000000000018674 f   UefiHandleParsingLib:UefiHandleParsingLib.obj
 0001:000184b8       PciRootBridgeIoDumpInformation 0000000000018778 f   UefiHandleParsingLib:UefiHandleParsingLib.obj
 0001:00018790       TxtOutProtocolDumpInformation 0000000000018a50 f   UefiHandleParsingLib:UefiHandleParsingLib.obj
 0001:000189bc       DriverEfiVersionProtocolDumpInformation 0000000000018c7c f   UefiHandleParsingLib:UefiHandleParsingLib.obj
 0001:00018ba4       DevicePathProtocolDumpInformation 0000000000018e64 f   UefiHandleParsingLib:UefiHandleParsingLib.obj
 0001:00018bb0       LoadedImageDevicePathProtocolDumpInformation 0000000000018e70 f   UefiHandleParsingLib:UefiHandleParsingLib.obj
 0001:00018bbc       BusSpecificDriverOverrideProtocolDumpInformation 0000000000018e7c f   UefiHandleParsingLib:UefiHandleParsingLib.obj
 0001:00018dd8       BlockIoProtocolDumpInformation 0000000000019098 f   UefiHandleParsingLib:UefiHandleParsingLib.obj
 0001:00018f40       DebugSupportProtocolDumpInformation 0000000000019200 f   UefiHandleParsingLib:UefiHandleParsingLib.obj
 0001:00019050       PciIoProtocolDumpInformation 0000000000019310 f   UefiHandleParsingLib:UefiHandleParsingLib.obj
 0001:000191dc       UsbIoProtocolDumpInformation 000000000001949c f   UefiHandleParsingLib:UefiHandleParsingLib.obj
 0001:00019298       AdapterInformationDumpInformation 0000000000019558 f   UefiHandleParsingLib:UefiHandleParsingLib.obj
 0001:000197a8       FirmwareManagementDumpInformation 0000000000019a68 f   UefiHandleParsingLib:UefiHandleParsingLib.obj
 0001:00019f88       PartitionInfoProtocolDumpInformation 000000000001a248 f   UefiHandleParsingLib:UefiHandleParsingLib.obj
 0001:0001a088       InternalShellGetNodeFromGuid 000000000001a348 f   UefiHandleParsingLib:UefiHandleParsingLib.obj
 0001:0001a14c       InsertNewGuidNameMapping   000000000001a40c f   UefiHandleParsingLib:UefiHandleParsingLib.obj
 0001:0001a23c       GetStringNameFromGuid      000000000001a4fc f   UefiHandleParsingLib:UefiHandleParsingLib.obj
 0001:0001a27c       GetGuidFromStringName      000000000001a53c f   UefiHandleParsingLib:UefiHandleParsingLib.obj
 0001:0001a43c       GetBestLanguageForDriver   000000000001a6fc f   UefiHandleParsingLib:UefiHandleParsingLib.obj
 0001:0001a4bc       GetStringNameFromHandle    000000000001a77c f   UefiHandleParsingLib:UefiHandleParsingLib.obj
 0001:0001a5c4       InternalShellInitHandleList 000000000001a884 f   UefiHandleParsingLib:UefiHandleParsingLib.obj
 0001:0001a6d4       ConvertHandleToHandleIndex 000000000001a994 f   UefiHandleParsingLib:UefiHandleParsingLib.obj
 0001:0001a7d0       ConvertHandleIndexToHandle 000000000001aa90 f   UefiHandleParsingLib:UefiHandleParsingLib.obj
 0001:0001a894       ParseHandleDatabaseByRelationshipWithType 000000000001ab54 f   UefiHandleParsingLib:UefiHandleParsingLib.obj
 0001:0001ae7c       ParseHandleDatabaseByRelationship 000000000001b13c f   UefiHandleParsingLib:UefiHandleParsingLib.obj
 0001:0001b078       ParseHandleDatabaseForChildControllers 000000000001b338 f   UefiHandleParsingLib:UefiHandleParsingLib.obj
 0001:0001b210       ParseHandleDatabaseForChildDevices 000000000001b4d0 f   UefiHandleParsingLib:UefiHandleParsingLib.obj
 0001:0001b2ec       GetHandleListByProtocol    000000000001b5ac f   UefiHandleParsingLib:UefiHandleParsingLib.obj
 0001:0001b410       GetHandleListByProtocolList 000000000001b6d0 f   UefiHandleParsingLib:UefiHandleParsingLib.obj
 0001:0001b598       GetAllMappingGuids         000000000001b858 f   UefiHandleParsingLib:UefiHandleParsingLib.obj
 0001:0001b69c       CommandInit                000000000001b95c f   UefiShellCommandLib:UefiShellCommandLib.obj
 0001:0001b7e8       ShellCommandLibDestructor  000000000001baa8 f   UefiShellCommandLib:UefiShellCommandLib.obj
 0001:0001ba14       ShellCommandFindDynamicCommand 000000000001bcd4 f   UefiShellCommandLib:UefiShellCommandLib.obj
 0001:0001bab4       ShellCommandIsCommandOnList 000000000001bd74 f   UefiShellCommandLib:UefiShellCommandLib.obj
 0001:0001bb68       ShellCommandGetCommandHelp 000000000001be28 f   UefiShellCommandLib:UefiShellCommandLib.obj
 0001:0001bc3c       ShellCommandRegisterCommandName 000000000001befc f   UefiShellCommandLib:UefiShellCommandLib.obj
 0001:0001beac       ShellCommandRegisterAlias  000000000001c16c f   UefiShellCommandLib:UefiShellCommandLib.obj
 0001:0001bffc       ShellCommandIsOnAliasList  000000000001c2bc f   UefiShellCommandLib:UefiShellCommandLib.obj
 0001:0001c0dc       DeleteScriptFileStruct     000000000001c39c f   UefiShellCommandLib:UefiShellCommandLib.obj
 0001:0001c1e4       ShellCommandGetCurrentScriptFile 000000000001c4a4 f   UefiShellCommandLib:UefiShellCommandLib.obj
 0001:0001c214       ShellCommandSetNewScript   000000000001c4d4 f   UefiShellCommandLib:UefiShellCommandLib.obj
 0001:0001c290       ShellCommandCreateNewMappingName 000000000001c550 f   UefiShellCommandLib:UefiShellCommandLib.obj
 0001:0001c320       ShellCommandAddMapItemAndUpdatePath 000000000001c5e0 f   UefiShellCommandLib:UefiShellCommandLib.obj
 0001:0001c528       ShellCommandCreateInitialMappingsAndPaths 000000000001c7e8 f   UefiShellCommandLib:UefiShellCommandLib.obj
 0001:0001c984       ShellCommandUpdateMapping  000000000001cc44 f   UefiShellCommandLib:UefiShellCommandLib.obj
 0001:0001cb48       ConvertEfiFileProtocolToShellHandle 000000000001ce08 f   UefiShellCommandLib:UefiShellCommandLib.obj
 0001:0001cbf8       ShellFileHandleGetPath     000000000001ceb8 f   UefiShellCommandLib:UefiShellCommandLib.obj
 0001:0001cc5c       ShellFileHandleRemove      000000000001cf1c f   UefiShellCommandLib:UefiShellCommandLib.obj
 0001:0001ccfc       ShellFileHandleEof         000000000001cfbc f   UefiShellCommandLib:UefiShellCommandLib.obj
 0001:0001cd90       FreeBufferList             000000000001d050 f   UefiShellCommandLib:UefiShellCommandLib.obj
 0001:0001cde4       DumpHex                    000000000001d0a4 f   UefiShellCommandLib:UefiShellCommandLib.obj
 0001:0001cf10       CatSDumpHex                000000000001d1d0 f   UefiShellCommandLib:UefiShellCommandLib.obj
 0001:0001d084       ShellSortFileList          000000000001d344 f   UefiShellCommandLib:UefiShellCommandLib.obj
 0001:0001d3a8       CatPrint                   000000000001d668 f   UefiShellCommandLib:ConsistMapping.obj
 0001:0001d490       AppendCSDNum2              000000000001d750 f   UefiShellCommandLib:ConsistMapping.obj
 0001:0001d520       AppendCSDNum               000000000001d7e0 f   UefiShellCommandLib:ConsistMapping.obj
 0001:0001d590       AppendCSDStr               000000000001d850 f   UefiShellCommandLib:ConsistMapping.obj
 0001:0001d764       DevPathCompareAcpi         000000000001da24 f   UefiShellCommandLib:ConsistMapping.obj
 0001:0001d798       DevPathComparePci          000000000001da58 f   UefiShellCommandLib:ConsistMapping.obj
 0001:0001d810       DevPathCompareDefault      000000000001dad0 f   UefiShellCommandLib:ConsistMapping.obj
 0001:0001d8a4       DevPathSerialHardDrive     000000000001db64 f   UefiShellCommandLib:ConsistMapping.obj
 0001:0001d910       DevPathSerialAtapi         000000000001dbd0 f   UefiShellCommandLib:ConsistMapping.obj
 0001:0001d978       DevPathSerialCdRom         000000000001dc38 f   UefiShellCommandLib:ConsistMapping.obj
 0001:0001d9e0       DevPathSerialFibre         000000000001dca0 f   UefiShellCommandLib:ConsistMapping.obj
 0001:0001da54       DevPathSerialUart          000000000001dd14 f   UefiShellCommandLib:ConsistMapping.obj
 0001:0001dae8       DevPathSerialUsb           000000000001dda8 f   UefiShellCommandLib:ConsistMapping.obj
 0001:0001dc50       DevPathSerialVendor        000000000001df10 f   UefiShellCommandLib:ConsistMapping.obj
 0001:0001dd78       DevPathSerialLun           000000000001e038 f   UefiShellCommandLib:ConsistMapping.obj
 0001:0001ddd8       DevPathSerialSata          000000000001e098 f   UefiShellCommandLib:ConsistMapping.obj
 0001:0001de5c       DevPathSerialIScsi         000000000001e11c f   UefiShellCommandLib:ConsistMapping.obj
 0001:0001dea8       DevPathSerialI2O           000000000001e168 f   UefiShellCommandLib:ConsistMapping.obj
 0001:0001df08       DevPathSerialMacAddr       000000000001e1c8 f   UefiShellCommandLib:ConsistMapping.obj
 0001:0001dfcc       DevPathSerialInfiniBand    000000000001e28c f   UefiShellCommandLib:ConsistMapping.obj
 0001:0001e0a8       DevPathSerialIPv4          000000000001e368 f   UefiShellCommandLib:ConsistMapping.obj
 0001:0001e1a4       DevPathSerialIPv6          000000000001e464 f   UefiShellCommandLib:ConsistMapping.obj
 0001:0001e2ac       DevPathSerialScsi          000000000001e56c f   UefiShellCommandLib:ConsistMapping.obj
 0001:0001e320       DevPathSerial1394          000000000001e5e0 f   UefiShellCommandLib:ConsistMapping.obj
 0001:0001e39c       DevPathSerialAcpi          000000000001e65c f   UefiShellCommandLib:ConsistMapping.obj
 0001:0001e420       GetHIDevicePath            000000000001e6e0 f   UefiShellCommandLib:ConsistMapping.obj
 0001:0001e578       ShellCommandConsistMappingInitialize 000000000001e838 f   UefiShellCommandLib:ConsistMapping.obj
 0001:0001e72c       ShellCommandConsistMappingUnInitialize 000000000001e9ec f   UefiShellCommandLib:ConsistMapping.obj
 0001:0001e788       ShellCommandConsistMappingGenMappingName 000000000001ea48 f   UefiShellCommandLib:ConsistMapping.obj
 0001:0001ea38       ShellCommandFindMapItem    000000000001ecf8 f   UefiShellCommandLib:ConsistMapping.obj
 0001:0001eaa4       ShellCommandGetManFileNameLevel2 000000000001ed64 f   UefiShellLevel2CommandsLib:UefiShellLevel2CommandsLib.obj
 0001:0001eaac       ShellLevel2CommandsLibConstructor 000000000001ed6c f   UefiShellLevel2CommandsLib:UefiShellLevel2CommandsLib.obj
 0001:0001f39c       GetFullyQualifiedPath      000000000001f65c f   UefiShellLevel2CommandsLib:UefiShellLevel2CommandsLib.obj
 0001:0001f5f0       VerifyIntermediateDirectories 000000000001f8b0 f   UefiShellLevel2CommandsLib:UefiShellLevel2CommandsLib.obj
 0001:0001f6dc       StrniCmp                   000000000001f99c f   UefiShellLevel2CommandsLib:UefiShellLevel2CommandsLib.obj
 0001:0001f7c4       ShellLevel2StripQuotes     000000000001fa84 f   UefiShellLevel2CommandsLib:UefiShellLevel2CommandsLib.obj
 0001:0001f858       ShellCommandRunReset       000000000001fb18 f   UefiShellLevel2CommandsLib:Reset.obj
 0001:0001fbd8       LoadDriver                 000000000001fe98 f   UefiShellLevel2CommandsLib:Load.obj
 0001:0001fea8       ShellCommandRunLoad        0000000000020168 f   UefiShellLevel2CommandsLib:Load.obj
 0001:00020170       InternalIsTimeLikeString   0000000000020430 f   UefiShellLevel2CommandsLib:TimeDate.obj
 0001:000201d8       CheckAndSetDate            0000000000020498 f   UefiShellLevel2CommandsLib:TimeDate.obj
 0001:000203a0       ShellCommandRunDate        0000000000020660 f   UefiShellLevel2CommandsLib:TimeDate.obj
 0001:00020648       CheckAndSetTime            0000000000020908 f   UefiShellLevel2CommandsLib:TimeDate.obj
 0001:00020858       ShellCommandRunTime        0000000000020b18 f   UefiShellLevel2CommandsLib:TimeDate.obj
 0001:00020ec0       CheckAndSetTimeZone        0000000000021180 f   UefiShellLevel2CommandsLib:TimeDate.obj
 0001:0002110c       ShellCommandRunTimeZone    00000000000213cc f   UefiShellLevel2CommandsLib:TimeDate.obj
 0001:000215a4       PerformParsing             0000000000021864 f   UefiShellLevel2CommandsLib:Parse.obj
 0001:00021914       ShellCommandRunParse       0000000000021bd4 f   UefiShellLevel2CommandsLib:Parse.obj
 0001:00021bf0       ReplaceDriveWithCwd        0000000000021eb0 f   UefiShellLevel2CommandsLib:Cd.obj
 0001:00021cfc       ExtractDriveAndPath        0000000000021fbc f   UefiShellLevel2CommandsLib:Cd.obj
 0001:00021e18       ShellCommandRunCd          00000000000220d8 f   UefiShellLevel2CommandsLib:Cd.obj
 0001:000222ec       ShellCommandRunAttrib      00000000000225ac f   UefiShellLevel2CommandsLib:Attrib.obj
 0001:0002290c       PrintSfoVolumeInfoTableEntry 0000000000022bcc f   UefiShellLevel2CommandsLib:Ls.obj
 0001:00022bb8       PrintFileInformation       0000000000022e78 f   UefiShellLevel2CommandsLib:Ls.obj
 0001:00022f44       PrintNonSfoHeader          0000000000023204 f   UefiShellLevel2CommandsLib:Ls.obj
 0001:00022f9c       FileTimeToLocalTime        000000000002325c f   UefiShellLevel2CommandsLib:Ls.obj
 0001:000231b0       PrintLsOutput              0000000000023470 f   UefiShellLevel2CommandsLib:Ls.obj
 0001:00023a18       ShellCommandRunLs          0000000000023cd8 f   UefiShellLevel2CommandsLib:Ls.obj
 0001:000240f0       IsNumberLetterOnly         00000000000243b0 f   UefiShellLevel2CommandsLib:Map.obj
 0001:0002413c       SearchList                 00000000000243fc f   UefiShellLevel2CommandsLib:Map.obj
 0001:00024294       MappingListHasType         0000000000024554 f   UefiShellLevel2CommandsLib:Map.obj
 0001:0002447c       PerformSingleMappingDisplay 000000000002473c f   UefiShellLevel2CommandsLib:Map.obj
 0001:000249bc       PerformSingleMappingDelete 0000000000024c7c f   UefiShellLevel2CommandsLib:Map.obj
 0001:00024a2c       PerformMappingDisplay      0000000000024cec f   UefiShellLevel2CommandsLib:Map.obj
 0001:00024e5c       PerformMappingDisplay2     000000000002511c f   UefiShellLevel2CommandsLib:Map.obj
 0001:00024fbc       PerformMappingDelete       000000000002527c f   UefiShellLevel2CommandsLib:Map.obj
 0001:000251f0       AddMappingFromMapping      00000000000254b0 f   UefiShellLevel2CommandsLib:Map.obj
 0001:00025304       AddMappingFromHandle       00000000000255c4 f   UefiShellLevel2CommandsLib:Map.obj
 0001:00025440       ShellCommandRunMap         0000000000025700 f   UefiShellLevel2CommandsLib:Map.obj
 0001:00025ad4       CopySingleFile             0000000000025d94 f   UefiShellLevel2CommandsLib:Cp.obj
 0001:000260b8       ValidateAndCopyFiles       0000000000026378 f   UefiShellLevel2CommandsLib:Cp.obj
 0001:00026934       ProcessValidateAndCopyFiles 0000000000026bf4 f   UefiShellLevel2CommandsLib:Cp.obj
 0001:00026b18       ShellCommandRunCp          0000000000026dd8 f   UefiShellLevel2CommandsLib:Cp.obj
 0001:00026fc0       HandleVol                  0000000000027280 f   UefiShellLevel2CommandsLib:Vol.obj
 0001:00027500       ShellCommandRunVol         00000000000277c0 f   UefiShellLevel2CommandsLib:Vol.obj
 0001:00027844       IsDirectoryEmpty           0000000000027b04 f   UefiShellLevel2CommandsLib:Rm.obj
 0001:0002793c       CascadeDelete              0000000000027bfc f   UefiShellLevel2CommandsLib:Rm.obj
 0001:00027d24       IsValidDeleteTarget        0000000000027fe4 f   UefiShellLevel2CommandsLib:Rm.obj
 0001:00027e7c       ShellCommandRunRm          000000000002813c f   UefiShellLevel2CommandsLib:Rm.obj
 0001:00028190       ShellCommandRunSet         0000000000028450 f   UefiShellLevel2CommandsLib:Set.obj
 0001:000285b0       ShellCommandRunMkDir       0000000000028870 f   UefiShellLevel2CommandsLib:MkDir.obj
 0001:000288fc       IsBetweenFileSystem        0000000000028bbc f   UefiShellLevel2CommandsLib:Mv.obj
 0001:000289b8       IsSoucePathValid           0000000000028c78 f   UefiShellLevel2CommandsLib:Mv.obj
 0001:00028b08       IsValidMove                0000000000028dc8 f   UefiShellLevel2CommandsLib:Mv.obj
 0001:00028ca0       GetDestinationLocation     0000000000028f60 f   UefiShellLevel2CommandsLib:Mv.obj
 0001:00029024       CreateFullDestPath         00000000000292e4 f   UefiShellLevel2CommandsLib:Mv.obj
 0001:00029110       MoveWithinFileSystems      00000000000293d0 f   UefiShellLevel2CommandsLib:Mv.obj
 0001:00029288       ValidateAndMoveFiles       0000000000029548 f   UefiShellLevel2CommandsLib:Mv.obj
 0001:00029a68       ShellCommandRunMv          0000000000029d28 f   UefiShellLevel2CommandsLib:Mv.obj
 0001:00029eac       ShellCommandGetManFileNameLevel1 000000000002a16c f   UefiShellLevel1CommandsLib:UefiShellLevel1CommandsLib.obj
 0001:00029eb4       ShellLevel1CommandsLibConstructor 000000000002a174 f   UefiShellLevel1CommandsLib:UefiShellLevel1CommandsLib.obj
 0001:0002a108       TestNodeForMove            000000000002a3c8 f   UefiShellLevel1CommandsLib:UefiShellLevel1CommandsLib.obj
 0001:0002a258       MoveToTag                  000000000002a518 f   UefiShellLevel1CommandsLib:UefiShellLevel1CommandsLib.obj
 0001:0002a3a0       IsNextFragment             000000000002a660 f   UefiShellLevel1CommandsLib:If.obj
 0001:0002a454       TestOperation              000000000002a714 f   UefiShellLevel1CommandsLib:If.obj
 0001:0002a9b0       ProcessStatement           000000000002ac70 f   UefiShellLevel1CommandsLib:If.obj
 0001:0002b5dc       BuildNextStatement         000000000002b89c f   UefiShellLevel1CommandsLib:If.obj
 0001:0002b6d0       MoveToTagSpecial           000000000002b990 f   UefiShellLevel1CommandsLib:If.obj
 0001:0002b83c       ShellCommandRunIf          000000000002bafc f   UefiShellLevel1CommandsLib:If.obj
 0001:0002bd18       ShellCommandRunElse        000000000002bfd8 f   UefiShellLevel1CommandsLib:If.obj
 0001:0002bf20       ShellCommandRunEndIf       000000000002c1e0 f   UefiShellLevel1CommandsLib:If.obj
 0001:0002c088       ShellCommandRunStall       000000000002c348 f   UefiShellLevel1CommandsLib:Stall.obj
 0001:0002c2c4       ShellIsValidForNumber      000000000002c584 f   UefiShellLevel1CommandsLib:For.obj
 0001:0002c368       ShellCommandRunEndFor      000000000002c628 f   UefiShellLevel1CommandsLib:For.obj
 0001:0002c4c8       InternalUpdateAliasOnList  000000000002c788 f   UefiShellLevel1CommandsLib:For.obj
 0001:0002c648       InternalIsAliasOnList      000000000002c908 f   UefiShellLevel1CommandsLib:For.obj
 0001:0002c708       InternalRemoveAliasFromList 000000000002c9c8 f   UefiShellLevel1CommandsLib:For.obj
 0001:0002c7ec       ReturnUintn                000000000002caac f   UefiShellLevel1CommandsLib:For.obj
 0001:0002c818       ShellCommandRunFor         000000000002cad8 f   UefiShellLevel1CommandsLib:For.obj
 0001:0002d590       ShellCommandRunShift       000000000002d850 f   UefiShellLevel1CommandsLib:Shift.obj
 0001:0002d6b0       ShellCommandRunGoto        000000000002d970 f   UefiShellLevel1CommandsLib:Goto.obj
 0001:0002d95c       ShellCommandRunExit        000000000002dc1c f   UefiShellLevel1CommandsLib:Exit.obj
 0001:0002db94       ShellCommandGetManFileNameLevel3 000000000002de54 f   UefiShellLevel3CommandsLib:UefiShellLevel3CommandsLib.obj
 0001:0002db9c       ShellLevel3CommandsLibConstructor 000000000002de5c f   UefiShellLevel3CommandsLib:UefiShellLevel3CommandsLib.obj
 0001:0002eaa0       LexicalInsertIntoList      000000000002ed60 f   UefiShellLevel3CommandsLib:Help.obj
 0001:0002ebcc       PrintDynamicCommandHelp    000000000002ee8c f   UefiShellLevel3CommandsLib:Help.obj
 0001:0002ed64       ShellCommandRunHelp        000000000002f024 f   UefiShellLevel3CommandsLib:Help.obj
 0001:0002f3b8       TypeFileByHandle           000000000002f678 f   UefiShellLevel3CommandsLib:Type.obj
 0001:0002f5f4       ShellCommandRunType        000000000002f8b4 f   UefiShellLevel3CommandsLib:Type.obj
 0001:0002fa70       ShellCommandRunEcho        000000000002fd30 f   UefiShellLevel3CommandsLib:Echo.obj
 0001:0002fcb4       ShellCommandRunPause       000000000002ff74 f   UefiShellLevel3CommandsLib:Pause.obj
 0001:0002ff18       TouchFileByHandle          00000000000301d8 f   UefiShellLevel3CommandsLib:Touch.obj
 0001:0002ffe0       DoTouchByHandle            00000000000302a0 f   UefiShellLevel3CommandsLib:Touch.obj
 0001:00030240       ShellCommandRunTouch       0000000000030500 f   UefiShellLevel3CommandsLib:Touch.obj
 0001:000305d8       ShellCommandRunGetMtc      0000000000030898 f   UefiShellLevel3CommandsLib:GetMtc.obj
 0001:000307a0       ShellCommandRunVer         0000000000030a60 f   UefiShellLevel3CommandsLib:Ver.obj
 0001:00030b34       PrintSingleShellAlias      0000000000030df4 f   UefiShellLevel3CommandsLib:Alias.obj
 0001:00030bf4       PrintAllShellAlias         0000000000030eb4 f   UefiShellLevel3CommandsLib:Alias.obj
 0001:00030ca4       ShellLevel3CommandsLibSetAlias 0000000000030f64 f   UefiShellLevel3CommandsLib:Alias.obj
 0001:00030d88       ShellCommandRunAlias       0000000000031048 f   UefiShellLevel3CommandsLib:Alias.obj
 0001:00031068       ShellCommandRunCls         0000000000031328 f   UefiShellLevel3CommandsLib:Cls.obj
 0001:00031590       ShellCommandGetManFileNameDriver1 0000000000031850 f   UefiShellDriver1CommandsLib:UefiShellDriver1CommandsLib.obj
 0001:00031598       UefiShellDriver1CommandsLibConstructor 0000000000031858 f   UefiShellDriver1CommandsLib:UefiShellDriver1CommandsLib.obj
 0001:00031864       ShellConnectFromDevPaths   0000000000031b24 f   UefiShellDriver1CommandsLib:Connect.obj
 0001:00031bc4       ConvertAndConnectControllers 0000000000031e84 f   UefiShellDriver1CommandsLib:Connect.obj
 0001:00031e44       ShellCommandRunConnect     0000000000032104 f   UefiShellDriver1CommandsLib:Connect.obj
 0001:00032338       GetDeviceHandleInfo        00000000000325f8 f   UefiShellDriver1CommandsLib:Devices.obj
 0001:00032570       ShellCommandRunDevices     0000000000032830 f   UefiShellDriver1CommandsLib:Devices.obj
 0001:000329a4       ShellCommandRunUnload      0000000000032c64 f   UefiShellDriver1CommandsLib:Unload.obj
 0001:000330fc       ShellCommandRunReconnect   00000000000333bc f   UefiShellDriver1CommandsLib:Reconnect.obj
 0001:000332a8       TraverseHandleDatabase     0000000000033568 f   UefiShellDriver1CommandsLib:OpenInfo.obj
 0001:00033548       ShellCommandRunOpenInfo    0000000000033808 f   UefiShellDriver1CommandsLib:OpenInfo.obj
 0001:000337d4       GetDevicePathTextForHandle 0000000000033a94 f   UefiShellDriver1CommandsLib:Drivers.obj
 0001:00033900       GetImageNameFromHandle     0000000000033bc0 f   UefiShellDriver1CommandsLib:Drivers.obj
 0001:00033a90       ShellCommandRunDrivers     0000000000033d50 f   UefiShellDriver1CommandsLib:Drivers.obj
 0001:0003413c       DoDiagnostics              00000000000343fc f   UefiShellDriver1CommandsLib:DrvDiag.obj
 0001:00034798       ShellCommandRunDrvDiag     0000000000034a58 f   UefiShellDriver1CommandsLib:DrvDiag.obj
 0001:00034c44       ConvertStrToGuid           0000000000034f04 f   UefiShellDriver1CommandsLib:Dh.obj
 0001:00034dd8       GetDriverName              0000000000035098 f   UefiShellDriver1CommandsLib:Dh.obj
 0001:00034ec8       GetProtocolInfoString      0000000000035188 f   UefiShellDriver1CommandsLib:Dh.obj
 0001:000351fc       GetDriverImageName         00000000000354bc f   UefiShellDriver1CommandsLib:Dh.obj
 0001:00035270       DisplayDriverModelHandle   0000000000035530 f   UefiShellDriver1CommandsLib:Dh.obj
 0001:00035c54       DoDhByHandle               0000000000035f14 f   UefiShellDriver1CommandsLib:Dh.obj
 0001:00035e4c       DoDhByProtocolGuid         000000000003610c f   UefiShellDriver1CommandsLib:Dh.obj
 0001:00035f54       DoDecodeByProtocol         0000000000036214 f   UefiShellDriver1CommandsLib:Dh.obj
 0001:00036158       ShellCommandRunDh          0000000000036418 f   UefiShellDriver1CommandsLib:Dh.obj
 0001:000365f4       DoDevTreeForHandle         00000000000368b4 f   UefiShellDriver1CommandsLib:DevTree.obj
 0001:00036824       ShellCommandRunDevTree     0000000000036ae4 f   UefiShellDriver1CommandsLib:DevTree.obj
 0001:00036bf8       FindHiiHandleViaDevPath    0000000000036eb8 f   UefiShellDriver1CommandsLib:DrvCfg.obj
 0001:00036e74       ConfigToFile               0000000000037134 f   UefiShellDriver1CommandsLib:DrvCfg.obj
 0001:0003710c       ConfigFromFile             00000000000373cc f   UefiShellDriver1CommandsLib:DrvCfg.obj
 0001:00037560       ShellCmdDriverConfigurationProcessActionRequired 0000000000037820 f   UefiShellDriver1CommandsLib:DrvCfg.obj
 0001:000377a4       PreHiiDrvCfg               0000000000037a64 f   UefiShellDriver1CommandsLib:DrvCfg.obj
 0001:000380a8       PrintConfigInfoOnAll       0000000000038368 f   UefiShellDriver1CommandsLib:DrvCfg.obj
 0001:0003819c       ShellCommandRunDrvCfg      000000000003845c f   UefiShellDriver1CommandsLib:DrvCfg.obj
 0001:00038958       ShellCommandRunDisconnect  0000000000038c18 f   UefiShellDriver1CommandsLib:Disconnect.obj
 0001:00038e94       ShellCommandGetManFileNameDebug1 0000000000039154 f   UefiShellDebug1CommandsLib:UefiShellDebug1CommandsLib.obj
 0001:00038e9c       UefiShellDebug1CommandsLibConstructor 000000000003915c f   UefiShellDebug1CommandsLib:UefiShellDebug1CommandsLib.obj
 0001:000392d8       GetSystemConfigurationTable 0000000000039598 f   UefiShellDebug1CommandsLib:UefiShellDebug1CommandsLib.obj
 0001:0003937c       EditorClearLine            000000000003963c f   UefiShellDebug1CommandsLib:UefiShellDebug1CommandsLib.obj
 0001:0003945c       IsValidFileName            000000000003971c f   UefiShellDebug1CommandsLib:UefiShellDebug1CommandsLib.obj
 0001:00039504       EditGetDefaultFileName     00000000000397c4 f   UefiShellDebug1CommandsLib:UefiShellDebug1CommandsLib.obj
 0001:00039574       DisplayMmioMemory          0000000000039834 f   UefiShellDebug1CommandsLib:Dmem.obj
 0001:0003969c       DisplayRtProperties        000000000003995c f   UefiShellDebug1CommandsLib:Dmem.obj
 0001:0003985c       GetImageExecutionInfo      0000000000039b1c f   UefiShellDebug1CommandsLib:Dmem.obj
 0001:00039994       DisplayConformanceProfiles 0000000000039c54 f   UefiShellDebug1CommandsLib:Dmem.obj
 0001:00039b68       ShellCommandRunDmem        0000000000039e28 f   UefiShellDebug1CommandsLib:Dmem.obj
 0001:0003a508       PciPrintClassCode          000000000003a7c8 f   UefiShellDebug1CommandsLib:Pci.obj
 0001:0003a62c       ShellCommandRunPci         000000000003a8ec f   UefiShellDebug1CommandsLib:Pci.obj
 0001:0003b984       PciFindProtocolInterface   000000000003bc44 f   UefiShellDebug1CommandsLib:Pci.obj
 0001:0003ba7c       PciGetProtocolAndResource  000000000003bd3c f   UefiShellDebug1CommandsLib:Pci.obj
 0001:0003bad8       PciExplainPci              000000000003bd98 f   UefiShellDebug1CommandsLib:Pci.obj
 0001:0003bd88       PciExplainStatus           000000000003c048 f   UefiShellDebug1CommandsLib:Pci.obj
 0001:0003bfc8       PciExplainCommand          000000000003c288 f   UefiShellDebug1CommandsLib:Pci.obj
 0001:0003c1c4       ExplainPcieCapReg          000000000003c484 f   UefiShellDebug1CommandsLib:Pci.obj
 0001:0003c298       ExplainPcieDeviceCap       000000000003c558 f   UefiShellDebug1CommandsLib:Pci.obj
 0001:0003c4c8       ExplainPcieDeviceControl   000000000003c788 f   UefiShellDebug1CommandsLib:Pci.obj
 0001:0003c6b8       ExplainPcieDeviceStatus    000000000003c978 f   UefiShellDebug1CommandsLib:Pci.obj
 0001:0003c780       ExplainPcieLinkCap         000000000003ca40 f   UefiShellDebug1CommandsLib:Pci.obj
 0001:0003c95c       ExplainPcieLinkControl     000000000003cc1c f   UefiShellDebug1CommandsLib:Pci.obj
 0001:0003cabc       ExplainPcieLinkStatus      000000000003cd7c f   UefiShellDebug1CommandsLib:Pci.obj
 0001:0003cbf8       ExplainPcieSlotCap         000000000003ceb8 f   UefiShellDebug1CommandsLib:Pci.obj
 0001:0003cd68       ExplainPcieSlotControl     000000000003d028 f   UefiShellDebug1CommandsLib:Pci.obj
 0001:0003ceec       ExplainPcieSlotStatus      000000000003d1ac f   UefiShellDebug1CommandsLib:Pci.obj
 0001:0003d03c       ExplainPcieRootControl     000000000003d2fc f   UefiShellDebug1CommandsLib:Pci.obj
 0001:0003d0e8       ExplainPcieRootCap         000000000003d3a8 f   UefiShellDebug1CommandsLib:Pci.obj
 0001:0003d110       ExplainPcieRootStatus      000000000003d3d0 f   UefiShellDebug1CommandsLib:Pci.obj
 0001:0003d178       PrintInterpretedExtendedCompatibilityAcs 000000000003d438 f   UefiShellDebug1CommandsLib:Pci.obj
 0001:0003d24c       PrintInterpretedExtendedCompatibilityDynamicPowerAllocation 000000000003d50c f   UefiShellDebug1CommandsLib:Pci.obj
 0001:0003d334       PrintInterpretedExtendedCompatibilityLinkDeclaration 000000000003d5f4 f   UefiShellDebug1CommandsLib:Pci.obj
 0001:0003d400       PrintInterpretedExtendedCompatibilityAer 000000000003d6c0 f   UefiShellDebug1CommandsLib:Pci.obj
 0001:0003d4ec       PrintInterpretedExtendedCompatibilityVirtualChannel 000000000003d7ac f   UefiShellDebug1CommandsLib:Pci.obj
 0001:0003d60c       PrintInterpretedExtendedCompatibilityTph 000000000003d8cc f   UefiShellDebug1CommandsLib:Pci.obj
 0001:0003d6b8       PrintInterpretedExtendedCompatibilitySecondary 000000000003d978 f   UefiShellDebug1CommandsLib:Pci.obj
 0001:0003d76c       PrintPciExtendedCapabilityDetails 000000000003da2c f   UefiShellDebug1CommandsLib:Pci.obj
 0001:0003db4c       PciExplainPciExpress       000000000003de0c f   UefiShellDebug1CommandsLib:Pci.obj
 0001:0003dccc       ShellCommandRunHexEdit     000000000003df8c f   UefiShellDebug1CommandsLib:HexEdit.obj
 0001:0003e3ac       AddMemoryLength            000000000003e66c f   UefiShellDebug1CommandsLib:MemMap.obj
 0001:0003e458       ShellCommandRunMemMap      000000000003e718 f   UefiShellDebug1CommandsLib:MemMap.obj
 0001:0003f414       DisplayTheBlocks           000000000003f6d4 f   UefiShellDebug1CommandsLib:Dblk.obj
 0001:0003f614       ShellCommandRunDblk        000000000003f8d4 f   UefiShellDebug1CommandsLib:Dblk.obj
 0001:0003fa14       DisplaySettings            000000000003fcd4 f   UefiShellDebug1CommandsLib:SerMode.obj
 0001:0003fc88       ShellCommandRunSerMode     000000000003ff48 f   UefiShellDebug1CommandsLib:SerMode.obj
 0001:000403d4       ShellCommandRunEfiDecompress 0000000000040694 f   UefiShellDebug1CommandsLib:EfiDecompress.obj
 0001:00040abc       ShellCommandRunEfiCompress 0000000000040d7c f   UefiShellDebug1CommandsLib:EfiCompress.obj
 0001:00041050       ShellMmDecodePciAddress    0000000000041310 f   UefiShellDebug1CommandsLib:Mm.obj
 0001:000410e0       ShellMmAccess              00000000000413a0 f   UefiShellDebug1CommandsLib:Mm.obj
 0001:000418ec       ShellMmLocateIoProtocol    0000000000041bac f   UefiShellDebug1CommandsLib:Mm.obj
 0001:00041ab4       ShellCommandRunMm          0000000000041d74 f   UefiShellDebug1CommandsLib:Mm.obj
 0001:000421dc       PrintDifferentPoint        000000000004249c f   UefiShellDebug1CommandsLib:Comp.obj
 0001:00042378       ShellCommandRunComp        0000000000042638 f   UefiShellDebug1CommandsLib:Comp.obj
 0001:00042d9c       ShellCommandRunSmbiosView  000000000004305c f   UefiShellDebug1CommandsLib:SmbiosView.obj
 0001:000443ec       SMBiosView                 00000000000446ac f   UefiShellDebug1CommandsLib:SmbiosView.obj
 0001:000446f4       SMBios64View               00000000000449b4 f   UefiShellDebug1CommandsLib:SmbiosView.obj
 0001:000449f4       InitSmbiosTableStatistics  0000000000044cb4 f   UefiShellDebug1CommandsLib:SmbiosView.obj
 0001:00044b94       CalculateSmbios64BitStructureCountAndLength 0000000000044e54 f   UefiShellDebug1CommandsLib:SmbiosView.obj
 0001:00044c38       InitSmbios64BitTableStatistics 0000000000044ef8 f   UefiShellDebug1CommandsLib:SmbiosView.obj
 0001:00044df4       DisplayStatisticsTable     00000000000450b4 f   UefiShellDebug1CommandsLib:SmbiosView.obj
 0001:00044fb8       DisplaySmbios64BitStatisticsTable 0000000000045278 f   UefiShellDebug1CommandsLib:SmbiosView.obj
 0001:0004517c       GetShowTypeString          000000000004543c f   UefiShellDebug1CommandsLib:SmbiosView.obj
 0001:000451cc       ShellCommandRunLoadPciRom  000000000004548c f   UefiShellDebug1CommandsLib:LoadPciRom.obj
 0001:000455bc       LoadEfiDriversFromRomImage 000000000004587c f   UefiShellDebug1CommandsLib:LoadPciRom.obj
 0001:00045964       ShellCommandRunSetSize     0000000000045c24 f   UefiShellDebug1CommandsLib:SetSize.obj
 0001:00045d28       GetAttrType                0000000000045fe8 f   UefiShellDebug1CommandsLib:DmpStore.obj
 0001:00045e50       LoadVariablesFromFile      0000000000046110 f   UefiShellDebug1CommandsLib:DmpStore.obj
 0001:000462a0       AppendSingleVariableToFile 0000000000046560 f   UefiShellDebug1CommandsLib:DmpStore.obj
 0001:000463c4       CascadeProcessVariables    0000000000046684 f   UefiShellDebug1CommandsLib:DmpStore.obj
 0001:00046a84       ProcessVariables           0000000000046d44 f   UefiShellDebug1CommandsLib:DmpStore.obj
 0001:00046c64       ShellCommandRunDmpStore    0000000000046f24 f   UefiShellDebug1CommandsLib:DmpStore.obj
 0001:00048190       TestDataType               0000000000048450 f   UefiShellDebug1CommandsLib:SetVar.obj
 0001:000482f0       ParseParameterData         00000000000485b0 f   UefiShellDebug1CommandsLib:SetVar.obj
 0001:000485f4       GetVariableDataFromParameter 00000000000488b4 f   UefiShellDebug1CommandsLib:SetVar.obj
 0001:0004880c       ShellCommandRunSetVar      0000000000048acc f   UefiShellDebug1CommandsLib:SetVar.obj
 0001:00048c90       ShellCommandRunEdit        0000000000048f50 f   UefiShellDebug1CommandsLib:Edit.obj
 0001:00049040       ShellCommandRunMode        0000000000049300 f   UefiShellDebug1CommandsLib:Mode.obj
 0001:00049430       HMainCommandDisplayHelp    00000000000496f0 f   UefiShellDebug1CommandsLib:MainHexEditor.obj
 0001:00049530       HMainCommandGoToOffset     00000000000497f0 f   UefiShellDebug1CommandsLib:MainHexEditor.obj
 0001:0004961c       HMainCommandSaveBuffer     00000000000498dc f   UefiShellDebug1CommandsLib:MainHexEditor.obj
 0001:000499a8       HMainCommandSelectStart    0000000000049c68 f   UefiShellDebug1CommandsLib:MainHexEditor.obj
 0001:00049a18       HMainCommandSelectEnd      0000000000049cd8 f   UefiShellDebug1CommandsLib:MainHexEditor.obj
 0001:00049a94       HMainCommandCut            0000000000049d54 f   UefiShellDebug1CommandsLib:MainHexEditor.obj
 0001:00049b60       HMainCommandPaste          0000000000049e20 f   UefiShellDebug1CommandsLib:MainHexEditor.obj
 0001:00049c04       HMainCommandExit           0000000000049ec4 f   UefiShellDebug1CommandsLib:MainHexEditor.obj
 0001:00049d14       HMainCommandOpenFile       0000000000049fd4 f   UefiShellDebug1CommandsLib:MainHexEditor.obj
 0001:0004a044       HMainCommandOpenDisk       000000000004a304 f   UefiShellDebug1CommandsLib:MainHexEditor.obj
 0001:0004a398       HMainCommandOpenMemory     000000000004a658 f   UefiShellDebug1CommandsLib:MainHexEditor.obj
 0001:0004a6b4       HMainEditorInit            000000000004a974 f   UefiShellDebug1CommandsLib:MainHexEditor.obj
 0001:0004a990       HMainEditorCleanup         000000000004ac50 f   UefiShellDebug1CommandsLib:MainHexEditor.obj
 0001:0004ab38       HMainEditorRefresh         000000000004adf8 f   UefiShellDebug1CommandsLib:MainHexEditor.obj
 0001:0004adac       HMainEditorHandleMouseInput 000000000004b06c f   UefiShellDebug1CommandsLib:MainHexEditor.obj
 0001:0004b000       HMainEditorKeyInput        000000000004b2c0 f   UefiShellDebug1CommandsLib:MainHexEditor.obj
 0001:0004b3dc       HMainEditorBackup          000000000004b69c f   UefiShellDebug1CommandsLib:MainHexEditor.obj
 0001:0004b510       StatusBarRefresh           000000000004b7d0 f   UefiShellDebug1CommandsLib:EditStatusBar.obj
 0001:0004b690       StatusBarSetStatusString   000000000004b950 f   UefiShellDebug1CommandsLib:EditStatusBar.obj
 0001:0004b6f0       HBufferImageInit           000000000004b9b0 f   UefiShellDebug1CommandsLib:BufferImage.obj
 0001:0004b898       HBufferImageFreeLines      000000000004bb58 f   UefiShellDebug1CommandsLib:BufferImage.obj
 0001:0004b920       HBufferImagePrintLine      000000000004bbe0 f   UefiShellDebug1CommandsLib:BufferImage.obj
 0001:0004bce4       HBufferImageIsAtHighBits   000000000004bfa4 f   UefiShellDebug1CommandsLib:BufferImage.obj
 0001:0004bd40       HBufferImageIsInSelectedArea 000000000004c000 f   UefiShellDebug1CommandsLib:BufferImage.obj
 0001:0004be08       HBufferImageRestoreMousePosition 000000000004c0c8 f   UefiShellDebug1CommandsLib:BufferImage.obj
 0001:0004c0fc       HBufferImageRefresh        000000000004c3bc f   UefiShellDebug1CommandsLib:BufferImage.obj
 0001:0004c3f4       HBufferImageRead           000000000004c6b4 f   UefiShellDebug1CommandsLib:BufferImage.obj
 0001:0004c488       HBufferImageSave           000000000004c748 f   UefiShellDebug1CommandsLib:BufferImage.obj
 0001:0004c4fc       HBufferImageCreateLine     000000000004c7bc f   UefiShellDebug1CommandsLib:BufferImage.obj
 0001:0004c58c       HBufferImageAddChar        000000000004c84c f   UefiShellDebug1CommandsLib:BufferImage.obj
 0001:0004c6b0       HBufferImageDoCharInput    000000000004c970 f   UefiShellDebug1CommandsLib:BufferImage.obj
 0001:0004c79c       HBufferImageMovePosition   000000000004ca5c f   UefiShellDebug1CommandsLib:BufferImage.obj
 0001:0004c8bc       HBufferImageScrollDown     000000000004cb7c f   UefiShellDebug1CommandsLib:BufferImage.obj
 0001:0004c960       HBufferImagePageDown       000000000004cc20 f   UefiShellDebug1CommandsLib:BufferImage.obj
 0001:0004ca0c       HBufferImageGetTotalSize   000000000004cccc f   UefiShellDebug1CommandsLib:BufferImage.obj
 0001:0004ca70       HBufferImageDeleteCharacterFromBuffer 000000000004cd30 f   UefiShellDebug1CommandsLib:BufferImage.obj
 0001:0004cc2c       HBufferImageAddCharacterToBuffer 000000000004ceec f   UefiShellDebug1CommandsLib:BufferImage.obj
 0001:0004cdc4       HBufferImageBufferToList   000000000004d084 f   UefiShellDebug1CommandsLib:BufferImage.obj
 0001:0004ce64       HBufferImageListToBuffer   000000000004d124 f   UefiShellDebug1CommandsLib:BufferImage.obj
 0001:0004cf18       HBufferImageAdjustMousePosition 000000000004d1d8 f   UefiShellDebug1CommandsLib:BufferImage.obj
 0001:0004cfd8       HBufferImageHandleInput    000000000004d298 f   UefiShellDebug1CommandsLib:BufferImage.obj
 0001:0004d284       PutDword                   000000000004d544 f   UefiShellDebug1CommandsLib:Compress.obj
 0001:0004d2e8       FreeMemory                 000000000004d5a8 f   UefiShellDebug1CommandsLib:Compress.obj
 0001:0004d3bc       InitSlide                  000000000004d67c f   UefiShellDebug1CommandsLib:Compress.obj
 0001:0004d468       Child                      000000000004d728 f   UefiShellDebug1CommandsLib:Compress.obj
 0001:0004d4b0       InsertNode                 000000000004d770 f   UefiShellDebug1CommandsLib:Compress.obj
 0001:0004d8c4       DeleteNode                 000000000004db84 f   UefiShellDebug1CommandsLib:Compress.obj
 0001:0004da9c       FreadCrc                   000000000004dd5c f   UefiShellDebug1CommandsLib:Compress.obj
 0001:0004db28       GetNextMatch               000000000004dde8 f   UefiShellDebug1CommandsLib:Compress.obj
 0001:0004dbe4       DownHeap                   000000000004dea4 f   UefiShellDebug1CommandsLib:Compress.obj
 0001:0004dc8c       CountLen                   000000000004df4c f   UefiShellDebug1CommandsLib:Compress.obj
 0001:0004dd08       MakeTree                   000000000004dfc8 f   UefiShellDebug1CommandsLib:Compress.obj
 0001:0004e004       PutBits                    000000000004e2c4 f   UefiShellDebug1CommandsLib:Compress.obj
 0001:0004e0a8       CountTFreq                 000000000004e368 f   UefiShellDebug1CommandsLib:Compress.obj
 0001:0004e1f4       WritePTLen                 000000000004e4b4 f   UefiShellDebug1CommandsLib:Compress.obj
 0001:0004e2bc       WriteCLen                  000000000004e57c f   UefiShellDebug1CommandsLib:Compress.obj
 0001:0004e42c       SendBlock                  000000000004e6ec f   UefiShellDebug1CommandsLib:Compress.obj
 0001:0004e66c       CompressOutput             000000000004e92c f   UefiShellDebug1CommandsLib:Compress.obj
 0001:0004e75c       Encode                     000000000004ea1c f   UefiShellDebug1CommandsLib:Compress.obj
 0001:0004e9b8       Compress                   000000000004ec78 f   UefiShellDebug1CommandsLib:Compress.obj
 0001:0004eb04       SmbiosPrintEPSInfo         000000000004edc4 f   UefiShellDebug1CommandsLib:PrintInfo.obj
 0001:0004edc0       Smbios64BitPrintEPSInfo    000000000004f080 f   UefiShellDebug1CommandsLib:PrintInfo.obj
 0001:0004efa0       SmbiosPrintStructure       000000000004f260 f   UefiShellDebug1CommandsLib:PrintInfo.obj
 0001:000532a0       DisplayBiosCharacteristics 0000000000053560 f   UefiShellDebug1CommandsLib:PrintInfo.obj
 0001:000537d4       DisplayBiosCharacteristicsExt1 0000000000053a94 f   UefiShellDebug1CommandsLib:PrintInfo.obj
 0001:00053954       DisplayBiosCharacteristicsExt2 0000000000053c14 f   UefiShellDebug1CommandsLib:PrintInfo.obj
 0001:00053b24       DisplayProcessorFamily     0000000000053de4 f   UefiShellDebug1CommandsLib:PrintInfo.obj
 0001:000549c4       DisplayProcessorFamily2    0000000000054c84 f   UefiShellDebug1CommandsLib:PrintInfo.obj
 0001:00054d08       DisplayProcessorVoltage    0000000000054fc8 f   UefiShellDebug1CommandsLib:PrintInfo.obj
 0001:00054e94       DisplayProcessorStatus     0000000000055154 f   UefiShellDebug1CommandsLib:PrintInfo.obj
 0001:00054ff0       DisplayMaxMemoryModuleSize 00000000000552b0 f   UefiShellDebug1CommandsLib:PrintInfo.obj
 0001:000550cc       DisplayMemoryModuleConfigHandles 000000000005538c f   UefiShellDebug1CommandsLib:PrintInfo.obj
 0001:0005518c       DisplayMmBankConnections   000000000005544c f   UefiShellDebug1CommandsLib:PrintInfo.obj
 0001:00055254       DisplayMmMemorySize        0000000000055514 f   UefiShellDebug1CommandsLib:PrintInfo.obj
 0001:0005534c       DisplayCacheConfiguration  000000000005560c f   UefiShellDebug1CommandsLib:PrintInfo.obj
 0001:0005555c       DisplaySystemSlotId        000000000005581c f   UefiShellDebug1CommandsLib:PrintInfo.obj
 0001:000556c8       DisplaySystemBootStatus    0000000000055988 f   UefiShellDebug1CommandsLib:PrintInfo.obj
 0001:000557f4       DisplaySBDSManufactureDate 0000000000055ab4 f   UefiShellDebug1CommandsLib:PrintInfo.obj
 0001:00055890       DisplaySystemResetCapabilities 0000000000055b50 f   UefiShellDebug1CommandsLib:PrintInfo.obj
 0001:00055a54       DisplayHardwareSecuritySettings 0000000000055d14 f   UefiShellDebug1CommandsLib:PrintInfo.obj
 0001:00055c70       DisplayOBRAConnections     0000000000055f30 f   UefiShellDebug1CommandsLib:PrintInfo.obj
 0001:00055d4c       DisplaySPSCharacteristics  000000000005600c f   UefiShellDebug1CommandsLib:PrintInfo.obj
 0001:00056078       DisplayTpmDeviceCharacteristics 0000000000056338 f   UefiShellDebug1CommandsLib:PrintInfo.obj
 0001:000561d0       LibGetSmbiosString         0000000000056490 f   UefiShellDebug1CommandsLib:LibSmbiosView.obj
 0001:00056250       LibGetSmbiosStructure      0000000000056510 f   UefiShellDebug1CommandsLib:LibSmbiosView.obj
 0001:00056348       LibGetSmbios64BitStructure 0000000000056608 f   UefiShellDebug1CommandsLib:LibSmbiosView.obj
 0001:00056440       MainCommandOpenFile        0000000000056700 f   UefiShellDebug1CommandsLib:MainTextEditor.obj
 0001:0005660c       MainCommandSwitchFileType  00000000000568cc f   UefiShellDebug1CommandsLib:MainTextEditor.obj
 0001:0005664c       MainCommandCutLine         000000000005690c f   UefiShellDebug1CommandsLib:MainTextEditor.obj
 0001:000567b0       MainCommandPasteLine       0000000000056a70 f   UefiShellDebug1CommandsLib:MainTextEditor.obj
 0001:000567dc       MainCommandSearch          0000000000056a9c f   UefiShellDebug1CommandsLib:MainTextEditor.obj
 0001:00056978       MainCommandSearchReplace   0000000000056c38 f   UefiShellDebug1CommandsLib:MainTextEditor.obj
 0001:00056cc0       MainCommandExit            0000000000056f80 f   UefiShellDebug1CommandsLib:MainTextEditor.obj
 0001:00056da8       MainCommandGotoLine        0000000000057068 f   UefiShellDebug1CommandsLib:MainTextEditor.obj
 0001:00056e4c       MainCommandSaveFile        000000000005710c f   UefiShellDebug1CommandsLib:MainTextEditor.obj
 0001:000570c8       MainCommandDisplayHelp     0000000000057388 f   UefiShellDebug1CommandsLib:MainTextEditor.obj
 0001:000571cc       MainEditorInit             000000000005748c f   UefiShellDebug1CommandsLib:MainTextEditor.obj
 0001:0005748c       MainEditorCleanup          000000000005774c f   UefiShellDebug1CommandsLib:MainTextEditor.obj
 0001:000575e8       MainEditorRefresh          00000000000578a8 f   UefiShellDebug1CommandsLib:MainTextEditor.obj
 0001:00057720       MainEditorKeyInput         00000000000579e0 f   UefiShellDebug1CommandsLib:MainTextEditor.obj
 0001:00057b08       MainEditorBackup           0000000000057dc8 f   UefiShellDebug1CommandsLib:MainTextEditor.obj
 0001:00057ba8       FileBufferInit             0000000000057e68 f   UefiShellDebug1CommandsLib:FileBuffer.obj
 0001:00057c90       InternalEditorMiscLineAdvance 0000000000057f50 f   UefiShellDebug1CommandsLib:FileBuffer.obj
 0001:00057d14       InternalEditorMiscLineRetreat 0000000000057fd4 f   UefiShellDebug1CommandsLib:FileBuffer.obj
 0001:00057d98       MoveLine                   0000000000058058 f   UefiShellDebug1CommandsLib:FileBuffer.obj
 0001:00057dd4       FileBufferRestoreMousePosition 0000000000058094 f   UefiShellDebug1CommandsLib:FileBuffer.obj
 0001:00057ff0       FileBufferFreeLines        00000000000582b0 f   UefiShellDebug1CommandsLib:FileBuffer.obj
 0001:00058098       FileBufferPrintLine        0000000000058358 f   UefiShellDebug1CommandsLib:FileBuffer.obj
 0001:000581c0       FileBufferRestorePosition  0000000000058480 f   UefiShellDebug1CommandsLib:FileBuffer.obj
[...]
 0005:00000fe4       $unwind$ConvertAndConnectControllers 00000000000eb7a4     UefiShellDriver1CommandsLib:Connect.obj
 0005:00000ffc       $unwind$ShellCommandRunSetSize 00000000000eb7bc     UefiShellDebug1CommandsLib:SetSize.obj
 0005:00000ffc       $unwind$ShellCommandRunConnect 00000000000eb7bc     UefiShellDriver1CommandsLib:Connect.obj
 0005:00000ffc       $unwind$ShellCommandRunDh  00000000000eb7bc     UefiShellDriver1CommandsLib:Dh.obj
 0005:00000ffc       $unwind$ShellCommandRunDrvDiag 00000000000eb7bc     UefiShellDriver1CommandsLib:DrvDiag.obj
 0005:00001014       $unwind$MainTitleBarRefresh 00000000000eb7d4     UefiShellDebug1CommandsLib:EditTitleBar.obj
 0005:00001014       $unwind$ParseParameterData 00000000000eb7d4     UefiShellDebug1CommandsLib:SetVar.obj
 0005:00001014       $unwind$GetDeviceHandleInfo 00000000000eb7d4     UefiShellDriver1CommandsLib:Devices.obj
 0005:0000102c       $unwind$ShellCommandRunDevices 00000000000eb7ec     UefiShellDriver1CommandsLib:Devices.obj
 0005:00001048       $unwind$ShellCommandRunReconnect 00000000000eb808     UefiShellDriver1CommandsLib:Reconnect.obj
 0005:00001058       $unwind$TraverseHandleDatabase 00000000000eb818     UefiShellDriver1CommandsLib:OpenInfo.obj
 0005:00001070       $unwind$ShellCommandRunOpenInfo 00000000000eb830     UefiShellDriver1CommandsLib:OpenInfo.obj
 0005:00001080       $unwind$GetImageNameFromHandle 00000000000eb840     UefiShellDriver1CommandsLib:Drivers.obj
 0005:0000108c       $unwind$ShellCommandRunDrivers 00000000000eb84c     UefiShellDriver1CommandsLib:Drivers.obj
 0005:000010a8       $unwind$DoDiagnostics      00000000000eb868     UefiShellDriver1CommandsLib:DrvDiag.obj
 0005:000010c4       $unwind$GetDriverName      00000000000eb884     UefiShellDriver1CommandsLib:Dh.obj
 0005:000010d4       $unwind$GetProtocolInfoString 00000000000eb894     UefiShellDriver1CommandsLib:Dh.obj
 0005:000010f4       $unwind$DisplayDriverModelHandle 00000000000eb8b4     UefiShellDriver1CommandsLib:Dh.obj
 0005:0000110c       $unwind$PrintPciExtendedCapabilityDetails 00000000000eb8cc     UefiShellDebug1CommandsLib:Pci.obj
 0005:0000110c       $unwind$DoDhByHandle       00000000000eb8cc     UefiShellDriver1CommandsLib:Dh.obj
 0005:00001120       $unwind$DisplaySystemResetCapabilities 00000000000eb8e0     UefiShellDebug1CommandsLib:PrintInfo.obj
 0005:00001120       $unwind$DoDhByProtocolGuid 00000000000eb8e0     UefiShellDriver1CommandsLib:Dh.obj
 0005:00001120       $unwind$PingGenerateToken  00000000000eb8e0     UefiShellNetwork1CommandsLib:Ping.obj
 0005:0000113c       $unwind$DoDecodeByProtocol 00000000000eb8fc     UefiShellDriver1CommandsLib:Dh.obj
 0005:00001158       $unwind$GetVariableDataFromParameter 00000000000eb918     UefiShellDebug1CommandsLib:SetVar.obj
 0005:00001158       $unwind$ShellCommandRunDevTree 00000000000eb918     UefiShellDriver1CommandsLib:DevTree.obj
 0005:00001170       $unwind$FindHiiHandleViaDevPath 00000000000eb930     UefiShellDriver1CommandsLib:DrvCfg.obj
 0005:00001188       $unwind$ConfigToFile       00000000000eb948     UefiShellDriver1CommandsLib:DrvCfg.obj
 0005:0000119c       $unwind$ConfigFromFile     00000000000eb95c     UefiShellDriver1CommandsLib:DrvCfg.obj
 0005:000011b0       $unwind$PrintConfigInfoOnAll 00000000000eb970     UefiShellDriver1CommandsLib:DrvCfg.obj
 0005:000011c8       $unwind$EditorClearLine    00000000000eb988     UefiShellDebug1CommandsLib:UefiShellDebug1CommandsLib.obj
 0005:000011e8       $unwind$DisplayMmioMemory  00000000000eb9a8     UefiShellDebug1CommandsLib:Dmem.obj
 0005:000011fc       $unwind$DisplayRtProperties 00000000000eb9bc     UefiShellDebug1CommandsLib:Dmem.obj
 0005:0000121c       $unwind$GetImageExecutionInfo 00000000000eb9dc     UefiShellDebug1CommandsLib:Dmem.obj
 0005:00001230       $unwind$DisplayConformanceProfiles 00000000000eb9f0     UefiShellDebug1CommandsLib:Dmem.obj
 0005:00001230       $unwind$InputBarRefresh    00000000000eb9f0     UefiShellDebug1CommandsLib:EditInputBar.obj
 0005:0000124c       $unwind$ShellCommandRunDmem 00000000000eba0c     UefiShellDebug1CommandsLib:Dmem.obj
 0005:00001268       $unwind$ShellCommandRunPci 00000000000eba28     UefiShellDebug1CommandsLib:Pci.obj
 0005:00001284       $unwind$PciFindProtocolInterface 00000000000eba44     UefiShellDebug1CommandsLib:Pci.obj
 0005:000012a0       $unwind$MainCommandOpenFile 00000000000eba60     UefiShellDebug1CommandsLib:MainTextEditor.obj
 0005:000012a0       $unwind$PciExplainCommand  00000000000eba60     UefiShellDebug1CommandsLib:Pci.obj
 0005:000012ac       $unwind$ExplainPcieSlotControl 00000000000eba6c     UefiShellDebug1CommandsLib:Pci.obj
 0005:000012ac       $unwind$QueryTable         00000000000eba6c     UefiShellDebug1CommandsLib:QueryTable.obj
 0005:000012bc       $unwind$PrintInterpretedExtendedCompatibilityDynamicPowerAllocation 00000000000eba7c     UefiShellDebug1CommandsLib:Pci.obj
 0005:000012cc       $unwind$PrintInterpretedExtendedCompatibilityAer 00000000000eba8c     UefiShellDebug1CommandsLib:Pci.obj
 0005:000012dc       $unwind$PrintInterpretedExtendedCompatibilityVirtualChannel 00000000000eba9c     UefiShellDebug1CommandsLib:Pci.obj
 0005:000012ec       $unwind$ShellCommandRunMemMap 00000000000ebaac     UefiShellDebug1CommandsLib:MemMap.obj
 0005:00001308       $unwind$DisplayTheBlocks   00000000000ebac8     UefiShellDebug1CommandsLib:Dblk.obj
 0005:0000131c       $unwind$DisplaySettings    00000000000ebadc     UefiShellDebug1CommandsLib:SerMode.obj
 0005:00001334       $unwind$ShellCommandRunDmpStore 00000000000ebaf4     UefiShellDebug1CommandsLib:DmpStore.obj
 0005:00001334       $unwind$ShellCommandRunEfiCompress 00000000000ebaf4     UefiShellDebug1CommandsLib:EfiCompress.obj
 0005:00001334       $unwind$ShellCommandRunMm  00000000000ebaf4     UefiShellDebug1CommandsLib:Mm.obj
 0005:0000134c       $unwind$ShellMmAccess      00000000000ebb0c     UefiShellDebug1CommandsLib:Mm.obj
 0005:00001368       $unwind$FileBufferReadByte 00000000000ebb28     UefiShellDebug1CommandsLib:Comp.obj
 0005:00001378       $unwind$ShellCommandRunComp 00000000000ebb38     UefiShellDebug1CommandsLib:Comp.obj
 0005:00001394       $unwind$SMBiosView         00000000000ebb54     UefiShellDebug1CommandsLib:SmbiosView.obj
 0005:000013ac       $unwind$SMBios64View       00000000000ebb6c     UefiShellDebug1CommandsLib:SmbiosView.obj
 0005:000013c0       $unwind$InitSmbiosTableStatistics 00000000000ebb80     UefiShellDebug1CommandsLib:SmbiosView.obj
 0005:000013d4       $unwind$InitSmbios64BitTableStatistics 00000000000ebb94     UefiShellDebug1CommandsLib:SmbiosView.obj
 0005:000013e8       $unwind$DisplaySmbios64BitStatisticsTable 00000000000ebba8     UefiShellDebug1CommandsLib:SmbiosView.obj
 0005:000013e8       $unwind$DisplayStatisticsTable 00000000000ebba8     UefiShellDebug1CommandsLib:SmbiosView.obj
 0005:000013fc       $unwind$LoadEfiDriversFromRomImage 00000000000ebbbc     UefiShellDebug1CommandsLib:LoadPciRom.obj
 0005:00001414       $unwind$GetAttrType        00000000000ebbd4     UefiShellDebug1CommandsLib:DmpStore.obj
 0005:00001424       $unwind$LoadVariablesFromFile 00000000000ebbe4     UefiShellDebug1CommandsLib:DmpStore.obj
 0005:0000143c       $unwind$CascadeProcessVariables 00000000000ebbfc     UefiShellDebug1CommandsLib:DmpStore.obj
 0005:00001458       $unwind$ProcessVariables   00000000000ebc18     UefiShellDebug1CommandsLib:DmpStore.obj
 0005:00001470       $unwind$ShellCommandRunEdit 00000000000ebc30     UefiShellDebug1CommandsLib:Edit.obj
 0005:00001480       $unwind$MainCommandDisplayHelp 00000000000ebc40     UefiShellDebug1CommandsLib:MainTextEditor.obj
 0005:00001480       $unwind$HMainCommandDisplayHelp 00000000000ebc40     UefiShellDebug1CommandsLib:MainHexEditor.obj
 0005:00001494       $unwind$HMainCommandSaveBuffer 00000000000ebc54     UefiShellDebug1CommandsLib:MainHexEditor.obj
 0005:000014a8       $unwind$HMainCommandOpenDisk 00000000000ebc68     UefiShellDebug1CommandsLib:MainHexEditor.obj
 0005:000014b8       $unwind$HMainCommandOpenMemory 00000000000ebc78     UefiShellDebug1CommandsLib:MainHexEditor.obj
 0005:000014c4       $unwind$HMainEditorInit    00000000000ebc84     UefiShellDebug1CommandsLib:MainHexEditor.obj
 0005:000014d4       $unwind$HMainEditorHandleMouseInput 00000000000ebc94     UefiShellDebug1CommandsLib:MainHexEditor.obj
 0005:000014ec       $unwind$HBufferImagePrintLine 00000000000ebcac     UefiShellDebug1CommandsLib:BufferImage.obj
 0005:00001504       $unwind$HBufferImageRefresh 00000000000ebcc4     UefiShellDebug1CommandsLib:BufferImage.obj
 0005:00001518       $unwind$DownHeap           00000000000ebcd8     UefiShellDebug1CommandsLib:Compress.obj
 0005:00001530       $unwind$MakeTree           00000000000ebcf0     UefiShellDebug1CommandsLib:Compress.obj
 0005:00001548       $unwind$SmbiosPrintEPSInfo 00000000000ebd08     UefiShellDebug1CommandsLib:PrintInfo.obj
 0005:00001558       $unwind$Smbios64BitPrintEPSInfo 00000000000ebd18     UefiShellDebug1CommandsLib:PrintInfo.obj
 0005:00001568       $unwind$SmbiosPrintStructure 00000000000ebd28     UefiShellDebug1CommandsLib:PrintInfo.obj
 0005:00001580       $unwind$TdIoRead8          00000000000ebd40     BaseIoLibIntrinsicSev:IoLibInternalTdx.obj
 0005:00001580       $unwind$DisplayProcessorFamily 00000000000ebd40     UefiShellDebug1CommandsLib:PrintInfo.obj
 0005:00001580       $unwind$DisplayProcessorFamily2 00000000000ebd40     UefiShellDebug1CommandsLib:PrintInfo.obj
 0005:00001588       $unwind$DisplayMmBankConnections 00000000000ebd48     UefiShellDebug1CommandsLib:PrintInfo.obj
 0005:00001598       $unwind$MainCommandSaveFile 00000000000ebd58     UefiShellDebug1CommandsLib:MainTextEditor.obj
 0005:000015a8       $unwind$MainEditorInit     00000000000ebd68     UefiShellDebug1CommandsLib:MainTextEditor.obj
 0005:000015b8       $unwind$MainEditorRefresh  00000000000ebd78     UefiShellDebug1CommandsLib:MainTextEditor.obj
 0005:000015c0       $unwind$FileBufferRead     00000000000ebd80     UefiShellDebug1CommandsLib:FileBuffer.obj
 0005:000015d8       $unwind$FileBufferReplace  00000000000ebd98     UefiShellDebug1CommandsLib:FileBuffer.obj
 0005:000015ec       $unwind$FileBufferReplaceAll 00000000000ebdac     UefiShellDebug1CommandsLib:FileBuffer.obj
 0005:00001608       $unwind$UpdateOptionalData 00000000000ebdc8     UefiShellBcfgCommandLib:UefiShellBcfgCommandLib.obj
 0005:00001608       $unwind$HDiskImageRead     00000000000ebdc8     UefiShellDebug1CommandsLib:DiskImage.obj
 0005:00001620       $unwind$HFileImageRead     00000000000ebde0     UefiShellDebug1CommandsLib:FileImage.obj
 0005:00001638       $unwind$HFileImageSave     00000000000ebdf8     UefiShellDebug1CommandsLib:FileImage.obj
 0005:00001650       $unwind$DisplayBaseBoardBoardType 00000000000ebe10     UefiShellDebug1CommandsLib:QueryTable.obj
 0005:00001650       $unwind$DisplayCacheAssociativity 00000000000ebe10     UefiShellDebug1CommandsLib:QueryTable.obj
 0005:00001650       $unwind$DisplayCacheErrCorrectingType 00000000000ebe10     UefiShellDebug1CommandsLib:QueryTable.obj
 0005:00001650       $unwind$DisplayCacheSystemCacheType 00000000000ebe10     UefiShellDebug1CommandsLib:QueryTable.obj
 0005:00001650       $unwind$DisplayCoolingDeviceStatus 00000000000ebe10     UefiShellDebug1CommandsLib:QueryTable.obj
 0005:00001650       $unwind$DisplayCoolingDeviceType 00000000000ebe10     UefiShellDebug1CommandsLib:QueryTable.obj
 0005:00001650       $unwind$DisplayECPLoc      00000000000ebe10     UefiShellDebug1CommandsLib:QueryTable.obj
 0005:00001650       $unwind$DisplayECPStatus   00000000000ebe10     UefiShellDebug1CommandsLib:QueryTable.obj
 0005:00001650       $unwind$DisplayFirmwareState 00000000000ebe10     UefiShellDebug1CommandsLib:QueryTable.obj
 0005:00001650       $unwind$DisplayIPMIDIBMCInterfaceType 00000000000ebe10     UefiShellDebug1CommandsLib:QueryTable.obj
 0005:00001650       $unwind$DisplayMCHostInterfaceType 00000000000ebe10     UefiShellDebug1CommandsLib:QueryTable.obj
 0005:00001650       $unwind$DisplayMDAddressType 00000000000ebe10     UefiShellDebug1CommandsLib:QueryTable.obj
 0005:00001650       $unwind$DisplayMDType      00000000000ebe10     UefiShellDebug1CommandsLib:QueryTable.obj
 0005:00001650       $unwind$DisplayMcErrorDetectMethod 00000000000ebe10     UefiShellDebug1CommandsLib:QueryTable.obj
 0005:00001650       $unwind$DisplayMcInterleaveSupport 00000000000ebe10     UefiShellDebug1CommandsLib:QueryTable.obj
 0005:00001650       $unwind$DisplayMemoryChannelType 00000000000ebe10     UefiShellDebug1CommandsLib:QueryTable.obj
 0005:00001650       $unwind$DisplayMemoryDeviceFormFactor 00000000000ebe10     UefiShellDebug1CommandsLib:QueryTable.obj
 0005:00001650       $unwind$DisplayMemoryDeviceMemoryTechnology 00000000000ebe10     UefiShellDebug1CommandsLib:QueryTable.obj
 0005:00001650       $unwind$DisplayMemoryDeviceType 00000000000ebe10     UefiShellDebug1CommandsLib:QueryTable.obj
 0005:00001650       $unwind$DisplayMemoryErrorGranularity 00000000000ebe10     UefiShellDebug1CommandsLib:QueryTable.obj
 0005:00001650       $unwind$DisplayMemoryErrorOperation 00000000000ebe10     UefiShellDebug1CommandsLib:QueryTable.obj
 0005:00001650       $unwind$DisplayMemoryErrorType 00000000000ebe10     UefiShellDebug1CommandsLib:QueryTable.obj
 0005:00001650       $unwind$DisplayOnboardDeviceTypes 00000000000ebe10     UefiShellDebug1CommandsLib:QueryTable.obj
 0005:00001650       $unwind$DisplayPBDeviceChemistry 00000000000ebe10     UefiShellDebug1CommandsLib:QueryTable.obj
 0005:00001650       $unwind$DisplayPMAErrorCorrectionTypes 00000000000ebe10     UefiShellDebug1CommandsLib:QueryTable.obj
 0005:00001650       $unwind$DisplayPMALocation 00000000000ebe10     UefiShellDebug1CommandsLib:QueryTable.obj
 0005:00001650       $unwind$DisplayPMAUse      00000000000ebe10     UefiShellDebug1CommandsLib:QueryTable.obj
 0005:00001650       $unwind$DisplayPointingDeviceInterface 00000000000ebe10     UefiShellDebug1CommandsLib:QueryTable.obj
 0005:00001650       $unwind$DisplayPointingDeviceType 00000000000ebe10     UefiShellDebug1CommandsLib:QueryTable.obj
 0005:00001650       $unwind$DisplayPortConnectorType 00000000000ebe10     UefiShellDebug1CommandsLib:QueryTable.obj
 0005:00001650       $unwind$DisplayPortType    00000000000ebe10     UefiShellDebug1CommandsLib:QueryTable.obj
 0005:00001650       $unwind$DisplayProcessorArchitectureType 00000000000ebe10     UefiShellDebug1CommandsLib:QueryTable.obj
 0005:00001650       $unwind$DisplayProcessorType 00000000000ebe10     UefiShellDebug1CommandsLib:QueryTable.obj
 0005:00001650       $unwind$DisplayProcessorUpgrade 00000000000ebe10     UefiShellDebug1CommandsLib:QueryTable.obj
 0005:00001650       $unwind$DisplaySELSysManagementTypes 00000000000ebe10     UefiShellDebug1CommandsLib:QueryTable.obj
 0005:00001650       $unwind$DisplaySELTypes    00000000000ebe10     UefiShellDebug1CommandsLib:QueryTable.obj
 0005:00001650       $unwind$DisplaySELVarDataFormatType 00000000000ebe10     UefiShellDebug1CommandsLib:QueryTable.obj
 0005:00001650       $unwind$DisplaySESecurityStatus 00000000000ebe10     UefiShellDebug1CommandsLib:QueryTable.obj
 0005:00001650       $unwind$DisplaySystemEnclosureStatus 00000000000ebe10     UefiShellDebug1CommandsLib:QueryTable.obj
 0005:00001650       $unwind$DisplaySystemEnclosureType 00000000000ebe10     UefiShellDebug1CommandsLib:QueryTable.obj
 0005:00001650       $unwind$DisplaySystemSlotCurrentUsage 00000000000ebe10     UefiShellDebug1CommandsLib:QueryTable.obj
 0005:00001650       $unwind$DisplaySystemSlotDataBusWidth 00000000000ebe10     UefiShellDebug1CommandsLib:QueryTable.obj
 0005:00001650       $unwind$DisplaySystemSlotHeight 00000000000ebe10     UefiShellDebug1CommandsLib:QueryTable.obj
 0005:00001650       $unwind$DisplaySystemSlotInformation 00000000000ebe10     UefiShellDebug1CommandsLib:QueryTable.obj
 0005:00001650       $unwind$DisplaySystemSlotLength 00000000000ebe10     UefiShellDebug1CommandsLib:QueryTable.obj
 0005:00001650       $unwind$DisplaySystemSlotPhysicalWidth 00000000000ebe10     UefiShellDebug1CommandsLib:QueryTable.obj
 0005:00001650       $unwind$DisplaySystemSlotType 00000000000ebe10     UefiShellDebug1CommandsLib:QueryTable.obj
 0005:00001650       $unwind$DisplaySystemWakeupType 00000000000ebe10     UefiShellDebug1CommandsLib:QueryTable.obj
 0005:00001650       $unwind$DisplayTemperatureProbeLoc 00000000000ebe10     UefiShellDebug1CommandsLib:QueryTable.obj
 0005:00001650       $unwind$DisplayTemperatureProbeStatus 00000000000ebe10     UefiShellDebug1CommandsLib:QueryTable.obj
 0005:00001650       $unwind$DisplayVPLocation  00000000000ebe10     UefiShellDebug1CommandsLib:QueryTable.obj
 0005:00001650       $unwind$DisplayVPStatus    00000000000ebe10     UefiShellDebug1CommandsLib:QueryTable.obj
 0005:00001660       $unwind$DisplayStructureTypeInfo 00000000000ebe20     UefiShellDebug1CommandsLib:QueryTable.obj
 0005:0000166c       $unwind$DisplaySysEventLogData 00000000000ebe2c     UefiShellDebug1CommandsLib:EventLogInfo.obj
 0005:00001684       $unwind$PingInitRttTimer   00000000000ebe44     UefiShellNetwork1CommandsLib:Ping.obj
 0005:00001694       $unwind$PingDestroyTxInfo  00000000000ebe54     UefiShellNetwork1CommandsLib:Ping.obj
 0005:000016a8       $unwind$Ping6OnEchoReplyReceived 00000000000ebe68     UefiShellNetwork1CommandsLib:Ping.obj
 0005:000016c0       $unwind$Ping6OnTimerRoutine 00000000000ebe80     UefiShellNetwork1CommandsLib:Ping.obj
 0005:000016d8       $unwind$PingCreateIpInstance 00000000000ebe98     UefiShellNetwork1CommandsLib:Ping.obj
 0005:000016f0       $unwind$ShellPing          00000000000ebeb0     UefiShellNetwork1CommandsLib:Ping.obj
 0005:0000170c       $unwind$IfConfigGetInterfaceInfo 00000000000ebecc     UefiShellNetwork1CommandsLib:Ifconfig.obj
 0005:00001724       $unwind$IfConfigShowInterfaceInfo 00000000000ebee4     UefiShellNetwork1CommandsLib:Ifconfig.obj
 0005:0000173c       $unwind$Print              00000000000ebefc     UefiLib:UefiLibPrint.obj
 0005:00001744       $unwind$CatSPrint          00000000000ebf04     UefiLib:UefiLibPrint.obj
 0005:00001758       $unwind$OrderedCollectionDelete 00000000000ebf18     BaseOrderedCollectionRedBlackTreeLib:BaseOrderedCollectionRedBlackTreeLib.obj
 0005:00001770       $unwind$GetDevicePathByHandle 00000000000ebf30     UefiShellBcfgCommandLib:UefiShellBcfgCommandLib.obj
 0005:00001788       $unwind$BcfgMod            00000000000ebf48     UefiShellBcfgCommandLib:UefiShellBcfgCommandLib.obj
 0005:000017a0       $unwind$BcfgAdd            00000000000ebf60     UefiShellBcfgCommandLib:UefiShellBcfgCommandLib.obj
 0005:000017bc       $unwind$BcfgRemove         00000000000ebf7c     UefiShellBcfgCommandLib:UefiShellBcfgCommandLib.obj
 0005:000017d8       $unwind$BcfgAddOpt         00000000000ebf98     UefiShellBcfgCommandLib:UefiShellBcfgCommandLib.obj
 0005:000017f0       $unwind$BcfgDisplayDump    00000000000ebfb0     UefiShellBcfgCommandLib:UefiShellBcfgCommandLib.obj
 0005:00001808       $unwind$ShellCommandRunBcfg 00000000000ebfc8     UefiShellBcfgCommandLib:UefiShellBcfgCommandLib.obj
 0005:00001824       $unwind$NetLibDetectMedia  00000000000ebfe4     DxeNetLib:DxeNetLib.obj
 0005:0000183c       $unwind$NetLibDetectMediaWaitTimeout 00000000000ebffc     DxeNetLib:DxeNetLib.obj
 0005:0000184c       $unwind$NetLibStrToIp4     00000000000ec00c     DxeNetLib:DxeNetLib.obj
 0005:00001860       $unwind$GetTdInfo          00000000000ec020     TdxLib:TdInfo.obj
 0005:00001868       $unwind$EfiBootManagerLoadOptionToVariable 00000000000ec028     UefiBootManagerLib:BmLoadOption.obj
 0005:0000187c       $unwind$EfiBootManagerInitializeLoadOption 00000000000ec03c     UefiBootManagerLib:BmLoadOption.obj
 0005:00001894       $unwind$EfiBootManagerVariableToLoadOptionEx 00000000000ec054     UefiBootManagerLib:BmLoadOption.obj
