 IScsiDxe

 Timestamp is 6725e4bf (Sat Nov  2 16:37:19 2024)

 Preferred load address is 0000000000000000

 Start         Length     Name                   Class
 0001:00000000 00000218H .text                   CODE
 0001:00000218 0001819fH .text$mn                CODE
 0002:00000000 000056f8H .rdata                  DATA
 0002:000056f8 00000044H .rdata$voltmd           DATA
 0002:0000573c 0000014cH .rdata$zzzdbg           DATA
 0003:00000000 00001ce8H .data                   DATA
 0003:00001ce8 000000c0H .bss                    DATA
 0004:00000000 00000c3cH .pdata                  DATA
 0005:00000000 00000a7cH .xdata                  DATA

  Address         Publics by Value              Rva+Base               Lib:Object

 0000:00000000       __guard_iat_count          0000000000000000     <absolute>
 0000:00000000       __guard_flags              0000000000000000     <absolute>
 0000:00000000       __guard_eh_cont_count      0000000000000000     <absolute>
 0000:00000000       __dynamic_value_reloc_table 0000000000000000     <absolute>
 0000:00000000       __guard_iat_table          0000000000000000     <absolute>
 0000:00000000       __arm64x_redirection_metadata 0000000000000000     <absolute>
 0000:00000000       __hybrid_auxiliary_iat     0000000000000000     <absolute>
 0000:00000000       __hybrid_auxiliary_iat_copy 0000000000000000     <absolute>
 0000:00000000       __x64_code_ranges_to_entry_points_count 0000000000000000     <absolute>
 0000:00000000       __arm64x_extra_rfe_table_size 0000000000000000     <absolute>
 0000:00000000       __AbsoluteZero             0000000000000000     <absolute>
 0000:00000000       __guard_fids_count         0000000000000000     <absolute>
 0000:00000000       __guard_longjmp_count      0000000000000000     <absolute>
 0000:00000000       __hybrid_code_map          0000000000000000     <absolute>
 0000:00000000       __guard_check_icall_a64n_fptr 0000000000000000     <absolute>
 0000:00000000       __guard_fids_table         0000000000000000     <absolute>
 0000:00000000       __arm64x_redirection_metadata_count 0000000000000000     <absolute>
 0000:00000000       __enclave_config           0000000000000000     <absolute>
 0000:00000000       __arm64x_extra_rfe_table   0000000000000000     <absolute>
 0000:00000000       __guard_eh_cont_table      0000000000000000     <absolute>
 0000:00000000       __arm64x_native_entrypoint 0000000000000000     <absolute>
 0000:00000000       __guard_longjmp_table      0000000000000000     <absolute>
 0000:00000000       __x64_code_ranges_to_entry_points 0000000000000000     <absolute>
 0000:00000000       __hybrid_code_map_count    0000000000000000     <absolute>
 0001:00000000       InternalMemCopyMem         00000000000002c0     BaseMemoryLibRepStr:CopyMem.obj
 0001:00000040       InternalMemCompareMem      0000000000000300     BaseMemoryLibRepStr:CompareMem.obj
 0001:00000060       InternalMemZeroMem         0000000000000320     BaseMemoryLibRepStr:ZeroMem.obj
 0001:00000080       InternalMemSetMem          0000000000000340     BaseMemoryLibRepStr:SetMem.obj
 0001:000000a0       InternalMemSetMem64        0000000000000360     BaseMemoryLibRepStr:SetMem64.obj
 0001:000000c0       InternalMemSetMem32        0000000000000380     BaseMemoryLibRepStr:SetMem32.obj
 0001:000000e0       InternalMemSetMem16        00000000000003a0     BaseMemoryLibRepStr:SetMem16.obj
 0001:00000100       CpuPause                   00000000000003c0     BaseLib:CpuPause.obj
 0001:00000110       TdVmCall                   00000000000003d0     BaseLib:TdVmcall.obj
 0001:00000190       EnableInterrupts           0000000000000450     BaseLib:EnableInterrupts.obj
 0001:000001a0       DisableInterrupts          0000000000000460     BaseLib:DisableInterrupts.obj
 0001:000001b0       AsmReadEflags              0000000000000470     BaseLib:ReadEflags.obj
 0001:000001c0       TdCall                     0000000000000480     BaseLib:TdCall.obj
 0001:00000218       _DriverUnloadHandler       00000000000004d8 f   UefiDriverEntryPoint:DriverEntryPoint.obj
 0001:00000220       _ModuleEntryPoint          00000000000004e0 f   UefiDriverEntryPoint:DriverEntryPoint.obj
 0001:0000029c       ProcessLibraryConstructorList 000000000000055c f   IScsiDxe:AutoGen.obj
 0001:00000720       IScsiCheckAip              00000000000009e0 f   IScsiDxe:IScsiDriver.obj
 0001:0000094c       IScsiSupported             0000000000000c0c f   IScsiDxe:IScsiDriver.obj
 0001:00000aec       IScsiStart                 0000000000000dac f   IScsiDxe:IScsiDriver.obj
 0001:000014f8       IScsiStop                  00000000000017b8 f   IScsiDxe:IScsiDriver.obj
 0001:00001798       IScsiIp4DriverBindingSupported 0000000000001a58 f   IScsiDxe:IScsiDriver.obj
 0001:000017a0       IScsiIp4DriverBindingStart 0000000000001a60 f   IScsiDxe:IScsiDriver.obj
 0001:000017c8       IScsiIp4DriverBindingStop  0000000000001a88 f   IScsiDxe:IScsiDriver.obj
 0001:000017dc       IScsiIp6DriverBindingSupported 0000000000001a9c f   IScsiDxe:IScsiDriver.obj
 0001:000017e4       IScsiIp6DriverBindingStart 0000000000001aa4 f   IScsiDxe:IScsiDriver.obj
 0001:0000180c       IScsiIp6DriverBindingStop  0000000000001acc f   IScsiDxe:IScsiDriver.obj
 0001:00001820       IScsiUnload                0000000000001ae0 f   IScsiDxe:IScsiDriver.obj
 0001:00001b24       IScsiDriverEntryPoint      0000000000001de4 f   IScsiDxe:IScsiDriver.obj
 0001:00001dcc       IScsiCHAPCalculateResponse 000000000000208c f   IScsiDxe:IScsiCHAP.obj
 0001:00001ed8       IScsiCHAPAuthTarget        0000000000002198 f   IScsiDxe:IScsiCHAP.obj
 0001:00001fa0       IScsiCHAPOnRspReceived     0000000000002260 f   IScsiDxe:IScsiCHAP.obj
 0001:0000233c       IScsiCHAPToSendReq         00000000000025fc f   IScsiDxe:IScsiCHAP.obj
 0001:00002660       IScsiCHAPInitHashList      0000000000002920 f   IScsiDxe:IScsiCHAP.obj
 0001:00002754       IScsiGetSubnetMaskPrefixLength 0000000000002a14 f   IScsiDxe:IScsiMisc.obj
 0001:00002794       IScsiAsciiStrToLun         0000000000002a54 f   IScsiDxe:IScsiMisc.obj
 0001:00002888       IScsiLunToUnicodeStr       0000000000002b48 f   IScsiDxe:IScsiMisc.obj
 0001:00002a48       IScsiAsciiStrToIp          0000000000002d08 f   IScsiDxe:IScsiMisc.obj
 0001:00002ad8       IScsiMacAddrToStr          0000000000002d98 f   IScsiDxe:IScsiMisc.obj
 0001:00002b90       IScsiBinToHex              0000000000002e50 f   IScsiDxe:IScsiMisc.obj
 0001:00002c64       IScsiHexToBin              0000000000002f24 f   IScsiDxe:IScsiMisc.obj
 0001:00002d54       IScsiNetNtoi               0000000000003014 f   IScsiDxe:IScsiMisc.obj
 0001:00002d9c       IScsiCheckIpv6Support      000000000000305c f   IScsiDxe:IScsiMisc.obj
 0001:00002f2c       IScsiAddNic                00000000000031ec f   IScsiDxe:IScsiMisc.obj
 0001:0000312c       IScsiRemoveNic             00000000000033ec f   IScsiDxe:IScsiMisc.obj
 0001:000032c4       IScsiCreateAttempts        0000000000003584 f   IScsiDxe:IScsiMisc.obj
 0001:000034b4       IScsiCreateKeywords        0000000000003774 f   IScsiDxe:IScsiMisc.obj
 0001:000042cc       IScsiGetVariableAndSize    000000000000458c f   IScsiDxe:IScsiMisc.obj
 0001:00004378       IScsiCreateDriverData      0000000000004638 f   IScsiDxe:IScsiMisc.obj
 0001:0000444c       IScsiCleanDriverData       000000000000470c f   IScsiDxe:IScsiMisc.obj
 0001:00004500       IScsiDhcpIsConfigured      00000000000047c0 f   IScsiDxe:IScsiMisc.obj
 0001:000046c8       IScsiDnsIsConfigured       0000000000004988 f   IScsiDxe:IScsiMisc.obj
 0001:0000484c       IScsiGetConfigData         0000000000004b0c f   IScsiDxe:IScsiMisc.obj
 0001:00004e5c       IScsiGetTcpConnDevicePath  000000000000511c f   IScsiDxe:IScsiMisc.obj
 0001:0000500c       IScsiOnExitBootService     00000000000052cc f   IScsiDxe:IScsiMisc.obj
 0001:00005040       IScsiTestManagedDevice     0000000000005300 f   IScsiDxe:IScsiMisc.obj
 0001:00005108       IScsiComponentNameGetDriverName 00000000000053c8 f   IScsiDxe:ComponentName.obj
 0001:0000513c       UpdateName                 00000000000053fc f   IScsiDxe:ComponentName.obj
 0001:00005230       IScsiComponentNameGetControllerName 00000000000054f0 f   IScsiDxe:ComponentName.obj
 0001:0000538c       IScsiIpToStr               000000000000564c f   IScsiDxe:IScsiConfig.obj
 0001:00005540       IpIsUnicast                0000000000005800 f   IScsiDxe:IScsiConfig.obj
 0001:000055e4       IScsiParseIsIdFromString   00000000000058a4 f   IScsiDxe:IScsiConfig.obj
 0001:000056e0       IScsiConvertIsIdToString   00000000000059a0 f   IScsiDxe:IScsiConfig.obj
 0001:00005764       IScsiGetValue              0000000000005a24 f   IScsiDxe:IScsiConfig.obj
 0001:000058e4       IScsiConfigGetAttemptByConfigIndex 0000000000005ba4 f   IScsiDxe:IScsiConfig.obj
 0001:00005908       IScsiGetAttemptIndexList   0000000000005bc8 f   IScsiDxe:IScsiConfig.obj
 0001:000059b8       IScsiConvertAttemptConfigDataToIfrNvData 0000000000005c78 f   IScsiDxe:IScsiConfig.obj
 0001:00005c38       IScsiConvertAttemptConfigDataToIfrNvDataByKeyword 0000000000005ef8 f   IScsiDxe:IScsiConfig.obj
 0001:000060c8       IScsiConvertIfrNvDataToAttemptConfigData 0000000000006388 f   IScsiDxe:IScsiConfig.obj
 0001:00006804       IScsiConvertlfrNvDataToAttemptConfigDataByKeyword 0000000000006ac4 f   IScsiDxe:IScsiConfig.obj
 0001:00007364       IScsiCreateOpCode          0000000000007624 f   IScsiDxe:IScsiConfig.obj
 0001:0000745c       IScsiConfigUpdateAttempt   000000000000771c f   IScsiDxe:IScsiConfig.obj
 0001:0000755c       IScsiConfigAddAttempt      000000000000781c f   IScsiDxe:IScsiConfig.obj
 0001:000076f4       IScsiConfigAddAttemptsByKeywords 00000000000079b4 f   IScsiDxe:IScsiConfig.obj
 0001:00007a0c       IScsiConfigDeleteAttempts  0000000000007ccc f   IScsiDxe:IScsiConfig.obj
 0001:00007ca8       IScsiConfigDisplayDeleteAttempts 0000000000007f68 f   IScsiDxe:IScsiConfig.obj
 0001:00007e08       IScsiConfigDisplayOrderAttempts 00000000000080c8 f   IScsiDxe:IScsiConfig.obj
 0001:00007fec       IScsiConfigOrderAttempts   00000000000082ac f   IScsiDxe:IScsiConfig.obj
 0001:00008158       IScsiConfigProcessDefault  0000000000008418 f   IScsiDxe:IScsiConfig.obj
 0001:00008418       IScsiFormExtractConfig     00000000000086d8 f   IScsiDxe:IScsiConfig.obj
 0001:00008660       IScsiFormRouteConfig       0000000000008920 f   IScsiDxe:IScsiConfig.obj
 0001:000089f8       IScsiFormCallback          0000000000008cb8 f   IScsiDxe:IScsiConfig.obj
 0001:000093f4       IScsiConfigFormInit        00000000000096b4 f   IScsiDxe:IScsiConfig.obj
 0001:0000953c       IScsiConfigFormUnload      00000000000097fc f   IScsiDxe:IScsiConfig.obj
 0001:000096d8       IScsiCheckSN               0000000000009998 f   IScsiDxe:IScsiProto.obj
 0001:0000971c       IScsiUpdateCmdSN           00000000000099dc f   IScsiDxe:IScsiProto.obj
 0001:000097a0       IScsiConnReset             0000000000009a60 f   IScsiDxe:IScsiProto.obj
 0001:00009834       IScsiCreateConnection      0000000000009af4 f   IScsiDxe:IScsiProto.obj
 0001:00009a3c       IScsiGetIp6NicInfo         0000000000009cfc f   IScsiDxe:IScsiProto.obj
 0001:00009ca8       IScsiSessionLogin          0000000000009f68 f   IScsiDxe:IScsiProto.obj
 0001:0000a068       IScsiSessionReLogin        000000000000a328 f   IScsiDxe:IScsiProto.obj
 0001:0000a128       IScsiSendLoginReq          000000000000a3e8 f   IScsiDxe:IScsiProto.obj
 0001:0000a2d4       IScsiAddKeyValuePair       000000000000a594 f   IScsiDxe:IScsiProto.obj
 0001:0000a3d8       IScsiProcessLoginRsp       000000000000a698 f   IScsiDxe:IScsiProto.obj
 0001:0000a72c       IScsiUpdateTargetAddress   000000000000a9ec f   IScsiDxe:IScsiProto.obj
 0001:0000a900       IScsiFreeNbufList          000000000000abc0 f   IScsiDxe:IScsiProto.obj
 0001:0000a93c       IScsiNbufExtFree           000000000000abfc f   IScsiDxe:IScsiProto.obj
 0001:0000a940       IScsiReceivePdu            000000000000ac00 f   IScsiDxe:IScsiProto.obj
 0001:0000abb4       IScsiCheckOpParams         000000000000ae74 f   IScsiDxe:IScsiProto.obj
 0001:0000b0a4       IScsiFillOpParams          000000000000b364 f   IScsiDxe:IScsiProto.obj
 0001:0000b3bc       IScsiBuildKeyValueList     000000000000b67c f   IScsiDxe:IScsiProto.obj
 0001:0000b490       IScsiGetValueByKeyFromList 000000000000b750 f   IScsiDxe:IScsiProto.obj
 0001:0000b4fc       IScsiFreeKeyValueList      000000000000b7bc f   IScsiDxe:IScsiProto.obj
 0001:0000b530       IScsiNormalizeName         000000000000b7f0 f   IScsiDxe:IScsiProto.obj
 0001:0000b5a8       IScsiNewTcb                000000000000b868 f   IScsiDxe:IScsiProto.obj
 0001:0000b690       IScsiNewDataSegment        000000000000b950 f   IScsiDxe:IScsiProto.obj
 0001:0000b6e0       IScsiNewScsiCmdPdu         000000000000b9a0 f   IScsiDxe:IScsiProto.obj
 0001:0000b9f0       IScsiNewDataOutPdu         000000000000bcb0 f   IScsiDxe:IScsiProto.obj
 0001:0000bbb8       IScsiSendDataOutPduSequence 000000000000be78 f   IScsiDxe:IScsiProto.obj
 0001:0000bce0       IScsiOnDataInRcvd          000000000000bfa0 f   IScsiDxe:IScsiProto.obj
 0001:0000bea0       IScsiOnR2TRcvd             000000000000c160 f   IScsiDxe:IScsiProto.obj
 0001:0000c020       IScsiOnScsiRspRcvd         000000000000c2e0 f   IScsiDxe:IScsiProto.obj
 0001:0000c290       IScsiOnNopInRcvd           000000000000c550 f   IScsiDxe:IScsiProto.obj
 0001:0000c35c       IScsiExecuteScsiCommand    000000000000c61c f   IScsiDxe:IScsiProto.obj
 0001:0000c6a0       IScsiSessionInit           000000000000c960 f   IScsiDxe:IScsiProto.obj
 0001:0000c79c       IScsiSessionAbort          000000000000ca5c f   IScsiDxe:IScsiProto.obj
 0001:0000c8c0       IScsiGetAuthenticationInfo 000000000000cb80 f   IScsiDxe:IScsiAuthenticationInfo.obj
 0001:0000c8cc       IScsiSetAuthenticationInfo 000000000000cb8c f   IScsiDxe:IScsiAuthenticationInfo.obj
 0001:0000c8cc       IScsiExtScsiPassThruResetTargetLun 000000000000cb8c f   IScsiDxe:IScsiExtScsiPassThru.obj
 0001:0000c8cc       IScsiExtScsiPassThruResetChannel 000000000000cb8c f   IScsiDxe:IScsiExtScsiPassThru.obj
 0001:0000c8d8       IScsiGetInitiatorName      000000000000cb98 f   IScsiDxe:IScsiInitiatorName.obj
 0001:0000c91c       IScsiSetInitiatorName      000000000000cbdc f   IScsiDxe:IScsiInitiatorName.obj
 0001:0000c994       IScsiInitIbfTableHeader    000000000000cc54 f   IScsiDxe:IScsiIbft.obj
 0001:0000c9e4       IScsiAddHeapItem           000000000000cca4 f   IScsiDxe:IScsiIbft.obj
 0001:0000ca18       IScsiMapV4ToV6Addr         000000000000ccd8 f   IScsiDxe:IScsiIbft.obj
 0001:0000ca60       IScsiFillNICAndTargetSections 000000000000cd20 f   IScsiDxe:IScsiIbft.obj
 0001:0000cf4c       IScsiPublishIbft           000000000000d20c f   IScsiDxe:IScsiIbft.obj
 0001:0000d1c0       IScsiDhcp6ExtractRootPath  000000000000d480 f   IScsiDxe:IScsiDhcp6.obj
 0001:0000d50c       IScsiDhcp6ParseReply       000000000000d7cc f   IScsiDxe:IScsiDhcp6.obj
 0001:0000d6c4       IScsiDoDhcp6               000000000000d984 f   IScsiDxe:IScsiDhcp6.obj
 0001:0000d964       IScsiDhcpExtractRootPath   000000000000dc24 f   IScsiDxe:IScsiDhcp.obj
 0001:0000dc3c       IScsiDhcpSelectOffer       000000000000defc f   IScsiDxe:IScsiDhcp.obj
 0001:0000dd40       IScsiParseDhcpAck          000000000000e000 f   IScsiDxe:IScsiDhcp.obj
 0001:0000dee0       IScsiDoDhcp                000000000000e1a0 f   IScsiDxe:IScsiDhcp.obj
 0001:0000e154       IScsiExtScsiPassThruFunction 000000000000e414 f   IScsiDxe:IScsiExtScsiPassThru.obj
 0001:0000e258       IScsiExtScsiPassThruGetNextTargetLun 000000000000e518 f   IScsiDxe:IScsiExtScsiPassThru.obj
 0001:0000e334       IScsiExtScsiPassThruBuildDevicePath 000000000000e5f4 f   IScsiDxe:IScsiExtScsiPassThru.obj
 0001:0000e49c       IScsiExtScsiPassThruGetTargetLun 000000000000e75c f   IScsiDxe:IScsiExtScsiPassThru.obj
 0001:0000e59c       IScsiExtScsiPassThruGetNextTarget 000000000000e85c f   IScsiDxe:IScsiExtScsiPassThru.obj
 0001:0000e5f4       IScsiCommonNotify          000000000000e8b4 f   IScsiDxe:IScsiDns.obj
 0001:0000e5f8       IScsiDns4                  000000000000e8b8 f   IScsiDxe:IScsiDns.obj
 0001:0000e90c       IScsiDns6                  000000000000ebcc f   IScsiDxe:IScsiDns.obj
 0001:0000ebf0       CopyMem                    000000000000eeb0 f   BaseMemoryLibRepStr:CopyMemWrapper.obj
 0001:0000ec8c       CopyGuid                   000000000000ef4c f   BaseMemoryLibRepStr:MemLibGuid.obj
 0001:0000ed3c       CompareGuid                000000000000effc f   BaseMemoryLibRepStr:MemLibGuid.obj
 0001:0000ee00       CompareMem                 000000000000f0c0 f   BaseMemoryLibRepStr:CompareMemWrapper.obj
 0001:0000eed8       ZeroMem                    000000000000f198 f   BaseMemoryLibRepStr:ZeroMemWrapper.obj
 0001:0000ef48       SetMem                     000000000000f208 f   BaseMemoryLibRepStr:SetMemWrapper.obj
 0001:0000efac       InternalBaseLibIsListValid 000000000000f26c f   BaseLib:LinkedList.obj
 0001:0000f018       InsertTailList             000000000000f2d8 f   BaseLib:LinkedList.obj
 0001:0000f06c       IsListEmpty                000000000000f32c f   BaseLib:LinkedList.obj
 0001:0000f0a4       RemoveEntryList            000000000000f364 f   BaseLib:LinkedList.obj
 0001:0000f0ec       StrLen                     000000000000f3ac f   BaseLib:String.obj
 0001:0000f174       StrCmp                     000000000000f434 f   BaseLib:String.obj
 0001:0000f21c       StrnCmp                    000000000000f4dc f   BaseLib:String.obj
 0001:0000f304       StrStr                     000000000000f5c4 f   BaseLib:String.obj
 0001:0000f3cc       InternalHexCharToUintn     000000000000f68c f   BaseLib:String.obj
 0001:0000f3fc       StrHexToUint64             000000000000f6bc f   BaseLib:String.obj
 0001:0000f55c       AsciiStrLen                000000000000f81c f   BaseLib:String.obj
 0001:0000f5c8       AsciiStrCmp                000000000000f888 f   BaseLib:String.obj
 0001:0000f654       InternalAsciiHexCharToUintn 000000000000f914 f   BaseLib:String.obj
 0001:0000f688       AsciiStrnCmp               000000000000f948 f   BaseLib:String.obj
 0001:0000f754       AsciiStrHexToUint64        000000000000fa14 f   BaseLib:String.obj
 0001:0000f884       StrnLenS                   000000000000fb44 f   BaseLib:SafeString.obj
 0001:0000f8ec       StrCpyS                    000000000000fbac f   BaseLib:SafeString.obj
 0001:0000fa7c       StrnCpyS                   000000000000fd3c f   BaseLib:SafeString.obj
 0001:0000fc54       StrCatS                    000000000000ff14 f   BaseLib:SafeString.obj
 0001:0000fe3c       StrDecimalToUintnS         00000000000100fc f   BaseLib:SafeString.obj
 0001:0000ff9c       StrHexToUintnS             000000000001025c f   BaseLib:SafeString.obj
 0001:0001011c       AsciiStrCpyS               00000000000103dc f   BaseLib:SafeString.obj
 0001:00010264       AsciiStrDecimalToUintnS    0000000000010524 f   BaseLib:SafeString.obj
 0001:0001039c       AsciiStrHexToUintnS        000000000001065c f   BaseLib:SafeString.obj
 0001:00010508       UnicodeStrToAsciiStrS      00000000000107c8 f   BaseLib:SafeString.obj
 0001:00010694       AsciiStrToUnicodeStrS      0000000000010954 f   BaseLib:SafeString.obj
 0001:0001081c       AsciiStrToIpv6Address      0000000000010adc f   BaseLib:SafeString.obj
 0001:00010a78       UnicodeVSPrint             0000000000010d38 f   BasePrintLib:PrintLib.obj
 0001:00010b0c       UnicodeSPrint              0000000000010dcc f   BasePrintLib:PrintLib.obj
 0001:00010b2c       UnicodeVSPrintAsciiFormat  0000000000010dec f   BasePrintLib:PrintLib.obj
 0001:00010b94       UnicodeValueToStringS      0000000000010e54 f   BasePrintLib:PrintLib.obj
 0001:00010bf4       AsciiSPrint                0000000000010eb4 f   BasePrintLib:PrintLib.obj
 0001:00010c20       BasePrintLibFillBuffer     0000000000010ee0 f   BasePrintLib:PrintLibInternal.obj
 0001:00010c54       BasePrintLibValueToString  0000000000010f14 f   BasePrintLib:PrintLibInternal.obj
 0001:00010cc0       BasePrintLibConvertValueToStringS 0000000000010f80 f   BasePrintLib:PrintLibInternal.obj
 0001:00010e6c       BasePrintLibSPrintMarker   000000000001112c f   BasePrintLib:PrintLibInternal.obj
 0001:00011d84       BasePrintLibSPrint         0000000000012044 f   BasePrintLib:PrintLibInternal.obj
 0001:00011da8       DebugPrint                 0000000000012068 f   BaseDebugLibSerialPort:DebugLib.obj
 0001:00011dcc       DebugPrintMarker           000000000001208c f   BaseDebugLibSerialPort:DebugLib.obj
 0001:00011e58       DebugAssert                0000000000012118 f   BaseDebugLibSerialPort:DebugLib.obj
 0001:00011ed4       InternalAllocatePool       0000000000012194 f   UefiMemoryAllocationLib:MemoryAllocationLib.obj
 0001:00011f04       AllocateZeroPool           00000000000121c4 f   UefiMemoryAllocationLib:MemoryAllocationLib.obj
 0001:00011f2c       InternalAllocateCopyPool   00000000000121ec f   UefiMemoryAllocationLib:MemoryAllocationLib.obj
 0001:00011fa4       InternalReallocatePool     0000000000012264 f   UefiMemoryAllocationLib:MemoryAllocationLib.obj
 0001:00012020       FreePool                   00000000000122e0 f   UefiMemoryAllocationLib:MemoryAllocationLib.obj
 0001:00012064       DevicePathNodeLength       0000000000012324 f   UefiDevicePathLibDevicePathProtocol:UefiDevicePathLib.obj
 0001:000120ac       IsDevicePathEnd            000000000001236c f   UefiDevicePathLibDevicePathProtocol:UefiDevicePathLib.obj
 0001:00012124       SetDevicePathNodeLength    00000000000123e4 f   UefiDevicePathLibDevicePathProtocol:UefiDevicePathLib.obj
 0001:000121a4       DevicePathFromHandle       0000000000012464 f   UefiDevicePathLibDevicePathProtocol:UefiDevicePathLib.obj
 0001:000121d8       EfiGetSystemConfigurationTable 0000000000012498 f   UefiLib:UefiLib.obj
 0001:0001229c       EfiTestChildHandle         000000000001255c f   UefiLib:UefiLib.obj
 0001:00012354       IsLanguageSupported        0000000000012614 f   UefiLib:UefiLib.obj
 0001:000123dc       LookupUnicodeString2       000000000001269c f   UefiLib:UefiLib.obj
 0001:000124d0       AddUnicodeString2          0000000000012790 f   UefiLib:UefiLib.obj
 0001:000126c4       FreeUnicodeStringTable     0000000000012984 f   UefiLib:UefiLib.obj
 0001:00012734       GetVariable2               00000000000129f4 f   UefiLib:UefiLib.obj
 0001:00012828       EfiLibInstallDriverBindingComponentName2 0000000000012ae8 f   UefiLib:UefiDriverModel.obj
 0001:000128f8       EfiLibUninstallDriverBindingComponentName2 0000000000012bb8 f   UefiLib:UefiDriverModel.obj
 0001:000129a8       UefiLibGetStringWidth      0000000000012c68 f   UefiLib:Console.obj
 0001:00012a54       CreatePopUp                0000000000012d14 f   UefiLib:Console.obj
 0001:00012e0c       AsciiInternalPrint         00000000000130cc f   UefiLib:UefiLibPrint.obj
 0001:00012ee4       AsciiPrint                 00000000000131a4 f   UefiLib:UefiLibPrint.obj
 0001:00012f38       GetHobList                 00000000000131f8 f   DxeHobLib:HobLib.obj
 0001:00012fbc       Md5GetContextSize          000000000001327c f   BaseCryptLib:CryptMd5.obj
 0001:00012fc4       Md5Init                    0000000000013284 f   BaseCryptLib:CryptMd5.obj
 0001:00013008       Md5Update                  00000000000132c8 f   BaseCryptLib:CryptMd5.obj
 0001:00013020       Md5Final                   00000000000132e0 f   BaseCryptLib:CryptMd5.obj
 0001:0001303c       Sha256GetContextSize       00000000000132fc f   BaseCryptLib:CryptSha256.obj
 0001:00013044       Sha256Init                 0000000000013304 f   BaseCryptLib:CryptSha256.obj
 0001:00013054       Sha256Update               0000000000013314 f   BaseCryptLib:CryptSha256.obj
 0001:0001306c       Sha256Final                000000000001332c f   BaseCryptLib:CryptSha256.obj
 0001:00013088       HiiSetString               0000000000013348 f   UefiHiiLib:HiiString.obj
 0001:000131f8       HiiAddPackages             00000000000134b8 f   UefiHiiLib:HiiLib.obj
 0001:00013344       InternalHiiBrowserCallback 0000000000013604 f   UefiHiiLib:HiiLib.obj
 0001:00013440       HiiConstructConfigHdr      0000000000013700 f   UefiHiiLib:HiiLib.obj
 0001:00013668       InternalHiiCompareSubString 0000000000013928 f   UefiHiiLib:HiiLib.obj
 0001:00013784       HiiIsConfigHdrMatch        0000000000013a44 f   UefiHiiLib:HiiLib.obj
 0001:0001381c       HiiGetBrowserData          0000000000013adc f   UefiHiiLib:HiiLib.obj
 0001:000138e4       HiiSetBrowserData          0000000000013ba4 f   UefiHiiLib:HiiLib.obj
 0001:00013a0c       HiiAllocateOpCodeHandle    0000000000013ccc f   UefiHiiLib:HiiLib.obj
 0001:00013a5c       HiiFreeOpCodeHandle        0000000000013d1c f   UefiHiiLib:HiiLib.obj
 0001:00013a9c       InternalHiiGrowOpCodeHandle 0000000000013d5c f   UefiHiiLib:HiiLib.obj
 0001:00013b44       InternalHiiCreateOpCodeExtended 0000000000013e04 f   UefiHiiLib:HiiLib.obj
 0001:00013bf8       InternalHiiAppendOpCodes   0000000000013eb8 f   UefiHiiLib:HiiLib.obj
 0001:00013c78       HiiCreateEndOpCode         0000000000013f38 f   UefiHiiLib:HiiLib.obj
 0001:00013ca0       HiiCreateGuidOpCode        0000000000013f60 f   UefiHiiLib:HiiLib.obj
 0001:00013cf4       HiiCreateGotoOpCode        0000000000013fb4 f   UefiHiiLib:HiiLib.obj
 0001:00013d70       HiiCreateNumericOpCode     0000000000014030 f   UefiHiiLib:HiiLib.obj
 0001:00013e84       HiiCreateStringOpCode      0000000000014144 f   UefiHiiLib:HiiLib.obj
 0001:00013f44       InternalHiiUpdateFormPackageData 0000000000014204 f   UefiHiiLib:HiiLib.obj
 0001:0001419c       HiiUpdateForm              000000000001445c f   UefiHiiLib:HiiLib.obj
 0001:00014428       HiiGetSupportedLanguages   00000000000146e8 f   UefiHiiLib:HiiLanguage.obj
 0001:000144cc       NetIp4IsUnicast            000000000001478c f   DxeNetLib:DxeNetLib.obj
 0001:00014564       PseudoRandom               0000000000014824 f   DxeNetLib:DxeNetLib.obj
 0001:000146e0       NetListRemoveHead          00000000000149a0 f   DxeNetLib:DxeNetLib.obj
 0001:00014738       NetLibCreateServiceChild   00000000000149f8 f   DxeNetLib:DxeNetLib.obj
 0001:000147cc       NetLibDestroyServiceChild  0000000000014a8c f   DxeNetLib:DxeNetLib.obj
 0001:0001485c       NetLibGetSnpHandle         0000000000014b1c f   DxeNetLib:DxeNetLib.obj
 0001:00014924       NetLibGetVlanId            0000000000014be4 f   DxeNetLib:DxeNetLib.obj
 0001:00014978       NetLibGetMacAddress        0000000000014c38 f   DxeNetLib:DxeNetLib.obj
 0001:00014af8       NetLibDetectMedia          0000000000014db8 f   DxeNetLib:DxeNetLib.obj
 0001:00014d20       NetLibDetectMediaWaitTimeout 0000000000014fe0 f   DxeNetLib:DxeNetLib.obj
 0001:00014f58       NetLibGetNicHandle         0000000000015218 f   DxeNetLib:DxeNetLib.obj
 0001:00015000       NetLibAsciiStrToIp4        00000000000152c0 f   DxeNetLib:DxeNetLib.obj
 0001:00015124       NetLibStrToIp4             00000000000153e4 f   DxeNetLib:DxeNetLib.obj
 0001:00015278       NetbufAllocStruct          0000000000015538 f   DxeNetLib:NetBuffer.obj
 0001:00015350       NetbufAlloc                0000000000015610 f   DxeNetLib:NetBuffer.obj
 0001:000153f8       NetbufFreeVector           00000000000156b8 f   DxeNetLib:NetBuffer.obj
 0001:000154d4       NetbufFree                 0000000000015794 f   DxeNetLib:NetBuffer.obj
 0001:00015564       NetbufFreeList             0000000000015824 f   DxeNetLib:NetBuffer.obj
 0001:00015600       NetbufGetByte              00000000000158c0 f   DxeNetLib:NetBuffer.obj
 0001:000156a4       NetbufSetBlock             0000000000015964 f   DxeNetLib:NetBuffer.obj
 0001:00015788       NetbufFromExt              0000000000015a48 f   DxeNetLib:NetBuffer.obj
 0001:00015850       NetbufBuildExt             0000000000015b10 f   DxeNetLib:NetBuffer.obj
 0001:000158c4       NetbufFromBufList          0000000000015b84 f   DxeNetLib:NetBuffer.obj
 0001:00015a04       NetbufAllocSpace           0000000000015cc4 f   DxeNetLib:NetBuffer.obj
 0001:00015b28       NetblockTrim               0000000000015de8 f   DxeNetLib:NetBuffer.obj
 0001:00015b90       NetbufTrim                 0000000000015e50 f   DxeNetLib:NetBuffer.obj
 0001:00015c6c       NetbufCopy                 0000000000015f2c f   DxeNetLib:NetBuffer.obj
 0001:00015dcc       NetbufQueInit              000000000001608c f   DxeNetLib:NetBuffer.obj
 0001:00015e4c       NetbufQueCopy              000000000001610c f   DxeNetLib:NetBuffer.obj
 0001:00015fac       NetbufQueFlush             000000000001626c f   DxeNetLib:NetBuffer.obj
 0001:00015ff4       TcpIoCommonNotify          00000000000162b4 f   DxeTcpIoLib:DxeTcpIoLib.obj
 0001:00016004       TcpIoGetMapping            00000000000162c4 f   DxeTcpIoLib:DxeTcpIoLib.obj
 0001:000160dc       TcpIoCreateSocket          000000000001639c f   DxeTcpIoLib:DxeTcpIoLib.obj
 0001:00016520       TcpIoDestroySocket         00000000000167e0 f   DxeTcpIoLib:DxeTcpIoLib.obj
 0001:00016678       TcpIoTransmit              0000000000016938 f   DxeTcpIoLib:DxeTcpIoLib.obj
 0001:000167dc       TcpIoReceive               0000000000016a9c f   DxeTcpIoLib:DxeTcpIoLib.obj
 0001:00016a00       GetPcdProtocol             0000000000016cc0 f   DxePcdLib:DxePcdLib.obj
 0001:00016a8c       SetMem16                   0000000000016d4c f   BaseMemoryLibRepStr:SetMem16Wrapper.obj
 0001:00016b54       IoRead8                    0000000000016e14 f   BaseIoLibIntrinsicSev:IoLibMsc.obj
 0001:00016b78       IoRead32                   0000000000016e38 f   BaseIoLibIntrinsicSev:IoLibMsc.obj
 0001:00016bc0       IoWrite32                  0000000000016e80 f   BaseIoLibIntrinsicSev:IoLibMsc.obj
 0001:00016bec       IsTdxGuest                 0000000000016eac f   BaseIoLibIntrinsicSev:IoLibInternalTdx.obj
 0001:00016c18       TdIoRead8                  0000000000016ed8 f   BaseIoLibIntrinsicSev:IoLibInternalTdx.obj
 0001:00016c70       TdIoRead32                 0000000000016f30 f   BaseIoLibIntrinsicSev:IoLibInternalTdx.obj
 0001:00016ce4       TdIoWrite8                 0000000000016fa4 f   BaseIoLibIntrinsicSev:IoLibInternalTdx.obj
 0001:00016d34       TdIoWrite32                0000000000016ff4 f   BaseIoLibIntrinsicSev:IoLibInternalTdx.obj
 0001:00016d88       SerialPortWrite            0000000000017048 f   PcAtSerialPortLib:SerialPortLib.obj
 0001:00016df8       PciExpressRead32           00000000000170b8 f   BasePciExpressLib:PciExpressLib.obj
 0001:00016e48       PciCf8Read32               0000000000017108 f   BasePciCf8Lib:PciCf8Lib.obj
 0001:00016ee4       MD5_Update                 00000000000171a4 f   OpensslLibCrypto:md5_dgst.obj
 0001:00016ff8       MD5_Final                  00000000000172b8 f   OpensslLibCrypto:md5_dgst.obj
 0001:00017184       md5_block_data_order       0000000000017444 f   OpensslLibCrypto:md5_dgst.obj
 0001:00017c2c       SHA256_Init                0000000000017eec f   OpensslLibCrypto:sha256.obj
 0001:00017c8c       SHA256_Update              0000000000017f4c f   OpensslLibCrypto:sha256.obj
 0001:00017da0       SHA256_Final               0000000000018060 f   OpensslLibCrypto:sha256.obj
 0001:00018278       SaveAndDisableInterrupts   0000000000018538 f   BaseLib:Cpu.obj
 0001:0001829c       GetTdInfo                  000000000001855c f   TdxLib:TdInfo.obj
 0001:00018300       TdSharedPageMask           00000000000185c0 f   TdxLib:TdInfo.obj
 0001:0001832c       MmioRead32                 00000000000185ec f   BaseIoLibIntrinsicSev:IoLib.obj
 0001:000183a0       memset                     0000000000018660 f   BaseIntrinsicLib:MemoryIntrinsics.obj
 0002:00000000       ??_C@_0CB@DMEJJJHA@?6ASSERT_EFI_ERROR?5?$CIStatus?5?$DN?5?$CFr?$CJ@ 0000000000018680     UefiDriverEntryPoint:DriverEntryPoint.obj
 0002:00000028       ??_C@_0CH@BBNBJKHK@?$CB?$CI?$CI?$CIINTN?$CJ?$CIRETURN_STATUS?$CJ?$CIStatus@ 00000000000186a8     UefiDriverEntryPoint:DriverEntryPoint.obj
 0002:00000050       ??_C@_0FP@ODLELCIC@D?3?2uefi_specs_personal_collecti@ 00000000000186d0     UefiDriverEntryPoint:DriverEntryPoint.obj
 0002:000000b0       ??_C@_08EFLKPPGD@IScsiDxe@ 0000000000018730     IScsiDxe:AutoGen.obj
 0002:000000c0       ??_C@_0CE@IBFOBMLB@?6ASSERT_RETURN_ERROR?5?$CIStatus?5?$DN?5@ 0000000000018740     IScsiDxe:AutoGen.obj
 0002:000000f0       ??_C@_0HE@GOOCFFAN@d?3?2uefi_specs_personal_collecti@ 0000000000018770     IScsiDxe:AutoGen.obj
 0002:00000168       ??_C@_0CA@HACALLLF@AipHandleBuffer?5?$CB?$DN?5?$CI?$CIvoid?5?$CK?$CJ?50?$CJ@ 00000000000187e8     IScsiDxe:IScsiDriver.obj
 0002:00000190       ??_C@_0EK@BODADLOL@D?3?2uefi_specs_personal_collecti@ 0000000000018810     IScsiDxe:IScsiDriver.obj
 0002:000001e0       ??_C@_0BE@LGDFPDAJ@Aip?5?$CB?$DN?5?$CI?$CIvoid?5?$CK?$CJ?50?$CJ@ 0000000000018860     IScsiDxe:IScsiDriver.obj
 0002:000001f8       ??_C@_0BF@NDBIKIKC@CR?5has?5Bad?5Signature@ 0000000000018878     IScsiDxe:IScsiDriver.obj
 0002:00000210       ??_C@_1BG@HANLGHEF@?$AAA?$AAt?$AAt?$AAe?$AAm?$AAp?$AAt?$AA?5?$AA?$CF?$AAd@ 0000000000018890     IScsiDxe:IScsiDriver.obj
 0002:00000228       ??_C@_1BK@ELJKIAPE@?$AAA?$AAt?$AAt?$AAe?$AAm?$AAp?$AAt?$AAO?$AAr?$AAd?$AAe?$AAr@ 00000000000188a8     IScsiDxe:IScsiDriver.obj
 0002:00000248       ??_C@_0BI@GONLCNCH@Private?5?$CB?$DN?5?$CI?$CIvoid?5?$CK?$CJ?50?$CJ@ 00000000000188c8     IScsiDxe:IScsiDriver.obj
 0002:00000260       ??_C@_0BF@GEKOGLOJ@Hash?5?$CB?$DN?5?$CI?$CIvoid?5?$CK?$CJ?50?$CJ@ 00000000000188e0     IScsiDxe:IScsiCHAP.obj
 0002:00000280       ??_C@_0EI@EAGDLPFB@D?3?2uefi_specs_personal_collecti@ 0000000000018900     IScsiDxe:IScsiCHAP.obj
 0002:000002c8       ??_C@_0BP@MDANAGBA@AuthData?9?$DOHash?5?$CB?$DN?5?$CI?$CIvoid?5?$CK?$CJ?50?$CJ@ 0000000000018948     IScsiDxe:IScsiCHAP.obj
 0002:000002e8       ??_C@_0BI@GHHLBLGE@Conn?9?$DOCurrentStage?5?$DN?$DN?50@ 0000000000018968     IScsiDxe:IScsiCHAP.obj
 0002:00000300       ??_C@_0BJ@OKLBHGHH@Conn?9?$DORspQue?4BufNum?5?$CB?$DN?50@ 0000000000018980     IScsiDxe:IScsiCHAP.obj
 0002:00000320       ??_C@_0BF@IANBPGNJ@TargetPortalGroupTag@ 00000000000189a0     IScsiDxe:IScsiCHAP.obj
 0002:00000338       ??_C@_0L@PAKANODK@AuthMethod@ 00000000000189b8     IScsiDxe:IScsiCHAP.obj
 0002:00000344       ??_C@_04OHJIHAFH@None@     00000000000189c4     IScsiDxe:IScsiCHAP.obj
 0002:0000034c       ??_C@_04LDMNOAAK@CHAP@     00000000000189cc     IScsiDxe:IScsiCHAP.obj
 0002:00000354       ??_C@_06NEGHKOPG@CHAP_A@   00000000000189d4     IScsiDxe:IScsiCHAP.obj
 0002:00000360       ??_C@_0BP@ICAIOLEG@AuthData?9?$DOHash?5?$DN?$DN?5?$CI?$CIvoid?5?$CK?$CJ?50?$CJ@ 00000000000189e0     IScsiDxe:IScsiCHAP.obj
 0002:00000380       ??_C@_06BMLOCEPO@CHAP_I@   0000000000018a00     IScsiDxe:IScsiCHAP.obj
 0002:00000388       ??_C@_06OGFBMMHE@CHAP_C@   0000000000018a08     IScsiDxe:IScsiCHAP.obj
 0002:00000390       ??_C@_0CE@FMOMPILK@AuthData?9?$DOAuthConfig?9?$DOCHAPType?5@ 0000000000018a10     IScsiDxe:IScsiCHAP.obj
 0002:000003b4       ??_C@_06FDPPLCDJ@CHAP_N@   0000000000018a34     IScsiDxe:IScsiCHAP.obj
 0002:000003bc       ??_C@_06LFIIOPGE@CHAP_R@   0000000000018a3c     IScsiDxe:IScsiCHAP.obj
 0002:000003c8       ??_C@_0O@IHIGCLKB@InitiatorName@ 0000000000018a48     IScsiDxe:IScsiCHAP.obj
 0002:000003d8       ??_C@_06EFAGIKOH@Normal@   0000000000018a58     IScsiDxe:IScsiCHAP.obj
 0002:000003e0       ??_C@_0M@CNGHNCIE@SessionType@ 0000000000018a60     IScsiDxe:IScsiCHAP.obj
 0002:000003f0       ??_C@_0L@BDKAFAEA@TargetName@ 0000000000018a70     IScsiDxe:IScsiCHAP.obj
 0002:00000400       ??_C@_0CP@DCPEABMB@?$CB?$CI?$CI?$CIINTN?$CJ?$CIRETURN_STATUS?$CJ?$CIBinToH@ 0000000000018a80     IScsiDxe:IScsiCHAP.obj
 0002:00000430       ??_C@_02DPKJAMEF@?$CFd@    0000000000018ab0     IScsiDxe:IScsiCHAP.obj
 0002:00000438       ??_C@_09EOGFNIHE@Left?5?$DO?$DN?52@ 0000000000018ab8     IScsiDxe:IScsiCHAP.obj
 0002:00000442       ??_C@_00CNPNBAHC@@         0000000000018ac2     IScsiDxe:IScsiCHAP.obj
 0002:00000444       ??_C@_01IHBHIGKO@?0@       0000000000018ac4     IScsiDxe:IScsiCHAP.obj
 0002:00000448       ??_C@_04IMHBBCFI@?$CFa?$CFd@ 0000000000018ac8     IScsiDxe:IScsiCHAP.obj
 0002:00000450       ??_C@_0BD@DKPFENLA@Printed?5?$CL?51?5?$DM?5Left@ 0000000000018ad0     IScsiDxe:IScsiCHAP.obj
 0002:00000468       ??_C@_0BH@MDAKALIE@Hash?9?$DODigestSize?5?$DM?$DN?532@ 0000000000018ae8     IScsiDxe:IScsiCHAP.obj
 0002:000004d0       ??_C@_15BIBPCOBC@?$AA0?$AA?9@ 0000000000018b50     IScsiDxe:IScsiMisc.obj
 0002:000004d8       ??_C@_0BC@FAONMJPI@StrLen?5?$CIStr?$CJ?5?$DO?$DN?51@ 0000000000018b58     IScsiDxe:IScsiMisc.obj
 0002:000004f0       ??_C@_0EI@OFNDKODG@D?3?2uefi_specs_personal_collecti@ 0000000000018b70     IScsiDxe:IScsiMisc.obj
 0002:00000538       ??_C@_1M@KAICHIDM@?$AA?2?$AA?$CF?$AA0?$AA4?$AAx@ 0000000000018bb8     IScsiDxe:IScsiMisc.obj
 0002:00000548       ??_C@_0BM@KLIDFGLC@Ipv6Support?5?$CB?$DN?5?$CI?$CIvoid?5?$CK?$CJ?50?$CJ@ 0000000000018bc8     IScsiDxe:IScsiMisc.obj
 0002:00000568       ??_C@_1CI@PHDJCGLB@?$AAI?$AAn?$AAi?$AAt?$AAi?$AAa?$AAl?$AAA?$AAt?$AAt?$AAe?$AAm?$AAp?$AAt?$AAO@ 0000000000018be8     IScsiDxe:IScsiMisc.obj
 0002:00000590       ??_C@_0BE@OLCIKBCC@IScsiCreateAttempts@ 0000000000018c10     IScsiDxe:IScsiMisc.obj
 0002:000005a8       ??_C@_0DM@EMCCJOPP@?$CFa?3?5Failed?5to?5set?5?8InitialAttem@ 0000000000018c28     IScsiDxe:IScsiMisc.obj
 0002:000005f0       ??_C@_0EG@HPJPAPJF@?$CFa?3?5Failed?5to?5set?5variable?5?$CImPr@ 0000000000018c70     IScsiDxe:IScsiMisc.obj
 0002:00000640       ??_C@_1EC@HNHKMKMB@?$AAS?$AAT?$AAR?$AA_?$AAI?$AAS?$AAC?$AAS?$AAI?$AA_?$AAA?$AAT?$AAT?$AAE?$AAM@ 0000000000018cc0     IScsiDxe:IScsiMisc.obj
 0002:00000688       ??_C@_1CI@HEIGCBOD@?$AAi?$AAS?$AAC?$AAS?$AAI?$AAA?$AAt?$AAt?$AAe?$AAm?$AAp?$AAt?$AAN?$AAa?$AAm@ 0000000000018d08     IScsiDxe:IScsiMisc.obj
 0002:000006b0       ??_C@_09BJEBPINI@x?9UEFI?9ns@ 0000000000018d30     IScsiDxe:IScsiMisc.obj
 0002:000006c0       ??_C@_1DA@BJMNBGMF@?$AAS?$AAT?$AAR?$AA_?$AAI?$AAS?$AAC?$AAS?$AAI?$AA_?$AAM?$AAO?$AAD?$AAE?$AA_@ 0000000000018d40     IScsiDxe:IScsiMisc.obj
 0002:000006f0       ??_C@_1CG@HFJGGIEK@?$AAi?$AAS?$AAC?$AAS?$AAI?$AAB?$AAo?$AAo?$AAt?$AAE?$AAn?$AAa?$AAb?$AAl?$AAe@ 0000000000018d70     IScsiDxe:IScsiMisc.obj
 0002:00000718       ??_C@_1DG@HCOKEFHE@?$AAS?$AAT?$AAR?$AA_?$AAI?$AAS?$AAC?$AAS?$AAI?$AA_?$AAI?$AAP?$AA_?$AAM?$AAO@ 0000000000018d98     IScsiDxe:IScsiMisc.obj
 0002:00000750       ??_C@_1CM@CBPAADNE@?$AAi?$AAS?$AAC?$AAS?$AAI?$AAI?$AAp?$AAA?$AAd?$AAd?$AAr?$AAe?$AAs?$AAs?$AAT@ 0000000000018dd0     IScsiDxe:IScsiMisc.obj
 0002:00000780       ??_C@_1EC@DPEODOHN@?$AAS?$AAT?$AAR?$AA_?$AAI?$AAS?$AAC?$AAS?$AAI?$AA_?$AAC?$AAO?$AAN?$AAN?$AAE@ 0000000000018e00     IScsiDxe:IScsiMisc.obj
 0002:000007c8       ??_C@_1CK@LPKJOHD@?$AAi?$AAS?$AAC?$AAS?$AAI?$AAC?$AAo?$AAn?$AAn?$AAe?$AAc?$AAt?$AAR?$AAe?$AAt@ 0000000000018e48     IScsiDxe:IScsiMisc.obj
 0002:00000800       ??_C@_1EG@FOEHCAKJ@?$AAS?$AAT?$AAR?$AA_?$AAI?$AAS?$AAC?$AAS?$AAI?$AA_?$AAC?$AAO?$AAN?$AAN?$AAE@ 0000000000018e80     IScsiDxe:IScsiMisc.obj
 0002:00000848       ??_C@_1CO@LCOHAIEK@?$AAi?$AAS?$AAC?$AAS?$AAI?$AAC?$AAo?$AAn?$AAn?$AAe?$AAc?$AAt?$AAT?$AAi?$AAm@ 0000000000018ec8     IScsiDxe:IScsiMisc.obj
 0002:00000878       ??_C@_1DA@OHPDKBKN@?$AAS?$AAT?$AAR?$AA_?$AAI?$AAS?$AAC?$AAS?$AAI?$AA_?$AAI?$AAS?$AAI?$AAD?$AA_@ 0000000000018ef8     IScsiDxe:IScsiMisc.obj
 0002:000008a8       ??_C@_1BK@GHCBGJK@?$AAi?$AAS?$AAC?$AAS?$AAI?$AAI?$AAS?$AAI?$AAD?$AA?3?$AA?$CF?$AAd@ 0000000000018f28     IScsiDxe:IScsiMisc.obj
 0002:000008d0       ??_C@_1EM@CDJCPBKN@?$AAS?$AAT?$AAR?$AA_?$AAI?$AAS?$AAC?$AAS?$AAI?$AA_?$AAI?$AAN?$AAI?$AAT?$AAI@ 0000000000018f50     IScsiDxe:IScsiMisc.obj
 0002:00000920       ??_C@_1DK@MNMHMNMI@?$AAi?$AAS?$AAC?$AAS?$AAI?$AAI?$AAn?$AAi?$AAt?$AAi?$AAa?$AAt?$AAo?$AAr?$AAI@ 0000000000018fa0     IScsiDxe:IScsiMisc.obj
 0002:00000960       ??_C@_1FA@KPPEFLHA@?$AAS?$AAT?$AAR?$AA_?$AAI?$AAS?$AAC?$AAS?$AAI?$AA_?$AAI?$AAN?$AAI?$AAT?$AAI@ 0000000000018fe0     IScsiDxe:IScsiMisc.obj
 0002:000009b0       ??_C@_1DG@BDOEDFB@?$AAi?$AAS?$AAC?$AAS?$AAI?$AAI?$AAn?$AAi?$AAt?$AAi?$AAa?$AAt?$AAo?$AAr?$AAI@ 0000000000019030     IScsiDxe:IScsiMisc.obj
 0002:000009f0       ??_C@_1EM@KKJJLIHN@?$AAS?$AAT?$AAR?$AA_?$AAI?$AAS?$AAC?$AAS?$AAI?$AA_?$AAI?$AAN?$AAI?$AAT?$AAI@ 0000000000019070     IScsiDxe:IScsiMisc.obj
 0002:00000a40       ??_C@_1DC@HFNAHCNF@?$AAi?$AAS?$AAC?$AAS?$AAI?$AAI?$AAn?$AAi?$AAt?$AAi?$AAa?$AAt?$AAo?$AAr?$AAN@ 00000000000190c0     IScsiDxe:IScsiMisc.obj
 0002:00000a80       ??_C@_1EE@PKEMPLOI@?$AAS?$AAT?$AAR?$AA_?$AAI?$AAS?$AAC?$AAS?$AAI?$AA_?$AAI?$AAN?$AAI?$AAT?$AAI@ 0000000000019100     IScsiDxe:IScsiMisc.obj
 0002:00000ac8       ??_C@_1DC@LLENBBGP@?$AAi?$AAS?$AAC?$AAS?$AAI?$AAI?$AAn?$AAi?$AAt?$AAi?$AAa?$AAt?$AAo?$AAr?$AAG@ 0000000000019148     IScsiDxe:IScsiMisc.obj
 0002:00000b00       ??_C@_1EG@GAJNCGJH@?$AAS?$AAT?$AAR?$AA_?$AAI?$AAS?$AAC?$AAS?$AAI?$AA_?$AAT?$AAA?$AAR?$AAG?$AAE@ 0000000000019180     IScsiDxe:IScsiMisc.obj
 0002:00000b48       ??_C@_1DE@OGOGAJBO@?$AAi?$AAS?$AAC?$AAS?$AAI?$AAT?$AAa?$AAr?$AAg?$AAe?$AAt?$AAI?$AAn?$AAf?$AAo@ 00000000000191c8     IScsiDxe:IScsiMisc.obj
 0002:00000b80       ??_C@_1EG@KMENBILK@?$AAS?$AAT?$AAR?$AA_?$AAI?$AAS?$AAC?$AAS?$AAI?$AA_?$AAT?$AAA?$AAR?$AAG?$AAE@ 0000000000019200     IScsiDxe:IScsiMisc.obj
 0002:00000bc8       ??_C@_1CM@HDFAPMME@?$AAi?$AAS?$AAC?$AAS?$AAI?$AAT?$AAa?$AAr?$AAg?$AAe?$AAt?$AAT?$AAc?$AAp?$AAP@ 0000000000019248     IScsiDxe:IScsiMisc.obj
 0002:00000bf8       ??_C@_1DO@NNEJJHC@?$AAS?$AAT?$AAR?$AA_?$AAI?$AAS?$AAC?$AAS?$AAI?$AA_?$AAT?$AAA?$AAR?$AAG?$AAE@ 0000000000019278     IScsiDxe:IScsiMisc.obj
 0002:00000c38       ??_C@_1CG@IMIDKEEM@?$AAi?$AAS?$AAC?$AAS?$AAI?$AAT?$AAa?$AAr?$AAg?$AAe?$AAt?$AAN?$AAa?$AAm?$AAe@ 00000000000192b8     IScsiDxe:IScsiMisc.obj
 0002:00000c60       ??_C@_1EK@NAOJGMOF@?$AAS?$AAT?$AAR?$AA_?$AAI?$AAS?$AAC?$AAS?$AAI?$AA_?$AAT?$AAA?$AAR?$AAG?$AAE@ 00000000000192e0     IScsiDxe:IScsiMisc.obj
 0002:00000cb0       ??_C@_1DA@BNHFHCKF@?$AAi?$AAS?$AAC?$AAS?$AAI?$AAT?$AAa?$AAr?$AAg?$AAe?$AAt?$AAI?$AAp?$AAA?$AAd@ 0000000000019330     IScsiDxe:IScsiMisc.obj
 0002:00000ce0       ??_C@_1CO@LKFGDNLP@?$AAS?$AAT?$AAR?$AA_?$AAI?$AAS?$AAC?$AAS?$AAI?$AA_?$AAL?$AAU?$AAN?$AA_?$AAP@ 0000000000019360     IScsiDxe:IScsiMisc.obj
 0002:00000d10       ??_C@_1BI@CCOOIPBK@?$AAi?$AAS?$AAC?$AAS?$AAI?$AAL?$AAU?$AAN?$AA?3?$AA?$CF?$AAd@ 0000000000019390     IScsiDxe:IScsiMisc.obj
 0002:00000d30       ??_C@_1FC@BBEHEHML@?$AAS?$AAT?$AAR?$AA_?$AAI?$AAS?$AAC?$AAS?$AAI?$AA_?$AAA?$AAU?$AAT?$AAH?$AAE@ 00000000000193b0     IScsiDxe:IScsiMisc.obj
 0002:00000d88       ??_C@_1DK@GMLHAFCO@?$AAi?$AAS?$AAC?$AAS?$AAI?$AAA?$AAu?$AAt?$AAh?$AAe?$AAn?$AAt?$AAi?$AAc?$AAa@ 0000000000019408     IScsiDxe:IScsiMisc.obj
 0002:00000dc8       ??_C@_1DI@CPGEKLIM@?$AAS?$AAT?$AAR?$AA_?$AAI?$AAS?$AAC?$AAS?$AAI?$AA_?$AAC?$AAH?$AAA?$AAR?$AAT@ 0000000000019448     IScsiDxe:IScsiMisc.obj
 0002:00000e00       ??_C@_1CC@PNCOMNAM@?$AAi?$AAS?$AAC?$AAS?$AAI?$AAC?$AAh?$AAa?$AAp?$AAT?$AAy?$AAp?$AAe?$AA?3?$AA?$CF@ 0000000000019480     IScsiDxe:IScsiMisc.obj
 0002:00000e30       ??_C@_1EE@BDEAJPAA@?$AAS?$AAT?$AAR?$AA_?$AAI?$AAS?$AAC?$AAS?$AAI?$AA_?$AAC?$AAH?$AAA?$AAR?$AA_@ 00000000000194b0     IScsiDxe:IScsiMisc.obj
 0002:00000e78       ??_C@_1CK@HMKCAOIH@?$AAi?$AAS?$AAC?$AAS?$AAI?$AAC?$AAh?$AAa?$AAp?$AAU?$AAs?$AAe?$AAr?$AAn?$AAa@ 00000000000194f8     IScsiDxe:IScsiMisc.obj
 0002:00000ea8       ??_C@_1DO@ILKFOLHO@?$AAS?$AAT?$AAR?$AA_?$AAI?$AAS?$AAC?$AAS?$AAI?$AA_?$AAC?$AAH?$AAA?$AAR?$AA_@ 0000000000019528     IScsiDxe:IScsiMisc.obj
 0002:00000ee8       ??_C@_1CG@LPJEJPEJ@?$AAi?$AAS?$AAC?$AAS?$AAI?$AAC?$AAh?$AAa?$AAp?$AAS?$AAe?$AAc?$AAr?$AAe?$AAt@ 0000000000019568     IScsiDxe:IScsiMisc.obj
 0002:00000f10       ??_C@_1FE@GBGGNCNN@?$AAS?$AAT?$AAR?$AA_?$AAI?$AAS?$AAC?$AAS?$AAI?$AA_?$AAC?$AAH?$AAA?$AAR?$AA_@ 0000000000019590     IScsiDxe:IScsiMisc.obj
 0002:00000f68       ??_C@_1DI@JGKDKGKI@?$AAi?$AAS?$AAC?$AAS?$AAI?$AAR?$AAe?$AAv?$AAe?$AAr?$AAs?$AAe?$AAC?$AAh?$AAa@ 00000000000195e8     IScsiDxe:IScsiMisc.obj
 0002:00000fa0       ??_C@_1EO@OFKHBAND@?$AAS?$AAT?$AAR?$AA_?$AAI?$AAS?$AAC?$AAS?$AAI?$AA_?$AAC?$AAH?$AAA?$AAR?$AA_@ 0000000000019620     IScsiDxe:IScsiMisc.obj
 0002:00000ff0       ??_C@_1DE@OMHAAAJE@?$AAi?$AAS?$AAC?$AAS?$AAI?$AAR?$AAe?$AAv?$AAe?$AAr?$AAs?$AAe?$AAC?$AAh?$AAa@ 0000000000019670     IScsiDxe:IScsiMisc.obj
 0002:00001028       ??_C@_0DM@EDFBLLHA@AttemptConfigOrder?$FLIndex?$FN?5?$DN?$DN?5At@ 00000000000196a8     IScsiDxe:IScsiMisc.obj
 0002:00001068       ??_C@_0BI@KGIBPGM@NicInfo?5?$CB?$DN?5?$CI?$CIvoid?5?$CK?$CJ?50?$CJ@ 00000000000196e8     IScsiDxe:IScsiMisc.obj
 0002:00001080       ??_C@_0ED@FHEGFGOH@AttemptConfigOrder?$FLIndex?$FN?5?$DN?$DN?5At@ 0000000000019700     IScsiDxe:IScsiMisc.obj
 0002:000010c8       ??_C@_1BC@FGCJDNHA@?$AAD?$AAi?$AAs?$AAa?$AAb?$AAl?$AAe?$AAd@ 0000000000019748     IScsiDxe:IScsiMisc.obj
 0002:000010e0       ??_C@_1BA@NPJPKIM@?$AAE?$AAn?$AAa?$AAb?$AAl?$AAe?$AAd@ 0000000000019760     IScsiDxe:IScsiMisc.obj
 0002:000010f0       ??_C@_1CC@HOPKGJBM@?$AAE?$AAn?$AAa?$AAb?$AAl?$AAe?$AAd?$AA?5?$AAf?$AAo?$AAr?$AA?5?$AAM?$AAP?$AAI@ 0000000000019770     IScsiDxe:IScsiMisc.obj
 0002:00001118       ??_C@_17NPMIJOFB@?$AAI?$AAP?$AA4@ 0000000000019798     IScsiDxe:IScsiMisc.obj
 0002:00001120       ??_C@_17HFMBFGNK@?$AAI?$AAP?$AA6@ 00000000000197a0     IScsiDxe:IScsiMisc.obj
 0002:00001128       ??_C@_1BM@LLBKNBMC@?$AAA?$AAu?$AAt?$AAo?$AAc?$AAo?$AAn?$AAf?$AAi?$AAg?$AAu?$AAr?$AAe@ 00000000000197a8     IScsiDxe:IScsiMisc.obj
 0002:00001150       ??_C@_1JA@LJOCICLJ@?$AAM?$AAA?$AAC?$AA?3?$AA?5?$AA?$CF?$AAs?$AA?0?$AA?5?$AAP?$AAF?$AAA?$AA?3?$AA?5?$AAB@ 00000000000197d0     IScsiDxe:IScsiMisc.obj
 0002:000011e0       ??_C@_0BN@HHGHCLME@ProtocolGuid?5?$CB?$DN?5?$CI?$CIvoid?5?$CK?$CJ?50?$CJ@ 0000000000019860     IScsiDxe:IScsiMisc.obj
 0002:00001200       IScsiHexString             0000000000019880     IScsiDxe:IScsiMisc.obj
 0002:00001218       ??_C@_03LKLGDMJI@eng@      0000000000019898     IScsiDxe:ComponentName.obj
 0002:0000121c       ??_C@_02LFNMGJAP@en@       000000000001989c     IScsiDxe:ComponentName.obj
 0002:00001220       ??_C@_06DALJLGPG@eng?$DLen@ 00000000000198a0     IScsiDxe:ComponentName.obj
 0002:00001228       ??_C@_1BK@DKDHMMII@?$AAi?$AAS?$AAC?$AAS?$AAI?$AA?5?$AAD?$AAr?$AAi?$AAv?$AAe?$AAr@ 00000000000198a8     IScsiDxe:ComponentName.obj
 0002:00001250       ??_C@_0EM@GBMKOHGK@D?3?2uefi_specs_personal_collecti@ 00000000000198d0     IScsiDxe:ComponentName.obj
 0002:000012a0       ??_C@_19CDMHABIE@?$AAI?$AAP?$AAv?$AA6@ 0000000000019920     IScsiDxe:ComponentName.obj
 0002:000012b0       ??_C@_19IJMOMJAP@?$AAI?$AAP?$AAv?$AA4@ 0000000000019930     IScsiDxe:ComponentName.obj
 0002:000012c0       ??_C@_1DA@MCMPEFMN@?$AAi?$AAS?$AAC?$AAS?$AAI?$AA?5?$AA?$CI?$AA?$CF?$AAs?$AA?0?$AA?5?$AAN?$AAi?$AAc?$AAI@ 0000000000019940     IScsiDxe:ComponentName.obj
 0002:000012f0       ??_C@_1BI@FCMLLAGN@?$AA?$CF?$AAd?$AA?4?$AA?$CF?$AAd?$AA?4?$AA?$CF?$AAd?$AA?4?$AA?$CF?$AAd@ 0000000000019970     IScsiDxe:IScsiConfig.obj
 0002:00001308       ??_C@_0L@PEIHAPBP@Index?5?$DM?515@ 0000000000019988     IScsiDxe:IScsiConfig.obj
 0002:00001320       ??_C@_0EK@PJKJAEGB@D?3?2uefi_specs_personal_collecti@ 00000000000199a0     IScsiDxe:IScsiConfig.obj
 0002:00001370       ??_C@_17FDKMNLMN@?$AA?$CF?$AAx?$AA?3@ 00000000000199f0     IScsiDxe:IScsiConfig.obj
 0002:00001378       ??_C@_1O@OEEHBOOE@?$AA?$CF?$AAx?$AA0?$AA?$CF?$AAx?$AA?3@ 00000000000199f8     IScsiDxe:IScsiConfig.obj
 0002:00001388       ??_C@_1M@CIFHKLEP@?$AA?$CF?$AAx?$AA?$CF?$AAx?$AA?3@ 0000000000019a08     IScsiDxe:IScsiConfig.obj
 0002:00001398       ??_C@_0DM@GAEIBCOM@IpMode?5?$CFd?5is?5invalid?5when?5confi@ 0000000000019a18     IScsiDxe:IScsiConfig.obj
 0002:000013e0       ??_C@_1PM@NKCILPCF@?$AAE?$AAr?$AAr?$AAo?$AAr?$AA?$CB?$AA?5?$AAO?$AAn?$AAl?$AAy?$AA?5?$AAl?$AAa?$AAs@ 0000000000019a60     IScsiDxe:IScsiConfig.obj
 0002:000014e0       ??_C@_17EGMIMACD@?$AA0?$AA?$CF?$AAX@ 0000000000019b60     IScsiDxe:IScsiConfig.obj
 0002:000014e8       ??_C@_15BHOFONJE@?$AA?$CF?$AAX@ 0000000000019b68     IScsiDxe:IScsiConfig.obj
 0002:000014f0       ??_C@_0BK@OHHEMHCC@StringPtr?5?$CB?$DN?5?$CI?$CIvoid?5?$CK?$CJ?50?$CJ@ 0000000000019b70     IScsiDxe:IScsiConfig.obj
 0002:00001510       ??_C@_1BC@FPHENPJJ@?$AAa?$AAt?$AAt?$AAe?$AAm?$AAp?$AAt?$AA?3@ 0000000000019b90     IScsiDxe:IScsiConfig.obj
 0002:00001530       ??_C@_0EM@KLICEKGL@?$CIAttempt?9?$DOAttemptConfigIndex?5?$DO?5@ 0000000000019bb0     IScsiDxe:IScsiConfig.obj
 0002:00001580       ??_C@_0O@IKONHJNJ@StringLen?5?$DO?52@ 0000000000019c00     IScsiDxe:IScsiConfig.obj
 0002:00001590       ??_C@_1IE@FMPFFHNB@?$AAC?$AAo?$AAn?$AAn?$AAe?$AAc?$AAt?$AAi?$AAo?$AAn?$AA?5?$AAE?$AAs?$AAt?$AAa@ 0000000000019c10     IScsiDxe:IScsiConfig.obj
 0002:00001620       ??_C@_1GA@GADAOPJN@?$AAG?$AAa?$AAt?$AAe?$AAw?$AAa?$AAy?$AA?5?$AAa?$AAd?$AAd?$AAr?$AAe?$AAs?$AAs@ 0000000000019ca0     IScsiDxe:IScsiConfig.obj
 0002:00001680       ??_C@_1GC@NOKIOPCN@?$AAL?$AAo?$AAc?$AAa?$AAl?$AA?5?$AAI?$AAP?$AA?5?$AAa?$AAn?$AAd?$AA?5?$AAG?$AAa@ 0000000000019d00     IScsiDxe:IScsiConfig.obj
 0002:000016e8       ??_C@_1CM@DIGHAABF@?$AAT?$AAa?$AAr?$AAg?$AAe?$AAt?$AA?5?$AAI?$AAP?$AA?5?$AAi?$AAs?$AA?5?$AAi?$AAn@ 0000000000019d68     IScsiDxe:IScsiConfig.obj
 0002:00001720       ??_C@_1EK@KKIJKOOP@?$AAi?$AAS?$AAC?$AAS?$AAI?$AA?5?$AAt?$AAa?$AAr?$AAg?$AAe?$AAt?$AA?5?$AAU?$AAr@ 0000000000019da0     IScsiDxe:IScsiConfig.obj
 0002:00001770       ??_C@_1DG@CLIBEBMD@?$AAi?$AAS?$AAC?$AAS?$AAI?$AA?5?$AAt?$AAa?$AAr?$AAg?$AAe?$AAt?$AA?5?$AAn?$AAa@ 0000000000019df0     IScsiDxe:IScsiConfig.obj
 0002:000017b0       ??_C@_1EK@CICAMCED@?$AAC?$AAH?$AAA?$AAP?$AA?5?$AAN?$AAa?$AAm?$AAe?$AA?5?$AAo?$AAr?$AA?5?$AAC?$AAH@ 0000000000019e30     IScsiDxe:IScsiConfig.obj
 0002:00001800       ??_C@_1GK@ILMFAFOE@?$AAR?$AAe?$AAv?$AAe?$AAr?$AAs?$AAe?$AA?5?$AAC?$AAH?$AAA?$AAP?$AA?5?$AAN?$AAa@ 0000000000019e80     IScsiDxe:IScsiConfig.obj
 0002:00001870       ??_C@_1GK@DNBKIGEI@?$AAW?$AAa?$AAr?$AAn?$AAi?$AAn?$AAg?$AA?$CB?$AA?5?$AAA?$AAt?$AAt?$AAe?$AAm?$AAp@ 0000000000019ef0     IScsiDxe:IScsiConfig.obj
 0002:000018e0       ??_C@_0BI@IGFDHHON@ExistAttempt?5?$DN?$DN?5Attempt@ 0000000000019f60     IScsiDxe:IScsiConfig.obj
 0002:00001900       ??_C@_1FK@ELEIPALG@?$AAW?$AAa?$AAr?$AAn?$AAi?$AAn?$AAg?$AA?$CB?$AA?5?$AA?$CC?$AA?$CF?$AAs?$AA?$CC?$AA?5?$AAu@ 0000000000019f80     IScsiDxe:IScsiConfig.obj
 0002:00001960       ??_C@_1IA@OPOCHDEG@?$AAT?$AAh?$AAe?$AA?5?$AAm?$AAi?$AAn?$AAi?$AAm?$AAu?$AAm?$AA?5?$AAv?$AAa?$AAl@ 0000000000019fe0     IScsiDxe:IScsiConfig.obj
 0002:000019e0       ??_C@_1IK@OKCMAFBM@?$AAT?$AAh?$AAe?$AA?5?$AAm?$AAi?$AAn?$AAi?$AAm?$AAu?$AAm?$AA?5?$AAv?$AAa?$AAl@ 000000000001a060     IScsiDxe:IScsiConfig.obj
 0002:00001a70       ??_C@_1HK@PKNPBNOI@?$AAI?$AAn?$AAv?$AAa?$AAl?$AAi?$AAd?$AA?5?$AAC?$AAo?$AAn?$AAf?$AAi?$AAg?$AAu@ 000000000001a0f0     IScsiDxe:IScsiConfig.obj
 0002:00001af0       ??_C@_1IC@POFCKNAH@?$AAI?$AAn?$AAv?$AAa?$AAl?$AAi?$AAd?$AA?5?$AAC?$AAo?$AAn?$AAf?$AAi?$AAg?$AAu@ 000000000001a170     IScsiDxe:IScsiConfig.obj
 0002:00001b78       ??_C@_1CI@LMPBJGDM@?$AAI?$AAn?$AAv?$AAa?$AAl?$AAi?$AAd?$AA?5?$AAI?$AAP?$AA?5?$AAa?$AAd?$AAd?$AAr@ 000000000001a1f8     IScsiDxe:IScsiConfig.obj
 0002:00001ba0       ??_C@_1CK@EKOBMLHN@?$AAI?$AAn?$AAv?$AAa?$AAl?$AAi?$AAd?$AA?5?$AAS?$AAu?$AAb?$AAn?$AAe?$AAt?$AA?5@ 000000000001a220     IScsiDxe:IScsiConfig.obj
 0002:00001bd0       ??_C@_1CC@EECKCHGK@?$AAI?$AAn?$AAv?$AAa?$AAl?$AAi?$AAd?$AA?5?$AAG?$AAa?$AAt?$AAe?$AAw?$AAa?$AAy@ 000000000001a250     IScsiDxe:IScsiConfig.obj
 0002:00001bf8       ??_C@_1CI@GPNFKPNE@?$AAI?$AAn?$AAv?$AAa?$AAl?$AAi?$AAd?$AA?5?$AAi?$AAS?$AAC?$AAS?$AAI?$AA?5?$AAN@ 000000000001a278     IScsiDxe:IScsiConfig.obj
 0002:00001c20       ??_C@_1KA@DCMDPHDG@?$AAI?$AAn?$AAv?$AAa?$AAl?$AAi?$AAd?$AA?5?$AAL?$AAU?$AAN?$AA?5?$AAs?$AAt?$AAr@ 000000000001a2a0     IScsiDxe:IScsiConfig.obj
 0002:00001cc0       ??_C@_1CM@KIGHCEPH@?$AAC?$AAH?$AAA?$AAP?$AA?5?$AAN?$AAa?$AAm?$AAe?$AA?5?$AAi?$AAs?$AA?5?$AAi?$AAn@ 000000000001a340     IScsiDxe:IScsiConfig.obj
 0002:00001cf0       ??_C@_1HE@GHDDKPP@?$AAI?$AAn?$AAv?$AAa?$AAl?$AAi?$AAd?$AA?5?$AAC?$AAo?$AAn?$AAf?$AAi?$AAg?$AAu@ 000000000001a370     IScsiDxe:IScsiConfig.obj
 0002:00001d70       ??_C@_1JO@IECLLNNM@?$AAT?$AAh?$AAe?$AA?5?$AAC?$AAh?$AAa?$AAp?$AA?5?$AAS?$AAe?$AAc?$AAr?$AAe?$AAt@ 000000000001a3f0     IScsiDxe:IScsiConfig.obj
 0002:00001e10       ??_C@_1DM@EBKLMKDD@?$AAR?$AAe?$AAv?$AAe?$AAr?$AAs?$AAe?$AA?5?$AAC?$AAH?$AAA?$AAP?$AA?5?$AAN?$AAa@ 000000000001a490     IScsiDxe:IScsiConfig.obj
 0002:00001e50       ??_C@_1IO@JOOAFOHI@?$AAI?$AAn?$AAv?$AAa?$AAl?$AAi?$AAd?$AA?5?$AAC?$AAo?$AAn?$AAf?$AAi?$AAg?$AAu@ 000000000001a4d0     IScsiDxe:IScsiConfig.obj
 0002:00001ee0       ??_C@_1KO@GCLOJAIA@?$AAT?$AAh?$AAe?$AA?5?$AAR?$AAe?$AAv?$AAe?$AAr?$AAs?$AAe?$AA?5?$AAC?$AAH?$AAA@ 000000000001a560     IScsiDxe:IScsiConfig.obj
 0002:00001f90       ??_C@_1O@NBNBLPAP@?$AAM?$AAA?$AAC?$AA?5?$AA?$CF?$AAs@ 000000000001a610     IScsiDxe:IScsiConfig.obj
 0002:00001fa0       ??_C@_1DO@OOHFBPEO@?$AAP?$AAF?$AAA?$AA?3?$AA?5?$AAB?$AAu?$AAs?$AA?5?$AA?$CF?$AAd?$AA?5?$AA?$HM?$AA?5?$AAD@ 000000000001a620     IScsiDxe:IScsiConfig.obj
 0002:00001fe0       ??_C@_0CC@PIBHJFDN@StartOpCodeHandle?5?$CB?$DN?5?$CI?$CIvoid?5?$CK?$CJ?5@ 000000000001a660     IScsiDxe:IScsiConfig.obj
 0002:00002008       ??_C@_0CA@MFFPKHJH@Index?5?$DN?$DN?5mPrivate?9?$DOAttemptCount@ 000000000001a688     IScsiDxe:IScsiConfig.obj
 0002:00002030       ??_C@_1KO@CMAFGNCI@?$AAC?$AAa?$AAn?$AA?5?$AAn?$AAo?$AAt?$AA?5?$AAc?$AAr?$AAe?$AAa?$AAt?$AAe?$AA?5@ 000000000001a6b0     IScsiDxe:IScsiConfig.obj
 0002:000020e0       ??_C@_0CC@NCPBIMNJ@AttemptConfigData?5?$CB?$DN?5?$CI?$CIvoid?5?$CK?$CJ?5@ 000000000001a760     IScsiDxe:IScsiConfig.obj
 0002:00002110       ??_C@_1FA@BNOKFEIK@?$AAM?$AAA?$AAC?$AA?3?$AA?5?$AA?$CF?$AAs?$AA?0?$AA?5?$AAP?$AAF?$AAA?$AA?3?$AA?5?$AAB@ 000000000001a790     IScsiDxe:IScsiConfig.obj
 0002:00002160       ??_C@_0DI@KOIDKGNG@Corresponding?5configuration?5dat@ 000000000001a7e0     IScsiDxe:IScsiConfig.obj
 0002:00002198       ??_C@_1O@LFMAFHMH@?$AAO?$AAF?$AAF?$AAS?$AAE?$AAT@ 000000000001a818     IScsiDxe:IScsiConfig.obj
 0002:000021a8       ??_C@_1DC@EPJEBJEB@?$AA?$CF?$AAs?$AA?$CG?$AAO?$AAF?$AAF?$AAS?$AAE?$AAT?$AA?$DN?$AA0?$AA?$CG?$AAW?$AAI?$AAD@ 000000000001a828     IScsiDxe:IScsiConfig.obj
 0002:000021e0       ??_C@_1BC@KLGPJAMP@?$AA?$CG?$AAO?$AAF?$AAF?$AAS?$AAE?$AAT?$AA?$DN@ 000000000001a860     IScsiDxe:IScsiConfig.obj
 0002:00002200       ??_C@_1GI@FGGMGBGN@?$AAE?$AAr?$AAr?$AAo?$AAr?$AA?3?$AA?5?$AAp?$AAl?$AAe?$AAa?$AAs?$AAe?$AA?5?$AAc@ 000000000001a880     IScsiDxe:IScsiConfig.obj
 0002:00002270       ??_C@_1EO@FLPILACC@?$AAE?$AAr?$AAr?$AAo?$AAr?$AA?3?$AA?5?$AAT?$AAh?$AAe?$AA?5?$AAa?$AAd?$AAd?$AA?5@ 000000000001a8f0     IScsiDxe:IScsiConfig.obj
 0002:000022c0       ??_C@_1FE@DJKEEMLI@?$AAE?$AAr?$AAr?$AAo?$AAr?$AA?3?$AA?5?$AAT?$AAh?$AAe?$AA?5?$AAd?$AAe?$AAl?$AAe@ 000000000001a940     IScsiDxe:IScsiConfig.obj
 0002:00002320       ??_C@_1FK@DCGFDFEP@?$AAE?$AAr?$AAr?$AAo?$AAr?$AA?3?$AA?5?$AAT?$AAh?$AAe?$AA?5?$AAn?$AAe?$AAw?$AA?5@ 000000000001a9a0     IScsiDxe:IScsiConfig.obj
 0002:00002380       ??_C@_1EE@FFBFOLIE@?$AAC?$AAu?$AAr?$AAr?$AAe?$AAn?$AAt?$AA?5?$AAN?$AAI?$AAC?$AA?5?$AAd?$AAo?$AAe@ 000000000001aa00     IScsiDxe:IScsiConfig.obj
 0002:000023c8       ??_C@_1CI@GENBJJAB@?$AAI?$AAn?$AAv?$AAa?$AAl?$AAi?$AAd?$AA?5?$AAL?$AAU?$AAN?$AA?5?$AAs?$AAt?$AAr@ 000000000001aa48     IScsiDxe:IScsiConfig.obj
 0002:000023f0       ??_C@_0BM@FGCLBLHH@mPrivate?9?$DOAttemptCount?5?$DN?$DN?50@ 000000000001aa70     IScsiDxe:IScsiConfig.obj
 0002:00002410       ??_C@_0BI@MEJLBIAC@mPrivate?9?$DONicCount?5?$DN?$DN?50@ 000000000001aa90     IScsiDxe:IScsiConfig.obj
 0002:00002430       ??_C@_0EH@NJGCLBKC@The?5configuration?5of?5Target?5add@ 000000000001aab0     IScsiDxe:IScsiProto.obj
 0002:00002480       ??_C@_0EJ@PONGDKCE@D?3?2uefi_specs_personal_collecti@ 000000000001ab00     IScsiDxe:IScsiProto.obj
 0002:000024d0       ??_C@_0BE@OAEFJCLC@Pdu?5?$CB?$DN?5?$CI?$CIvoid?5?$CK?$CJ?50?$CJ@ 000000000001ab50     IScsiDxe:IScsiProto.obj
 0002:000024e8       ??_C@_0O@DMHNKPDD@TargetAddress@ 000000000001ab68     IScsiDxe:IScsiProto.obj
 0002:000024f8       ??_C@_0BE@MAANAFFD@Arg?5?$CB?$DN?5?$CI?$CIvoid?5?$CK?$CJ?50?$CJ@ 000000000001ab78     IScsiDxe:IScsiProto.obj
 0002:00002510       ??_C@_0N@LDJCJGDI@HeaderDigest@ 000000000001ab90     IScsiDxe:IScsiProto.obj
 0002:00002520       ??_C@_05MHNOECFO@CRC32@    000000000001aba0     IScsiDxe:IScsiProto.obj
 0002:00002528       ??_C@_0L@NIHDLAKD@DataDigest@ 000000000001aba8     IScsiDxe:IScsiProto.obj
 0002:00002540       ??_C@_0BD@OAAHBPKN@ErrorRecoveryLevel@ 000000000001abc0     IScsiDxe:IScsiProto.obj
 0002:00002558       ??_C@_0L@DHPBNECN@InitialR2T@ 000000000001abd8     IScsiDxe:IScsiProto.obj
 0002:00002564       ??_C@_03CCLAEDDF@Yes@      000000000001abe4     IScsiDxe:IScsiProto.obj
 0002:00002568       ??_C@_0O@GKGOMOLB@ImmediateData@ 000000000001abe8     IScsiDxe:IScsiProto.obj
 0002:00002580       ??_C@_0BJ@FCLHOFCN@MaxRecvDataSegmentLength@ 000000000001ac00     IScsiDxe:IScsiProto.obj
 0002:000025a0       ??_C@_0P@KOEHAIP@MaxBurstLength@ 000000000001ac20     IScsiDxe:IScsiProto.obj
 0002:000025b0       ??_C@_0BB@IPNJPAAG@FirstBurstLength@ 000000000001ac30     IScsiDxe:IScsiProto.obj
 0002:000025c8       ??_C@_0P@DDHINENC@MaxConnections@ 000000000001ac48     IScsiDxe:IScsiProto.obj
 0002:000025d8       ??_C@_0P@BAPPFDGI@DataPDUInOrder@ 000000000001ac58     IScsiDxe:IScsiProto.obj
 0002:000025f0       ??_C@_0BE@KICALKDN@DataSequenceInOrder@ 000000000001ac70     IScsiDxe:IScsiProto.obj
 0002:00002610       ??_C@_0BB@HADJICGK@DefaultTime2Wait@ 000000000001ac90     IScsiDxe:IScsiProto.obj
 0002:00002630       ??_C@_0BD@BGMCDOLB@DefaultTime2Retain@ 000000000001acb0     IScsiDxe:IScsiProto.obj
 0002:00002650       ??_C@_0BC@HPPCAHHC@MaxOutstandingR2T@ 000000000001acd0     IScsiDxe:IScsiProto.obj
 0002:00002668       ??_C@_0M@PDHAICBK@TargetAlias@ 000000000001ace8     IScsiDxe:IScsiProto.obj
 0002:00002678       ??_C@_0L@LNPOJIAE@None?0CRC32@ 000000000001acf8     IScsiDxe:IScsiProto.obj
 0002:00002684       ??_C@_02ECNOPIAA@?$CFa@    000000000001ad04     IScsiDxe:IScsiProto.obj
 0002:00002688       ??_C@_02JINPPBEP@No@       000000000001ad08     IScsiDxe:IScsiProto.obj
 0002:0000268c       ??_C@_04DHDCDFCB@iqn?4@    000000000001ad0c     IScsiDxe:IScsiProto.obj
 0002:00002698       ??_C@_0BE@CLBLKENM@Tcb?5?$CB?$DN?5?$CI?$CIvoid?5?$CK?$CJ?50?$CJ@ 000000000001ad18     IScsiDxe:IScsiProto.obj
 0002:000026b0       ??_C@_0BE@MNMOFMCK@Session?9?$DOState?5?$CB?$DN?50@ 000000000001ad30     IScsiDxe:IScsiProto.obj
 0002:000026c8       ??_C@_0BP@GEGOHMJ@?$CBIsListEmpty?5?$CI?$CGSession?9?$DOConns?$CJ@ 000000000001ad48     IScsiDxe:IScsiProto.obj
 0002:000026e8       ??_C@_1O@PFAMAPCJ@?$AAI?$AA_?$AAN?$AAA?$AAM?$AAE@ 000000000001ad68     IScsiDxe:IScsiInitiatorName.obj
 0002:000026f8       ??_C@_0CI@PJANFIEL@Attempt?9?$DOSessionConfigData?4Enab@ 000000000001ad78     IScsiDxe:IScsiIbft.obj
 0002:00002720       ??_C@_0EI@BOJFANDC@D?3?2uefi_specs_personal_collecti@ 000000000001ada0     IScsiDxe:IScsiIbft.obj
 0002:00002768       ??_C@_0BC@FEDIJHFF@?$CI?$CIBOOLEAN?$CJ?$CI0?$DN?$DN1?$CJ?$CJ@ 000000000001ade8     IScsiDxe:IScsiIbft.obj
 0002:0000277c       ??_C@_06DELMHKOB@iscsi?3@  000000000001adfc     IScsiDxe:IScsiDhcp6.obj
 0002:00002788       ??_C@_0DA@NKGOKBK@?6?5?5Error?3?5Could?5not?5detect?5netw@ 000000000001ae08     IScsiDxe:IScsiDhcp6.obj
 0002:000027c0       ??_C@_0FD@ONBEBEKO@D?3?2uefi_specs_personal_collecti@ 000000000001ae40     IScsiDxe:IScsiExtScsiPassThru.obj
 0002:00002820       ??_C@_0ED@MKGCMJG@?$CILength?5?9?51?$CJ?5?$DM?$DN?5?$CI0xFFFFFFFFFFFF@ 000000000001aea0     BaseMemoryLibRepStr:CopyMemWrapper.obj
 0002:00002870       ??_C@_0FM@IDPIEKJH@D?3?2uefi_specs_personal_collecti@ 000000000001aef0     BaseMemoryLibRepStr:CopyMemWrapper.obj
 0002:000028d0       ??_C@_0DO@MAOBOFEG@?$CILength?5?9?51?$CJ?5?$DM?$DN?5?$CI0xFFFFFFFFFFFF@ 000000000001af50     BaseMemoryLibRepStr:CopyMemWrapper.obj
 0002:00002910       ??_C@_0DG@EEENIGGL@Length?5?$DM?$DN?5?$CI0xFFFFFFFFFFFFFFFFUL@ 000000000001af90     BaseMemoryLibRepStr:MemLibGuid.obj
 0002:00002948       ??_C@_0CC@JOEHDGKB@DestinationBuffer?5?$CB?$DN?5?$CI?$CIvoid?5?$CK?$CJ?5@ 000000000001afc8     BaseMemoryLibRepStr:CompareMemWrapper.obj
 0002:00002970       ??_C@_0FP@MJKEJMKF@D?3?2uefi_specs_personal_collecti@ 000000000001aff0     BaseMemoryLibRepStr:CompareMemWrapper.obj
 0002:000029d0       ??_C@_0BN@MDMCNBCC@SourceBuffer?5?$CB?$DN?5?$CI?$CIvoid?5?$CK?$CJ?50?$CJ@ 000000000001b050     BaseMemoryLibRepStr:CompareMemWrapper.obj
 0002:000029f0       ??_C@_0BH@IACGKAP@Buffer?5?$CB?$DN?5?$CI?$CIvoid?5?$CK?$CJ?50?$CJ@ 000000000001b070     BaseMemoryLibRepStr:ZeroMemWrapper.obj
 0002:00002a10       ??_C@_0FM@DHFKCLFA@D?3?2uefi_specs_personal_collecti@ 000000000001b090     BaseMemoryLibRepStr:ZeroMemWrapper.obj
 0002:00002a70       ??_C@_0DI@DAGDPLPG@?$CILength?5?9?51?$CJ?5?$DM?$DN?5?$CI0xFFFFFFFFFFFF@ 000000000001b0f0     BaseMemoryLibRepStr:SetMemWrapper.obj
 0002:00002ab0       ??_C@_0FL@MFFLICHL@D?3?2uefi_specs_personal_collecti@ 000000000001b130     BaseMemoryLibRepStr:SetMemWrapper.obj
 0002:00002b10       ??_C@_0CO@LECKNDNC@?$CI?$CI?$CIUINTN?$CJBuffer?$CJ?5?$CG?5?$CIsizeof?5?$CIVal@ 000000000001b190     BaseMemoryLibRepStr:SetMem64Wrapper.obj
 0002:00002b40       ??_C@_0CF@LEICOABD@?$CILength?5?$CG?5?$CIsizeof?5?$CIValue?$CJ?5?9?51?$CJ?$CJ@ 000000000001b1c0     BaseMemoryLibRepStr:SetMem64Wrapper.obj
 0002:00002b68       ??_C@_0BF@NJNGJMPC@List?5?$CB?$DN?5?$CI?$CIvoid?5?$CK?$CJ?50?$CJ@ 000000000001b1e8     BaseLib:LinkedList.obj
 0002:00002b80       ??_C@_0EM@NCJPOFNN@D?3?2uefi_specs_personal_collecti@ 000000000001b200     BaseLib:LinkedList.obj
 0002:00002bd0       ??_C@_0CC@KDLPLAED@List?9?$DOForwardLink?5?$CB?$DN?5?$CI?$CIvoid?5?$CK?$CJ?5@ 000000000001b250     BaseLib:LinkedList.obj
 0002:00002bf8       ??_C@_0BP@IJJCCMAK@List?9?$DOBackLink?5?$CB?$DN?5?$CI?$CIvoid?5?$CK?$CJ?50?$CJ@ 000000000001b278     BaseLib:LinkedList.obj
 0002:00002c18       ??_C@_0BJ@NJABNCDK@ListHead?5?$CB?$DN?5?$CI?$CIvoid?5?$CK?$CJ?50?$CJ@ 000000000001b298     BaseLib:LinkedList.obj
 0002:00002c38       ??_C@_0CG@LGIALJFK@InternalBaseLibIsListValid?5?$CILis@ 000000000001b2b8     BaseLib:LinkedList.obj
 0002:00002c60       ??_C@_0BF@NMBJJECB@?$CBIsListEmpty?5?$CIEntry?$CJ@ 000000000001b2e0     BaseLib:LinkedList.obj
 0002:00002c78       ??_C@_0BH@MAAHKCPC@String?5?$CB?$DN?5?$CI?$CIvoid?5?$CK?$CJ?50?$CJ@ 000000000001b2f8     BaseLib:String.obj
 0002:00002c90       ??_C@_0EI@LOLLHGDK@D?3?2uefi_specs_personal_collecti@ 000000000001b310     BaseLib:String.obj
 0002:00002cd8       ??_C@_0CC@GFNLNIOC@?$CI?$CIUINTN?$CJString?5?$CG?50x00000001?$CJ?5?$DN?$DN@ 000000000001b358     BaseLib:String.obj
 0002:00002d00       ??_C@_0DK@EOJCOAME@Length?5?$DM?5_gPcd_FixedAtBuild_Pcd@ 000000000001b380     BaseLib:String.obj
 0002:00002d40       ??_C@_0BL@JAAMOCAJ@StrSize?5?$CIFirstString?$CJ?5?$CB?$DN?50@ 000000000001b3c0     BaseLib:String.obj
 0002:00002d60       ??_C@_0BM@DALBOILC@StrSize?5?$CISecondString?$CJ?5?$CB?$DN?50@ 000000000001b3e0     BaseLib:String.obj
 0002:00002d80       ??_C@_0DL@LFIMEMJP@Length?5?$DM?$DN?5_gPcd_FixedAtBuild_Pc@ 000000000001b400     BaseLib:String.obj
 0002:00002dc0       ??_C@_0BG@KBNOLIGE@StrSize?5?$CIString?$CJ?5?$CB?$DN?50@ 000000000001b440     BaseLib:String.obj
 0002:00002dd8       ??_C@_0BM@NNBLOHJD@StrSize?5?$CISearchString?$CJ?5?$CB?$DN?50@ 000000000001b458     BaseLib:String.obj
 0002:00002df8       ??_C@_0DI@MDIKFADO@Length?5?$DM?5_gPcd_FixedAtBuild_Pcd@ 000000000001b478     BaseLib:String.obj
 0002:00002e30       ??_C@_0BL@IKFBNFIL@AsciiStrSize?5?$CIFirstString?$CJ@ 000000000001b4b0     BaseLib:String.obj
 0002:00002e50       ??_C@_0BM@EDNOKLLE@AsciiStrSize?5?$CISecondString?$CJ@ 000000000001b4d0     BaseLib:String.obj
 0002:00002e70       ??_C@_0DJ@JJHGIFMP@Length?5?$DM?$DN?5_gPcd_FixedAtBuild_Pc@ 000000000001b4f0     BaseLib:String.obj
 0002:00002eb0       ??_C@_0EM@OAPOMMAE@D?3?2uefi_specs_personal_collecti@ 000000000001b530     BaseLib:SafeString.obj
 0002:00002f00       ??_C@_0CH@LALFPBMC@?$CI?$CIUINTN?$CJDestination?5?$CG?50x0000000@ 000000000001b580     BaseLib:SafeString.obj
 0002:00002f28       ??_C@_0CC@HEBCMBPF@?$CI?$CIUINTN?$CJSource?5?$CG?50x00000001?$CJ?5?$DN?$DN@ 000000000001b5a8     BaseLib:SafeString.obj
 0002:00002f50       ??_C@_0BO@ECNIOIHG@?$CIDestination?5?$CB?$DN?5?$CI?$CIvoid?5?$CK?$CJ?50?$CJ?$CJ@ 000000000001b5d0     BaseLib:SafeString.obj
 0002:00002f70       ??_C@_07KBGDFDAM@StrCpyS@  000000000001b5f0     BaseLib:SafeString.obj
 0002:00002f80       ??_C@_0EA@PDPDJJNN@?$CFa?$CI?$CFd?$CJ?5?$CFa?3?5SAFE_STRING_CONSTRAI@ 000000000001b600     BaseLib:SafeString.obj
 0002:00002fc0       ??_C@_0BJ@EAEEJIP@?$CISource?5?$CB?$DN?5?$CI?$CIvoid?5?$CK?$CJ?50?$CJ?$CJ@ 000000000001b640     BaseLib:SafeString.obj
 0002:00002fe0       ??_C@_0EA@BBALOHPI@?$CIDestMax?5?$DM?$DN?5?$CI_gPcd_FixedAtBuild@ 000000000001b660     BaseLib:SafeString.obj
 0002:00003020       ??_C@_0P@PMIMLIHM@?$CIDestMax?5?$CB?$DN?50?$CJ@ 000000000001b6a0     BaseLib:SafeString.obj
 0002:00003030       ??_C@_0BG@EEGIIOKH@?$CIDestMax?5?$DO?5SourceLen?$CJ@ 000000000001b6b0     BaseLib:SafeString.obj
 0002:00003050       ??_C@_0FH@PPBLBDBJ@InternalSafeStringNoStrOverlap?5@ 000000000001b6d0     BaseLib:SafeString.obj
 0002:000030a8       ??_C@_08INOAHJON@StrnCpyS@ 000000000001b728     BaseLib:SafeString.obj
 0002:000030b8       ??_C@_0DP@PBOJGJC@?$CILength?5?$DM?$DN?5?$CI_gPcd_FixedAtBuild_@ 000000000001b738     BaseLib:SafeString.obj
 0002:000030f8       ??_C@_07EBBOPAKF@StrCatS@  000000000001b778     BaseLib:SafeString.obj
 0002:00003100       ??_C@_0P@BHOOOJPD@?$CICopyLen?5?$CB?$DN?50?$CJ@ 000000000001b780     BaseLib:SafeString.obj
 0002:00003110       ??_C@_0BG@BPGICNPK@?$CICopyLen?5?$DO?5SourceLen?$CJ@ 000000000001b790     BaseLib:SafeString.obj
 0002:00003128       ??_C@_0BJ@MBBOBCLN@?$CIString?5?$CB?$DN?5?$CI?$CIvoid?5?$CK?$CJ?50?$CJ?$CJ@ 000000000001b7a8     BaseLib:SafeString.obj
 0002:00003148       ??_C@_0BD@NNBAKNOF@StrDecimalToUintnS@ 000000000001b7c8     BaseLib:SafeString.obj
 0002:00003160       ??_C@_0BH@JPMEDPAI@?$CIData?5?$CB?$DN?5?$CI?$CIvoid?5?$CK?$CJ?50?$CJ?$CJ@ 000000000001b7e0     BaseLib:SafeString.obj
 0002:00003180       ??_C@_0IC@CFBPEAPC@?$CIStrnLenS?5?$CIString?0?5?$CI_gPcd_Fixed@ 000000000001b800     BaseLib:SafeString.obj
 0002:00003208       ??_C@_0P@FDCJFGP@StrHexToUintnS@ 000000000001b888     BaseLib:SafeString.obj
 0002:00003218       ??_C@_0BA@PLPLKCD@StrHexToUint64S@ 000000000001b898     BaseLib:SafeString.obj
 0002:00003228       ??_C@_0BK@PFCDEPEA@?$CIAddress?5?$CB?$DN?5?$CI?$CIvoid?5?$CK?$CJ?50?$CJ?$CJ@ 000000000001b8a8     BaseLib:SafeString.obj
 0002:00003250       ??_C@_0EK@OFPBBCEA@AddressIndex?5?$CL?51?5?$DM?5?$CIsizeof?5?$CIAdd@ 000000000001b8d0     BaseLib:SafeString.obj
 0002:000032a0       ??_C@_0BB@JCLCGCPJ@StrToIpv4Address@ 000000000001b920     BaseLib:SafeString.obj
 0002:000032b8       ??_C@_0BJ@CNKJJNE@?$CIBuffer?5?$CB?$DN?5?$CI?$CIvoid?5?$CK?$CJ?50?$CJ?$CJ@ 000000000001b938     BaseLib:SafeString.obj
 0002:000032d8       ??_C@_0N@OMPODJLB@AsciiStrCpyS@ 000000000001b958     BaseLib:SafeString.obj
 0002:000032e8       ??_C@_0DO@LJFOOPII@?$CIDestMax?5?$DM?$DN?5?$CI_gPcd_FixedAtBuild@ 000000000001b968     BaseLib:SafeString.obj
 0002:00003330       ??_C@_0FL@CDANCHFO@InternalSafeStringNoAsciiStrOve@ 000000000001b9b0     BaseLib:SafeString.obj
 0002:00003390       ??_C@_0BI@GIIHIIN@AsciiStrDecimalToUintnS@ 000000000001ba10     BaseLib:SafeString.obj
 0002:000033b0       ??_C@_0ID@JMCCGBLD@?$CIAsciiStrnLenS?5?$CIString?0?5?$CI_gPcd_@ 000000000001ba30     BaseLib:SafeString.obj
 0002:00003438       ??_C@_0BE@KNBHPEHC@AsciiStrHexToUintnS@ 000000000001bab8     BaseLib:SafeString.obj
 0002:00003450       ??_C@_0BF@GMBBPDJL@AsciiStrHexToUint64S@ 000000000001bad0     BaseLib:SafeString.obj
 0002:00003468       ??_C@_0BG@ECBHNCII@UnicodeStrToAsciiStrS@ 000000000001bae8     BaseLib:SafeString.obj
 0002:00003480       ??_C@_0GH@OGMKEJDK@?$CBInternalSafeStringIsOverlap?5?$CID@ 000000000001bb00     BaseLib:SafeString.obj
 0002:000034e8       ??_C@_0BA@MFHLDCJH@?$CKSource?5?$DM?50x100@ 000000000001bb68     BaseLib:SafeString.obj
 0002:000034f8       ??_C@_0BG@MFINJFHO@AsciiStrToUnicodeStrS@ 000000000001bb78     BaseLib:SafeString.obj
 0002:00003510       ??_C@_0GF@GCLJAOAI@?$CBInternalSafeStringIsOverlap?5?$CID@ 000000000001bb90     BaseLib:SafeString.obj
 0002:00003578       ??_C@_0BG@HJJNNPII@AsciiStrToIpv6Address@ 000000000001bbf8     BaseLib:SafeString.obj
 0002:00003590       ??_C@_0BG@FHGLPHAO@AsciiStrToIpv4Address@ 000000000001bc10     BaseLib:SafeString.obj
 0002:000035b0       ??_C@_0EK@EIAGJCGN@D?3?2uefi_specs_personal_collecti@ 000000000001bc30     BaseLib:CheckSum.obj
 0002:00003600       ??_C@_0DI@FAOGOFLE@Length?5?$DM?$DN?5?$CI0xFFFFFFFFFFFFFFFFUL@ 000000000001bc80     BaseLib:CheckSum.obj
 0002:00003640       ??_C@_0EL@GLNKFHII@D?3?2uefi_specs_personal_collecti@ 000000000001bcc0     BaseLib:Unaligned.obj
 0002:00003690       ??_C@_0N@KGHEHMDL@Divisor?5?$CB?$DN?50@ 000000000001bd10     BaseLib:DivU64x32.obj
 0002:000036a0       ??_C@_0CI@BGLNHBLM@?$CI?$CI?$CIUINTN?$CJ?5?$CIStartOfBuffer?$CJ?$CJ?5?$CG?50x@ 000000000001bd20     BasePrintLib:PrintLib.obj
 0002:000036d0       ??_C@_0EP@OFLCNDBG@D?3?2uefi_specs_personal_collecti@ 000000000001bd50     BasePrintLib:PrintLib.obj
 0002:00003720       ??_C@_0CH@KJLBGOBB@?$CI?$CI?$CIUINTN?$CJ?5?$CIFormatString?$CJ?$CJ?5?$CG?50x0@ 000000000001bda0     BasePrintLib:PrintLib.obj
 0002:00003748       ??_C@_0CB@LDBAOPMG@?$CI?$CI?$CIUINTN?$CJ?5?$CIBuffer?$CJ?$CJ?5?$CG?50x01?$CJ?5?$DN?$DN?5@ 000000000001bdc8     BasePrintLib:PrintLib.obj
 0002:00003770       ??_C@_0FH@MODEAFEI@D?3?2uefi_specs_personal_collecti@ 000000000001bdf0     BasePrintLib:PrintLibInternal.obj
 0002:000037d0       ??_C@_0EB@HDGIDCIO@?$CIBufferSize?5?$DM?$DN?5?$CI_gPcd_FixedAtBu@ 000000000001be50     BasePrintLib:PrintLibInternal.obj
 0002:00003820       ??_C@_0FJ@HAEMOBLP@?$CIBufferSize?5?$DM?$DN?5?$CI_gPcd_FixedAtBu@ 000000000001bea0     BasePrintLib:PrintLibInternal.obj
 0002:00003880       ??_C@_0N@PNKFBKME@?$CIWidth?5?$DM?538?$CJ@ 000000000001bf00     BasePrintLib:PrintLibInternal.obj
 0002:00003890       ??_C@_0CI@HPJOGFNE@?$CIBufferSize?5?$DO?$DN?5?$CIWidth?5?$CL?51?$CJ?5?$CK?5In@ 000000000001bf10     BasePrintLib:PrintLibInternal.obj
 0002:000038b8       ??_C@_0BJ@PPAKKDJG@?$CIFormat?5?$CB?$DN?5?$CI?$CIvoid?5?$CK?$CJ?50?$CJ?$CJ@ 000000000001bf38     BasePrintLib:PrintLibInternal.obj
 0002:000038e0       ??_C@_0ED@LPDDCECB@?$CIBufferSize?5?$DM?$DN?5?$CI_gPcd_FixedAtBu@ 000000000001bf60     BasePrintLib:PrintLibInternal.obj
 0002:00003930       ??_C@_0IM@BFJJFLGB@?$CIStrnLenS?5?$CI?$CICHAR16?5?$CK?$CJFormat?0?5?$CI_@ 000000000001bfb0     BasePrintLib:PrintLibInternal.obj
 0002:000039c0       ??_C@_0ID@PLGJGION@?$CIAsciiStrnLenS?5?$CIFormat?0?5?$CI_gPcd_@ 000000000001c040     BasePrintLib:PrintLibInternal.obj
 0002:00003a48       ??_C@_0O@MLOLIMFM@?$DMnull?5string?$DO@ 000000000001c0c8     BasePrintLib:PrintLibInternal.obj
 0002:00003a58       ??_C@_0M@BJJDNPHK@?$DMnull?5guid?$DO@ 000000000001c0d8     BasePrintLib:PrintLibInternal.obj
 0002:00003a68       ??_C@_0DB@PMLHLBMO@?$CF08x?9?$CF04x?9?$CF04x?9?$CF02x?$CF02x?9?$CF02x?$CF02@ 000000000001c0e8     BasePrintLib:PrintLibInternal.obj
 0002:00003aa0       ??_C@_0M@LHGBCIKM@?$DMnull?5time?$DO@ 000000000001c120     BasePrintLib:PrintLibInternal.obj
 0002:00003ab0       ??_C@_0BK@FCPKCIDD@?$CF02d?1?$CF02d?1?$CF04d?5?5?$CF02d?3?$CF02d@ 000000000001c130     BasePrintLib:PrintLibInternal.obj
 0002:00003acc       ??_C@_04JIMNDDED@?$CF08X@  000000000001c14c     BasePrintLib:PrintLibInternal.obj
 0002:00003ad4       ??_C@_02PCIJFNDE@?$AN?6@   000000000001c154     BasePrintLib:PrintLibInternal.obj
 0002:00003ad8       ??_C@_01LIIJDEN@?$AN@      000000000001c158     BasePrintLib:PrintLibInternal.obj
 0002:00003ae0       mWarningString             000000000001c160     BasePrintLib:PrintLibInternal.obj
 0002:00003bb0       mErrorString               000000000001c230     BasePrintLib:PrintLibInternal.obj
 0002:00003e90       mHexStr                    000000000001c510     BasePrintLib:PrintLibInternal.obj
 0002:00003ea0       ??_C@_0BH@LKMBFCBF@Format?5?$CB?$DN?5?$CI?$CIvoid?5?$CK?$CJ?50?$CJ@ 000000000001c520     BaseDebugLibSerialPort:DebugLib.obj
 0002:00003ec0       ??_C@_0FJ@BNNHJMAJ@D?3?2uefi_specs_personal_collecti@ 000000000001c540     BaseDebugLibSerialPort:DebugLib.obj
 0002:00003f20       ??_C@_0BI@NOCKJDBJ@ASSERT?5?$FL?$CFa?$FN?5?$CFa?$CI?$CFd?$CJ?3?5?$CFa?6@ 000000000001c5a0     BaseDebugLibSerialPort:DebugLib.obj
 0002:00003f38       ??_C@_0BN@COECPDCC@gImageHandle?5?$CB?$DN?5?$CI?$CIvoid?5?$CK?$CJ?50?$CJ@ 000000000001c5b8     UefiBootServicesTableLib:UefiBootServicesTableLib.obj
 0002:00003f60       ??_C@_0GL@PJCPJLGM@D?3?2uefi_specs_personal_collecti@ 000000000001c5e0     UefiBootServicesTableLib:UefiBootServicesTableLib.obj
 0002:00003fd0       ??_C@_0BE@DGNHAHIL@gST?5?$CB?$DN?5?$CI?$CIvoid?5?$CK?$CJ?50?$CJ@ 000000000001c650     UefiBootServicesTableLib:UefiBootServicesTableLib.obj
 0002:00003fe8       ??_C@_0BE@BDFJLGLN@gBS?5?$CB?$DN?5?$CI?$CIvoid?5?$CK?$CJ?50?$CJ@ 000000000001c668     UefiBootServicesTableLib:UefiBootServicesTableLib.obj
 0002:00004000       ??_C@_0GF@KMHDEKMA@D?3?2uefi_specs_personal_collecti@ 000000000001c680     UefiMemoryAllocationLib:MemoryAllocationLib.obj
 0002:00004068       ??_C@_0DO@GEEICOOO@AllocationSize?5?$DM?$DN?5?$CI0xFFFFFFFFFF@ 000000000001c6e8     UefiMemoryAllocationLib:MemoryAllocationLib.obj
 0002:000040a8       ??_C@_0BE@OBDFIHND@gRT?5?$CB?$DN?5?$CI?$CIvoid?5?$CK?$CJ?50?$CJ@ 000000000001c728     UefiRuntimeServicesTableLib:UefiRuntimeServicesTableLib.obj
 0002:000040c0       ??_C@_0HB@NCAPNEDO@D?3?2uefi_specs_personal_collecti@ 000000000001c740     UefiRuntimeServicesTableLib:UefiRuntimeServicesTableLib.obj
 0002:00004140       ??_C@_0GP@HEOOPGAM@D?3?2uefi_specs_personal_collecti@ 000000000001c7c0     UefiDevicePathLibDevicePathProtocol:UefiDevicePathLib.obj
 0002:000041b0       ??_C@_0DC@CNNBPJA@mDevicePathLibDevicePathUtiliti@ 000000000001c830     UefiDevicePathLibDevicePathProtocol:UefiDevicePathLib.obj
 0002:000041e8       ??_C@_0BF@CBLMFKOC@Node?5?$CB?$DN?5?$CI?$CIvoid?5?$CK?$CJ?50?$CJ@ 000000000001c868     UefiDevicePathLibDevicePathProtocol:UefiDevicePathLib.obj
 0002:00004200       ??_C@_0EH@ENCEEKKL@?$CILength?5?$DO?$DN?5sizeof?5?$CIEFI_DEVICE_P@ 000000000001c880     UefiDevicePathLibDevicePathProtocol:UefiDevicePathLib.obj
 0002:00004248       ??_C@_0BK@PPOBBAMB@TableGuid?5?$CB?$DN?5?$CI?$CIvoid?5?$CK?$CJ?50?$CJ@ 000000000001c8c8     UefiLib:UefiLib.obj
 0002:00004270       ??_C@_0EJ@PPOMJLJB@D?3?2uefi_specs_personal_collecti@ 000000000001c8f0     UefiLib:UefiLib.obj
 0002:000042c0       ??_C@_0BG@JDKEGFNB@Table?5?$CB?$DN?5?$CI?$CIvoid?5?$CK?$CJ?50?$CJ@ 000000000001c940     UefiLib:UefiLib.obj
 0002:000042e0       ??_C@_0EG@GOBFPEEP@Name?5?$CB?$DN?5?$CI?$CIvoid?5?$CK?$CJ?50?$CJ?5?$CG?$CG?5Guid?5?$CB?$DN@ 000000000001c960     UefiLib:UefiLib.obj
 0002:00004328       ??_C@_0BH@FMEOEIBC@?$CKValue?5?$CB?$DN?5?$CI?$CIvoid?5?$CK?$CJ?50?$CJ@ 000000000001c9a8     UefiLib:UefiLib.obj
 0002:00004340       ??_C@_0BO@MHFMIIAE@DriverBinding?5?$CB?$DN?5?$CI?$CIvoid?5?$CK?$CJ?50?$CJ@ 000000000001c9c0     UefiLib:UefiDriverModel.obj
 0002:00004360       ??_C@_0FB@KFBGMLJM@D?3?2uefi_specs_personal_collecti@ 000000000001c9e0     UefiLib:UefiDriverModel.obj
 0002:000043b8       ??_C@_0BD@BHENKNKP@NumberOfLines?5?$CB?$DN?50@ 000000000001ca38     UefiLib:Console.obj
 0002:000043d0       ??_C@_0EJ@IEDGPIME@D?3?2uefi_specs_personal_collecti@ 000000000001ca50     UefiLib:Console.obj
 0002:00004420       ??_C@_0P@ICDOOCHP@MaxLength?5?$CB?$DN?50@ 000000000001caa0     UefiLib:Console.obj
 0002:00004430       ??_C@_0BF@DMEONNDO@Line?5?$CB?$DN?5?$CI?$CIvoid?5?$CK?$CJ?50?$CJ@ 000000000001cab0     UefiLib:Console.obj
 0002:00004448       ??_C@_0BK@IHAIHFJE@TmpString?5?$CB?$DN?5?$CI?$CIvoid?5?$CK?$CJ?50?$CJ@ 000000000001cac8     UefiLib:Console.obj
 0002:00004468       ??_C@_17LGKOMLJ@?$AA?4?$AA?4?$AA?4@ 000000000001cae8     UefiLib:Console.obj
 0002:00004470       ??_C@_0EO@FMCPFLJA@D?3?2uefi_specs_personal_collecti@ 000000000001caf0     UefiLib:UefiLibPrint.obj
 0002:000044c0       ??_C@_0BI@DIKLKBJC@Console?5?$CB?$DN?5?$CI?$CIvoid?5?$CK?$CJ?50?$CJ@ 000000000001cb40     UefiLib:UefiLibPrint.obj
 0002:000044e0       ??_C@_0EK@CGIIDOCH@D?3?2uefi_specs_personal_collecti@ 000000000001cb60     DxeHobLib:HobLib.obj
 0002:00004530       ??_C@_0BJ@OBFMLLDO@mHobList?5?$CB?$DN?5?$CI?$CIvoid?5?$CK?$CJ?50?$CJ@ 000000000001cbb0     DxeHobLib:HobLib.obj
 0002:00004550       ??_C@_0BJ@NOLLDKJB@HobStart?5?$CB?$DN?5?$CI?$CIvoid?5?$CK?$CJ?50?$CJ@ 000000000001cbd0     DxeHobLib:HobLib.obj
 0002:00004570       ??_C@_0BP@LHBKJBMC@PlatformInfoHob?5is?5not?5found?4?6@ 000000000001cbf0     DxeAcpiTimerLib:DxeAcpiTimerLib.obj
 0002:00004590       ??_C@_0FH@PGONMIHN@D?3?2uefi_specs_personal_collecti@ 000000000001cc10     DxeAcpiTimerLib:DxeAcpiTimerLib.obj
 0002:000045e8       ??_C@_0BI@HAGPDMHJ@AcpiTimerLibConstructor@ 000000000001cc68     DxeAcpiTimerLib:DxeAcpiTimerLib.obj
 0002:00004600       ??_C@_0CL@DGCOIACG@?$CFa?3?5Unknown?5Host?5Bridge?5Device?5@ 000000000001cc80     DxeAcpiTimerLib:DxeAcpiTimerLib.obj
 0002:00004630       ??_C@_0GF@MFAMBDAB@D?3?2uefi_specs_personal_collecti@ 000000000001ccb0     UefiHiiServicesLib:UefiHiiServicesLib.obj
 0002:00004698       ??_C@_0BK@KLJHMMPJ@HiiHandle?5?$CB?$DN?5?$CI?$CIvoid?5?$CK?$CJ?50?$CJ@ 000000000001cd18     UefiHiiLib:HiiString.obj
 0002:000046c0       ??_C@_0FE@MDBONEFA@D?3?2uefi_specs_personal_collecti@ 000000000001cd40     UefiHiiLib:HiiString.obj
 0002:00004714       ??_C@_06PLDEFKP@x?9UEFI@   000000000001cd94     UefiHiiLib:HiiString.obj
 0002:00004720       ??_C@_0CA@OEKIMLLB@PackageListGuid?5?$CB?$DN?5?$CI?$CIvoid?5?$CK?$CJ?50?$CJ@ 000000000001cda0     UefiHiiLib:HiiString.obj
 0002:00004740       ??_C@_0FB@IJGKLPLP@D?3?2uefi_specs_personal_collecti@ 000000000001cdc0     UefiHiiLib:HiiLib.obj
 0002:00004798       ??_C@_0BG@MJAHJKJ@Block?5?$CB?$DN?5?$CI?$CIvoid?5?$CK?$CJ?50?$CJ@ 000000000001ce18     UefiHiiLib:HiiLib.obj
 0002:000047b0       ??_C@_1M@DPLGJLCD@?$AAG?$AAU?$AAI?$AAD?$AA?$DN@ 000000000001ce30     UefiHiiLib:HiiLib.obj
 0002:000047c0       ??_C@_1O@FMIENBLJ@?$AA?$CG?$AAN?$AAA?$AAM?$AAE?$AA?$DN@ 000000000001ce40     UefiHiiLib:HiiLib.obj
 0002:000047d0       ??_C@_1O@GGMHNGIF@?$AA?$CG?$AAP?$AAA?$AAT?$AAH?$AA?$DN@ 000000000001ce50     UefiHiiLib:HiiLib.obj
 0002:000047e0       ??_C@_0BM@LENJOOBF@FirstString?5?$CB?$DN?5?$CI?$CIvoid?5?$CK?$CJ?50?$CJ@ 000000000001ce60     UefiHiiLib:HiiLib.obj
 0002:00004800       ??_C@_0BN@CGMEJHHH@SecondString?5?$CB?$DN?5?$CI?$CIvoid?5?$CK?$CJ?50?$CJ@ 000000000001ce80     UefiHiiLib:HiiLib.obj
 0002:00004820       ??_C@_0CC@BCKDEPBB@StartSearchString?5?$CB?$DN?5?$CI?$CIvoid?5?$CK?$CJ?5@ 000000000001cea0     UefiHiiLib:HiiLib.obj
 0002:00004848       ??_C@_0CB@NPMPBLHL@StopSearchString?5?$CB?$DN?5?$CI?$CIvoid?5?$CK?$CJ?50@ 000000000001cec8     UefiHiiLib:HiiLib.obj
 0002:00004870       ??_C@_0BK@LFDBOAFJ@ConfigHdr?5?$CB?$DN?5?$CI?$CIvoid?5?$CK?$CJ?50?$CJ@ 000000000001cef0     UefiHiiLib:HiiLib.obj
 0002:00004890       ??_C@_1M@IDEFLMF@?$AA?$CF?$AAs?$AA?$CG?$AA?$CF?$AAs@ 000000000001cf10     UefiHiiLib:HiiLib.obj
 0002:000048a0       ??_C@_0BN@OKKMNGPH@OpCodeHandle?5?$CB?$DN?5?$CI?$CIvoid?5?$CK?$CJ?50?$CJ@ 000000000001cf20     UefiHiiLib:HiiLib.obj
 0002:000048c0       ??_C@_0BP@IOABAFLF@OpCodeTemplate?5?$CB?$DN?5?$CI?$CIvoid?5?$CK?$CJ?50?$CJ@ 000000000001cf40     UefiHiiLib:HiiLib.obj
 0002:000048e0       ??_C@_0CF@DPHCOLMP@?$CIOpCodeSize?5?$CL?5ExtensionSize?$CJ?5?$DM?$DN@ 000000000001cf60     UefiHiiLib:HiiLib.obj
 0002:00004908       ??_C@_0BK@JGHNIOOD@RawBuffer?5?$CB?$DN?5?$CI?$CIvoid?5?$CK?$CJ?50?$CJ@ 000000000001cf88     UefiHiiLib:HiiLib.obj
 0002:00004928       ??_C@_0CA@JCKPEJCB@RawOpCodeHandle?5?$CB?$DN?5?$CI?$CIvoid?5?$CK?$CJ?50?$CJ@ 000000000001cfa8     UefiHiiLib:HiiLib.obj
[...]
 0005:0000015c       $unwind$StrLen             0000000000020a7c     BaseLib:String.obj
 0005:0000015c       $unwind$StrStr             0000000000020a7c     BaseLib:String.obj
 0005:0000015c       $unwind$CopyGuid           0000000000020a7c     BaseMemoryLibRepStr:MemLibGuid.obj
 0005:0000015c       $unwind$SetMem16           0000000000020a7c     BaseMemoryLibRepStr:SetMem16Wrapper.obj
 0005:0000015c       $unwind$SetMem             0000000000020a7c     BaseMemoryLibRepStr:SetMemWrapper.obj
 0005:0000015c       $unwind$PciCf8Read32       0000000000020a7c     BasePciCf8Lib:PciCf8Lib.obj
 0005:0000015c       $unwind$BasePrintLibValueToString 0000000000020a7c     BasePrintLib:PrintLibInternal.obj
 0005:0000015c       $unwind$FreeUnicodeStringTable 0000000000020a7c     UefiLib:UefiLib.obj
 0005:0000015c       $unwind$IsLanguageSupported 0000000000020a7c     UefiLib:UefiLib.obj
 0005:0000015c       $unwind$IScsiAsciiStrToIp  0000000000020a7c     IScsiDxe:IScsiMisc.obj
 0005:0000015c       $unwind$IScsiConnReset     0000000000020a7c     IScsiDxe:IScsiProto.obj
 0005:0000015c       $unwind$IScsiOnDataInRcvd  0000000000020a7c     IScsiDxe:IScsiProto.obj
 0005:0000015c       $unwind$IScsiSessionAbort  0000000000020a7c     IScsiDxe:IScsiProto.obj
 0005:0000015c       $unwind$IScsiSessionInit   0000000000020a7c     IScsiDxe:IScsiProto.obj
 0005:0000015c       $unwind$NetIp4IsUnicast    0000000000020a7c     DxeNetLib:DxeNetLib.obj
 0005:0000015c       $unwind$NetLibGetNicHandle 0000000000020a7c     DxeNetLib:DxeNetLib.obj
 0005:0000015c       $unwind$NetblockTrim       0000000000020a7c     DxeNetLib:NetBuffer.obj
 0005:0000015c       $unwind$NetbufAlloc        0000000000020a7c     DxeNetLib:NetBuffer.obj
 0005:0000015c       $unwind$NetbufAllocStruct  0000000000020a7c     DxeNetLib:NetBuffer.obj
 0005:0000015c       $unwind$NetbufGetByte      0000000000020a7c     DxeNetLib:NetBuffer.obj
 0005:0000015c       $unwind$SerialPortWrite    0000000000020a7c     PcAtSerialPortLib:SerialPortLib.obj
 0005:0000016c       $unwind$InternalHiiCompareSubString 0000000000020a8c     UefiHiiLib:HiiLib.obj
 0005:0000016c       $unwind$StrnCmp            0000000000020a8c     BaseLib:String.obj
 0005:0000016c       $unwind$CompareMem         0000000000020a8c     BaseMemoryLibRepStr:CompareMemWrapper.obj
 0005:0000016c       $unwind$CopyMem            0000000000020a8c     BaseMemoryLibRepStr:CopyMemWrapper.obj
 0005:0000016c       $unwind$InternalReallocatePool 0000000000020a8c     UefiMemoryAllocationLib:MemoryAllocationLib.obj
 0005:0000016c       $unwind$IScsiConvertIsIdToString 0000000000020a8c     IScsiDxe:IScsiConfig.obj
 0005:0000016c       $unwind$IScsiDhcpSelectOffer 0000000000020a8c     IScsiDxe:IScsiDhcp.obj
 0005:0000016c       $unwind$IScsiExtScsiPassThruFunction 0000000000020a8c     IScsiDxe:IScsiExtScsiPassThru.obj
 0005:0000016c       $unwind$IScsiMacAddrToStr  0000000000020a8c     IScsiDxe:IScsiMisc.obj
 0005:0000016c       $unwind$IScsiBuildKeyValueList 0000000000020a8c     IScsiDxe:IScsiProto.obj
 0005:0000016c       $unwind$IScsiGetValueByKeyFromList 0000000000020a8c     IScsiDxe:IScsiProto.obj
 0005:0000016c       $unwind$IScsiNewTcb        0000000000020a8c     IScsiDxe:IScsiProto.obj
 0005:0000016c       $unwind$IScsiOnR2TRcvd     0000000000020a8c     IScsiDxe:IScsiProto.obj
 0005:0000016c       $unwind$IScsiOnScsiRspRcvd 0000000000020a8c     IScsiDxe:IScsiProto.obj
 0005:0000016c       $unwind$IScsiSendLoginReq  0000000000020a8c     IScsiDxe:IScsiProto.obj
 0005:0000016c       $unwind$NetbufFreeList     0000000000020a8c     DxeNetLib:NetBuffer.obj
 0005:0000016c       $unwind$NetbufSetBlock     0000000000020a8c     DxeNetLib:NetBuffer.obj
 0005:00000180       $unwind$IScsiBinToHex      0000000000020aa0     IScsiDxe:IScsiMisc.obj
 0005:0000018c       $unwind$IScsiHexToBin      0000000000020aac     IScsiDxe:IScsiMisc.obj
 0005:000001a0       $unwind$IScsiCheckIpv6Support 0000000000020ac0     IScsiDxe:IScsiMisc.obj
 0005:000001b4       $unwind$IScsiAddNic        0000000000020ad4     IScsiDxe:IScsiMisc.obj
 0005:000001c8       $unwind$StrHexToUint64     0000000000020ae8     BaseLib:String.obj
 0005:000001c8       $unwind$IScsiRemoveNic     0000000000020ae8     IScsiDxe:IScsiMisc.obj
 0005:000001d4       $unwind$IScsiCreateAttempts 0000000000020af4     IScsiDxe:IScsiMisc.obj
 0005:000001e8       $unwind$IScsiCreateKeywords 0000000000020b08     IScsiDxe:IScsiMisc.obj
 0005:00000200       $unwind$IScsiGetVariableAndSize 0000000000020b20     IScsiDxe:IScsiMisc.obj
 0005:00000214       $unwind$UnicodeVSPrintAsciiFormat 0000000000020b34     BasePrintLib:PrintLib.obj
 0005:00000214       $unwind$UnicodeValueToStringS 0000000000020b34     BasePrintLib:PrintLib.obj
 0005:00000214       $unwind$EfiTestChildHandle 0000000000020b34     UefiLib:UefiLib.obj
 0005:00000214       $unwind$IScsiConfigFormInit 0000000000020b34     IScsiDxe:IScsiConfig.obj
 0005:00000214       $unwind$IScsiExtScsiPassThruGetNextTargetLun 0000000000020b34     IScsiDxe:IScsiExtScsiPassThru.obj
 0005:00000214       $unwind$IScsiCreateDriverData 0000000000020b34     IScsiDxe:IScsiMisc.obj
 0005:00000224       $unwind$HiiGetSupportedLanguages 0000000000020b44     UefiHiiLib:HiiLanguage.obj
 0005:00000224       $unwind$InsertTailList     0000000000020b44     BaseLib:LinkedList.obj
 0005:00000224       $unwind$StrnLenS           0000000000020b44     BaseLib:SafeString.obj
 0005:00000224       $unwind$AsciiStrCmp        0000000000020b44     BaseLib:String.obj
 0005:00000224       $unwind$AsciiStrLen        0000000000020b44     BaseLib:String.obj
 0005:00000224       $unwind$ZeroMem            0000000000020b44     BaseMemoryLibRepStr:ZeroMemWrapper.obj
 0005:00000224       $unwind$IsDevicePathEnd    0000000000020b44     UefiDevicePathLibDevicePathProtocol:UefiDevicePathLib.obj
 0005:00000224       $unwind$SetDevicePathNodeLength 0000000000020b44     UefiDevicePathLibDevicePathProtocol:UefiDevicePathLib.obj
 0005:00000224       $unwind$InternalAllocateCopyPool 0000000000020b44     UefiMemoryAllocationLib:MemoryAllocationLib.obj
 0005:00000224       $unwind$IpIsUnicast        0000000000020b44     IScsiDxe:IScsiConfig.obj
 0005:00000224       $unwind$IScsiAddHeapItem   0000000000020b44     IScsiDxe:IScsiIbft.obj
 0005:00000224       $unwind$IScsiInitIbfTableHeader 0000000000020b44     IScsiDxe:IScsiIbft.obj
 0005:00000224       $unwind$IScsiMapV4ToV6Addr 0000000000020b44     IScsiDxe:IScsiIbft.obj
 0005:00000224       $unwind$IScsiCleanDriverData 0000000000020b44     IScsiDxe:IScsiMisc.obj
 0005:00000224       $unwind$NetLibGetVlanId    0000000000020b44     DxeNetLib:DxeNetLib.obj
 0005:00000224       $unwind$NetbufFreeVector   0000000000020b44     DxeNetLib:NetBuffer.obj
 0005:00000224       $unwind$NetbufQueInit      0000000000020b44     DxeNetLib:NetBuffer.obj
 0005:00000230       $unwind$IScsiDhcpIsConfigured 0000000000020b50     IScsiDxe:IScsiMisc.obj
 0005:00000248       $unwind$IScsiDnsIsConfigured 0000000000020b68     IScsiDxe:IScsiMisc.obj
 0005:0000025c       $unwind$IScsiGetConfigData 0000000000020b7c     IScsiDxe:IScsiMisc.obj
 0005:00000278       $unwind$IScsiGetTcpConnDevicePath 0000000000020b98     IScsiDxe:IScsiMisc.obj
 0005:0000028c       $unwind$UnicodeVSPrint     0000000000020bac     BasePrintLib:PrintLib.obj
 0005:0000028c       $unwind$IScsiTestManagedDevice 0000000000020bac     IScsiDxe:IScsiMisc.obj
 0005:000002a0       $unwind$UpdateName         0000000000020bc0     IScsiDxe:ComponentName.obj
 0005:000002b0       $unwind$IScsiComponentNameGetControllerName 0000000000020bd0     IScsiDxe:ComponentName.obj
 0005:000002c4       $unwind$IScsiIpToStr       0000000000020be4     IScsiDxe:IScsiConfig.obj
 0005:000002e0       $unwind$IScsiParseIsIdFromString 0000000000020c00     IScsiDxe:IScsiConfig.obj
 0005:000002f4       $unwind$IScsiGetValue      0000000000020c14     IScsiDxe:IScsiConfig.obj
 0005:00000310       $unwind$MD5_Final          0000000000020c30     OpensslLibCrypto:md5_dgst.obj
 0005:00000310       $unwind$MD5_Update         0000000000020c30     OpensslLibCrypto:md5_dgst.obj
 0005:00000310       $unwind$SHA256_Update      0000000000020c30     OpensslLibCrypto:sha256.obj
 0005:00000310       $unwind$InternalHiiCreateOpCodeExtended 0000000000020c30     UefiHiiLib:HiiLib.obj
 0005:00000310       $unwind$EfiGetSystemConfigurationTable 0000000000020c30     UefiLib:UefiLib.obj
 0005:00000310       $unwind$AsciiInternalPrint 0000000000020c30     UefiLib:UefiLibPrint.obj
 0005:00000310       $unwind$IScsiGetAttemptIndexList 0000000000020c30     IScsiDxe:IScsiConfig.obj
 0005:00000310       $unwind$NetbufTrim         0000000000020c30     DxeNetLib:NetBuffer.obj
 0005:00000310       $unwind$TcpIoTransmit      0000000000020c30     DxeTcpIoLib:DxeTcpIoLib.obj
 0005:00000328       $unwind$IScsiConvertAttemptConfigDataToIfrNvData 0000000000020c48     IScsiDxe:IScsiConfig.obj
 0005:00000328       $unwind$NetbufFromBufList  0000000000020c48     DxeNetLib:NetBuffer.obj
 0005:00000340       $unwind$IScsiConvertAttemptConfigDataToIfrNvDataByKeyword 0000000000020c60     IScsiDxe:IScsiConfig.obj
 0005:00000360       $unwind$IScsiConvertIfrNvDataToAttemptConfigData 0000000000020c80     IScsiDxe:IScsiConfig.obj
 0005:0000037c       $unwind$IScsiConvertlfrNvDataToAttemptConfigDataByKeyword 0000000000020c9c     IScsiDxe:IScsiConfig.obj
 0005:00000398       $unwind$SHA256_Final       0000000000020cb8     OpensslLibCrypto:sha256.obj
 0005:00000398       $unwind$IScsiCreateOpCode  0000000000020cb8     IScsiDxe:IScsiConfig.obj
 0005:00000398       $unwind$NetbufCopy         0000000000020cb8     DxeNetLib:NetBuffer.obj
 0005:000003b0       $unwind$IScsiConfigUpdateAttempt 0000000000020cd0     IScsiDxe:IScsiConfig.obj
 0005:000003bc       $unwind$IScsiConfigAddAttempt 0000000000020cdc     IScsiDxe:IScsiConfig.obj
 0005:000003cc       $unwind$IScsiConfigAddAttemptsByKeywords 0000000000020cec     IScsiDxe:IScsiConfig.obj
 0005:000003e8       $unwind$IScsiConfigDeleteAttempts 0000000000020d08     IScsiDxe:IScsiConfig.obj
 0005:00000400       $unwind$IScsiConfigDisplayDeleteAttempts 0000000000020d20     IScsiDxe:IScsiConfig.obj
 0005:00000414       $unwind$IScsiConfigDisplayOrderAttempts 0000000000020d34     IScsiDxe:IScsiConfig.obj
 0005:00000428       $unwind$IScsiConfigOrderAttempts 0000000000020d48     IScsiDxe:IScsiConfig.obj
 0005:00000444       $unwind$IScsiConfigProcessDefault 0000000000020d64     IScsiDxe:IScsiConfig.obj
 0005:0000045c       $unwind$IScsiFormExtractConfig 0000000000020d7c     IScsiDxe:IScsiConfig.obj
 0005:00000478       $unwind$IScsiFormRouteConfig 0000000000020d98     IScsiDxe:IScsiConfig.obj
 0005:00000494       $unwind$IScsiFormCallback  0000000000020db4     IScsiDxe:IScsiConfig.obj
 0005:000004b4       $unwind$MmioRead32         0000000000020dd4     BaseIoLibIntrinsicSev:IoLib.obj
 0005:000004b4       $unwind$TdIoRead32         0000000000020dd4     BaseIoLibIntrinsicSev:IoLibInternalTdx.obj
 0005:000004b4       $unwind$TdIoWrite32        0000000000020dd4     BaseIoLibIntrinsicSev:IoLibInternalTdx.obj
 0005:000004b4       $unwind$TdIoWrite8         0000000000020dd4     BaseIoLibIntrinsicSev:IoLibInternalTdx.obj
 0005:000004b4       $unwind$IScsiConfigFormUnload 0000000000020dd4     IScsiDxe:IScsiConfig.obj
 0005:000004b4       $unwind$IScsiExtScsiPassThruGetNextTarget 0000000000020dd4     IScsiDxe:IScsiExtScsiPassThru.obj
 0005:000004bc       $unwind$IScsiCreateConnection 0000000000020ddc     IScsiDxe:IScsiProto.obj
 0005:000004d8       $unwind$IScsiGetIp6NicInfo 0000000000020df8     IScsiDxe:IScsiProto.obj
 0005:000004f4       $unwind$IScsiSessionLogin  0000000000020e14     IScsiDxe:IScsiProto.obj
 0005:0000050c       $unwind$IScsiSessionReLogin 0000000000020e2c     IScsiDxe:IScsiProto.obj
 0005:0000051c       $unwind$IScsiProcessLoginRsp 0000000000020e3c     IScsiDxe:IScsiProto.obj
 0005:00000538       $unwind$IScsiUpdateTargetAddress 0000000000020e58     IScsiDxe:IScsiProto.obj
 0005:0000054c       $unwind$IScsiReceivePdu    0000000000020e6c     IScsiDxe:IScsiProto.obj
 0005:00000568       $unwind$IScsiFillOpParams  0000000000020e88     IScsiDxe:IScsiProto.obj
 0005:00000588       $unwind$IScsiNewDataSegment 0000000000020ea8     IScsiDxe:IScsiProto.obj
 0005:00000590       $unwind$IScsiNewScsiCmdPdu 0000000000020eb0     IScsiDxe:IScsiProto.obj
 0005:000005a8       $unwind$IScsiNewDataOutPdu 0000000000020ec8     IScsiDxe:IScsiProto.obj
 0005:000005c0       $unwind$HiiConstructConfigHdr 0000000000020ee0     UefiHiiLib:HiiLib.obj
 0005:000005c0       $unwind$IScsiSendDataOutPduSequence 0000000000020ee0     IScsiDxe:IScsiProto.obj
 0005:000005dc       $unwind$IScsiExecuteScsiCommand 0000000000020efc     IScsiDxe:IScsiProto.obj
 0005:000005f4       $unwind$IScsiSetInitiatorName 0000000000020f14     IScsiDxe:IScsiInitiatorName.obj
 0005:000005f4       $unwind$NetLibGetSnpHandle 0000000000020f14     DxeNetLib:DxeNetLib.obj
 0005:00000600       $unwind$IScsiFillNICAndTargetSections 0000000000020f20     IScsiDxe:IScsiIbft.obj
 0005:00000618       $unwind$IScsiPublishIbft   0000000000020f38     IScsiDxe:IScsiIbft.obj
 0005:00000628       $unwind$IScsiDhcpExtractRootPath 0000000000020f48     IScsiDxe:IScsiDhcp.obj
 0005:00000628       $unwind$IScsiDhcp6ExtractRootPath 0000000000020f48     IScsiDxe:IScsiDhcp6.obj
 0005:00000640       $unwind$IScsiDhcp6ParseReply 0000000000020f60     IScsiDxe:IScsiDhcp6.obj
 0005:00000658       $unwind$IScsiDoDhcp6       0000000000020f78     IScsiDxe:IScsiDhcp6.obj
 0005:00000670       $unwind$IScsiParseDhcpAck  0000000000020f90     IScsiDxe:IScsiDhcp.obj
 0005:0000068c       $unwind$IScsiDoDhcp        0000000000020fac     IScsiDxe:IScsiDhcp.obj
 0005:000006a4       $unwind$IScsiExtScsiPassThruBuildDevicePath 0000000000020fc4     IScsiDxe:IScsiExtScsiPassThru.obj
 0005:000006c0       $unwind$IScsiExtScsiPassThruGetTargetLun 0000000000020fe0     IScsiDxe:IScsiExtScsiPassThru.obj
 0005:000006d4       $unwind$IScsiDns4          0000000000020ff4     IScsiDxe:IScsiDns.obj
 0005:000006d4       $unwind$IScsiDns6          0000000000020ff4     IScsiDxe:IScsiDns.obj
 0005:000006f0       $unwind$CompareGuid        0000000000021010     BaseMemoryLibRepStr:MemLibGuid.obj
 0005:00000708       $unwind$AsciiStrHexToUint64 0000000000021028     BaseLib:String.obj
 0005:00000710       $unwind$StrCpyS            0000000000021030     BaseLib:SafeString.obj
 0005:00000710       $unwind$UnicodeStrToAsciiStrS 0000000000021030     BaseLib:SafeString.obj
 0005:00000728       $unwind$StrnCpyS           0000000000021048     BaseLib:SafeString.obj
 0005:00000740       $unwind$StrCatS            0000000000021060     BaseLib:SafeString.obj
 0005:0000075c       $unwind$HiiCreateGotoOpCode 000000000002107c     UefiHiiLib:HiiLib.obj
 0005:0000075c       $unwind$StrDecimalToUintnS 000000000002107c     BaseLib:SafeString.obj
 0005:0000075c       $unwind$StrHexToUintnS     000000000002107c     BaseLib:SafeString.obj
 0005:0000075c       $unwind$EfiLibInstallDriverBindingComponentName2 000000000002107c     UefiLib:UefiDriverModel.obj
 0005:0000076c       $unwind$AsciiStrCpyS       000000000002108c     BaseLib:SafeString.obj
 0005:0000076c       $unwind$AsciiStrDecimalToUintnS 000000000002108c     BaseLib:SafeString.obj
 0005:0000076c       $unwind$AsciiStrHexToUintnS 000000000002108c     BaseLib:SafeString.obj
 0005:0000076c       $unwind$EfiLibUninstallDriverBindingComponentName2 000000000002108c     UefiLib:UefiDriverModel.obj
 0005:00000774       $unwind$AsciiStrToUnicodeStrS 0000000000021094     BaseLib:SafeString.obj
 0005:00000774       $unwind$NetLibCreateServiceChild 0000000000021094     DxeNetLib:DxeNetLib.obj
 0005:00000774       $unwind$NetLibDestroyServiceChild 0000000000021094     DxeNetLib:DxeNetLib.obj
 0005:00000788       $unwind$AsciiStrToIpv6Address 00000000000210a8     BaseLib:SafeString.obj
 0005:000007a0       $unwind$UnicodeSPrint      00000000000210c0     BasePrintLib:PrintLib.obj
 0005:000007a8       $unwind$AsciiSPrint        00000000000210c8     BasePrintLib:PrintLib.obj
 0005:000007b0       $unwind$BasePrintLibConvertValueToStringS 00000000000210d0     BasePrintLib:PrintLibInternal.obj
 0005:000007c8       $unwind$BasePrintLibSPrintMarker 00000000000210e8     BasePrintLib:PrintLibInternal.obj
 0005:000007e4       $unwind$TdIoRead8          0000000000021104     BaseIoLibIntrinsicSev:IoLibInternalTdx.obj
 0005:000007e4       $unwind$BasePrintLibSPrint 0000000000021104     BasePrintLib:PrintLibInternal.obj
 0005:000007ec       $unwind$DebugPrint         000000000002110c     BaseDebugLibSerialPort:DebugLib.obj
 0005:000007f4       $unwind$DebugPrintMarker   0000000000021114     BaseDebugLibSerialPort:DebugLib.obj
 0005:00000808       $unwind$DebugAssert        0000000000021128     BaseDebugLibSerialPort:DebugLib.obj
 0005:00000810       $unwind$LookupUnicodeString2 0000000000021130     UefiLib:UefiLib.obj
 0005:00000828       $unwind$AddUnicodeString2  0000000000021148     UefiLib:UefiLib.obj
 0005:00000828       $unwind$NetbufFromExt      0000000000021148     DxeNetLib:NetBuffer.obj
 0005:00000828       $unwind$NetbufQueCopy      0000000000021148     DxeNetLib:NetBuffer.obj
 0005:00000844       $unwind$GetVariable2       0000000000021164     UefiLib:UefiLib.obj
 0005:00000850       $unwind$UefiLibGetStringWidth 0000000000021170     UefiLib:Console.obj
 0005:00000864       $unwind$CreatePopUp        0000000000021184     UefiLib:Console.obj
 0005:0000087c       $unwind$AsciiPrint         000000000002119c     UefiLib:UefiLibPrint.obj
 0005:00000884       $unwind$HiiSetString       00000000000211a4     UefiHiiLib:HiiString.obj
 0005:000008a0       $unwind$HiiAddPackages     00000000000211c0     UefiHiiLib:HiiLib.obj
 0005:000008b4       $unwind$InternalHiiBrowserCallback 00000000000211d4     UefiHiiLib:HiiLib.obj
 0005:000008c0       $unwind$HiiGetBrowserData  00000000000211e0     UefiHiiLib:HiiLib.obj
 0005:000008d0       $unwind$HiiSetBrowserData  00000000000211f0     UefiHiiLib:HiiLib.obj
 0005:000008e4       $unwind$HiiCreateGuidOpCode 0000000000021204     UefiHiiLib:HiiLib.obj
 0005:000008ec       $unwind$HiiCreateNumericOpCode 000000000002120c     UefiHiiLib:HiiLib.obj
 0005:00000904       $unwind$HiiCreateStringOpCode 0000000000021224     UefiHiiLib:HiiLib.obj
 0005:0000091c       $unwind$InternalHiiUpdateFormPackageData 000000000002123c     UefiHiiLib:HiiLib.obj
 0005:00000934       $unwind$HiiUpdateForm      0000000000021254     UefiHiiLib:HiiLib.obj
 0005:0000094c       $unwind$PseudoRandom       000000000002126c     DxeNetLib:DxeNetLib.obj
 0005:00000960       $unwind$NetLibGetMacAddress 0000000000021280     DxeNetLib:DxeNetLib.obj
 0005:00000978       $unwind$NetLibDetectMedia  0000000000021298     DxeNetLib:DxeNetLib.obj
 0005:00000990       $unwind$NetLibDetectMediaWaitTimeout 00000000000212b0     DxeNetLib:DxeNetLib.obj
 0005:000009a8       $unwind$NetLibAsciiStrToIp4 00000000000212c8     DxeNetLib:DxeNetLib.obj
 0005:000009b8       $unwind$NetLibStrToIp4     00000000000212d8     DxeNetLib:DxeNetLib.obj
 0005:000009cc       $unwind$NetbufBuildExt     00000000000212ec     DxeNetLib:NetBuffer.obj
 0005:000009d4       $unwind$NetbufAllocSpace   00000000000212f4     DxeNetLib:NetBuffer.obj
 0005:000009e8       $unwind$TcpIoGetMapping    0000000000021308     DxeTcpIoLib:DxeTcpIoLib.obj
 0005:000009f8       $unwind$TcpIoCreateSocket  0000000000021318     DxeTcpIoLib:DxeTcpIoLib.obj
 0005:00000a18       $unwind$TcpIoDestroySocket 0000000000021338     DxeTcpIoLib:DxeTcpIoLib.obj
 0005:00000a2c       $unwind$TcpIoReceive       000000000002134c     DxeTcpIoLib:DxeTcpIoLib.obj
 0005:00000a44       $unwind$md5_block_data_order 0000000000021364     OpensslLibCrypto:md5_dgst.obj
 0005:00000a5c       $unwind$sha256_block_data_order 000000000002137c     OpensslLibCrypto:sha256.obj
 0005:00000a74       $unwind$GetTdInfo          0000000000021394     TdxLib:TdInfo.obj
