 QemuKernelLoaderFsDxe

 Timestamp is 6725e495 (Sat Nov  2 16:36:37 2024)

 Preferred load address is 0000000000000000

 Start         Length     Name                   Class
 0001:00000000 00000344H .text                   CODE
 0001:00000344 000034fdH .text$mn                CODE
 0002:00000000 000019a8H .rdata                  DATA
 0002:000019a8 00000048H .rdata$voltmd           DATA
 0002:000019f0 00000170H .rdata$zzzdbg           DATA
 0003:00000000 00000158H .data                   DATA
 0003:00000158 00000098H .bss                    DATA
 0004:00000000 000002acH .pdata                  DATA
 0005:00000000 000001a4H .xdata                  DATA

  Address         Publics by Value              Rva+Base               Lib:Object

 0000:00000000       __x64_code_ranges_to_entry_points_count 0000000000000000     <absolute>
 0000:00000000       __guard_iat_table          0000000000000000     <absolute>
 0000:00000000       __guard_longjmp_table      0000000000000000     <absolute>
 0000:00000000       __x64_code_ranges_to_entry_points 0000000000000000     <absolute>
 0000:00000000       __guard_iat_count          0000000000000000     <absolute>
 0000:00000000       __guard_fids_count         0000000000000000     <absolute>
 0000:00000000       __guard_longjmp_count      0000000000000000     <absolute>
 0000:00000000       __dynamic_value_reloc_table 0000000000000000     <absolute>
 0000:00000000       __hybrid_auxiliary_iat     0000000000000000     <absolute>
 0000:00000000       __arm64x_extra_rfe_table   0000000000000000     <absolute>
 0000:00000000       __hybrid_auxiliary_iat_copy 0000000000000000     <absolute>
 0000:00000000       __hybrid_code_map_count    0000000000000000     <absolute>
 0000:00000000       __arm64x_redirection_metadata 0000000000000000     <absolute>
 0000:00000000       __hybrid_code_map          0000000000000000     <absolute>
 0000:00000000       __AbsoluteZero             0000000000000000     <absolute>
 0000:00000000       __arm64x_extra_rfe_table_size 0000000000000000     <absolute>
 0000:00000000       __guard_check_icall_a64n_fptr 0000000000000000     <absolute>
 0000:00000000       __guard_fids_table         0000000000000000     <absolute>
 0000:00000000       __guard_flags              0000000000000000     <absolute>
 0000:00000000       __guard_eh_cont_count      0000000000000000     <absolute>
 0000:00000000       __arm64x_redirection_metadata_count 0000000000000000     <absolute>
 0000:00000000       __arm64x_native_entrypoint 0000000000000000     <absolute>
 0000:00000000       __enclave_config           0000000000000000     <absolute>
 0000:00000000       __guard_eh_cont_table      0000000000000000     <absolute>
 0001:00000000       InternalMemCopyMem         00000000000002c0     BaseMemoryLibRepStr:CopyMem.obj
 0001:00000040       InternalMemZeroMem         0000000000000300     BaseMemoryLibRepStr:ZeroMem.obj
 0001:00000060       SevNoRepIo                 0000000000000320     BaseIoLibIntrinsicSev:IoFifoSev.obj
 0001:000000a0       SevIoReadFifo8             0000000000000360     BaseIoLibIntrinsicSev:IoFifoSev.obj
 0001:000000c2       SevIoReadFifo16            0000000000000382     BaseIoLibIntrinsicSev:IoFifoSev.obj
 0001:000000e8       SevIoReadFifo32            00000000000003a8     BaseIoLibIntrinsicSev:IoFifoSev.obj
 0001:0000010b       SevIoWriteFifo8            00000000000003cb     BaseIoLibIntrinsicSev:IoFifoSev.obj
 0001:0000012d       SevIoWriteFifo16           00000000000003ed     BaseIoLibIntrinsicSev:IoFifoSev.obj
 0001:00000153       SevIoWriteFifo32           0000000000000413     BaseIoLibIntrinsicSev:IoFifoSev.obj
 0001:00000180       InternalMemSetMem          0000000000000440     BaseMemoryLibRepStr:SetMem.obj
 0001:000001a0       InternalMemSetMem64        0000000000000460     BaseMemoryLibRepStr:SetMem64.obj
 0001:000001c0       InternalMemSetMem32        0000000000000480     BaseMemoryLibRepStr:SetMem32.obj
 0001:000001e0       TdVmCall                   00000000000004a0     BaseLib:TdVmcall.obj
 0001:00000260       CpuPause                   0000000000000520     BaseLib:CpuPause.obj
 0001:00000270       AsmReadCr0                 0000000000000530     BaseLib:ReadCr0.obj
 0001:00000280       AsmReadCr3                 0000000000000540     BaseLib:ReadCr3.obj
 0001:00000290       AsmWriteCr0                0000000000000550     BaseLib:WriteCr0.obj
 0001:000002a0       AsmReadCr4                 0000000000000560     BaseLib:ReadCr4.obj
 0001:000002b0       TdCall                     0000000000000570     BaseLib:TdCall.obj
 0001:00000310       AsmWriteCr3                00000000000005d0     BaseLib:WriteCr3.obj
 0001:00000320       EnableInterrupts           00000000000005e0     BaseLib:EnableInterrupts.obj
 0001:00000330       DisableInterrupts          00000000000005f0     BaseLib:DisableInterrupts.obj
 0001:00000340       AsmReadEflags              0000000000000600     BaseLib:ReadEflags.obj
 0001:00000344       _ModuleEntryPoint          0000000000000604 f   UefiDriverEntryPoint:DriverEntryPoint.obj
 0001:00000358       ProcessLibraryConstructorList 0000000000000618 f   QemuKernelLoaderFsDxe:AutoGen.obj
 0001:0000107c       QemuKernelLoaderFsDxeEntrypoint 000000000000133c f   QemuKernelLoaderFsDxe:QemuKernelLoaderFsDxe.obj
 0001:00001404       InternalAllocatePool       00000000000016c4 f   UefiMemoryAllocationLib:MemoryAllocationLib.obj
 0001:00001434       FreePool                   00000000000016f4 f   UefiMemoryAllocationLib:MemoryAllocationLib.obj
 0001:00001478       CopyMem                    0000000000001738 f   BaseMemoryLibRepStr:CopyMemWrapper.obj
 0001:00001514       CompareGuid                00000000000017d4 f   BaseMemoryLibRepStr:MemLibGuid.obj
 0001:000015d8       ZeroMem                    0000000000001898 f   BaseMemoryLibRepStr:ZeroMemWrapper.obj
 0001:00001648       StrLen                     0000000000001908 f   BaseLib:String.obj
 0001:000016d0       AsciiStrLen                0000000000001990 f   BaseLib:String.obj
 0001:0000173c       StrnLenS                   00000000000019fc f   BaseLib:SafeString.obj
 0001:00001794       DebugPrint                 0000000000001a54 f   BaseDebugLibSerialPort:DebugLib.obj
 0001:000017b8       DebugPrintMarker           0000000000001a78 f   BaseDebugLibSerialPort:DebugLib.obj
 0001:00001844       DebugAssert                0000000000001b04 f   BaseDebugLibSerialPort:DebugLib.obj
 0001:0000189c       IsDevicePathValid          0000000000001b5c f   UefiDevicePathLibDevicePathProtocol:UefiDevicePathLib.obj
 0001:000019d8       NextDevicePathNode         0000000000001c98 f   UefiDevicePathLibDevicePathProtocol:UefiDevicePathLib.obj
 0001:00001a48       GetHobList                 0000000000001d08 f   DxeHobLib:HobLib.obj
 0001:00001ed4       InternalQemuFwCfgDmaBytes  0000000000002194 f   QemuFwCfgDxeLib:QemuFwCfgDxe.obj
 0001:000020d0       QemuFwCfgSelectItem        0000000000002390 f   QemuFwCfgDxeLib:QemuFwCfgLib.obj
 0001:000020fc       QemuFwCfgReadBytes         00000000000023bc f   QemuFwCfgDxeLib:QemuFwCfgLib.obj
 0001:0000213c       GetPcdProtocol             00000000000023fc f   DxePcdLib:DxePcdLib.obj
 0001:00002220       IoRead8                    00000000000024e0 f   BaseIoLibIntrinsicSev:IoLibMsc.obj
 0001:00002248       IoWrite16                  0000000000002508 f   BaseIoLibIntrinsicSev:IoLibMsc.obj
 0001:00002278       IoRead32                   0000000000002538 f   BaseIoLibIntrinsicSev:IoLibMsc.obj
 0001:000022c0       IoWrite32                  0000000000002580 f   BaseIoLibIntrinsicSev:IoLibMsc.obj
 0001:00002318       IoReadFifo8                00000000000025d8 f   BaseIoLibIntrinsicSev:IoLibFifoCc.obj
 0001:00002370       IsTdxGuest                 0000000000002630 f   BaseIoLibIntrinsicSev:IoLibInternalTdx.obj
 0001:0000239c       TdIoRead8                  000000000000265c f   BaseIoLibIntrinsicSev:IoLibInternalTdx.obj
 0001:000023ec       TdIoRead32                 00000000000026ac f   BaseIoLibIntrinsicSev:IoLibInternalTdx.obj
 0001:00002460       TdIoWrite8                 0000000000002720 f   BaseIoLibIntrinsicSev:IoLibInternalTdx.obj
 0001:000024b0       TdIoWrite16                0000000000002770 f   BaseIoLibIntrinsicSev:IoLibInternalTdx.obj
 0001:00002508       TdIoWrite32                00000000000027c8 f   BaseIoLibIntrinsicSev:IoLibInternalTdx.obj
 0001:00002584       CpuDeadLoop                0000000000002844 f   BaseLib:CpuDeadLoop.obj
 0001:000025b4       SerialPortWrite            0000000000002874 f   PcAtSerialPortLib:SerialPortLib.obj
 0001:00002624       AsciiSPrint                00000000000028e4 f   BasePrintLib:PrintLib.obj
 0001:00002650       BasePrintLibFillBuffer     0000000000002910 f   BasePrintLib:PrintLibInternal.obj
 0001:00002684       BasePrintLibValueToString  0000000000002944 f   BasePrintLib:PrintLibInternal.obj
 0001:000026f0       BasePrintLibSPrintMarker   00000000000029b0 f   BasePrintLib:PrintLibInternal.obj
 0001:000035fc       BasePrintLibSPrint         00000000000038bc f   BasePrintLib:PrintLibInternal.obj
 0001:00003620       PciExpressRead32           00000000000038e0 f   BasePciExpressLib:PciExpressLib.obj
 0001:00003670       PciCf8Read32               0000000000003930 f   BasePciCf8Lib:PciCf8Lib.obj
 0001:0000371c       GetTdInfo                  00000000000039dc f   TdxLib:TdInfo.obj
 0001:00003780       TdSharedPageMask           0000000000003a40 f   TdxLib:TdInfo.obj
 0001:000037ac       MmioRead32                 0000000000003a6c f   BaseIoLibIntrinsicSev:IoLib.obj
 0001:00003820       SaveAndDisableInterrupts   0000000000003ae0 f   BaseLib:Cpu.obj
 0002:00000000       ??_C@_0CB@DMEJJJHA@?6ASSERT_EFI_ERROR?5?$CIStatus?5?$DN?5?$CFr?$CJ@ 0000000000003b20     UefiDriverEntryPoint:DriverEntryPoint.obj
 0002:00000028       ??_C@_0CH@BBNBJKHK@?$CB?$CI?$CI?$CIINTN?$CJ?$CIRETURN_STATUS?$CJ?$CIStatus@ 0000000000003b48     UefiDriverEntryPoint:DriverEntryPoint.obj
 0002:00000050       ??_C@_0BG@KCIPNFFC@QemuKernelLoaderFsDxe@ 0000000000003b70     QemuKernelLoaderFsDxe:AutoGen.obj
 0002:00000068       ??_C@_0CE@IBFOBMLB@?6ASSERT_RETURN_ERROR?5?$CIStatus?5?$DN?5@ 0000000000003b88     QemuKernelLoaderFsDxe:AutoGen.obj
 0002:00000090       ??_C@_0IL@PEFLGLGN@d?3?2uefi_specs_personal_collecti@ 0000000000003bb0     QemuKernelLoaderFsDxe:AutoGen.obj
 0002:00000120       ??_C@_0BF@NDBIKIKC@CR?5has?5Bad?5Signature@ 0000000000003c40     QemuKernelLoaderFsDxe:QemuKernelLoaderFsDxe.obj
 0002:00000140       ??_C@_0FO@DMKLCGNM@D?3?2uefi_specs_personal_collecti@ 0000000000003c60     QemuKernelLoaderFsDxe:QemuKernelLoaderFsDxe.obj
 0002:000001a0       ??_C@_13FPGAJAPJ@?$AA?2@   0000000000003cc0     QemuKernelLoaderFsDxe:QemuKernelLoaderFsDxe.obj
 0002:000001a8       ??_C@_0CB@LJELIIA@FileInfoSize?5?$DO?$DN?5sizeof?5?$CKFileInf@ 0000000000003cc8     QemuKernelLoaderFsDxe:QemuKernelLoaderFsDxe.obj
 0002:000001d0       ??_C@_0BF@FMNAMDGJ@InitrdBlob?9?$DOSize?5?$DO?50@ 0000000000003cf0     QemuKernelLoaderFsDxe:QemuKernelLoaderFsDxe.obj
 0002:000001e8       ??_C@_09KIEFKGAK@FetchBlob@ 0000000000003d08     QemuKernelLoaderFsDxe:QemuKernelLoaderFsDxe.obj
 0002:000001f8       ??_C@_0CL@HLKNMDCK@?$CFa?3?5failed?5to?5allocate?5?$CFLd?5byte@ 0000000000003d18     QemuKernelLoaderFsDxe:QemuKernelLoaderFsDxe.obj
 0002:00000228       ??_C@_0CA@KOFNNFBI@?$CFa?3?5loading?5?$CFLd?5bytes?5for?5?$CC?$CFs?$CC?6@ 0000000000003d48     QemuKernelLoaderFsDxe:QemuKernelLoaderFsDxe.obj
 0002:00000248       ??_C@_0CH@MJEHKDON@?$CFa?3?5?$CFLd?5bytes?5remaining?5for?5?$CC?$CFs@ 0000000000003d68     QemuKernelLoaderFsDxe:QemuKernelLoaderFsDxe.obj
 0002:00000270       ??_C@_0CA@LENBBIJM@QemuKernelLoaderFsDxeEntrypoint@ 0000000000003d90     QemuKernelLoaderFsDxe:QemuKernelLoaderFsDxe.obj
 0002:00000290       ??_C@_0BD@CKBLICD@?$CFa?3?5GetTime?$CI?$CJ?3?5?$CFr?6@ 0000000000003db0     QemuKernelLoaderFsDxe:QemuKernelLoaderFsDxe.obj
 0002:000002a8       ??_C@_0CN@NJKKNKBI@?$CFa?3?5InstallMultipleProtocolInte@ 0000000000003dc8     QemuKernelLoaderFsDxe:QemuKernelLoaderFsDxe.obj
 0002:000003a0       ??_C@_0GF@KMHDEKMA@D?3?2uefi_specs_personal_collecti@ 0000000000003ec0     UefiMemoryAllocationLib:MemoryAllocationLib.obj
 0002:00000408       ??_C@_0BH@IACGKAP@Buffer?5?$CB?$DN?5?$CI?$CIvoid?5?$CK?$CJ?50?$CJ@ 0000000000003f28     UefiMemoryAllocationLib:MemoryAllocationLib.obj
 0002:00000420       ??_C@_0ED@MKGCMJG@?$CILength?5?9?51?$CJ?5?$DM?$DN?5?$CI0xFFFFFFFFFFFF@ 0000000000003f40     BaseMemoryLibRepStr:CopyMemWrapper.obj
 0002:00000470       ??_C@_0FM@IDPIEKJH@D?3?2uefi_specs_personal_collecti@ 0000000000003f90     BaseMemoryLibRepStr:CopyMemWrapper.obj
 0002:000004d0       ??_C@_0DO@MAOBOFEG@?$CILength?5?9?51?$CJ?5?$DM?$DN?5?$CI0xFFFFFFFFFFFF@ 0000000000003ff0     BaseMemoryLibRepStr:CopyMemWrapper.obj
 0002:00000510       ??_C@_0DG@EEENIGGL@Length?5?$DM?$DN?5?$CI0xFFFFFFFFFFFFFFFFUL@ 0000000000004030     BaseMemoryLibRepStr:MemLibGuid.obj
 0002:00000550       ??_C@_0FM@DHFKCLFA@D?3?2uefi_specs_personal_collecti@ 0000000000004070     BaseMemoryLibRepStr:ZeroMemWrapper.obj
 0002:000005b0       ??_C@_0BH@MAAHKCPC@String?5?$CB?$DN?5?$CI?$CIvoid?5?$CK?$CJ?50?$CJ@ 00000000000040d0     BaseLib:String.obj
 0002:000005d0       ??_C@_0EI@LOLLHGDK@D?3?2uefi_specs_personal_collecti@ 00000000000040f0     BaseLib:String.obj
 0002:00000618       ??_C@_0CC@GFNLNIOC@?$CI?$CIUINTN?$CJString?5?$CG?50x00000001?$CJ?5?$DN?$DN@ 0000000000004138     BaseLib:String.obj
 0002:00000640       ??_C@_0DK@EOJCOAME@Length?5?$DM?5_gPcd_FixedAtBuild_Pcd@ 0000000000004160     BaseLib:String.obj
 0002:00000680       ??_C@_0BL@JAAMOCAJ@StrSize?5?$CIFirstString?$CJ?5?$CB?$DN?50@ 00000000000041a0     BaseLib:String.obj
 0002:000006a0       ??_C@_0BM@DALBOILC@StrSize?5?$CISecondString?$CJ?5?$CB?$DN?50@ 00000000000041c0     BaseLib:String.obj
 0002:000006c0       ??_C@_0DI@MDIKFADO@Length?5?$DM?5_gPcd_FixedAtBuild_Pcd@ 00000000000041e0     BaseLib:String.obj
 0002:00000700       ??_C@_0EL@GLNKFHII@D?3?2uefi_specs_personal_collecti@ 0000000000004220     BaseLib:Unaligned.obj
 0002:00000750       ??_C@_0EM@OAPOMMAE@D?3?2uefi_specs_personal_collecti@ 0000000000004270     BaseLib:SafeString.obj
 0002:000007a0       ??_C@_0BJ@CNKJJNE@?$CIBuffer?5?$CB?$DN?5?$CI?$CIvoid?5?$CK?$CJ?50?$CJ?$CJ@ 00000000000042c0     BaseLib:SafeString.obj
 0002:000007c0       ??_C@_0N@KGHEHMDL@Divisor?5?$CB?$DN?50@ 00000000000042e0     BaseLib:DivU64x32.obj
 0002:000007d0       ??_C@_0BH@LKMBFCBF@Format?5?$CB?$DN?5?$CI?$CIvoid?5?$CK?$CJ?50?$CJ@ 00000000000042f0     BaseDebugLibSerialPort:DebugLib.obj
 0002:000007f0       ??_C@_0FJ@BNNHJMAJ@D?3?2uefi_specs_personal_collecti@ 0000000000004310     BaseDebugLibSerialPort:DebugLib.obj
 0002:00000850       ??_C@_0BI@NOCKJDBJ@ASSERT?5?$FL?$CFa?$FN?5?$CFa?$CI?$CFd?$CJ?3?5?$CFa?6@ 0000000000004370     BaseDebugLibSerialPort:DebugLib.obj
 0002:00000868       ??_C@_0BN@COECPDCC@gImageHandle?5?$CB?$DN?5?$CI?$CIvoid?5?$CK?$CJ?50?$CJ@ 0000000000004388     UefiBootServicesTableLib:UefiBootServicesTableLib.obj
 0002:00000890       ??_C@_0GL@PJCPJLGM@D?3?2uefi_specs_personal_collecti@ 00000000000043b0     UefiBootServicesTableLib:UefiBootServicesTableLib.obj
 0002:00000900       ??_C@_0BE@DGNHAHIL@gST?5?$CB?$DN?5?$CI?$CIvoid?5?$CK?$CJ?50?$CJ@ 0000000000004420     UefiBootServicesTableLib:UefiBootServicesTableLib.obj
 0002:00000918       ??_C@_0BE@BDFJLGLN@gBS?5?$CB?$DN?5?$CI?$CIvoid?5?$CK?$CJ?50?$CJ@ 0000000000004438     UefiBootServicesTableLib:UefiBootServicesTableLib.obj
 0002:00000930       ??_C@_0BE@OBDFIHND@gRT?5?$CB?$DN?5?$CI?$CIvoid?5?$CK?$CJ?50?$CJ@ 0000000000004450     UefiRuntimeServicesTableLib:UefiRuntimeServicesTableLib.obj
 0002:00000950       ??_C@_0HB@NCAPNEDO@D?3?2uefi_specs_personal_collecti@ 0000000000004470     UefiRuntimeServicesTableLib:UefiRuntimeServicesTableLib.obj
 0002:000009d0       ??_C@_0GP@HEOOPGAM@D?3?2uefi_specs_personal_collecti@ 00000000000044f0     UefiDevicePathLibDevicePathProtocol:UefiDevicePathLib.obj
 0002:00000a40       ??_C@_0DC@CNNBPJA@mDevicePathLibDevicePathUtiliti@ 0000000000004560     UefiDevicePathLibDevicePathProtocol:UefiDevicePathLib.obj
 0002:00000a78       ??_C@_0BL@JFODOCGB@DevicePath?5?$CB?$DN?5?$CI?$CIvoid?5?$CK?$CJ?50?$CJ@ 0000000000004598     UefiDevicePathLibDevicePathProtocol:UefiDevicePathLib.obj
 0002:00000a98       ??_C@_0BF@CBLMFKOC@Node?5?$CB?$DN?5?$CI?$CIvoid?5?$CK?$CJ?50?$CJ@ 00000000000045b8     UefiDevicePathLibDevicePathProtocol:UefiDevicePathLib.obj
 0002:00000ab0       ??_C@_0EK@CGIIDOCH@D?3?2uefi_specs_personal_collecti@ 00000000000045d0     DxeHobLib:HobLib.obj
 0002:00000b00       ??_C@_0BJ@OBFMLLDO@mHobList?5?$CB?$DN?5?$CI?$CIvoid?5?$CK?$CJ?50?$CJ@ 0000000000004620     DxeHobLib:HobLib.obj
 0002:00000b20       ??_C@_0BJ@NOLLDKJB@HobStart?5?$CB?$DN?5?$CI?$CIvoid?5?$CK?$CJ?50?$CJ@ 0000000000004640     DxeHobLib:HobLib.obj
 0002:00000b40       ??_C@_0BC@FEDIJHFF@?$CI?$CIBOOLEAN?$CJ?$CI0?$DN?$DN1?$CJ?$CJ@ 0000000000004660     DxeHobLib:HobLib.obj
 0002:00000b58       ??_C@_0BP@LHBKJBMC@PlatformInfoHob?5is?5not?5found?4?6@ 0000000000004678     DxeAcpiTimerLib:DxeAcpiTimerLib.obj
 0002:00000b80       ??_C@_0FH@PGONMIHN@D?3?2uefi_specs_personal_collecti@ 00000000000046a0     DxeAcpiTimerLib:DxeAcpiTimerLib.obj
 0002:00000bd8       ??_C@_0BI@HAGPDMHJ@AcpiTimerLibConstructor@ 00000000000046f8     DxeAcpiTimerLib:DxeAcpiTimerLib.obj
 0002:00000bf0       ??_C@_0CL@DGCOIACG@?$CFa?3?5Unknown?5Host?5Bridge?5Device?5@ 0000000000004710     DxeAcpiTimerLib:DxeAcpiTimerLib.obj
 0002:00000c20       ??_C@_0BI@IJEGBDOG@FW?5CFG?5Signature?3?50x?$CFx?6@ 0000000000004740     QemuFwCfgDxeLib:QemuFwCfgDxe.obj
 0002:00000c38       ??_C@_0BH@IDHABEEK@FW?5CFG?5Revision?3?50x?$CFx?6@ 0000000000004758     QemuFwCfgDxeLib:QemuFwCfgDxe.obj
 0002:00000c50       ??_C@_0CE@MJBGNOEJ@QemuFwCfg?5interface?5not?5support@ 0000000000004770     QemuFwCfgDxeLib:QemuFwCfgDxe.obj
 0002:00000c78       ??_C@_0CN@HEOCCDJJ@QemuFwCfg?5interface?5?$CIIO?5Port?$CJ?5i@ 0000000000004798     QemuFwCfgDxeLib:QemuFwCfgDxe.obj
 0002:00000ca8       ??_C@_0CJ@KLCLHHDJ@QemuFwCfg?5interface?5?$CIDMA?$CJ?5is?5su@ 00000000000047c8     QemuFwCfgDxeLib:QemuFwCfgDxe.obj
 0002:00000cd8       ??_C@_0BE@ICMOEABH@QemuFwCfgInitialize@ 00000000000047f8     QemuFwCfgDxeLib:QemuFwCfgDxe.obj
 0002:00000cf0       ??_C@_0DF@DPBJNHOO@QemuFwCfgDma?5?$CFa?3?$CFa?5Failed?5to?5lo@ 0000000000004810     QemuFwCfgDxeLib:QemuFwCfgDxe.obj
 0002:00000d30       ??_C@_0FE@HOPLGIPD@D?3?2uefi_specs_personal_collecti@ 0000000000004850     QemuFwCfgDxeLib:QemuFwCfgDxe.obj
 0002:00000d88       ??_C@_0BK@BCAAPLAN@AllocFwCfgDmaAccessBuffer@ 00000000000048a8     QemuFwCfgDxeLib:QemuFwCfgDxe.obj
 0002:00000da8       ??_C@_0CM@GFEJKPGJ@?$CFa?3?$CFa?5failed?5to?5allocate?5FW_CFG@ 00000000000048c8     QemuFwCfgDxeLib:QemuFwCfgDxe.obj
 0002:00000dd8       ??_C@_0CJ@KEMBAJAO@?$CFa?3?$CFa?5failed?5to?5Map?$CI?$CJ?5FW_CFG_DM@ 00000000000048f8     QemuFwCfgDxeLib:QemuFwCfgDxe.obj
 0002:00000e08       ??_C@_0DD@JKOFAKBE@?$CFa?3?$CFa?5failed?5to?5Map?$CI?$CJ?5?9?5request@ 0000000000004928     QemuFwCfgDxeLib:QemuFwCfgDxe.obj
 0002:00000e40       ??_C@_0BJ@PJCCKKKO@FreeFwCfgDmaAccessBuffer@ 0000000000004960     QemuFwCfgDxeLib:QemuFwCfgDxe.obj
 0002:00000e60       ??_C@_0CH@ECJOHDLF@?$CFa?3?$CFa?5failed?5to?5UnMap?$CI?$CJ?5Mapping@ 0000000000004980     QemuFwCfgDxeLib:QemuFwCfgDxe.obj
 0002:00000e88       ??_C@_0BO@GNFEKELG@?$CFa?3?$CFa?5failed?5to?5Free?$CI?$CJ?50x?$CFLx?6@ 00000000000049a8     QemuFwCfgDxeLib:QemuFwCfgDxe.obj
 0002:00000ea8       ??_C@_0BG@IBBEPALH@MapFwCfgDmaDataBuffer@ 00000000000049c8     QemuFwCfgDxeLib:QemuFwCfgDxe.obj
 0002:00000ec0       ??_C@_0DA@PGHOGGFB@?$CFa?3?$CFa?5failed?5to?5Map?$CI?$CJ?5Address?50@ 00000000000049e0     QemuFwCfgDxeLib:QemuFwCfgDxe.obj
 0002:00000ef0       ??_C@_0DC@GIJFHMNI@?$CFa?3?$CFa?5failed?5to?5Map?$CI?$CJ?5?9?5request@ 0000000000004a10     QemuFwCfgDxeLib:QemuFwCfgDxe.obj
 0002:00000f28       ??_C@_0BI@FJKLEDLA@UnmapFwCfgDmaDataBuffer@ 0000000000004a48     QemuFwCfgDxeLib:QemuFwCfgDxe.obj
 0002:00000f40       ??_C@_0BL@NIDDMANE@?$CIStatus?5?$CG?50x00000001?$CJ?5?$DN?$DN?50@ 0000000000004a60     QemuFwCfgDxeLib:QemuFwCfgDxe.obj
 0002:00000f60       ??_C@_0BD@DFJLKIGA@Select?5Item?3?50x?$CFx?6@ 0000000000004a80     QemuFwCfgDxeLib:QemuFwCfgLib.obj
 0002:00000f80       ??_C@_0EN@ENFGNHA@D?3?2uefi_specs_personal_collecti@ 0000000000004aa0     DxePcdLib:DxePcdLib.obj
 0002:00000fd0       ??_C@_0BF@OOKDELHM@mPcd?5?$CB?$DN?5?$CI?$CIvoid?5?$CK?$CJ?50?$CJ@ 0000000000004af0     DxePcdLib:DxePcdLib.obj
 0002:00000ff0       ??_C@_0FF@GCKLFLDF@D?3?2uefi_specs_personal_collecti@ 0000000000004b10     BaseIoLibIntrinsicSev:IoLibMsc.obj
 0002:00001048       ??_C@_0BA@HCECIDGN@?$CIPort?5?$CG?53?$CJ?5?$DN?$DN?50@ 0000000000004b68     BaseIoLibIntrinsicSev:IoLibMsc.obj
 0002:00001060       ??_C@_0FN@DOAHIAPG@D?3?2uefi_specs_personal_collecti@ 0000000000004b80     BaseIoLibIntrinsicSev:IoLibInternalTdx.obj
 0002:000010c0       ??_C@_0BD@OMMAJMCK@?$CIAddress?5?$CG?53?$CJ?5?$DN?$DN?50@ 0000000000004be0     BaseIoLibIntrinsicSev:IoLibInternalTdx.obj
 0002:000010e0       ??_C@_0FH@MODEAFEI@D?3?2uefi_specs_personal_collecti@ 0000000000004c00     BasePrintLib:PrintLibInternal.obj
 0002:00001140       ??_C@_0EB@HDGIDCIO@?$CIBufferSize?5?$DM?$DN?5?$CI_gPcd_FixedAtBu@ 0000000000004c60     BasePrintLib:PrintLibInternal.obj
 0002:00001188       ??_C@_0BJ@PPAKKDJG@?$CIFormat?5?$CB?$DN?5?$CI?$CIvoid?5?$CK?$CJ?50?$CJ?$CJ@ 0000000000004ca8     BasePrintLib:PrintLibInternal.obj
 0002:000011b0       ??_C@_0ED@LPDDCECB@?$CIBufferSize?5?$DM?$DN?5?$CI_gPcd_FixedAtBu@ 0000000000004cd0     BasePrintLib:PrintLibInternal.obj
 0002:00001200       ??_C@_0IM@BFJJFLGB@?$CIStrnLenS?5?$CI?$CICHAR16?5?$CK?$CJFormat?0?5?$CI_@ 0000000000004d20     BasePrintLib:PrintLibInternal.obj
 0002:00001290       ??_C@_0ID@PLGJGION@?$CIAsciiStrnLenS?5?$CIFormat?0?5?$CI_gPcd_@ 0000000000004db0     BasePrintLib:PrintLibInternal.obj
 0002:00001318       ??_C@_0O@MLOLIMFM@?$DMnull?5string?$DO@ 0000000000004e38     BasePrintLib:PrintLibInternal.obj
 0002:00001328       ??_C@_0M@BJJDNPHK@?$DMnull?5guid?$DO@ 0000000000004e48     BasePrintLib:PrintLibInternal.obj
 0002:00001338       ??_C@_0DB@PMLHLBMO@?$CF08x?9?$CF04x?9?$CF04x?9?$CF02x?$CF02x?9?$CF02x?$CF02@ 0000000000004e58     BasePrintLib:PrintLibInternal.obj
 0002:00001370       ??_C@_0M@LHGBCIKM@?$DMnull?5time?$DO@ 0000000000004e90     BasePrintLib:PrintLibInternal.obj
 0002:00001380       ??_C@_0BK@FCPKCIDD@?$CF02d?1?$CF02d?1?$CF04d?5?5?$CF02d?3?$CF02d@ 0000000000004ea0     BasePrintLib:PrintLibInternal.obj
 0002:0000139c       ??_C@_04JIMNDDED@?$CF08X@  0000000000004ebc     BasePrintLib:PrintLibInternal.obj
 0002:000013a4       ??_C@_02PCIJFNDE@?$AN?6@   0000000000004ec4     BasePrintLib:PrintLibInternal.obj
 0002:000013a8       ??_C@_01LIIJDEN@?$AN@      0000000000004ec8     BasePrintLib:PrintLibInternal.obj
 0002:000013b0       mWarningString             0000000000004ed0     BasePrintLib:PrintLibInternal.obj
 0002:00001480       mErrorString               0000000000004fa0     BasePrintLib:PrintLibInternal.obj
 0002:00001760       mHexStr                    0000000000005280     BasePrintLib:PrintLibInternal.obj
 0002:00001770       ??_C@_0BO@BAKALPJK@?$CI?$CIAddress?$CJ?5?$CG?5?$HO0xfffffff?$CJ?5?$DN?$DN?50@ 0000000000005290     BasePciExpressLib:PciExpressLib.obj
 0002:00001790       ??_C@_0FJ@LPMKGGAK@D?3?2uefi_specs_personal_collecti@ 00000000000052b0     BasePciExpressLib:PciExpressLib.obj
 0002:000017f0       ??_C@_0FB@PDIKDBMH@D?3?2uefi_specs_personal_collecti@ 0000000000005310     BasePciCf8Lib:PciCf8Lib.obj
 0002:00001848       ??_C@_0CG@EDKLCMBO@?$CI?$CIAddress?$CJ?5?$CG?5?$CI?$HO0xffff0ff?5?$HM?5?$CI3?$CJ?$CJ@ 0000000000005368     BasePciCf8Lib:PciCf8Lib.obj
 0002:00001870       ??_C@_0CB@GEABOFIF@Failed?5call?5TDCALL_TDINFO?4?5?$CFllx@ 0000000000005390     TdxLib:TdInfo.obj
 0002:000018a0       ??_C@_0FC@MAJHMCGF@D?3?2uefi_specs_personal_collecti@ 00000000000053c0     BaseIoLibIntrinsicSev:IoLib.obj
 0002:00001900       ??_C@_0FE@LIGPAOFO@D?3?2uefi_specs_personal_collecti@ 0000000000005420     BaseLib:DivU64x32Remainder.obj
 0002:000019a8       __volatile_metadata        00000000000054c8     <linker-defined>
 0003:00000000       gPcdProtocolGuid           0000000000005680     QemuKernelLoaderFsDxe:AutoGen.obj
 0003:00000010       gEfiFileSystemInfoGuid     0000000000005690     QemuKernelLoaderFsDxe:AutoGen.obj
 0003:00000020       gEfiFileInfoGuid           00000000000056a0     QemuKernelLoaderFsDxe:AutoGen.obj
 0003:00000030       gEfiDevicePathProtocolGuid 00000000000056b0     QemuKernelLoaderFsDxe:AutoGen.obj
 0003:00000040       gUefiOvmfPkgPlatformInfoGuid 00000000000056c0     QemuKernelLoaderFsDxe:AutoGen.obj
 0003:00000050       gEfiDevicePathUtilitiesProtocolGuid 00000000000056d0     QemuKernelLoaderFsDxe:AutoGen.obj
 0003:00000060       gEfiSimpleFileSystemProtocolGuid 00000000000056e0     QemuKernelLoaderFsDxe:AutoGen.obj
 0003:00000070       gEfiHobListGuid            00000000000056f0     QemuKernelLoaderFsDxe:AutoGen.obj
 0003:00000080       gEfiFileSystemVolumeLabelInfoIdGuid 0000000000005700     QemuKernelLoaderFsDxe:AutoGen.obj
 0003:00000090       gEdkiiIoMmuProtocolGuid    0000000000005710     QemuKernelLoaderFsDxe:AutoGen.obj
 0003:000000a0       gEfiLoadFile2ProtocolGuid  0000000000005720     QemuKernelLoaderFsDxe:AutoGen.obj
 0003:00000160       gST                        00000000000057e0     UefiBootServicesTableLib:UefiBootServicesTableLib.obj
 0003:00000168       gBS                        00000000000057e8     UefiBootServicesTableLib:UefiBootServicesTableLib.obj
 0003:00000170       gImageHandle               00000000000057f0     UefiBootServicesTableLib:UefiBootServicesTableLib.obj
 0003:00000178       gRT                        00000000000057f8     UefiRuntimeServicesTableLib:UefiRuntimeServicesTableLib.obj
 0003:00000180       mDevicePathLibDevicePathUtilities 0000000000005800     UefiDevicePathLibDevicePathProtocol:UefiDevicePathLib.obj
 0003:00000188       mHobList                   0000000000005808     DxeHobLib:HobLib.obj
 0003:00000198       mPcd                       0000000000005818     DxePcdLib:DxePcdLib.obj
 0003:000001b8       gParity                    0000000000005838     PcAtSerialPortLib:SerialPortLib.obj
 0003:000001b9       gBreakSet                  0000000000005839     PcAtSerialPortLib:SerialPortLib.obj
 0003:000001ba       mTdDataReturned            000000000000583a     TdxLib:TdInfo.obj
 0003:000001c0       mTdSharedPageMask          0000000000005840     TdxLib:TdInfo.obj

 entry point at        0001:00000344

 Static symbols

 0001:0000001a       InternalMemCopyMem.0       00000000000002da     BaseMemoryLibRepStr:CopyMem.obj
 0001:0000002a       @CopyBackward              00000000000002ea     BaseMemoryLibRepStr:CopyMem.obj
 0001:00000033       @CopyBytes                 00000000000002f3     BaseMemoryLibRepStr:CopyMem.obj
 0001:0000009a       @UseRepIo                  000000000000035a     BaseIoLibIntrinsicSev:IoFifoSev.obj
 0001:0000009c       @SevNoRepIo_Done           000000000000035c     BaseIoLibIntrinsicSev:IoFifoSev.obj
 0001:000000b4       @IoReadFifo8_NoRep         0000000000000374     BaseIoLibIntrinsicSev:IoFifoSev.obj
 0001:000000b6       @IoReadFifo8_Loop          0000000000000376     BaseIoLibIntrinsicSev:IoFifoSev.obj
 0001:000000be       @IoReadFifo8_Done          000000000000037e     BaseIoLibIntrinsicSev:IoFifoSev.obj
 0001:000000d7       @IoReadFifo16_NoRep        0000000000000397     BaseIoLibIntrinsicSev:IoFifoSev.obj
 0001:000000d9       @IoReadFifo16_Loop         0000000000000399     BaseIoLibIntrinsicSev:IoFifoSev.obj
 0001:000000e4       @IoReadFifo16_Done         00000000000003a4     BaseIoLibIntrinsicSev:IoFifoSev.obj
 0001:000000fc       @IoReadFifo32_NoRep        00000000000003bc     BaseIoLibIntrinsicSev:IoFifoSev.obj
 0001:000000fe       @IoReadFifo32_Loop         00000000000003be     BaseIoLibIntrinsicSev:IoFifoSev.obj
 0001:00000107       @IoReadFifo32_Done         00000000000003c7     BaseIoLibIntrinsicSev:IoFifoSev.obj
 0001:0000011f       @IoWriteFifo8_NoRep        00000000000003df     BaseIoLibIntrinsicSev:IoFifoSev.obj
 0001:00000121       @IoWriteFifo8_Loop         00000000000003e1     BaseIoLibIntrinsicSev:IoFifoSev.obj
 0001:00000129       @IoWriteFifo8_Done         00000000000003e9     BaseIoLibIntrinsicSev:IoFifoSev.obj
 0001:00000142       @IoWriteFifo16_NoRep       0000000000000402     BaseIoLibIntrinsicSev:IoFifoSev.obj
 0001:00000144       @IoWriteFifo16_Loop        0000000000000404     BaseIoLibIntrinsicSev:IoFifoSev.obj
 0001:0000014f       @IoWriteFifo16_Done        000000000000040f     BaseIoLibIntrinsicSev:IoFifoSev.obj
 0001:00000167       @IoWriteFifo32_NoRep       0000000000000427     BaseIoLibIntrinsicSev:IoFifoSev.obj
 0001:00000169       @IoWriteFifo32_Loop        0000000000000429     BaseIoLibIntrinsicSev:IoFifoSev.obj
 0001:00000172       @IoWriteFifo32_Done        0000000000000432     BaseIoLibIntrinsicSev:IoFifoSev.obj
 0001:00000239       TdVmCall.no_return_data    00000000000004f9     BaseLib:TdVmcall.obj
 0001:000002fb       TdCall.exit                00000000000005bb     BaseLib:TdCall.obj
 0001:0000080c       StubFileClose              0000000000000acc f   QemuKernelLoaderFsDxe:QemuKernelLoaderFsDxe.obj
 0001:00000854       StubFileDelete             0000000000000b14 f   QemuKernelLoaderFsDxe:QemuKernelLoaderFsDxe.obj
 0001:000008a0       ConvertKernelBlobTypeToFileInfo 0000000000000b60 f   QemuKernelLoaderFsDxe:QemuKernelLoaderFsDxe.obj
 0001:000009b4       StubFileRead               0000000000000c74 f   QemuKernelLoaderFsDxe:QemuKernelLoaderFsDxe.obj
 0001:00000b08       StubFileWrite              0000000000000dc8 f   QemuKernelLoaderFsDxe:QemuKernelLoaderFsDxe.obj
 0001:00000b64       StubFileGetPosition        0000000000000e24 f   QemuKernelLoaderFsDxe:QemuKernelLoaderFsDxe.obj
 0001:00000bc8       StubFileSetPosition        0000000000000e88 f   QemuKernelLoaderFsDxe:QemuKernelLoaderFsDxe.obj
 0001:00000c4c       StubFileGetInfo            0000000000000f0c f   QemuKernelLoaderFsDxe:QemuKernelLoaderFsDxe.obj
 0001:00000d68       StubFileFlush              0000000000001028 f   QemuKernelLoaderFsDxe:QemuKernelLoaderFsDxe.obj
 0001:00000d68       StubFileSetInfo            0000000000001028 f   QemuKernelLoaderFsDxe:QemuKernelLoaderFsDxe.obj
 0001:00000d74       StubFileOpen               0000000000001034 f   QemuKernelLoaderFsDxe:QemuKernelLoaderFsDxe.obj
 0001:00000f40       StubFileSystemOpenVolume   0000000000001200 f   QemuKernelLoaderFsDxe:QemuKernelLoaderFsDxe.obj
 0001:00000fac       InitrdLoadFile2            000000000000126c f   QemuKernelLoaderFsDxe:QemuKernelLoaderFsDxe.obj
 0001:00001b28       AllocFwCfgDmaAccessBuffer  0000000000001de8 f   QemuFwCfgDxeLib:QemuFwCfgDxe.obj
 0001:00001cd4       FreeFwCfgDmaAccessBuffer   0000000000001f94 f   QemuFwCfgDxeLib:QemuFwCfgDxe.obj
 0001:00001da8       MapFwCfgDmaDataBuffer      0000000000002068 f   QemuFwCfgDxeLib:QemuFwCfgDxe.obj
 0001:000021c8       ConfidentialComputingGuestHas 0000000000002488 f   DxeMemEncryptSevLib:DxeMemEncryptSevLibInternal.obj
 0002:000002d8       mFileSystemDevicePath      0000000000003df8     QemuKernelLoaderFsDxe:QemuKernelLoaderFsDxe.obj
 0002:000002f0       mInitrdLoadFile2           0000000000003e10     QemuKernelLoaderFsDxe:QemuKernelLoaderFsDxe.obj
 0002:000002f8       mFileSystem                0000000000003e18     QemuKernelLoaderFsDxe:QemuKernelLoaderFsDxe.obj
 0002:00000308       mInitrdDevicePath          0000000000003e28     QemuKernelLoaderFsDxe:QemuKernelLoaderFsDxe.obj
 0002:00000320       mEfiFileProtocolTemplate   0000000000003e40     QemuKernelLoaderFsDxe:QemuKernelLoaderFsDxe.obj
 0003:000000b0       mKernelBlob                0000000000005730     QemuKernelLoaderFsDxe:QemuKernelLoaderFsDxe.obj
 0003:00000158       mCcProbeGuestType          00000000000057d8     DxeCcProbeLib:DxeCcProbeLib.obj
 0003:00000159       mCcProbed                  00000000000057d9     DxeCcProbeLib:DxeCcProbeLib.obj
 0003:00000190       mQemuFwCfgSupported        0000000000005810     QemuFwCfgDxeLib:QemuFwCfgDxe.obj
 0003:000001a0       mCurrentAttr               0000000000005820     DxeMemEncryptSevLib:DxeMemEncryptSevLibInternal.obj
 0003:000001a8       mCurrentAttrRead           0000000000005828     DxeMemEncryptSevLib:DxeMemEncryptSevLibInternal.obj
 0003:000001b0       mDeadLoopComparator        0000000000005830     BaseLib:CpuDeadLoop.obj
 0003:000001c8       mTotalBlobBytes            0000000000005848     QemuKernelLoaderFsDxe:QemuKernelLoaderFsDxe.obj
 0003:000001d0       mInitTime                  0000000000005850     QemuKernelLoaderFsDxe:QemuKernelLoaderFsDxe.obj
 0003:000001e0       mRunningOnQ35              0000000000005860     DxePciLibI440FxQ35:PciLib.obj
 0003:000001e1       mQemuFwCfgDmaSupported     0000000000005861     QemuFwCfgDxeLib:QemuFwCfgDxe.obj
 0003:000001e8       mIoMmuProtocol             0000000000005868     QemuFwCfgDxeLib:QemuFwCfgDxe.obj
 0005:00000000       $unwind$IoRead8            0000000000005b40     BaseIoLibIntrinsicSev:IoLibMsc.obj
 0005:00000000       $unwind$CpuDeadLoop        0000000000005b40     BaseLib:CpuDeadLoop.obj
 0005:00000000       $unwind$GetPcdProtocol     0000000000005b40     DxePcdLib:DxePcdLib.obj
 0005:00000000       $unwind$TdSharedPageMask   0000000000005b40     TdxLib:TdInfo.obj
 0005:00000000       $unwind$_ModuleEntryPoint  0000000000005b40     UefiDriverEntryPoint:DriverEntryPoint.obj
 0005:00000000       $unwind$FreePool           0000000000005b40     UefiMemoryAllocationLib:MemoryAllocationLib.obj
 0005:00000000       $unwind$InternalAllocatePool 0000000000005b40     UefiMemoryAllocationLib:MemoryAllocationLib.obj
 0005:00000000       $unwind$ConfidentialComputingGuestHas 0000000000005b40     DxeMemEncryptSevLib:DxeMemEncryptSevLibInternal.obj
 0005:00000008       $unwind$ProcessLibraryConstructorList 0000000000005b48     QemuKernelLoaderFsDxe:AutoGen.obj
 0005:0000001c       $unwind$IoRead32           0000000000005b5c     BaseIoLibIntrinsicSev:IoLibMsc.obj
 0005:0000001c       $unwind$IoWrite16          0000000000005b5c     BaseIoLibIntrinsicSev:IoLibMsc.obj
 0005:0000001c       $unwind$SaveAndDisableInterrupts 0000000000005b5c     BaseLib:Cpu.obj
 0005:0000001c       $unwind$StrnLenS           0000000000005b5c     BaseLib:SafeString.obj
 0005:0000001c       $unwind$PciExpressRead32   0000000000005b5c     BasePciExpressLib:PciExpressLib.obj
 0005:0000001c       $unwind$QemuFwCfgSelectItem 0000000000005b5c     QemuFwCfgDxeLib:QemuFwCfgLib.obj
 0005:0000001c       $unwind$StubFileClose      0000000000005b5c     QemuKernelLoaderFsDxe:QemuKernelLoaderFsDxe.obj
 0005:0000001c       $unwind$StubFileDelete     0000000000005b5c     QemuKernelLoaderFsDxe:QemuKernelLoaderFsDxe.obj
 0005:0000001c       $unwind$StubFileWrite      0000000000005b5c     QemuKernelLoaderFsDxe:QemuKernelLoaderFsDxe.obj
 0005:00000024       $unwind$ConvertKernelBlobTypeToFileInfo 0000000000005b64     QemuKernelLoaderFsDxe:QemuKernelLoaderFsDxe.obj
 0005:00000040       $unwind$StubFileRead       0000000000005b80     QemuKernelLoaderFsDxe:QemuKernelLoaderFsDxe.obj
 0005:00000058       $unwind$IoWrite32          0000000000005b98     BaseIoLibIntrinsicSev:IoLibMsc.obj
 0005:00000058       $unwind$AsciiStrLen        0000000000005b98     BaseLib:String.obj
 0005:00000058       $unwind$ZeroMem            0000000000005b98     BaseMemoryLibRepStr:ZeroMemWrapper.obj
 0005:00000058       $unwind$NextDevicePathNode 0000000000005b98     UefiDevicePathLibDevicePathProtocol:UefiDevicePathLib.obj
 0005:00000058       $unwind$StubFileGetPosition 0000000000005b98     QemuKernelLoaderFsDxe:QemuKernelLoaderFsDxe.obj
 0005:00000058       $unwind$StubFileSetPosition 0000000000005b98     QemuKernelLoaderFsDxe:QemuKernelLoaderFsDxe.obj
 0005:00000058       $unwind$StubFileSystemOpenVolume 0000000000005b98     QemuKernelLoaderFsDxe:QemuKernelLoaderFsDxe.obj
 0005:00000064       $unwind$IsDevicePathValid  0000000000005ba4     UefiDevicePathLibDevicePathProtocol:UefiDevicePathLib.obj
 0005:00000064       $unwind$StubFileGetInfo    0000000000005ba4     QemuKernelLoaderFsDxe:QemuKernelLoaderFsDxe.obj
 0005:0000007c       $unwind$StubFileOpen       0000000000005bbc     QemuKernelLoaderFsDxe:QemuKernelLoaderFsDxe.obj
 0005:00000098       $unwind$IoReadFifo8        0000000000005bd8     BaseIoLibIntrinsicSev:IoLibFifoCc.obj
 0005:00000098       $unwind$StrLen             0000000000005bd8     BaseLib:String.obj
 0005:00000098       $unwind$BasePrintLibValueToString 0000000000005bd8     BasePrintLib:PrintLibInternal.obj
 0005:00000098       $unwind$GetHobList         0000000000005bd8     DxeHobLib:HobLib.obj
 0005:00000098       $unwind$InitrdLoadFile2    0000000000005bd8     QemuKernelLoaderFsDxe:QemuKernelLoaderFsDxe.obj
 0005:00000098       $unwind$SerialPortWrite    0000000000005bd8     PcAtSerialPortLib:SerialPortLib.obj
 0005:000000a8       $unwind$QemuKernelLoaderFsDxeEntrypoint 0000000000005be8     QemuKernelLoaderFsDxe:QemuKernelLoaderFsDxe.obj
 0005:000000c0       $unwind$CopyMem            0000000000005c00     BaseMemoryLibRepStr:CopyMemWrapper.obj
 0005:000000c0       $unwind$PciCf8Read32       0000000000005c00     BasePciCf8Lib:PciCf8Lib.obj
 0005:000000d4       $unwind$CompareGuid        0000000000005c14     BaseMemoryLibRepStr:MemLibGuid.obj
 0005:000000ec       $unwind$DebugPrint         0000000000005c2c     BaseDebugLibSerialPort:DebugLib.obj
 0005:000000f4       $unwind$DebugPrintMarker   0000000000005c34     BaseDebugLibSerialPort:DebugLib.obj
 0005:00000108       $unwind$DebugAssert        0000000000005c48     BaseDebugLibSerialPort:DebugLib.obj
 0005:00000110       $unwind$AllocFwCfgDmaAccessBuffer 0000000000005c50     QemuFwCfgDxeLib:QemuFwCfgDxe.obj
 0005:00000120       $unwind$FreeFwCfgDmaAccessBuffer 0000000000005c60     QemuFwCfgDxeLib:QemuFwCfgDxe.obj
 0005:00000130       $unwind$MapFwCfgDmaDataBuffer 0000000000005c70     QemuFwCfgDxeLib:QemuFwCfgDxe.obj
 0005:00000144       $unwind$InternalQemuFwCfgDmaBytes 0000000000005c84     QemuFwCfgDxeLib:QemuFwCfgDxe.obj
 0005:00000154       $unwind$TdIoRead8          0000000000005c94     BaseIoLibIntrinsicSev:IoLibInternalTdx.obj
 0005:0000015c       $unwind$MmioRead32         0000000000005c9c     BaseIoLibIntrinsicSev:IoLib.obj
 0005:0000015c       $unwind$TdIoRead32         0000000000005c9c     BaseIoLibIntrinsicSev:IoLibInternalTdx.obj
 0005:0000015c       $unwind$TdIoWrite16        0000000000005c9c     BaseIoLibIntrinsicSev:IoLibInternalTdx.obj
 0005:0000015c       $unwind$TdIoWrite8         0000000000005c9c     BaseIoLibIntrinsicSev:IoLibInternalTdx.obj
 0005:00000164       $unwind$TdIoWrite32        0000000000005ca4     BaseIoLibIntrinsicSev:IoLibInternalTdx.obj
 0005:00000170       $unwind$AsciiSPrint        0000000000005cb0     BasePrintLib:PrintLib.obj
 0005:00000178       $unwind$BasePrintLibSPrintMarker 0000000000005cb8     BasePrintLib:PrintLibInternal.obj
 0005:00000194       $unwind$BasePrintLibSPrint 0000000000005cd4     BasePrintLib:PrintLibInternal.obj
 0005:0000019c       $unwind$GetTdInfo          0000000000005cdc     TdxLib:TdInfo.obj
