 CpuDxe

 Timestamp is 6725e49b (Sat Nov  2 16:36:43 2024)

 Preferred load address is 0000000000000000

 Start         Length     Name                   Class
 0001:00000000 00002038H .text                   CODE
 0001:00002038 00010eeaH .text$mn                CODE
 0002:00000000 00000006H .rodata                 CODE
 0003:00000000 00004a80H .rdata                  DATA
 0003:00004a80 0000021cH .rdata$voltmd           DATA
 0003:00004c9c 00000158H .rdata$zzzdbg           DATA
 0004:00000000 000002c0H .data                   DATA
 0004:000002c0 00006939H .bss                    DATA
 0005:00000000 000009e4H .pdata                  DATA
 0006:00000000 0000082cH .xdata                  DATA

  Address         Publics by Value              Rva+Base               Lib:Object

 0000:00000000       __guard_iat_table          0000000000000000     <absolute>
 0000:00000000       __arm64x_extra_rfe_table_size 0000000000000000     <absolute>
 0000:00000000       __hybrid_code_map          0000000000000000     <absolute>
 0000:00000000       __guard_iat_count          0000000000000000     <absolute>
 0000:00000000       __guard_longjmp_count      0000000000000000     <absolute>
 0000:00000000       __dynamic_value_reloc_table 0000000000000000     <absolute>
 0000:00000000       __x64_code_ranges_to_entry_points_count 0000000000000000     <absolute>
 0000:00000000       __hybrid_auxiliary_iat     0000000000000000     <absolute>
 0000:00000000       __hybrid_auxiliary_iat_copy 0000000000000000     <absolute>
 0000:00000000       __arm64x_extra_rfe_table   0000000000000000     <absolute>
 0000:00000000       __arm64x_redirection_metadata 0000000000000000     <absolute>
 0000:00000000       __guard_flags              0000000000000000     <absolute>
 0000:00000000       __guard_eh_cont_count      0000000000000000     <absolute>
 0000:00000000       __AbsoluteZero             0000000000000000     <absolute>
 0000:00000000       __guard_check_icall_a64n_fptr 0000000000000000     <absolute>
 0000:00000000       __guard_fids_table         0000000000000000     <absolute>
 0000:00000000       __guard_fids_count         0000000000000000     <absolute>
 0000:00000000       __x64_code_ranges_to_entry_points 0000000000000000     <absolute>
 0000:00000000       __arm64x_redirection_metadata_count 0000000000000000     <absolute>
 0000:00000000       __enclave_config           0000000000000000     <absolute>
 0000:00000000       __guard_eh_cont_table      0000000000000000     <absolute>
 0000:00000000       __arm64x_native_entrypoint 0000000000000000     <absolute>
 0000:00000000       __guard_longjmp_table      0000000000000000     <absolute>
 0000:00000000       __hybrid_code_map_count    0000000000000000     <absolute>
 0000:00000000       __ImageBase                0000000000000000     <linker-defined>
 0001:00000000       SetCodeSelector            00000000000002e0     CpuDxe:CpuAsm.obj
 0001:0000000c       SetDataSelectors           00000000000002ec     CpuDxe:CpuAsm.obj
 0001:00000020       CpuSleep                   0000000000000300     BaseCpuLib:CpuSleep.obj
 0001:00000030       InitializeFloatingPointUnits 0000000000000310     BaseCpuLib:InitializeFpu.obj
 0001:00000050       InternalMemCopyMem         0000000000000330     BaseMemoryLibRepStr:CopyMem.obj
 0001:00000090       InternalMemZeroMem         0000000000000370     BaseMemoryLibRepStr:ZeroMem.obj
 0001:000000b0       AsmReadCr0                 0000000000000390     BaseLib:ReadCr0.obj
 0001:000000c0       EnableInterrupts           00000000000003a0     BaseLib:EnableInterrupts.obj
 0001:000000d0       AsmWbinvd                  00000000000003b0     BaseLib:Wbinvd.obj
 0001:000000e0       AsmInvd                    00000000000003c0     BaseLib:Invd.obj
 0001:000000f0       AsmReadTsc                 00000000000003d0     BaseLib:ReadTsc.obj
 0001:00000100       DisableInterrupts          00000000000003e0     BaseLib:DisableInterrupts.obj
 0001:00000110       AsmReadCr4                 00000000000003f0     BaseLib:ReadCr4.obj
 0001:00000120       AsmReadCr3                 0000000000000400     BaseLib:ReadCr3.obj
 0001:00000130       AsmWriteCr0                0000000000000410     BaseLib:WriteCr0.obj
 0001:00000140       AsmCpuid                   0000000000000420     BaseLib:CpuId.obj
 0001:00000170       AsmReadCr2                 0000000000000450     BaseLib:ReadCr2.obj
 0001:00000180       AsmCpuidEx                 0000000000000460     BaseLib:CpuIdEx.obj
 0001:000001b0       TdVmCall                   0000000000000490     BaseLib:TdVmcall.obj
 0001:00000230       AsmWriteCr3                0000000000000510     BaseLib:WriteCr3.obj
 0001:00000240       InternalX86ReadIdtr        0000000000000520     BaseLib:ReadIdtr.obj
 0001:00000250       InternalX86WriteIdtr       0000000000000530     BaseLib:WriteIdtr.obj
 0001:00000260       CpuPause                   0000000000000540     BaseLib:CpuPause.obj
 0001:00000270       InternalX86WriteGdtr       0000000000000550     BaseLib:WriteGdtr.obj
 0001:00000280       AsmReadEflags              0000000000000560     BaseLib:ReadEflags.obj
 0001:000014c4       CommonInterruptEntry       00000000000017a4     DxeCpuExceptionHandlerLib:ExceptionHandlerAsm.obj
 0001:000016fa       AsmGetTemplateAddressMap   00000000000019da     DxeCpuExceptionHandlerLib:ExceptionHandlerAsm.obj
 0001:00001718       AsmVectorNumFixup          00000000000019f8     DxeCpuExceptionHandlerLib:ExceptionHandlerAsm.obj
 0001:00001bd9       AsmGetAddressMap           0000000000001eb9     DxeMpInitLib:MpFuncs.obj
 0001:00001c3a       AsmExchangeRole            0000000000001f1a     DxeMpInitLib:MpFuncs.obj
 0001:00001ca0       TdVmCallCpuid              0000000000001f80     CcExitLib:TdVmcallCpuid.obj
 0001:00001d30       InternalMemSetMem          0000000000002010     BaseMemoryLibRepStr:SetMem.obj
 0001:00001d50       InternalMemSetMem64        0000000000002030     BaseMemoryLibRepStr:SetMem64.obj
 0001:00001d70       InternalMemSetMem32        0000000000002050     BaseMemoryLibRepStr:SetMem32.obj
 0001:00001d90       AsmEnableCache             0000000000002070     BaseLib:EnableCache.obj
 0001:00001db0       AsmDisableCache            0000000000002090     BaseLib:DisableCache.obj
 0001:00001dd0       AsmWriteCr4                00000000000020b0     BaseLib:WriteCr4.obj
 0001:00001de0       AsmWriteTr                 00000000000020c0     BaseLib:WriteTr.obj
 0001:00001df0       AsmReadCs                  00000000000020d0     BaseLib:ReadCs.obj
 0001:00001e00       AsmReadDs                  00000000000020e0     BaseLib:ReadDs.obj
 0001:00001e10       AsmMonitor                 00000000000020f0     BaseLib:Monitor.obj
 0001:00001e20       AsmWriteDr2                0000000000002100     BaseLib:WriteDr2.obj
 0001:00001e30       AsmWriteDr3                0000000000002110     BaseLib:WriteDr3.obj
 0001:00001e40       AsmWriteDr1                0000000000002120     BaseLib:WriteDr1.obj
 0001:00001e50       AsmReadDr2                 0000000000002130     BaseLib:ReadDr2.obj
 0001:00001e60       AsmWriteDr7                0000000000002140     BaseLib:WriteDr7.obj
 0001:00001e70       AsmReadTr                  0000000000002150     BaseLib:ReadTr.obj
 0001:00001e80       AsmReadDr0                 0000000000002160     BaseLib:ReadDr0.obj
 0001:00001e90       AsmWriteDr0                0000000000002170     BaseLib:WriteDr0.obj
 0001:00001ea0       AsmReadDr7                 0000000000002180     BaseLib:ReadDr7.obj
 0001:00001eb0       AsmReadDr6                 0000000000002190     BaseLib:ReadDr6.obj
 0001:00001ec0       AsmMwait                   00000000000021a0     BaseLib:Mwait.obj
 0001:00001ed0       AsmWriteDr6                00000000000021b0     BaseLib:WriteDr6.obj
 0001:00001ee0       AsmReadDr1                 00000000000021c0     BaseLib:ReadDr1.obj
 0001:00001ef0       AsmReadDr3                 00000000000021d0     BaseLib:ReadDr3.obj
 0001:00001f00       TdCall                     00000000000021e0     BaseLib:TdCall.obj
 0001:00001f60       AsmVmgExit                 0000000000002240     BaseLib:VmgExit.obj
 0001:00001f70       AsmXGetBv                  0000000000002250     BaseLib:XGetBv.obj
 0001:00001f80       AsmRmpAdjust               0000000000002260     BaseLib:RmpAdjust.obj
 0001:00001f90       AsmVmgExitSvsm             0000000000002270     BaseLib:VmgExitSvsm.obj
 0001:00001ff0       AsmPvalidate               00000000000022d0     BaseLib:Pvalidate.obj
 0001:00002010       InternalX86ReadGdtr        00000000000022f0     BaseLib:ReadGdtr.obj
 0001:00002020       InternalSwitchStack        0000000000002300     BaseLib:SwitchStack.obj
 0001:00002030       AsmFlushCacheLine          0000000000002310     BaseLib:FlushCacheLine.obj
 0001:00002038       _ModuleEntryPoint          0000000000002318 f   UefiDriverEntryPoint:DriverEntryPoint.obj
 0001:00002054       ProcessLibraryConstructorList 0000000000002334 f   CpuDxe:AutoGen.obj
 0001:0000238c       CpuFlushCpuDataCache       000000000000266c f   CpuDxe:CpuDxe.obj
 0001:000023bc       CpuEnableInterrupt         000000000000269c f   CpuDxe:CpuDxe.obj
 0001:000023d4       CpuDisableInterrupt        00000000000026b4 f   CpuDxe:CpuDxe.obj
 0001:000023ec       CpuGetInterruptState       00000000000026cc f   CpuDxe:CpuDxe.obj
 0001:00002408       CpuInit                    00000000000026e8 f   CpuDxe:CpuDxe.obj
 0001:00002414       CpuRegisterInterruptHandler 00000000000026f4 f   CpuDxe:CpuDxe.obj
 0001:00002420       CpuGetTimerValue           0000000000002700 f   CpuDxe:CpuDxe.obj
 0001:000024a4       SetMtrrsFromBuffer         0000000000002784 f   CpuDxe:CpuDxe.obj
 0001:000024ac       CpuSetMemoryAttributes     000000000000278c f   CpuDxe:CpuDxe.obj
 0001:00002680       RefreshMemoryAttributesFromMtrr 0000000000002960 f   CpuDxe:CpuDxe.obj
 0001:000028e4       InitInterruptDescriptorTable 0000000000002bc4 f   CpuDxe:CpuDxe.obj
 0001:00002ab0       IdleLoopEventCallback      0000000000002d90 f   CpuDxe:CpuDxe.obj
 0001:00002ab8       AddMemoryMappedIoSpace     0000000000002d98 f   CpuDxe:CpuDxe.obj
 0001:00002d2c       InitializeCpu              000000000000300c f   CpuDxe:CpuDxe.obj
 0001:00003068       IsInSmm                    0000000000003348 f   CpuDxe:CpuPageTable.obj
 0001:000030d4       GetCurrentPagingContext    00000000000033b4 f   CpuDxe:CpuPageTable.obj
 0001:00003234       GetPageTableEntry          0000000000003514 f   CpuDxe:CpuPageTable.obj
 0001:000033e4       ConvertPageEntryAttribute  00000000000036c4 f   CpuDxe:CpuPageTable.obj
 0001:000034d0       SplitPage                  00000000000037b0 f   CpuDxe:CpuPageTable.obj
 0001:000036c4       ConvertMemoryPageAttributes 00000000000039a4 f   CpuDxe:CpuPageTable.obj
 0001:000039f0       AssignMemoryPageAttributes 0000000000003cd0 f   CpuDxe:CpuPageTable.obj
 0001:00003a50       RefreshGcdMemoryAttributesFromPaging 0000000000003d30 f   CpuDxe:CpuPageTable.obj
 0001:00003d4c       InitializePageTablePool    000000000000402c f   CpuDxe:CpuPageTable.obj
 0001:00003e64       AllocatePageTableMemory    0000000000004144 f   CpuDxe:CpuPageTable.obj
 0001:00003eb8       GetNumberOfProcessors      0000000000004198 f   CpuDxe:CpuMp.obj
 0001:00003edc       GetProcessorInfo           00000000000041bc f   CpuDxe:CpuMp.obj
 0001:00003ef0       StartupAllAPs              00000000000041d0 f   CpuDxe:CpuMp.obj
 0001:00003f3c       StartupThisAP              000000000000421c f   CpuDxe:CpuMp.obj
 0001:00004098       SwitchBSP                  0000000000004378 f   CpuDxe:CpuMp.obj
 0001:00004134       EnableDisableAP            0000000000004414 f   CpuDxe:CpuMp.obj
 0001:0000422c       WhoAmI                     000000000000450c f   CpuDxe:CpuMp.obj
 0001:00004234       InitializeMpSupport        0000000000004514 f   CpuDxe:CpuMp.obj
 0001:000043e8       GetPcdProtocol             00000000000046c8 f   DxePcdLib:DxePcdLib.obj
 0001:00004474       AccessMsrTdxCall           0000000000004754 f   BaseXApicX2ApicLib:BaseXApicX2ApicLib.obj
 0001:00004590       LocalApicReadMsrReg64      0000000000004870 f   BaseXApicX2ApicLib:BaseXApicX2ApicLib.obj
 0001:000045fc       LocalApicWriteMsrReg64     00000000000048dc f   BaseXApicX2ApicLib:BaseXApicX2ApicLib.obj
 0001:00004670       LocalApicBaseAddressMsrSupported 0000000000004950 f   BaseXApicX2ApicLib:BaseXApicX2ApicLib.obj
 0001:000046ac       GetLocalApicBaseAddress    000000000000498c f   BaseXApicX2ApicLib:BaseXApicX2ApicLib.obj
 0001:000046e8       ReadLocalApicReg           00000000000049c8 f   BaseXApicX2ApicLib:BaseXApicX2ApicLib.obj
 0001:00004740       WriteLocalApicReg          0000000000004a20 f   BaseXApicX2ApicLib:BaseXApicX2ApicLib.obj
 0001:000047a8       SendIpi                    0000000000004a88 f   BaseXApicX2ApicLib:BaseXApicX2ApicLib.obj
 0001:000048a0       GetApicMode                0000000000004b80 f   BaseXApicX2ApicLib:BaseXApicX2ApicLib.obj
 0001:000048f0       GetInitialApicId           0000000000004bd0 f   BaseXApicX2ApicLib:BaseXApicX2ApicLib.obj
 0001:0000497c       GetApicId                  0000000000004c5c f   BaseXApicX2ApicLib:BaseXApicX2ApicLib.obj
 0001:000049b8       SendStartupIpiAllExcludingSelf 0000000000004c98 f   BaseXApicX2ApicLib:BaseXApicX2ApicLib.obj
 0001:00004a20       ProgramVirtualWireMode     0000000000004d00 f   BaseXApicX2ApicLib:BaseXApicX2ApicLib.obj
 0001:00004a88       InitializeApicTimer        0000000000004d68 f   BaseXApicX2ApicLib:BaseXApicX2ApicLib.obj
 0001:00004bc8       GetProcessorLocationByApicId 0000000000004ea8 f   BaseXApicX2ApicLib:BaseXApicX2ApicLib.obj
 0001:00004eb4       AmdGetProcessorLocation2ByApicId 0000000000005194 f   BaseXApicX2ApicLib:BaseXApicX2ApicLib.obj
 0001:00005018       GetProcessorLocation2ByApicId 00000000000052f8 f   BaseXApicX2ApicLib:BaseXApicX2ApicLib.obj
 0001:00005240       AllocatePages              0000000000005520 f   UefiMemoryAllocationLib:MemoryAllocationLib.obj
 0001:00005280       AllocateReservedPages      0000000000005560 f   UefiMemoryAllocationLib:MemoryAllocationLib.obj
 0001:000052bc       FreePages                  000000000000559c f   UefiMemoryAllocationLib:MemoryAllocationLib.obj
 0001:00005338       InternalAllocateAlignedPages 0000000000005618 f   UefiMemoryAllocationLib:MemoryAllocationLib.obj
 0001:00005484       AllocatePool               0000000000005764 f   UefiMemoryAllocationLib:MemoryAllocationLib.obj
 0001:000054b8       InternalAllocateZeroPool   0000000000005798 f   UefiMemoryAllocationLib:MemoryAllocationLib.obj
 0001:000054fc       FreePool                   00000000000057dc f   UefiMemoryAllocationLib:MemoryAllocationLib.obj
 0001:00005540       StandardSignatureIsAuthenticAMD 0000000000005820 f   BaseCpuLib:X86BaseCpuLib.obj
 0001:0000558c       CopyMem                    000000000000586c f   BaseMemoryLibRepStr:CopyMemWrapper.obj
 0001:00005628       ZeroMem                    0000000000005908 f   BaseMemoryLibRepStr:ZeroMemWrapper.obj
 0001:00005698       DivU64x64Remainder         0000000000005978 f   BaseLib:DivU64x64Remainder.obj
 0001:000056d8       AsmReadMsr64               00000000000059b8 f   BaseLib:ReadMsr64.obj
 0001:000056e4       CpuDeadLoop                00000000000059c4 f   BaseLib:CpuDeadLoop.obj
 0001:00005714       RShiftU64                  00000000000059f4 f   BaseLib:RShiftU64.obj
 0001:00005758       AsmWriteMsr64              0000000000005a38 f   BaseLib:WriteMsr64.obj
 0001:00005768       SaveAndDisableInterrupts   0000000000005a48 f   BaseLib:Cpu.obj
 0001:0000578c       BitFieldRead64             0000000000005a6c f   BaseLib:BitField.obj
 0001:00005810       LShiftU64                  0000000000005af0 f   BaseLib:LShiftU64.obj
 0001:00005854       SerialPortInitialize       0000000000005b34 f   PcAtSerialPortLib:SerialPortLib.obj
 0001:00005914       SerialPortWrite            0000000000005bf4 f   PcAtSerialPortLib:SerialPortLib.obj
 0001:00005984       DebugPrint                 0000000000005c64 f   BaseDebugLibSerialPort:DebugLib.obj
 0001:000059a8       DebugPrintMarker           0000000000005c88 f   BaseDebugLibSerialPort:DebugLib.obj
 0001:00005a34       DebugAssert                0000000000005d14 f   BaseDebugLibSerialPort:DebugLib.obj
 0001:00005a8c       EfiGetSystemConfigurationTable 0000000000005d6c f   UefiLib:UefiLib.obj
 0001:00005b50       GetHobList                 0000000000005e30 f   DxeHobLib:HobLib.obj
 0001:00005bd4       GetNextGuidHob             0000000000005eb4 f   DxeHobLib:HobLib.obj
 0001:00005c60       InternalAcpiDelay          0000000000005f40 f   DxeAcpiTimerLib:AcpiTimerLib.obj
 0001:00005cc4       MicroSecondDelay           0000000000005fa4 f   DxeAcpiTimerLib:AcpiTimerLib.obj
 0001:00005cf8       MtrrLibIsMtrrSupported     0000000000005fd8 f   MtrrLib:MtrrLib.obj
 0001:00005db0       GetVariableMtrrCountWorker 0000000000006090 f   MtrrLib:MtrrLib.obj
 0001:00005dec       MtrrLibPreMtrrChange       00000000000060cc f   MtrrLib:MtrrLib.obj
 0001:00005e58       MtrrGetVariableMtrrWorker  0000000000006138 f   MtrrLib:MtrrLib.obj
 0001:00005ed4       MtrrLibGetRawVariableRanges 00000000000061b4 f   MtrrLib:MtrrLib.obj
 0001:00005f74       MtrrLibInitializeMtrrMask  0000000000006254 f   MtrrLib:MtrrLib.obj
 0001:00006068       MtrrGetMemoryAttributeByAddressWorker 0000000000006348 f   MtrrLib:MtrrLib.obj
 0001:00006234       MtrrLibSetMemoryType       0000000000006514 f   MtrrLib:MtrrLib.obj
 0001:00006478       MtrrLibGetNumberOfTypes    0000000000006758 f   MtrrLib:MtrrLib.obj
 0001:00006518       MtrrLibCalculateLeastMtrrs 00000000000067f8 f   MtrrLib:MtrrLib.obj
 0001:000066e8       MtrrLibAppendVariableMtrr  00000000000069c8 f   MtrrLib:MtrrLib.obj
 0001:00006730       MtrrLibLowestType          0000000000006a10 f   MtrrLib:MtrrLib.obj
 0001:00006768       MtrrLibCalculateSubtractivePath 0000000000006a48 f   MtrrLib:MtrrLib.obj
 0001:00006c54       MtrrLibCalculateMtrrs      0000000000006f34 f   MtrrLib:MtrrLib.obj
 0001:00007268       MtrrLibApplyFixedMtrrs     0000000000007548 f   MtrrLib:MtrrLib.obj
 0001:00007354       MtrrLibApplyVariableMtrrs  0000000000007634 f   MtrrLib:MtrrLib.obj
 0001:0000748c       MtrrLibGetCompatibleTypes  000000000000776c f   MtrrLib:MtrrLib.obj
 0001:00007520       MtrrLibSetMemoryRanges     0000000000007800 f   MtrrLib:MtrrLib.obj
 0001:00007864       MtrrLibSetBelow1MBMemoryAttribute 0000000000007b44 f   MtrrLib:MtrrLib.obj
 0001:00007a44       MtrrSetMemoryAttributesInMtrrSettings 0000000000007d24 f   MtrrLib:MtrrLib.obj
 0001:00008240       MtrrSetMemoryAttributeInMtrrSettings 0000000000008520 f   MtrrLib:MtrrLib.obj
 0001:0000828c       MtrrGetAllMtrrs            000000000000856c f   MtrrLib:MtrrLib.obj
 0001:00008340       MtrrSetAllMtrrs            0000000000008620 f   MtrrLib:MtrrLib.obj
 0001:00008488       MtrrGetMemoryAttributesInMtrrSettings 0000000000008768 f   MtrrLib:MtrrLib.obj
 0001:0000866c       MtrrDebugPrintAllMtrrsWorker 000000000000894c f   MtrrLib:MtrrLib.obj
 0001:00008830       CommonExceptionHandler     0000000000008b10 f   DxeCpuExceptionHandlerLib:DxeException.obj
 0001:00008838       RegisterCpuInterruptHandler 0000000000008b18 f   DxeCpuExceptionHandlerLib:DxeException.obj
 0001:000088a4       DumpCpuContext             0000000000008b84 f   DxeCpuExceptionHandlerLib:ArchExceptionHandler.obj
 0001:00008b88       CommonExceptionHandlerWorker 0000000000008e68 f   DxeCpuExceptionHandlerLib:PeiDxeSmmCpuException.obj
 0001:00008dfc       UpdateIdtTable             00000000000090dc f   DxeCpuExceptionHandlerLib:PeiDxeSmmCpuException.obj
 0001:00008f1c       InternalPrintMessage       00000000000091fc f   DxeCpuExceptionHandlerLib:CpuExceptionCommon.obj
 0001:00008f7c       DumpModuleImageInfo        000000000000925c f   DxeCpuExceptionHandlerLib:CpuExceptionCommon.obj
 0001:000090b0       IsBspExecuteDisableEnabled 0000000000009390 f   DxeMpInitLib:MpLib.obj
 0001:0000912c       FutureBSPProc              000000000000940c f   DxeMpInitLib:MpLib.obj
 0001:00009170       SetApState                 0000000000009450 f   DxeMpInitLib:MpLib.obj
 0001:00009224       SaveLocalApicTimerSetting  0000000000009504 f   DxeMpInitLib:MpLib.obj
 0001:00009318       SaveVolatileRegisters      00000000000095f8 f   DxeMpInitLib:MpLib.obj
 0001:000093f8       RestoreVolatileRegisters   00000000000096d8 f   DxeMpInitLib:MpLib.obj
 0001:00009514       SortApicId                 00000000000097f4 f   DxeMpInitLib:MpLib.obj
 0001:000096bc       ApFuncEnableX2Apic         000000000000999c f   DxeMpInitLib:MpLib.obj
 0001:000096fc       ApInitializeSync           00000000000099dc f   DxeMpInitLib:MpLib.obj
 0001:00009760       GetProcessorNumber         0000000000009a40 f   DxeMpInitLib:MpLib.obj
 0001:000097bc       InitializeApData           0000000000009a9c f   DxeMpInitLib:MpLib.obj
 0001:000098d4       PlaceAPInHltLoop           0000000000009bb4 f   DxeMpInitLib:MpLib.obj
 0001:00009904       PlaceAPInMwaitLoopOrRunLoop 0000000000009be4 f   DxeMpInitLib:MpLib.obj
 0001:0000999c       ApWakeupFunction           0000000000009c7c f   DxeMpInitLib:MpLib.obj
 0001:00009ce4       DxeApEntryPoint            0000000000009fc4 f   DxeMpInitLib:MpLib.obj
 0001:00009d74       FillExchangeInfoData       000000000000a054 f   DxeMpInitLib:MpLib.obj
 0001:00009f88       AllocateResetVectorBelow1Mb 000000000000a268 f   DxeMpInitLib:MpLib.obj
 0001:0000a0a4       WakeUpAP                   000000000000a384 f   DxeMpInitLib:MpLib.obj
 0001:0000a548       CalculateTimeout           000000000000a828 f   DxeMpInitLib:MpLib.obj
 0001:0000a5ec       SwitchContextPerAp         000000000000a8cc f   DxeMpInitLib:MpLib.obj
 0001:0000a638       CheckTimeout               000000000000a918 f   DxeMpInitLib:MpLib.obj
 0001:0000a698       TimedWaitForApFinish       000000000000a978 f   DxeMpInitLib:MpLib.obj
 0001:0000a754       ResetProcessorToIdleState  000000000000aa34 f   DxeMpInitLib:MpLib.obj
 0001:0000a7c8       CheckThisAP                000000000000aaa8 f   DxeMpInitLib:MpLib.obj
 0001:0000a864       CheckAllAPs                000000000000ab44 f   DxeMpInitLib:MpLib.obj
 0001:0000aa68       GetBspNumber               000000000000ad48 f   DxeMpInitLib:MpLib.obj
 0001:0000ab04       MpInitLibInitialize        000000000000ade4 f   DxeMpInitLib:MpLib.obj
 0001:0000bad4       MpInitLibGetProcessorInfo  000000000000bdb4 f   DxeMpInitLib:MpLib.obj
 0001:0000bc28       SwitchBSPWorker            000000000000bf08 f   DxeMpInitLib:MpLib.obj
 0001:0000be98       MpInitLibWhoAmI            000000000000c178 f   DxeMpInitLib:MpLib.obj
 0001:0000becc       MpInitLibGetNumberOfProcessors 000000000000c1ac f   DxeMpInitLib:MpLib.obj
 0001:0000bf74       StartupAllCPUsWorker       000000000000c254 f   DxeMpInitLib:MpLib.obj
 0001:0000c1bc       ConfidentialComputingGuestHas 000000000000c49c f   DxeMpInitLib:MpLib.obj
 0001:0000c240       RelocateApLoop             000000000000c520 f   DxeMpInitLib:MpLib.obj
 0001:0000c320       PrepareApLoopCode          000000000000c600 f   DxeMpInitLib:MpLib.obj
 0001:0000c4fc       GetCpuMpData               000000000000c7dc f   DxeMpInitLib:DxeMpLib.obj
 0001:0000c530       GetWakeupBuffer            000000000000c810 f   DxeMpInitLib:DxeMpLib.obj
 0001:0000c634       GetSevEsAPMemory           000000000000c914 f   DxeMpInitLib:DxeMpLib.obj
 0001:0000c6f0       CheckAndUpdateApsStatus    000000000000c9d0 f   DxeMpInitLib:DxeMpLib.obj
 0001:0000c7c0       CheckApsStatus             000000000000caa0 f   DxeMpInitLib:DxeMpLib.obj
 0001:0000c7d8       MpInitChangeApLoopCallback 000000000000cab8 f   DxeMpInitLib:DxeMpLib.obj
 0001:0000c990       SevEsPlaceApHlt            000000000000cc70 f   DxeMpInitLib:AmdSev.obj
 0001:0000cbb0       CreatePageTable            000000000000ce90 f   DxeMpInitLib:CreatePageTable.obj
 0001:0000cd0c       MicrocodeDetect            000000000000cfec f   DxeMpInitLib:Microcode.obj
 0001:0000d030       SevSnpCreateSaveArea       000000000000d310 f   DxeMpInitLib:AmdSev.obj
 0001:0000d2cc       SevSnpCreateAP             000000000000d5ac f   DxeMpInitLib:AmdSev.obj
 0001:0000d424       InternalReportStatusCode   000000000000d704 f   DxeReportStatusCodeLib:ReportStatusCodeLib.obj
 0001:0000d4b0       CcExitHandleVc             000000000000d790 f   CcExitLib:PeiDxeCcExitVcHandler.obj
 0001:0000de78       CcExitHandleVe             000000000000e158 f   CcExitLib:CcExitVeHandler.obj
 0001:0000e18c       CcExitVmgExit              000000000000e46c f   CcExitLib:CcExitLib.obj
 0001:0000e278       CcExitVmgInit              000000000000e558 f   CcExitLib:CcExitLib.obj
 0001:0000f6d8       InternalVmgExitHandleVc    000000000000f9b8 f   CcExitLib:CcExitVcHandler.obj
 0001:0000f9f8       CcGetRegisterPointer       000000000000fcd8 f   CcExitLib:CcInstruction.obj
 0001:0000fc78       CcDecodeModRm              000000000000ff58 f   CcExitLib:CcInstruction.obj
 0001:0000fd7c       CcInitInstructionData      000000000001005c f   CcExitLib:CcInstruction.obj
 0001:0000ffd4       AmdSvsmSnpVmsaRmpAdjust    00000000000102b4 f   AmdSvsmLib:AmdSvsmLib.obj
 0001:00010088       MmioRead32                 0000000000010368 f   BaseIoLibIntrinsicSev:IoLib.obj
 0001:000100fc       MmioWrite32                00000000000103dc f   BaseIoLibIntrinsicSev:IoLib.obj
 0001:00010198       IoRead8                    0000000000010478 f   BaseIoLibIntrinsicSev:IoLibMsc.obj
 0001:000101bc       IoRead32                   000000000001049c f   BaseIoLibIntrinsicSev:IoLibMsc.obj
 0001:00010204       IoWrite32                  00000000000104e4 f   BaseIoLibIntrinsicSev:IoLibMsc.obj
 0001:00010230       IsTdxGuest                 0000000000010510 f   BaseIoLibIntrinsicSev:IoLibInternalTdx.obj
 0001:0001025c       TdIoRead8                  000000000001053c f   BaseIoLibIntrinsicSev:IoLibInternalTdx.obj
 0001:000102b4       TdIoRead32                 0000000000010594 f   BaseIoLibIntrinsicSev:IoLibInternalTdx.obj
 0001:00010328       TdIoWrite8                 0000000000010608 f   BaseIoLibIntrinsicSev:IoLibInternalTdx.obj
 0001:00010378       TdIoWrite32                0000000000010658 f   BaseIoLibIntrinsicSev:IoLibInternalTdx.obj
 0001:000103cc       SetMem                     00000000000106ac f   BaseMemoryLibRepStr:SetMemWrapper.obj
 0001:00010430       CompareGuid                0000000000010710 f   BaseMemoryLibRepStr:MemLibGuid.obj
 0001:000104f4       AsciiStrLen                00000000000107d4 f   BaseLib:String.obj
 0001:00010560       DivU64x32Remainder         0000000000010840 f   BaseLib:DivU64x32Remainder.obj
 0001:000105c0       GetPowerOfTwo64            00000000000108a0 f   BaseLib:GetPowerOfTwo64.obj
 0001:00010618       SwitchStack                00000000000108f8 f   BaseLib:SwitchStack.obj
 0001:000106cc       StrnLenS                   00000000000109ac f   BaseLib:SafeString.obj
 0001:00010724       AsciiSPrint                0000000000010a04 f   BasePrintLib:PrintLib.obj
 0001:00010750       BasePrintLibFillBuffer     0000000000010a30 f   BasePrintLib:PrintLibInternal.obj
 0001:00010784       BasePrintLibValueToString  0000000000010a64 f   BasePrintLib:PrintLibInternal.obj
 0001:000107d4       BasePrintLibSPrintMarker   0000000000010ab4 f   BasePrintLib:PrintLibInternal.obj
 0001:000116e0       BasePrintLibSPrint         00000000000119c0 f   BasePrintLib:PrintLibInternal.obj
 0001:00011704       PciExpressRead32           00000000000119e4 f   BasePciExpressLib:PciExpressLib.obj
 0001:00011754       PciCf8Read32               0000000000011a34 f   BasePciCf8Lib:PciCf8Lib.obj
 0001:000117f0       AcquireSpinLockOrFail      0000000000011ad0 f   BaseSynchronizationLib:SynchronizationMsc.obj
 0001:00011870       ReleaseSpinLock            0000000000011b50 f   BaseSynchronizationLib:SynchronizationMsc.obj
 0001:000118e0       InterlockedIncrement       0000000000011bc0 f   BaseSynchronizationLib:SynchronizationMsc.obj
 0001:00011918       PeCoffLoaderGetPdbPointer  0000000000011bf8 f   BasePeCoffGetEntryPointLib:PeCoffGetEntryPoint.obj
 0001:00011a64       PageTableLibSetPte4K       0000000000011d44 f   CpuPageTableLib:CpuPageTableMap.obj
 0001:00011bb4       PageTableLibSetPleB        0000000000011e94 f   CpuPageTableLib:CpuPageTableMap.obj
 0001:00011d0c       PageTableLibSetPle         0000000000011fec f   CpuPageTableLib:CpuPageTableMap.obj
 0001:00011d84       PageTableLibSetPnle        0000000000012064 f   CpuPageTableLib:CpuPageTableMap.obj
 0001:00011df8       PageTableLibMapInLevel     00000000000120d8 f   CpuPageTableLib:CpuPageTableMap.obj
 0001:0001267c       PageTableMap               000000000001295c f   CpuPageTableLib:CpuPageTableMap.obj
 0001:000129dc       IsValidMicrocode           0000000000012cbc f   MicrocodeLib:MicrocodeLib.obj
 0001:00012c04       InternalMemEncryptSevGetAddressRangeState 0000000000012ee4 f   DxeMemEncryptSevLib:VirtualMemory.obj
 0001:00012de0       GetTdInfo                  00000000000130c0 f   TdxLib:TdInfo.obj
 0001:00012e44       TdSharedPageMask           0000000000013124 f   TdxLib:TdInfo.obj
 0001:00012e70       CalculateSum32             0000000000013150 f   BaseLib:CheckSum.obj
 0003:00000000       ??_C@_0CB@DMEJJJHA@?6ASSERT_EFI_ERROR?5?$CIStatus?5?$DN?5?$CFr?$CJ@ 0000000000013240     UefiDriverEntryPoint:DriverEntryPoint.obj
 0003:00000028       ??_C@_0CH@BBNBJKHK@?$CB?$CI?$CI?$CIINTN?$CJ?$CIRETURN_STATUS?$CJ?$CIStatus@ 0000000000013268     UefiDriverEntryPoint:DriverEntryPoint.obj
 0003:00000050       ??_C@_06HLHOEEHL@CpuDxe@   0000000000013290     CpuDxe:AutoGen.obj
 0003:00000058       ??_C@_0CE@IBFOBMLB@?6ASSERT_RETURN_ERROR?5?$CIStatus?5?$DN?5@ 0000000000013298     CpuDxe:AutoGen.obj
 0003:00000080       ??_C@_0HA@DACCEGLF@d?3?2uefi_specs_personal_collecti@ 00000000000132c0     CpuDxe:AutoGen.obj
 0003:000000f0       ??_C@_0BA@CKIHOEAO@?5?5Flushing?5GCD?6@ 0000000000013330     CpuDxe:CpuDxe.obj
 0003:00000100       ??_C@_0CA@JKHNNMAN@?5?5Allocating?5page?5table?5memory?6@ 0000000000013340     CpuDxe:CpuDxe.obj
 0003:00000120       ??_C@_0FO@NENHMJHP@MpStatus?5?$DN?$DN?5?$CIRETURN_STATUS?$CJ?$CI0?$CJ?5@ 0000000000013360     CpuDxe:CpuDxe.obj
 0003:00000180       ??_C@_0ED@BCPEIALM@D?3?2uefi_specs_personal_collecti@ 00000000000133c0     CpuDxe:CpuDxe.obj
 0003:000001c8       ??_C@_0DP@KCNBEIKB@ReturnStatus?5?$DN?$DN?5?$CI?$CIRETURN_STATUS@ 0000000000013408     CpuDxe:CpuDxe.obj
 0003:00000208       ??_C@_0BH@FDOBLBND@Ranges?5?$CB?$DN?5?$CI?$CIvoid?5?$CK?$CJ?50?$CJ@ 0000000000013448     CpuDxe:CpuDxe.obj
 0003:00000220       ??_C@_0CN@OLHINDKC@?$CB?$CI?$CI?$CIINTN?$CJ?$CIRETURN_STATUS?$CJ?$CIReturn@ 0000000000013460     CpuDxe:CpuDxe.obj
 0003:00000250       ??_C@_0BJ@FHOCOKBJ@IdtTable?5?$CB?$DN?5?$CI?$CIvoid?5?$CK?$CJ?50?$CJ@ 0000000000013490     CpuDxe:CpuDxe.obj
 0003:00000270       ??_C@_0BK@HKLOEDII@IntersectMemoryDescriptor@ 00000000000134b0     CpuDxe:CpuDxe.obj
 0003:00000290       ??_C@_0BM@JJMLODKH@?$CFa?3?5?$CFa?3?5add?5?$FL?$CFLx?0?5?$CFLx?$CJ?3?5?$CFr?6@ 00000000000134d0     CpuDxe:CpuDxe.obj
 0003:000002b0       ??_C@_0FE@JNHFBLAO@?$CFa?3?5?$CFa?3?5desc?5?$FL?$CFLx?0?5?$CFLx?$CJ?5type?5?$CFu@ 00000000000134f0     CpuDxe:CpuDxe.obj
 0003:00000308       ??_C@_0BH@DGMKCGG@AddMemoryMappedIoSpace@ 0000000000013548     CpuDxe:CpuDxe.obj
 0003:00000320       ??_C@_0CB@PDOLHJBG@?$CFa?3?5?$CFa?3?5GetMemorySpaceMap?$CI?$CJ?3?5?$CFr@ 0000000000013560     CpuDxe:CpuDxe.obj
 0003:00000348       ??_C@_0CM@MKPOEDON@?$CB?$CI?$CI?$CIINTN?$CJ?$CIRETURN_STATUS?$CJ?$CICheckS@ 0000000000013588     CpuDxe:CpuDxe.obj
 0003:00000378       ??_C@_0DL@PPFDNOML@Descriptor?4GcdMemoryType?5?$DN?$DN?5Efi@ 00000000000135b8     CpuDxe:CpuDxe.obj
 0003:000003b8       ??_C@_0DJ@EOEGKLBI@?$CIDescriptor?4Capabilities?5?$CG?5Capa@ 00000000000135f8     CpuDxe:CpuDxe.obj
 0003:000003f8       ??_C@_0BI@FOLDHEJI@AddLocalApicMemorySpace@ 0000000000013638     CpuDxe:CpuDxe.obj
 0003:00000410       ??_C@_0CL@DIFHFHIE@?$CFa?3?5?$CFa?3?5AllocateMemorySpace?$CI?$CJ?5S@ 0000000000013650     CpuDxe:CpuDxe.obj
 0003:00000440       ??_C@_0BO@DMBKLHFG@PagingContext?5?$CB?$DN?5?$CI?$CIvoid?5?$CK?$CJ?50?$CJ@ 0000000000013680     CpuDxe:CpuPageTable.obj
 0003:00000460       ??_C@_0EJ@IDBDIJMP@D?3?2uefi_specs_personal_collecti@ 00000000000136a0     CpuDxe:CpuPageTable.obj
 0003:000004b0       ??_C@_0DP@OKAIKFM@?$CIPagingContext?9?$DOContextData?4Ia3@ 00000000000136f0     CpuDxe:CpuPageTable.obj
 0003:000004f0       ??_C@_0CA@KDGOIAFI@ConvertPageEntryAttribute?50x?$CFlx@ 0000000000013730     CpuDxe:CpuPageTable.obj
 0003:00000510       ??_C@_08GNMBNMLJ@?9?$DO0x?$CFlx?6@ 0000000000013750     CpuDxe:CpuPageTable.obj
 0003:00000520       ??_C@_0DD@HJBMMFDD@PageAttribute?5?$DN?$DN?5Page2M?5?$HM?$HM?5Page@ 0000000000013760     CpuDxe:CpuPageTable.obj
 0003:00000558       ??_C@_0CC@LIOFEODL@AllocatePagesFunc?5?$CB?$DN?5?$CI?$CIvoid?5?$CK?$CJ?5@ 0000000000013798     CpuDxe:CpuPageTable.obj
 0003:00000580       ??_C@_0BJ@GFKAPGLM@SplitAttribute?5?$DN?$DN?5Page4K@ 00000000000137c0     CpuDxe:CpuPageTable.obj
 0003:000005a0       ??_C@_0O@ODLPFGFJ@Split?5?9?50x?$CFx?6@ 00000000000137e0     CpuDxe:CpuPageTable.obj
 0003:000005b0       ??_C@_0DF@DLLPJNCF@SplitAttribute?5?$DN?$DN?5Page2M?5?$HM?$HM?5Spl@ 00000000000137f0     CpuDxe:CpuPageTable.obj
 0003:000005e8       ??_C@_0CE@INBOPFN@BaseAddress?$CI0x?$CFlx?$CJ?5is?5not?5align@ 0000000000013828     CpuDxe:CpuPageTable.obj
 0003:00000610       ??_C@_0BP@NHPKDGOI@Length?$CI0x?$CFlx?$CJ?5is?5not?5aligned?$CB?6@ 0000000000013850     CpuDxe:CpuPageTable.obj
 0003:00000630       ??_C@_0O@GOCFLEKN@Length?5is?50?$CB?6@ 0000000000013870     CpuDxe:CpuPageTable.obj
 0003:00000640       ??_C@_0CH@LGNAMGPE@Attributes?$CI0x?$CFlx?$CJ?5has?5unsupport@ 0000000000013880     CpuDxe:CpuPageTable.obj
 0003:00000668       ??_C@_0BB@NFIDAPL@PageTable?5is?50?$CB?6@ 00000000000138a8     CpuDxe:CpuPageTable.obj
 0003:00000680       ??_C@_0BB@EOGOFJHK@Non?9PAE?5Paging?$CB?6@ 00000000000138c0     CpuDxe:CpuPageTable.obj
 0003:00000698       ??_C@_0CD@MFDHDEEN@Beyond?54GB?5memory?5in?532?9bit?5mod@ 00000000000138d8     CpuDxe:CpuPageTable.obj
 0003:000006c0       ??_C@_0DI@KADINGDA@CurrentPagingContext?4ContextDat@ 0000000000013900     CpuDxe:CpuPageTable.obj
 0003:000006f8       ??_C@_0BC@FEDIJHFF@?$CI?$CIBOOLEAN?$CJ?$CI0?$DN?$DN1?$CJ?$CJ@ 0000000000013938     CpuDxe:CpuPageTable.obj
 0003:00000710       ??_C@_0EI@NHPDBJAO@Failed?5to?5update?5capability?3?5?$FL?$CF@ 0000000000013950     CpuDxe:CpuPageTable.obj
 0003:00000760       ??_C@_0EL@DEPKBAOA@Updated?5memory?5space?5attribute?3@ 00000000000139a0     CpuDxe:CpuPageTable.obj
 0003:000007b0       ??_C@_0BO@CDABGLIP@ERROR?3?5Out?5of?5aligned?5pages?$AN?6@ 00000000000139f0     CpuDxe:CpuPageTable.obj
 0003:000007d0       ??_C@_0CN@BMGFPOMC@Paging?3?5added?5?$CFlu?5pages?5to?5page@ 0000000000013a10     CpuDxe:CpuPageTable.obj
 0003:00000800       ??_C@_0CA@LHFOGCJI@IsModified?5?$DN?$DN?5?$CI?$CIBOOLEAN?$CJ?$CI1?$DN?$DN1?$CJ?$CJ@ 0000000000013a40     CpuDxe:CpuPageTable.obj
 0003:00000820       ??_C@_0BH@ENCECEMG@CurrentPagingContext?3?6@ 0000000000013a60     CpuDxe:CpuPageTable.obj
 0003:00000838       ??_C@_0BI@LOPFADON@?5?5MachineType?5?5?5?9?50x?$CFx?6@ 0000000000013a78     CpuDxe:CpuPageTable.obj
 0003:00000850       ??_C@_0BJ@DPNOCGE@?5?5PageTableBase?5?9?50x?$CFLx?6@ 0000000000013a90     CpuDxe:CpuPageTable.obj
 0003:00000870       ??_C@_0BI@FALCGHNC@?5?5Attributes?5?5?5?5?9?50x?$CFx?6@ 0000000000013ab0     CpuDxe:CpuPageTable.obj
 0003:00000890       ??_C@_0ED@NJNFLIGL@D?3?2uefi_specs_personal_collecti@ 0000000000013ad0     CpuDxe:CpuGdt.obj
 0003:000008d8       ??_C@_0DC@GKNENNJI@?$CIMemory?5?$CB?$DN?50?$CJ?5?$CG?$CG?5?$CIMemory?5?$DM?50x00@ 0000000000013b18     CpuDxe:CpuGdt.obj
 0003:00000910       ??_C@_0DE@GEJHKKIP@Does?5not?5find?5any?5HOB?5stored?5CP@ 0000000000013b50     CpuDxe:CpuMp.obj
 0003:00000950       ??_C@_0EC@GGGOMFEM@D?3?2uefi_specs_personal_collecti@ 0000000000013b90     CpuDxe:CpuMp.obj
 0003:00000998       ??_C@_0BH@IACGKAP@Buffer?5?$CB?$DN?5?$CI?$CIvoid?5?$CK?$CJ?50?$CJ@ 0000000000013bd8     CpuDxe:CpuMp.obj
 0003:000009b0       ??_C@_0BG@MOJIAEJJ@Detect?5CPU?5count?3?5?$CFd?6@ 0000000000013bf0     CpuDxe:CpuMp.obj
 0003:000009d0       ??_C@_0EN@ENFGNHA@D?3?2uefi_specs_personal_collecti@ 0000000000013c10     DxePcdLib:DxePcdLib.obj
 0003:00000a20       ??_C@_0BF@OOKDELHM@mPcd?5?$CB?$DN?5?$CI?$CIvoid?5?$CK?$CJ?50?$CJ@ 0000000000013c60     DxePcdLib:DxePcdLib.obj
 0003:00000a40       ??_C@_0GD@BIPDCFCA@D?3?2uefi_specs_personal_collecti@ 0000000000013c80     BaseXApicX2ApicLib:BaseXApicX2ApicLib.obj
 0003:00000aa8       ??_C@_0BI@IFINGPEJ@?$CIMmioOffset?5?$CG?50xf?$CJ?5?$DN?$DN?50@ 0000000000013ce8     BaseXApicX2ApicLib:BaseXApicX2ApicLib.obj
 0003:00000ac0       ??_C@_0P@PMDMEMJF@ApicId?5?$DM?$DN?50xff@ 0000000000013d00     BaseXApicX2ApicLib:BaseXApicX2ApicLib.obj
 0003:00000ad0       ??_C@_0BJ@MBLFAKBO@ApicBaseMsr?4Bits?4EN?5?$CB?$DN?50@ 0000000000013d10     BaseXApicX2ApicLib:BaseXApicX2ApicLib.obj
 0003:00000af0       ??_C@_0BK@EPCKDHEP@StartupRoutine?5?$DM?50x100000@ 0000000000013d30     BaseXApicX2ApicLib:BaseXApicX2ApicLib.obj
 0003:00000b10       ??_C@_0BO@HDICMIOF@?$CIStartupRoutine?5?$CG?50xfff?$CJ?5?$DN?$DN?50@ 0000000000013d50     BaseXApicX2ApicLib:BaseXApicX2ApicLib.obj
 0003:00000b30       ??_C@_0BD@KIGMPOME@DivideValue?5?$DM?$DN?5128@ 0000000000013d70     BaseXApicX2ApicLib:BaseXApicX2ApicLib.obj
 0003:00000b48       ??_C@_0DF@NNGMMEOC@DivideValue?5?$DN?$DN?5GetPowerOfTwo32?5@ 0000000000013d88     BaseXApicX2ApicLib:BaseXApicX2ApicLib.obj
 0003:00000b80       ??_C@_0CN@CPPCCLLE@?$CIReadLocalApicReg?5?$CI0x0f0?$CJ?5?$CG?50x0@ 0000000000013dc0     BaseXApicX2ApicLib:BaseXApicX2ApicLib.obj
 0003:00000bb0       ??_C@_0BC@OEDMBBPC@LevelType?5?$DN?$DN?50x01@ 0000000000013df0     BaseXApicX2ApicLib:BaseXApicX2ApicLib.obj
 0003:00000bc8       ??_C@_0CE@NPEDMPHF@?$CIIndex?5?$CB?$DN?50?$CJ?5?$HM?$HM?5?$CILevelType?5?$DN?$DN?50@ 0000000000013e08     BaseXApicX2ApicLib:BaseXApicX2ApicLib.obj
 0003:00000bf0       ??_C@_0DB@MEACFKAA@LevelType?5?$DM?5?$CIsizeof?5?$CIBits?$CJ?5?1?5si@ 0000000000013e30     BaseXApicX2ApicLib:BaseXApicX2ApicLib.obj
 0003:00000c28       ??_C@_0L@LBCNCHJA@Pages?5?$CB?$DN?50@ 0000000000013e68     UefiMemoryAllocationLib:MemoryAllocationLib.obj
 0003:00000c40       ??_C@_0GF@KMHDEKMA@D?3?2uefi_specs_personal_collecti@ 0000000000013e80     UefiMemoryAllocationLib:MemoryAllocationLib.obj
 0003:00000ca8       ??_C@_0BC@BDMGDFME@RealPages?5?$DO?5Pages@ 0000000000013ee8     UefiMemoryAllocationLib:MemoryAllocationLib.obj
 0003:00000cc0       ??_C@_0ED@MKGCMJG@?$CILength?5?9?51?$CJ?5?$DM?$DN?5?$CI0xFFFFFFFFFFFF@ 0000000000013f00     BaseMemoryLibRepStr:CopyMemWrapper.obj
 0003:00000d10       ??_C@_0FM@IDPIEKJH@D?3?2uefi_specs_personal_collecti@ 0000000000013f50     BaseMemoryLibRepStr:CopyMemWrapper.obj
 0003:00000d70       ??_C@_0DO@MAOBOFEG@?$CILength?5?9?51?$CJ?5?$DM?$DN?5?$CI0xFFFFFFFFFFFF@ 0000000000013fb0     BaseMemoryLibRepStr:CopyMemWrapper.obj
 0003:00000db0       ??_C@_0FM@DHFKCLFA@D?3?2uefi_specs_personal_collecti@ 0000000000013ff0     BaseMemoryLibRepStr:ZeroMemWrapper.obj
 0003:00000e10       ??_C@_0DG@EEENIGGL@Length?5?$DM?$DN?5?$CI0xFFFFFFFFFFFFFFFFUL@ 0000000000014050     BaseMemoryLibRepStr:ZeroMemWrapper.obj
 0003:00000e48       ??_C@_0BF@KGOGCKLE@Idtr?5?$CB?$DN?5?$CI?$CIvoid?5?$CK?$CJ?50?$CJ@ 0000000000014088     BaseLib:X86ReadIdtr.obj
 0003:00000e60       ??_C@_0EN@DMMBJEJK@D?3?2uefi_specs_personal_collecti@ 00000000000140a0     BaseLib:X86ReadIdtr.obj
 0003:00000eb0       ??_C@_0EO@ILPDFBIA@D?3?2uefi_specs_personal_collecti@ 00000000000140f0     BaseLib:X86WriteIdtr.obj
 0003:00000f00       ??_C@_0N@KGHEHMDL@Divisor?5?$CB?$DN?50@ 0000000000014140     BaseLib:DivU64x64Remainder.obj
 0003:00000f10       ??_C@_0FE@JMCJLPOO@D?3?2uefi_specs_personal_collecti@ 0000000000014150     BaseLib:DivU64x64Remainder.obj
 0003:00000f68       ??_C@_0L@MEMPDLHB@Count?5?$DM?564@ 00000000000141a8     BaseLib:RShiftU64.obj
 0003:00000f80       ??_C@_0EL@BPCLAPLB@D?3?2uefi_specs_personal_collecti@ 00000000000141c0     BaseLib:RShiftU64.obj
 0003:00000fd0       ??_C@_0BF@HFCJCGAE@Gdtr?5?$CB?$DN?5?$CI?$CIvoid?5?$CK?$CJ?50?$CJ@ 0000000000014210     BaseLib:X86WriteGdtr.obj
 0003:00000ff0       ??_C@_0EO@NLMMCKNN@D?3?2uefi_specs_personal_collecti@ 0000000000014230     BaseLib:X86WriteGdtr.obj
 0003:00001040       ??_C@_0EK@DJCDFDHD@D?3?2uefi_specs_personal_collecti@ 0000000000014280     BaseLib:BitField.obj
 0003:00001090       ??_C@_0BD@JDBPFJOM@StartBit?5?$DM?$DN?5EndBit@ 00000000000142d0     BaseLib:BitField.obj
 0003:000010a8       ??_C@_0M@IJCABBDH@EndBit?5?$DM?564@ 00000000000142e8     BaseLib:BitField.obj
 0003:000010c0       ??_C@_0EL@PKACDBFD@D?3?2uefi_specs_personal_collecti@ 0000000000014300     BaseLib:LShiftU64.obj
 0003:00001110       ??_C@_0BH@LKMBFCBF@Format?5?$CB?$DN?5?$CI?$CIvoid?5?$CK?$CJ?50?$CJ@ 0000000000014350     BaseDebugLibSerialPort:DebugLib.obj
 0003:00001130       ??_C@_0FJ@BNNHJMAJ@D?3?2uefi_specs_personal_collecti@ 0000000000014370     BaseDebugLibSerialPort:DebugLib.obj
 0003:00001190       ??_C@_0BI@NOCKJDBJ@ASSERT?5?$FL?$CFa?$FN?5?$CFa?$CI?$CFd?$CJ?3?5?$CFa?6@ 00000000000143d0     BaseDebugLibSerialPort:DebugLib.obj
 0003:000011a8       ??_C@_0BN@COECPDCC@gImageHandle?5?$CB?$DN?5?$CI?$CIvoid?5?$CK?$CJ?50?$CJ@ 00000000000143e8     UefiBootServicesTableLib:UefiBootServicesTableLib.obj
 0003:000011d0       ??_C@_0GL@PJCPJLGM@D?3?2uefi_specs_personal_collecti@ 0000000000014410     UefiBootServicesTableLib:UefiBootServicesTableLib.obj
 0003:00001240       ??_C@_0BE@DGNHAHIL@gST?5?$CB?$DN?5?$CI?$CIvoid?5?$CK?$CJ?50?$CJ@ 0000000000014480     UefiBootServicesTableLib:UefiBootServicesTableLib.obj
 0003:00001258       ??_C@_0BE@BDFJLGLN@gBS?5?$CB?$DN?5?$CI?$CIvoid?5?$CK?$CJ?50?$CJ@ 0000000000014498     UefiBootServicesTableLib:UefiBootServicesTableLib.obj
 0003:00001270       ??_C@_0BE@OBDFIHND@gRT?5?$CB?$DN?5?$CI?$CIvoid?5?$CK?$CJ?50?$CJ@ 00000000000144b0     UefiRuntimeServicesTableLib:UefiRuntimeServicesTableLib.obj
 0003:00001290       ??_C@_0HB@NCAPNEDO@D?3?2uefi_specs_personal_collecti@ 00000000000144d0     UefiRuntimeServicesTableLib:UefiRuntimeServicesTableLib.obj
 0003:00001310       ??_C@_0GP@HEOOPGAM@D?3?2uefi_specs_personal_collecti@ 0000000000014550     UefiDevicePathLibDevicePathProtocol:UefiDevicePathLib.obj
 0003:00001380       ??_C@_0DC@CNNBPJA@mDevicePathLibDevicePathUtiliti@ 00000000000145c0     UefiDevicePathLibDevicePathProtocol:UefiDevicePathLib.obj
 0003:000013b8       ??_C@_0BK@PPOBBAMB@TableGuid?5?$CB?$DN?5?$CI?$CIvoid?5?$CK?$CJ?50?$CJ@ 00000000000145f8     UefiLib:UefiLib.obj
 0003:000013e0       ??_C@_0EJ@PPOMJLJB@D?3?2uefi_specs_personal_collecti@ 0000000000014620     UefiLib:UefiLib.obj
 0003:00001430       ??_C@_0BG@JDKEGFNB@Table?5?$CB?$DN?5?$CI?$CIvoid?5?$CK?$CJ?50?$CJ@ 0000000000014670     UefiLib:UefiLib.obj
 0003:00001450       ??_C@_0EK@CGIIDOCH@D?3?2uefi_specs_personal_collecti@ 0000000000014690     DxeHobLib:HobLib.obj
 0003:000014a0       ??_C@_0BJ@OBFMLLDO@mHobList?5?$CB?$DN?5?$CI?$CIvoid?5?$CK?$CJ?50?$CJ@ 00000000000146e0     DxeHobLib:HobLib.obj
 0003:000014c0       ??_C@_0BJ@NOLLDKJB@HobStart?5?$CB?$DN?5?$CI?$CIvoid?5?$CK?$CJ?50?$CJ@ 0000000000014700     DxeHobLib:HobLib.obj
 0003:000014e0       ??_C@_0BP@LHBKJBMC@PlatformInfoHob?5is?5not?5found?4?6@ 0000000000014720     DxeAcpiTimerLib:DxeAcpiTimerLib.obj
 0003:00001500       ??_C@_0FH@PGONMIHN@D?3?2uefi_specs_personal_collecti@ 0000000000014740     DxeAcpiTimerLib:DxeAcpiTimerLib.obj
 0003:00001558       ??_C@_0BI@HAGPDMHJ@AcpiTimerLibConstructor@ 0000000000014798     DxeAcpiTimerLib:DxeAcpiTimerLib.obj
 0003:00001570       ??_C@_0CL@DGCOIACG@?$CFa?3?5Unknown?5Host?5Bridge?5Device?5@ 00000000000147b0     DxeAcpiTimerLib:DxeAcpiTimerLib.obj
 0003:0000159c       ??_C@_02LBJNNGHA@UC@       00000000000147dc     MtrrLib:MtrrLib.obj
 0003:000015a0       ??_C@_02LCBJACBO@WC@       00000000000147e0     MtrrLib:MtrrLib.obj
 0003:000015a4       ??_C@_02ONBABL@R?$CK@      00000000000147e4     MtrrLib:MtrrLib.obj
 0003:000015a8       ??_C@_02LHJKIGII@WT@       00000000000147e8     MtrrLib:MtrrLib.obj
 0003:000015ac       ??_C@_02NDPGEDIM@WP@       00000000000147ec     MtrrLib:MtrrLib.obj
 0003:000015b0       ??_C@_02KLACDDFP@WB@       00000000000147f0     MtrrLib:MtrrLib.obj
 0003:000015c0       ??_C@_0HI@LHOLANAP@MtrrCap?4Bits?4VCNT?5?$DM?$DN?5?$CIsizeof?5?$CI?$CI@ 0000000000014800     MtrrLib:MtrrLib.obj
 0003:00001640       ??_C@_0EN@BLCGNHJO@D?3?2uefi_specs_personal_collecti@ 0000000000014880     MtrrLib:MtrrLib.obj
 0003:00001690       ??_C@_0FO@JGPNAKHH@VariableMtrrCount?5?$DM?$DN?5?$CIsizeof?5?$CIV@ 00000000000148d0     MtrrLib:MtrrLib.obj
 0003:000016f0       ??_C@_0FF@OICDJONK@MsrIndex?5?$CB?$DN?5?$CIsizeof?5?$CImMtrrLibFi@ 0000000000014930     MtrrLib:MtrrLib.obj
 0003:00001748       ??_C@_0BC@JCFFBNFO@LeftByteShift?5?$DM?58@ 0000000000014988     MtrrLib:MtrrLib.obj
 0003:00001760       ??_C@_0GJ@NCPKLNAG@MtrrLibTypeLeftPrecedeRight?5?$CIMt@ 00000000000149a0     MtrrLib:MtrrLib.obj
 0003:000017d0       ??_C@_0GI@BOACHDMB@VariableMtrrCount?5?$DM?$DN?5?$CIsizeof?5?$CIM@ 0000000000014a10     MtrrLib:MtrrLib.obj
 0003:00001838       ??_C@_0M@OJOIOPDA@Length?5?$CB?$DN?50@ 0000000000014a78     MtrrLib:MtrrLib.obj
 0003:00001848       ??_C@_0CL@BEMHFDFA@StartIndex?5?$CB?$DN?5?$CKCount?5?$CG?$CG?5EndInde@ 0000000000014a88     MtrrLib:MtrrLib.obj
 0003:00001878       ??_C@_0CD@JFDIMJNG@Vertices?$FLIndex?$FN?4Weight?5?$DO?$DN?5Optio@ 0000000000014ab8     MtrrLib:MtrrLib.obj
 0003:000018a0       ??_C@_0O@KJBJOJAP@TypeBits?5?$CB?$DN?50@ 0000000000014ae0     MtrrLib:MtrrLib.obj
 0003:000018b0       ??_C@_0CE@GEKLIFPI@Vertices?$FLSubStart?$FN?4Address?5?$DN?$DN?5H@ 0000000000014af0     MtrrLib:MtrrLib.obj
 0003:000018d8       ??_C@_0CN@ICJDCAJG@Vertices?$FLSubStop?$FN?4Address?5?$DN?$DN?5HB@ 0000000000014b18     MtrrLib:MtrrLib.obj
 0003:00001908       ??_C@_0P@PKLLMMEF@TypeCount?5?$DN?$DN?53@ 0000000000014b48     MtrrLib:MtrrLib.obj
 0003:00001918       ??_C@_0CI@HHHBGDIK@?$CIBase0?5?$CG?5?$HO?$CIBase1?5?9?5Base0?5?9?51?$CJ?$CJ?5@ 0000000000014b58     MtrrLib:MtrrLib.obj
 0003:00001940       ??_C@_0CO@EAJHCJNB@?5?5Count?5of?5vertices?5?$CI?$CF016llx?5?9?5@ 0000000000014b80     MtrrLib:MtrrLib.obj
 0003:00001970       ??_C@_0BP@JBKNPMGN@VertexCount?5?$DM?5?$CI?$CIUINT16?$CJ0xFFFF?$CJ@ 0000000000014bb0     MtrrLib:MtrrLib.obj
 0003:00001990       ??_C@_0DB@MFLBEBDG@Vertices?$FLStop?$FN?4Address?5?$DO?5Vertic@ 0000000000014bd0     MtrrLib:MtrrLib.obj
 0003:000019c8       ??_C@_0DF@OHAIABPD@Base?5?$DN?$DN?5mMtrrLibFixedMtrrTable?$FL@ 0000000000014c08     MtrrLib:MtrrLib.obj
 0003:00001a00       ??_C@_0BD@GKCIBMJG@Base?5?$DN?$DN?50x00100000@ 0000000000014c40     MtrrLib:MtrrLib.obj
 0003:00001a18       ??_C@_0BA@DFDMGJME@RangeCount?5?$CB?$DN?50@ 0000000000014c58     MtrrLib:MtrrLib.obj
 0003:00001a28       ??_C@_0BN@FKFCLIFG@SrcMtrrCount?5?$DM?$DN?5DstMtrrCount@ 0000000000014c68     MtrrLib:MtrrLib.obj
 0003:00001a48       ??_C@_0BI@IFBAJJI@DstIndex?5?$DM?5DstMtrrCount@ 0000000000014c88     MtrrLib:MtrrLib.obj
 0003:00001a60       ??_C@_0CD@PNCPFCCG@Ranges?$FLIndex?$FN?4BaseAddress?5?$DN?$DN?5Ba@ 0000000000014ca0     MtrrLib:MtrrLib.obj
 0003:00001a88       ??_C@_0BJ@LBCNKAIH@BaseAddress?5?$DM?50x00100000@ 0000000000014cc8     MtrrLib:MtrrLib.obj
 0003:00001aa4       ??_C@_01IHBHIGKO@?0@       0000000000014ce4     MtrrLib:MtrrLib.obj
 0003:00001aa8       ??_C@_01EEMJAFIK@?6@       0000000000014ce8     MtrrLib:MtrrLib.obj
 0003:00001ab0       ??_C@_08PPIOJEA@Hardware@  0000000000014cf0     MtrrLib:MtrrLib.obj
 0003:00001ac0       ??_C@_0DC@KCJEGOCD@Mtrr?3?5Set?5Mem?5Attribute?5to?5?$CFa?0?5@ 0000000000014d00     MtrrLib:MtrrLib.obj
 0003:00001af8       ??_C@_0BH@IECCBGFJ@?5?$CFa?3?5?$FL?$CF016lx?0?5?$CF016lx?$CJ?6@ 0000000000014d38     MtrrLib:MtrrLib.obj
 0003:00001b10       ??_C@_0FE@NLBILJMO@OriginalVariableMtrrCount?5?$DO?$DN?5_g@ 0000000000014d50     MtrrLib:MtrrLib.obj
 0003:00001b68       ??_C@_0DH@FBPCGHNL@WorkingRangeCount?5?$DM?$DN?52?5?$CK?5Firmwa@ 0000000000014da8     MtrrLib:MtrrLib.obj
 0003:00001ba0       ??_C@_0DJ@EEBALCFD@Status?5?$CB?$DN?5?$CI?$CIRETURN_STATUS?$CJ?$CI0x80@ 0000000000014de0     MtrrLib:MtrrLib.obj
 0003:00001be0       ??_C@_0DE@LHCGHJPC@WorkingVariableMtrr?$FLIndex?$FN?4Type@ 0000000000014e20     MtrrLib:MtrrLib.obj
 0003:00001c18       ??_C@_0P@NNKJLNNL@?5?5Result?5?$DN?5?$CFr?6@ 0000000000014e58     MtrrLib:MtrrLib.obj
 0003:00001c28       ??_C@_0DC@ICGAHGHE@FixedMtrrSupported?5?$HM?$HM?5?$CIMtrrDefT@ 0000000000014e68     MtrrLib:MtrrLib.obj
 0003:00001c60       ??_C@_0BG@PIFAEFBJ@MTRR?5is?5not?5enabled?4?6@ 0000000000014ea0     MtrrLib:MtrrLib.obj
 0003:00001c78       ??_C@_0BA@HJILOFPH@MTRR?5Settings?3?6@ 0000000000014eb8     MtrrLib:MtrrLib.obj
 0003:00001c88       ??_C@_0P@INMDNNMI@?$DN?$DN?$DN?$DN?$DN?$DN?$DN?$DN?$DN?$DN?$DN?$DN?$DN?6@ 0000000000014ec8     MtrrLib:MtrrLib.obj
 0003:00001c98       ??_C@_0BL@MKHBCGLB@MTRR?5Default?5Type?3?5?$CF016lx?6@ 0000000000014ed8     MtrrLib:MtrrLib.obj
 0003:00001cb8       ??_C@_0BN@IMCGIBC@Fixed?5MTRR?$FL?$CF02d?$FN?5?5?5?3?5?$CF016lx?6@ 0000000000014ef8     MtrrLib:MtrrLib.obj
 0003:00001cd8       ??_C@_0CO@NLPMHBLK@Variable?5MTRR?$FL?$CF02d?$FN?3?5Base?$DN?$CF016l@ 0000000000014f18     MtrrLib:MtrrLib.obj
 0003:00001d08       ??_C@_0BK@PHEJOCCL@Variable?5MTRR?5?5?5?5?3?5None?4?6@ 0000000000014f48     MtrrLib:MtrrLib.obj
 0003:00001d28       ??_C@_0BA@CAPIMFLJ@Memory?5Ranges?3?6@ 0000000000014f68     MtrrLib:MtrrLib.obj
 0003:00001d38       ??_C@_0CG@KKAIEBFK@?$DN?$DN?$DN?$DN?$DN?$DN?$DN?$DN?$DN?$DN?$DN?$DN?$DN?$DN?$DN?$DN?$DN?$DN?$DN?$DN?$DN?$DN?$DN?$DN?$DN?$DN?$DN?$DN?$DN?$DN?$DN@ 0000000000014f78     MtrrLib:MtrrLib.obj
 0003:00001d60       ??_C@_0BC@EHOIEPI@?$CFa?3?$CF016lx?9?$CF016lx?6@ 0000000000014fa0     MtrrLib:MtrrLib.obj
 0003:00001d80       mMtrrLibFixedMtrrTable     0000000000014fc0     MtrrLib:MtrrLib.obj
 0003:00001e10       mMtrrMemoryCacheTypeShortName 0000000000015050     MtrrLib:MtrrLib.obj
 0003:00001e50       mDoFarReturnFlag           0000000000015090     DxeCpuExceptionHandlerLib:DxeException.obj
 0003:00001e58       ??_C@_0DN@OILJOCCP@?$CB?$CB?$CB?$CB?5X64?5Exception?5Type?5?9?5?$CF02x?$CI@ 0000000000015098     DxeCpuExceptionHandlerLib:ArchExceptionHandler.obj
 0003:00001e98       ??_C@_0BH@GDPLHCJG@ExceptionData?5?9?5?$CF016lx@ 00000000000150d8     DxeCpuExceptionHandlerLib:ArchExceptionHandler.obj
 0003:00001eb0       ??_C@_0CO@BBEHDOI@?5?5I?3?$CFx?5R?3?$CFx?5U?3?$CFx?5W?3?$CFx?5P?3?$CFx?5PK?3?$CF@ 00000000000150f0     DxeCpuExceptionHandlerLib:ArchExceptionHandler.obj
 0003:00001ee0       ??_C@_0CO@OABPHBNC@RIP?5?5?9?5?$CF016lx?0?5CS?5?5?9?5?$CF016lx?0?5RF@ 0000000000015120     DxeCpuExceptionHandlerLib:ArchExceptionHandler.obj
 0003:00001f10       ??_C@_0CL@EBCIBAPN@RAX?5?5?9?5?$CF016lx?0?5RCX?5?9?5?$CF016lx?0?5RD@ 0000000000015150     DxeCpuExceptionHandlerLib:ArchExceptionHandler.obj
 0003:00001f40       ??_C@_0CL@NEKHLEEE@RBX?5?5?9?5?$CF016lx?0?5RSP?5?9?5?$CF016lx?0?5RB@ 0000000000015180     DxeCpuExceptionHandlerLib:ArchExceptionHandler.obj
 0003:00001f70       ??_C@_0BN@KJEBEAEC@RSI?5?5?9?5?$CF016lx?0?5RDI?5?9?5?$CF016lx?6@ 00000000000151b0     DxeCpuExceptionHandlerLib:ArchExceptionHandler.obj
 0003:00001f90       ??_C@_0CL@IAICEOHO@R8?5?5?5?9?5?$CF016lx?0?5R9?5?5?9?5?$CF016lx?0?5R1@ 00000000000151d0     DxeCpuExceptionHandlerLib:ArchExceptionHandler.obj
 0003:00001fc0       ??_C@_0CL@JAMCECPD@R11?5?5?9?5?$CF016lx?0?5R12?5?9?5?$CF016lx?0?5R1@ 0000000000015200     DxeCpuExceptionHandlerLib:ArchExceptionHandler.obj
 0003:00001ff0       ??_C@_0BN@PKAAKNBO@R14?5?5?9?5?$CF016lx?0?5R15?5?9?5?$CF016lx?6@ 0000000000015230     DxeCpuExceptionHandlerLib:ArchExceptionHandler.obj
 0003:00002010       ??_C@_0CL@DLLIMCBJ@DS?5?5?5?9?5?$CF016lx?0?5ES?5?5?9?5?$CF016lx?0?5FS@ 0000000000015250     DxeCpuExceptionHandlerLib:ArchExceptionHandler.obj
 0003:00002040       ??_C@_0BN@EICEFBKL@GS?5?5?5?9?5?$CF016lx?0?5SS?5?5?9?5?$CF016lx?6@ 0000000000015280     DxeCpuExceptionHandlerLib:ArchExceptionHandler.obj
 0003:00002060       ??_C@_0CL@DIOBDFLD@CR0?5?5?9?5?$CF016lx?0?5CR2?5?9?5?$CF016lx?0?5CR@ 00000000000152a0     DxeCpuExceptionHandlerLib:ArchExceptionHandler.obj
 0003:00002090       ??_C@_0BN@JAPKHAJM@CR4?5?5?9?5?$CF016lx?0?5CR8?5?9?5?$CF016lx?6@ 00000000000152d0     DxeCpuExceptionHandlerLib:ArchExceptionHandler.obj
 0003:000020b0       ??_C@_0CL@DONNALBH@DR0?5?5?9?5?$CF016lx?0?5DR1?5?9?5?$CF016lx?0?5DR@ 00000000000152f0     DxeCpuExceptionHandlerLib:ArchExceptionHandler.obj
 0003:000020e0       ??_C@_0CL@JNPELAID@DR3?5?5?9?5?$CF016lx?0?5DR6?5?9?5?$CF016lx?0?5DR@ 0000000000015320     DxeCpuExceptionHandlerLib:ArchExceptionHandler.obj
 0003:00002110       ??_C@_0CF@MGIBIPBB@GDTR?5?9?5?$CF016lx?5?$CF016lx?0?5LDTR?5?9?5?$CF0@ 0000000000015350     DxeCpuExceptionHandlerLib:ArchExceptionHandler.obj
 0003:00002138       ??_C@_0CF@DMFPLAJK@IDTR?5?9?5?$CF016lx?5?$CF016lx?0?5?5?5TR?5?9?5?$CF0@ 0000000000015378     DxeCpuExceptionHandlerLib:ArchExceptionHandler.obj
 0003:00002160       ??_C@_0BH@PFOFIBPH@FXSAVE_STATE?5?9?5?$CF016lx?6@ 00000000000153a0     DxeCpuExceptionHandlerLib:ArchExceptionHandler.obj
 0003:00002178       ??_C@_0CK@DADKKMEM@TemplateMap?4ExceptionStubHeader@ 00000000000153b8     DxeCpuExceptionHandlerLib:PeiDxeSmmCpuException.obj
 0003:000021b0       ??_C@_0GK@PIKMMKGE@D?3?2uefi_specs_personal_collecti@ 00000000000153f0     DxeCpuExceptionHandlerLib:PeiDxeSmmCpuException.obj
 0003:0000221c       mErrorCodeFlag             000000000001545c     DxeCpuExceptionHandlerLib:CpuExceptionCommon.obj
 0003:00002220       ??_C@_0BD@PANICNEP@?$CDDE?5?9?5Divide?5Error@ 0000000000015460     DxeCpuExceptionHandlerLib:CpuExceptionCommon.obj
 0003:00002238       ??_C@_0M@BENGJJME@?$CDDB?5?9?5Debug@ 0000000000015478     DxeCpuExceptionHandlerLib:CpuExceptionCommon.obj
 0003:00002248       ??_C@_0O@PELAMGDH@NMI?5Interrupt@ 0000000000015488     DxeCpuExceptionHandlerLib:CpuExceptionCommon.obj
 0003:00002258       ??_C@_0BB@ONIBFOGK@?$CDBP?5?9?5Breakpoint@ 0000000000015498     DxeCpuExceptionHandlerLib:CpuExceptionCommon.obj
 0003:00002270       ??_C@_0P@BBLCINEF@?$CDOF?5?9?5Overflow@ 00000000000154b0     DxeCpuExceptionHandlerLib:CpuExceptionCommon.obj
 0003:00002280       ??_C@_0BL@FGFNPPKN@?$CDBR?5?9?5BOUND?5Range?5Exceeded@ 00000000000154c0     DxeCpuExceptionHandlerLib:CpuExceptionCommon.obj
 0003:000022a0       ??_C@_0BF@PAJDEHLF@?$CDUD?5?9?5Invalid?5Opcode@ 00000000000154e0     DxeCpuExceptionHandlerLib:CpuExceptionCommon.obj
 0003:000022b8       ??_C@_0BL@HAMCGOMD@?$CDNM?5?9?5Device?5Not?5Available@ 00000000000154f8     DxeCpuExceptionHandlerLib:CpuExceptionCommon.obj
 0003:000022d8       ??_C@_0BD@POLKFCFP@?$CDDF?5?9?5Double?5Fault@ 0000000000015518     DxeCpuExceptionHandlerLib:CpuExceptionCommon.obj
 0003:000022f0       ??_C@_0BM@LFJODCLN@Coprocessor?5Segment?5Overrun@ 0000000000015530     DxeCpuExceptionHandlerLib:CpuExceptionCommon.obj
 0003:00002310       ??_C@_0BC@NJGFAHLO@?$CDTS?5?9?5Invalid?5TSS@ 0000000000015550     DxeCpuExceptionHandlerLib:CpuExceptionCommon.obj
 0003:00002328       ??_C@_0BK@CJDBEANG@?$CDNP?5?9?5Segment?5Not?5Present@ 0000000000015568     DxeCpuExceptionHandlerLib:CpuExceptionCommon.obj
 0003:00002348       ??_C@_0BI@DKNGHJJN@?$CDSS?5?9?5Stack?5Fault?5Fault@ 0000000000015588     DxeCpuExceptionHandlerLib:CpuExceptionCommon.obj
 0003:00002360       ??_C@_0BJ@OPPOMNHK@?$CDGP?5?9?5General?5Protection@ 00000000000155a0     DxeCpuExceptionHandlerLib:CpuExceptionCommon.obj
 0003:00002380       ??_C@_0BB@CJKCEJGM@?$CDPF?5?9?5Page?9Fault@ 00000000000155c0     DxeCpuExceptionHandlerLib:CpuExceptionCommon.obj
 0003:00002398       ??_C@_08NKCLJDKG@Reserved@ 00000000000155d8     DxeCpuExceptionHandlerLib:CpuExceptionCommon.obj
 0003:000023a8       ??_C@_0CD@DAPDALEP@?$CDMF?5?9?5x87?5FPU?5Floating?9Point?5Er@ 00000000000155e8     DxeCpuExceptionHandlerLib:CpuExceptionCommon.obj
 0003:000023d0       ??_C@_0BG@JJECJFKO@?$CDAC?5?9?5Alignment?5Check@ 0000000000015610     DxeCpuExceptionHandlerLib:CpuExceptionCommon.obj
 0003:000023e8       ??_C@_0BE@CIGFNHHH@?$CDMC?5?9?5Machine?9Check@ 0000000000015628     DxeCpuExceptionHandlerLib:CpuExceptionCommon.obj
 0003:00002400       ??_C@_0BK@IKBNPED@?$CDXM?5?9?5SIMD?5floating?9point@ 0000000000015640     DxeCpuExceptionHandlerLib:CpuExceptionCommon.obj
 0003:00002420       ??_C@_0BF@MIEADEIE@?$CDVE?5?9?5Virtualization@ 0000000000015660     DxeCpuExceptionHandlerLib:CpuExceptionCommon.obj
 0003:00002438       ??_C@_0BJ@POMBGBMH@?$CDCP?5?9?5Control?5Protection@ 0000000000015678     DxeCpuExceptionHandlerLib:CpuExceptionCommon.obj
 0003:00002458       ??_C@_0BI@HOPEKCJH@?$CDVC?5?9?5VMM?5Communication@ 0000000000015698     DxeCpuExceptionHandlerLib:CpuExceptionCommon.obj
 0003:00002470       ??_C@_0CJ@NIJFIMND@?$CB?$CB?$CB?$CB?5Can?8t?5find?5image?5informati@ 00000000000156b0     DxeCpuExceptionHandlerLib:CpuExceptionCommon.obj
 0003:000024a0       ??_C@_0CD@FDHAHDMO@?$CB?$CB?$CB?$CB?5Find?5image?5based?5on?5IP?$CI0x?$CF@ 00000000000156e0     DxeCpuExceptionHandlerLib:CpuExceptionCommon.obj
 0003:000024c4       ??_C@_02ECNOPIAA@?$CFa@    0000000000015704     DxeCpuExceptionHandlerLib:CpuExceptionCommon.obj
 0003:000024c8       ??_C@_09KCCBLILG@?$CINo?5PDB?$CJ?5@ 0000000000015708     DxeCpuExceptionHandlerLib:CpuExceptionCommon.obj
 0003:000024d8       ??_C@_0CM@GKFIOCPE@?5?$CIImageBase?$DN?$CF016lp?0?5EntryPoint?$DN@ 0000000000015718     DxeCpuExceptionHandlerLib:CpuExceptionCommon.obj
 0003:00002510       mExceptionNameStr          0000000000015750     DxeCpuExceptionHandlerLib:CpuExceptionCommon.obj
 0003:00002600       mExceptionReservedStr      0000000000015840     DxeCpuExceptionHandlerLib:CpuExceptionCommon.obj
 0003:00002610       ??_C@_0GB@FAJPOEDK@D?3?2uefi_specs_personal_collecti@ 0000000000015850     DxeServicesTableLib:DxeServicesTableLib.obj
 0003:00002678       ??_C@_0BE@IOIFLNKO@gDS?5?$CB?$DN?5?$CI?$CIvoid?5?$CK?$CJ?50?$CJ@ 00000000000158b8     DxeServicesTableLib:DxeServicesTableLib.obj
 0003:00002690       ??_C@_0EN@JMKGLPBD@D?3?2uefi_specs_personal_collecti@ 00000000000158d0     DxeMpInitLib:MpLib.obj
 0003:000026e0       ??_C@_0CI@DNAEBDEF@CpuMpData?9?$DOCpuCount?5?$DM?$DN?5LibPcdGe@ 0000000000015920     DxeMpInitLib:MpLib.obj
 0003:00002708       ??_C@_0BE@OPLIOIBE@Force?5x2APIC?5mode?$CB?6@ 0000000000015948     DxeMpInitLib:MpLib.obj
 0003:00002720       ??_C@_0BB@HHFMMIII@APIC?5MODE?5is?5?$CFd?6@ 0000000000015960     DxeMpInitLib:MpLib.obj
 0003:00002738       ??_C@_0CK@OMFOEMDD@MpInitLib?3?5Find?5?$CFd?5processors?5i@ 0000000000015978     DxeMpInitLib:MpLib.obj
 0003:00002768       ??_C@_0BJ@OKOPBMAB@?$CFa?3?55?9Level?5Paging?5?$DN?5?$CFd?6@ 00000000000159a8     DxeMpInitLib:MpLib.obj
 0003:00002788       ??_C@_0DB@FLEMIKBD@AP?5Vector?3?516?9bit?5?$DN?5?$CFp?1?$CFx?0?5Exch@ 00000000000159c8     DxeMpInitLib:MpLib.obj
 0003:000027c0       ??_C@_0DC@IHEOMBJF@SEV?9ES?5AP?5reset?5stack?5is?5not?5be@ 0000000000015a00     DxeMpInitLib:MpLib.obj
 0003:000027f8       ??_C@_0CC@DAHFNJEA@CpuMpData?9?$DOInitFlag?5?$DN?$DN?5ApInitDo@ 0000000000015a38     DxeMpInitLib:MpLib.obj
 0003:00002820       ??_C@_0GN@LAEMPAHP@DivU64x64Remainder?5?$CI?$CI?$CIUINT64?$CJ0x@ 0000000000015a60     DxeMpInitLib:MpLib.obj
 0003:00002890       ??_C@_0BF@BFIPJMGC@TimedWaitForApFinish@ 0000000000015ad0     DxeMpInitLib:MpLib.obj
 0003:000028a8       ??_C@_0DE@DBEJOAGF@?$CFa?3?5reached?5FinishedApLimit?$DN?$CFu?5@ 0000000000015ae8     DxeMpInitLib:MpLib.obj
 0003:000028e0       ??_C@_0CK@INPKNFOF@?$CKCpuMpData?9?$DOFailedCpuList?5?$CB?$DN?5?$CI?$CI@ 0000000000015b20     DxeMpInitLib:MpLib.obj
 0003:00002910       ??_C@_0FA@FMJJBHBM@?$CB?$CI?$CI?$CIINTN?$CJ?$CIRETURN_STATUS?$CJ?$CI?$CI?$CIRETU@ 0000000000015b50     DxeMpInitLib:MpLib.obj
 0003:00002960       ??_C@_0BE@JCMOCNF@MpInitLibInitialize@ 0000000000015ba0     DxeMpInitLib:MpLib.obj
 0003:00002978       ??_C@_0CD@EIPFEDLP@?$CFa?3?5ProcessorIndex?$DN?$CFu?5CpuCount?$DN@ 0000000000015bb8     DxeMpInitLib:MpLib.obj
 0003:000029a0       ??_C@_0DH@LEOGABG@MaxLogicalProcessorNumber?5?$DN?$DN?5Mp@ 0000000000015be0     DxeMpInitLib:MpLib.obj
 0003:000029d8       ??_C@_0BP@FANJGOHO@MaxLogicalProcessorNumber?5?$CB?$DN?50@ 0000000000015c18     DxeMpInitLib:MpLib.obj
 0003:000029f8       ??_C@_0BJ@PNBMOJIN@MpBuffer?5?$CB?$DN?5?$CI?$CIvoid?5?$CK?$CJ?50?$CJ@ 0000000000015c38     DxeMpInitLib:MpLib.obj
 0003:00002a20       ??_C@_0EM@LMALOLAE@?$CILibPcdGet64?$CI12U?$CJ?5?$CG?5?$CI0x00000001@ 0000000000015c60     DxeMpInitLib:MpLib.obj
 0003:00002a70       ??_C@_0JM@OOGGOMGL@?$CICpuMpData?9?$DOCpuInfoInHob?5?$CL?5size@ 0000000000015cb0     DxeMpInitLib:MpLib.obj
 0003:00002b10       ??_C@_0BE@LJABFCJG@AP?5Loop?5Mode?5is?5?$CFd?6@ 0000000000015d50     DxeMpInitLib:MpLib.obj
 0003:00002b28       ??_C@_0BP@KCMDLJOG@AP?5Vector?3?5non?916?9bit?5?$DN?5?$CFp?1?$CFx?6@ 0000000000015d68     DxeMpInitLib:MpLib.obj
 0003:00002b48       ??_C@_0DM@BDHCDKHF@?$CFa?3?5at?5least?5one?5MpHandOff?5HOB?0@ 0000000000015d88     DxeMpInitLib:MpLib.obj
 0003:00002b88       ??_C@_0CA@LHHABADH@MpHandOffConfig?5?$CB?$DN?5?$CI?$CIvoid?5?$CK?$CJ?50?$CJ@ 0000000000015dc8     DxeMpInitLib:MpLib.obj
 0003:00002bb0       ??_C@_0EE@CPDAEJJE@FirstMpHandOff?9?$DOWaitLoopExecuti@ 0000000000015df0     DxeMpInitLib:MpLib.obj
 0003:00002bf8       ??_C@_0CF@LIPLEAGL@CpuMpData?9?$DOApLoopMode?5?$CB?$DN?5ApInHl@ 0000000000015e38     DxeMpInitLib:MpLib.obj
 0003:00002c20       ??_C@_0DH@NEFKBHAI@CPU?$FL?$CF04d?$FN?3?5Microcode?5revision?5?$DN@ 0000000000015e60     DxeMpInitLib:MpLib.obj
 0003:00002c58       ??_C@_0N@FOJJNNPI@Address?5?$CB?$DN?50@ 0000000000015e98     DxeMpInitLib:MpLib.obj
 0003:00002c68       ??_C@_0CP@BHEOFDFC@?$CImReservedTopOfApStack?5?$CG?5?$CIUINTN@ 0000000000015ea8     DxeMpInitLib:MpLib.obj
 0003:00002c98       ??_C@_0CF@JGOLBFNB@mReservedApLoop?4Data?5?$CB?$DN?5?$CI?$CIvoid?5@ 0000000000015ed8     DxeMpInitLib:MpLib.obj
 0003:00002cc0       ??_C@_0BL@DGECCLIF@mCpuMpData?5?$CB?$DN?5?$CI?$CIvoid?5?$CK?$CJ?50?$CJ@ 0000000000015f00     DxeMpInitLib:DxeMpLib.obj
 0003:00002ce0       ??_C@_0FA@GLJNNICL@D?3?2uefi_specs_personal_collecti@ 0000000000015f20     DxeMpInitLib:DxeMpLib.obj
 0003:00002d30       ??_C@_0CP@GFCNFKDG@WakeupBufferStart?5?$DN?5?$CFx?0?5WakeupB@ 0000000000015f70     DxeMpInitLib:DxeMpLib.obj
 0003:00002d60       ??_C@_0BK@EFNKNNI@Dxe?3?5SevEsAPMemory?5?$DN?5?$CFlx?6@ 0000000000015fa0     DxeMpInitLib:DxeMpLib.obj
 0003:00002d80       ??_C@_0BH@ECAFPLIL@Index?5?$CB?$DN?5GdtEntryCount@ 0000000000015fc0     DxeMpInitLib:DxeMpLib.obj
 0003:00002d98       ??_C@_0BL@BCHDHCAB@MpInitChangeApLoopCallback@ 0000000000015fd8     DxeMpInitLib:DxeMpLib.obj
 0003:00002db8       ??_C@_0M@HBINBGDD@?$CFa?$CI?$CJ?5done?$CB?6@ 0000000000015ff8     DxeMpInitLib:DxeMpLib.obj
 0003:00002dd0       ??_C@_0EO@FGBALOBF@D?3?2uefi_specs_personal_collecti@ 0000000000016010     DxeMpInitLib:AmdSev.obj
 0003:00002e20       ??_C@_0DJ@CIDFFKAG@Status?5?$DN?$DN?5?$CI?$CIRETURN_STATUS?$CJ?$CI0x80@ 0000000000016060     DxeMpInitLib:CreatePageTable.obj
 0003:00002e60       ??_C@_0FL@FPJHOEGF@D?3?2uefi_specs_personal_collecti@ 00000000000160a0     DxeMpInitLib:CreatePageTable.obj
 0003:00002ec0       ??_C@_0CA@NLGKIONF@AP?5Page?5Table?5Buffer?5Size?5?$DN?5?$CFx?6@ 0000000000016100     DxeMpInitLib:CreatePageTable.obj
 0003:00002ee0       ??_C@_0CA@GHAMFHPM@PageTableBuffer?5?$CB?$DN?5?$CI?$CIvoid?5?$CK?$CJ?50?$CJ@ 0000000000016120     DxeMpInitLib:CreatePageTable.obj
 0003:00002f00       ??_C@_0BN@KPEJGGJD@GetMicrocodePatchInfoFromHob@ 0000000000016140     DxeMpInitLib:Microcode.obj
 0003:00002f20       ??_C@_0CN@KDGDKNID@?$CFa?3?5Microcode?5patch?5cache?5HOB?5i@ 0000000000016160     DxeMpInitLib:Microcode.obj
 0003:00002f50       ??_C@_0DC@JOFEPBII@?$CFa?3?5MicrocodeBase?5?$DN?50x?$CFlx?0?5Micr@ 0000000000016190     DxeMpInitLib:Microcode.obj
 0003:00002f88       ??_C@_0CN@ODGPPIEC@SEV?9SNP?3?5RMPADJUST?5failed?5for?5V@ 00000000000161c8     DxeMpInitLib:AmdSev.obj
 0003:00002fc0       ??_C@_0FC@OOELMBAF@D?3?2uefi_specs_personal_collecti@ 0000000000016200     DxeMpInitLib:AmdSev.obj
 0003:00003018       ??_C@_0BM@INICGCEB@SEV?9SNP?3?5AP?5Destroy?5failed?6@ 0000000000016258     DxeMpInitLib:AmdSev.obj
 0003:00003038       ??_C@_0CK@LIIJKAMC@SEV?9SNP?3?5RMPADJUST?5failed?5for?5V@ 0000000000016278     DxeMpInitLib:AmdSev.obj
 0003:00003068       ??_C@_0DF@CMFEBEME@CpuMpData?9?$DOMpCpuExchangeInfo?9?$DOB@ 00000000000162a8     DxeMpInitLib:AmdSev.obj
 0003:000030a0       ??_C@_0BL@KIAIPKNJ@Msr?4GhcbInfo?4Function?5?$DN?$DN?50@ 00000000000162e0     CcExitLib:PeiDxeCcExitVcHandler.obj
 0003:000030c0       ??_C@_0FK@FLJAFGOA@D?3?2uefi_specs_personal_collecti@ 0000000000016300     CcExitLib:PeiDxeCcExitVcHandler.obj
 0003:00003120       ??_C@_0O@EHFDMHO@Msr?4Ghcb?5?$CB?$DN?50@ 0000000000016360     CcExitLib:PeiDxeCcExitVcHandler.obj
 0003:00003130       ??_C@_0CA@INIPEKFI@TDX?3?5?$CDTD?$FLEPT?$FN?5instruction?5?$CI?$CFp?$CJ?3@ 0000000000016370     CcExitLib:CcExitVeHandler.obj
 0003:00003150       ??_C@_05CNDJFPDP@?$CF02x?5@ 0000000000016390     CcExitLib:CcExitVeHandler.obj
 0003:00003158       ??_C@_0BB@LFIJDNII@TdxMmioReadWrite@ 0000000000016398     CcExitLib:CcExitVeHandler.obj
 0003:00003170       ??_C@_0BL@CIFHDCEM@?$CFa?3?5Invalid?5MmioSize?5?9?5?$CFd?6@ 00000000000163b0     CcExitLib:CcExitVeHandler.obj
 0003:00003190       ??_C@_0BP@DCBJNAPP@?$CFa?3?5TdVmcall?5failed?5with?5?$CFllx?6@ 00000000000163d0     CcExitLib:CcExitVeHandler.obj
 0003:000031b0       ??_C@_0BK@PGIIJAFB@ParseMmioExitInstructions@ 00000000000163f0     CcExitLib:CcExitVeHandler.obj
 0003:000031d0       ??_C@_0CN@GHADFEKA@?$CFa?3?5Initialize?5InstructionData?5@ 0000000000016410     CcExitLib:CcExitVeHandler.obj
 0003:00003200       ??_C@_0CP@BMANJKEM@?$CFa?3?5Parse?5Ext?4ModRm?4Mod?5error?$CB?5@ 0000000000016440     CcExitLib:CcExitVeHandler.obj
 0003:00003230       ??_C@_0BO@JCPJJNNJ@?$CFa?3?5Invalid?5MMIO?5opcode?5?$CI?$CFx?$CJ?6@ 0000000000016470     CcExitLib:CcExitVeHandler.obj
 0003:00003250       ??_C@_08KIIEBNMF@MmioExit@ 0000000000016490     CcExitLib:CcExitVeHandler.obj
 0003:00003260       ??_C@_0CE@LGDLDEEP@?$CFa?3?5TDCALL?5failed?5with?5status?$DN?$CF@ 00000000000164a0     CcExitLib:CcExitVeHandler.obj
 0003:00003288       ??_C@_0DI@FMKEJOOF@?$CFa?3?5EPT?9violation?5?$CDVE?5on?5privat@ 00000000000164c8     CcExitLib:CcExitVeHandler.obj
 0003:000032c0       ??_C@_0DE@LIAFHCLG@?$CFa?3?5Address?5is?5not?5correct?$CB?5?$CI?$CFd@ 0000000000016500     CcExitLib:CcExitVeHandler.obj
 0003:000032f8       ??_C@_0M@JADJBBKG@Status?5?$DN?$DN?50@ 0000000000016538     CcExitLib:CcExitVeHandler.obj
 0003:00003310       ??_C@_0FE@LMLNMBBO@D?3?2uefi_specs_personal_collecti@ 0000000000016550     CcExitLib:CcExitVeHandler.obj
 0003:00003368       ??_C@_0DH@CLLFIEPJ@?$CDVE?5happened?4?5TDGETVEINFO?5faile@ 00000000000165a8     CcExitLib:CcExitVeHandler.obj
 0003:000033a0       ??_C@_0EC@HCHGOLKM@CPUID?5?$CDVE?5happened?0?5ExitReasion@ 00000000000165e0     CcExitLib:CcExitVeHandler.obj
 0003:000033f0       ??_C@_0EL@EJGLLOEK@IO_Instruction?5?$CDVE?5happened?0?5Ex@ 0000000000016630     CcExitLib:CcExitVeHandler.obj
 0003:00003440       ??_C@_0GE@POMGBPLO@RDMSR?5?$CDVE?5happened?0?5ExitReasion@ 0000000000016680     CcExitLib:CcExitVeHandler.obj
 0003:000034b0       ??_C@_0GE@ICDDODDA@WRMSR?5?$CDVE?5happened?0?5ExitReasion@ 00000000000166f0     CcExitLib:CcExitVeHandler.obj
 0003:00003520       ??_C@_0EB@LIHEBDAF@MMIO?5?$CDVE?5happened?0?5ExitReasion?5@ 0000000000016760     CcExitLib:CcExitVeHandler.obj
 0003:00003570       ??_C@_0EH@CMBBBEBM@Unsupported?5?$CDVE?5happened?0?5ExitR@ 00000000000167b0     CcExitLib:CcExitVeHandler.obj
 0003:000035c0       ??_C@_0FE@FHEKCDPF@?$CDVE?5Error?5?$CI0x?$CFllx?$CJ?5returned?5fro@ 0000000000016800     CcExitLib:CcExitVeHandler.obj
 0003:00003620       ??_C@_0EN@HLCGLLBG@?$CIExitInfo?4Elements?4Lower32Bits?5@ 0000000000016860     CcExitLib:CcExitLib.obj
 0003:00003670       ??_C@_0EO@PKMHJHBC@D?3?2uefi_specs_personal_collecti@ 00000000000168b0     CcExitLib:CcExitLib.obj
 0003:000036c0       ??_C@_0CA@KLMDHBCA@Ghcb?9?$DOSaveArea?4SwExitInfo2?5?$CB?$DN?50@ 0000000000016900     CcExitLib:CcExitLib.obj
 0003:000036e0       ??_C@_0CC@NFFCFAPI@MMIO?5using?5encrypted?5memory?3?5?$CFl@ 0000000000016920     CcExitLib:CcExitVcHandler.obj
 0003:00003708       ??_C@_0BK@ENLBMHMC@Invalid?5MMIO?5opcode?5?$CI?$CFx?$CJ?6@ 0000000000016948     CcExitLib:CcExitVcHandler.obj
 0003:00003730       ??_C@_0FE@FEAIALFN@D?3?2uefi_specs_personal_collecti@ 0000000000016970     CcExitLib:CcExitVcHandler.obj
 0003:00003788       ??_C@_0BE@NGBOFDPN@Reg?5?$CB?$DN?5?$CI?$CIvoid?5?$CK?$CJ?50?$CJ@ 00000000000169c8     CcExitLib:CcInstruction.obj
 0003:000037a0       ??_C@_0FC@GJGFCDJA@D?3?2uefi_specs_personal_collecti@ 00000000000169e0     CcExitLib:CcInstruction.obj
 0003:00003800       ??_C@_0FA@CKPDNHA@D?3?2uefi_specs_personal_collecti@ 0000000000016a40     AmdSvsmLib:AmdSvsmLib.obj
 0003:00003850       ??_C@_0FC@MAJHMCGF@D?3?2uefi_specs_personal_collecti@ 0000000000016a90     BaseIoLibIntrinsicSev:IoLib.obj
 0003:000038a8       ??_C@_0BD@OMMAJMCK@?$CIAddress?5?$CG?53?$CJ?5?$DN?$DN?50@ 0000000000016ae8     BaseIoLibIntrinsicSev:IoLib.obj
 0003:000038c0       ??_C@_0FF@GCKLFLDF@D?3?2uefi_specs_personal_collecti@ 0000000000016b00     BaseIoLibIntrinsicSev:IoLibMsc.obj
 0003:00003918       ??_C@_0BA@HCECIDGN@?$CIPort?5?$CG?53?$CJ?5?$DN?$DN?50@ 0000000000016b58     BaseIoLibIntrinsicSev:IoLibMsc.obj
 0003:00003930       ??_C@_0FN@DOAHIAPG@D?3?2uefi_specs_personal_collecti@ 0000000000016b70     BaseIoLibIntrinsicSev:IoLibInternalTdx.obj
 0003:00003990       ??_C@_0DI@DAGDPLPG@?$CILength?5?9?51?$CJ?5?$DM?$DN?5?$CI0xFFFFFFFFFFFF@ 0000000000016bd0     BaseMemoryLibRepStr:SetMemWrapper.obj
 0003:000039d0       ??_C@_0FL@MFFLICHL@D?3?2uefi_specs_personal_collecti@ 0000000000016c10     BaseMemoryLibRepStr:SetMemWrapper.obj
 0003:00003a30       ??_C@_0BH@MAAHKCPC@String?5?$CB?$DN?5?$CI?$CIvoid?5?$CK?$CJ?50?$CJ@ 0000000000016c70     BaseLib:String.obj
 0003:00003a50       ??_C@_0EI@LOLLHGDK@D?3?2uefi_specs_personal_collecti@ 0000000000016c90     BaseLib:String.obj
 0003:00003a98       ??_C@_0CC@GFNLNIOC@?$CI?$CIUINTN?$CJString?5?$CG?50x00000001?$CJ?5?$DN?$DN@ 0000000000016cd8     BaseLib:String.obj
 0003:00003ac0       ??_C@_0DI@MDIKFADO@Length?5?$DM?5_gPcd_FixedAtBuild_Pcd@ 0000000000016d00     BaseLib:String.obj
 0003:00003b00       ??_C@_0EL@GLNKFHII@D?3?2uefi_specs_personal_collecti@ 0000000000016d40     BaseLib:Unaligned.obj
 0003:00003b50       ??_C@_0FE@LIGPAOFO@D?3?2uefi_specs_personal_collecti@ 0000000000016d90     BaseLib:DivU64x32Remainder.obj
 0003:00003bb0       ??_C@_0EN@GMPOOPMH@D?3?2uefi_specs_personal_collecti@ 0000000000016df0     BaseLib:X86ReadGdtr.obj
 0003:00003c00       ??_C@_0BL@OOFMKHJH@EntryPoint?5?$CB?$DN?5?$CI?$CIvoid?5?$CK?$CJ?50?$CJ@ 0000000000016e40     BaseLib:SwitchStack.obj
 0003:00003c20       ??_C@_0EN@IBNPPBNO@D?3?2uefi_specs_personal_collecti@ 0000000000016e60     BaseLib:SwitchStack.obj
 0003:00003c70       ??_C@_0BJ@DIHHCIKP@NewStack?5?$CB?$DN?5?$CI?$CIvoid?5?$CK?$CJ?50?$CJ@ 0000000000016eb0     BaseLib:SwitchStack.obj
 0003:00003c90       ??_C@_0CC@MPFKDGJI@?$CI?$CIUINTN?$CJNewStack?5?$CG?5?$CI16?5?9?51?$CJ?$CJ?5?$DN?$DN@ 0000000000016ed0     BaseLib:SwitchStack.obj
 0003:00003cc0       ??_C@_0EM@OAPOMMAE@D?3?2uefi_specs_personal_collecti@ 0000000000016f00     BaseLib:SafeString.obj
 0003:00003d10       ??_C@_0BJ@CNKJJNE@?$CIBuffer?5?$CB?$DN?5?$CI?$CIvoid?5?$CK?$CJ?50?$CJ?$CJ@ 0000000000016f50     BaseLib:SafeString.obj
 0003:00003d30       ??_C@_0FH@MODEAFEI@D?3?2uefi_specs_personal_collecti@ 0000000000016f70     BasePrintLib:PrintLibInternal.obj
 0003:00003d90       ??_C@_0EB@HDGIDCIO@?$CIBufferSize?5?$DM?$DN?5?$CI_gPcd_FixedAtBu@ 0000000000016fd0     BasePrintLib:PrintLibInternal.obj
 0003:00003dd8       ??_C@_0BJ@PPAKKDJG@?$CIFormat?5?$CB?$DN?5?$CI?$CIvoid?5?$CK?$CJ?50?$CJ?$CJ@ 0000000000017018     BasePrintLib:PrintLibInternal.obj
 0003:00003e00       ??_C@_0ED@LPDDCECB@?$CIBufferSize?5?$DM?$DN?5?$CI_gPcd_FixedAtBu@ 0000000000017040     BasePrintLib:PrintLibInternal.obj
 0003:00003e50       ??_C@_0IM@BFJJFLGB@?$CIStrnLenS?5?$CI?$CICHAR16?5?$CK?$CJFormat?0?5?$CI_@ 0000000000017090     BasePrintLib:PrintLibInternal.obj
 0003:00003ee0       ??_C@_0ID@PLGJGION@?$CIAsciiStrnLenS?5?$CIFormat?0?5?$CI_gPcd_@ 0000000000017120     BasePrintLib:PrintLibInternal.obj
 0003:00003f68       ??_C@_0O@MLOLIMFM@?$DMnull?5string?$DO@ 00000000000171a8     BasePrintLib:PrintLibInternal.obj
 0003:00003f78       ??_C@_0M@BJJDNPHK@?$DMnull?5guid?$DO@ 00000000000171b8     BasePrintLib:PrintLibInternal.obj
 0003:00003f88       ??_C@_0DB@PMLHLBMO@?$CF08x?9?$CF04x?9?$CF04x?9?$CF02x?$CF02x?9?$CF02x?$CF02@ 00000000000171c8     BasePrintLib:PrintLibInternal.obj
 0003:00003fc0       ??_C@_0M@LHGBCIKM@?$DMnull?5time?$DO@ 0000000000017200     BasePrintLib:PrintLibInternal.obj
 0003:00003fd0       ??_C@_0BK@FCPKCIDD@?$CF02d?1?$CF02d?1?$CF04d?5?5?$CF02d?3?$CF02d@ 0000000000017210     BasePrintLib:PrintLibInternal.obj
 0003:00003fec       ??_C@_04JIMNDDED@?$CF08X@  000000000001722c     BasePrintLib:PrintLibInternal.obj
 0003:00003ff4       ??_C@_02PCIJFNDE@?$AN?6@   0000000000017234     BasePrintLib:PrintLibInternal.obj
 0003:00003ff8       ??_C@_01LIIJDEN@?$AN@      0000000000017238     BasePrintLib:PrintLibInternal.obj
 0003:00004000       mWarningString             0000000000017240     BasePrintLib:PrintLibInternal.obj
 0003:000040d0       mErrorString               0000000000017310     BasePrintLib:PrintLibInternal.obj
 0003:000043b0       mHexStr                    00000000000175f0     BasePrintLib:PrintLibInternal.obj
 0003:000043c0       ??_C@_0BO@BAKALPJK@?$CI?$CIAddress?$CJ?5?$CG?5?$HO0xfffffff?$CJ?5?$DN?$DN?50@ 0000000000017600     BasePciExpressLib:PciExpressLib.obj
 0003:000043e0       ??_C@_0FJ@LPMKGGAK@D?3?2uefi_specs_personal_collecti@ 0000000000017620     BasePciExpressLib:PciExpressLib.obj
 0003:00004440       ??_C@_0FB@PDIKDBMH@D?3?2uefi_specs_personal_collecti@ 0000000000017680     BasePciCf8Lib:PciCf8Lib.obj
 0003:00004498       ??_C@_0CG@EDKLCMBO@?$CI?$CIAddress?$CJ?5?$CG?5?$CI?$HO0xffff0ff?5?$HM?5?$CI3?$CJ?$CJ@ 00000000000176d8     BasePciCf8Lib:PciCf8Lib.obj
 0003:000044c0       ??_C@_0BJ@FKJAAJLB@SpinLock?5?$CB?$DN?5?$CI?$CIvoid?5?$CK?$CJ?50?$CJ@ 0000000000017700     BaseSynchronizationLib:SynchronizationMsc.obj
 0003:000044e0       ??_C@_0GD@DAFBJEGP@D?3?2uefi_specs_personal_collecti@ 0000000000017720     BaseSynchronizationLib:SynchronizationMsc.obj
 0003:00004548       ??_C@_0BA@DCBACGFG@Total?5?$DM?5Timeout@ 0000000000017788     BaseSynchronizationLib:SynchronizationMsc.obj
 0003:00004558       ??_C@_0DF@GPAOIIHK@LockValue?5?$DN?$DN?5?$CI?$CIUINTN?$CJ?52?$CJ?5?$HM?$HM?5Loc@ 0000000000017798     BaseSynchronizationLib:SynchronizationMsc.obj
 0003:00004590       ??_C@_0BG@GJANEBOB@Value?5?$CB?$DN?5?$CI?$CIvoid?5?$CK?$CJ?50?$CJ@ 00000000000177d0     BaseSynchronizationLib:SynchronizationMsc.obj
 0003:000045a8       ??_C@_0BJ@OAAKNPEN@Pe32Data?5?$CB?$DN?5?$CI?$CIvoid?5?$CK?$CJ?50?$CJ@ 00000000000177e8     BasePeCoffGetEntryPointLib:PeCoffGetEntryPoint.obj
 0003:000045d0       ??_C@_0GI@BGLOKNAK@D?3?2uefi_specs_personal_collecti@ 0000000000017810     BasePeCoffGetEntryPointLib:PeCoffGetEntryPoint.obj
 0003:00004638       ??_C@_0BJ@GAEJHEIO@Level?5?$DN?$DN?52?5?$HM?$HM?5Level?5?$DN?$DN?53@ 0000000000017878     CpuPageTableLib:CpuPageTableMap.obj
 0003:00004660       ??_C@_0FN@KICKGPKG@D?3?2uefi_specs_personal_collecti@ 00000000000178a0     CpuPageTableLib:CpuPageTableMap.obj
 0003:000046c0       ??_C@_0L@DGAHGLPD@Level?5?$CB?$DN?50@ 0000000000017900     CpuPageTableLib:CpuPageTableMap.obj
 0003:000046d0       ??_C@_0DG@ELECGBHL@?$CIAttribute?5?$CB?$DN?5?$CI?$CIvoid?5?$CK?$CJ?50?$CJ?$CJ?5?$CG?$CG?5@ 0000000000017910     CpuPageTableLib:CpuPageTableMap.obj
 0003:00004708       ??_C@_0CE@CGLKHOOO@ParentPagingEntry?9?$DOPce?4Present?5@ 0000000000017948     CpuPageTableLib:CpuPageTableMap.obj
 0003:00004730       ??_C@_0DE@OABGOBJ@Buffer?5?$DN?$DN?5?$CI?$CIvoid?5?$CK?$CJ?50?$CJ?5?$HM?$HM?5?$CKBuff@ 0000000000017970     CpuPageTableLib:CpuPageTableMap.obj
 0003:00004770       ??_C@_0EJ@NKMBPOFM@CreateNew?5?$HM?$HM?5?$CIMask?9?$DOBits?4Presen@ 00000000000179b0     CpuPageTableLib:CpuPageTableMap.obj
 0003:000047c0       ??_C@_0EN@KFGLNBD@CreateNew?5?$HM?$HM?5?$CIMask?9?$DOBits?4ReadWr@ 0000000000017a00     CpuPageTableLib:CpuPageTableMap.obj
 0003:00004810       ??_C@_0FH@MGHGLBDE@CreateNew?5?$HM?$HM?5?$CIMask?9?$DOBits?4UserSu@ 0000000000017a50     CpuPageTableLib:CpuPageTableMap.obj
 0003:00004868       ??_C@_0DP@IOGJHCEP@CreateNew?5?$HM?$HM?5?$CIMask?9?$DOBits?4Nx?5?$DN?$DN?5@ 0000000000017aa8     CpuPageTableLib:CpuPageTableMap.obj
 0003:000048a8       ??_C@_0CB@BLLIKHBG@?$CKIsModified?5?$DN?$DN?5?$CI?$CIBOOLEAN?$CJ?$CI0?$DN?$DN1?$CJ@ 0000000000017ae8     CpuPageTableLib:CpuPageTableMap.obj
 0003:000048d0       ??_C@_0FH@CEABGMFD@D?3?2uefi_specs_personal_collecti@ 0000000000017b10     MicrocodeLib:MicrocodeLib.obj
 0003:00004928       ??_C@_0BK@NLCAGCDE@Microcode?5?$CB?$DN?5?$CI?$CIvoid?5?$CK?$CJ?50?$CJ@ 0000000000017b68     MicrocodeLib:MicrocodeLib.obj
 0003:00004948       ??_C@_0CB@GEABOFIF@Failed?5call?5TDCALL_TDINFO?4?5?$CFllx@ 0000000000017b88     TdxLib:TdInfo.obj
 0003:00004970       ??_C@_0EK@EIAGJCGN@D?3?2uefi_specs_personal_collecti@ 0000000000017bb0     BaseLib:CheckSum.obj
 0003:000049c0       ??_C@_0DI@FAOGOFLE@Length?5?$DM?$DN?5?$CI0xFFFFFFFFFFFFFFFFUL@ 0000000000017c00     BaseLib:CheckSum.obj
 0003:000049f8       ??_C@_0BL@EAOEJEJI@?$CI?$CIUINTN?$CJBuffer?5?$CG?50x3?$CJ?5?$DN?$DN?50@ 0000000000017c38     BaseLib:CheckSum.obj
 0003:00004a18       ??_C@_0BE@BHHGBLPJ@?$CILength?5?$CG?50x3?$CJ?5?$DN?$DN?50@ 0000000000017c58     BaseLib:CheckSum.obj
 0003:00004a80       __volatile_metadata        0000000000017cc0     <linker-defined>
 0004:00000000       gEdkiiMicrocodePatchHobGuid 0000000000018040     CpuDxe:AutoGen.obj
 0004:00000010       gEfiMpServiceProtocolGuid  0000000000018050     CpuDxe:AutoGen.obj
 0004:00000020       gIdleLoopEventGuid         0000000000018060     CpuDxe:AutoGen.obj
 0004:00000030       gEfiStatusCodeRuntimeProtocolGuid 0000000000018070     CpuDxe:AutoGen.obj
 0004:00000040       gEfiSecPlatformInformation2PpiGuid 0000000000018080     CpuDxe:AutoGen.obj
 0004:00000050       gEfiEventLegacyBootGuid    0000000000018090     CpuDxe:AutoGen.obj
 0004:00000060       gPcdProtocolGuid           00000000000180a0     CpuDxe:AutoGen.obj
 0004:00000070       gEfiSecPlatformInformationPpiGuid 00000000000180b0     CpuDxe:AutoGen.obj
 0004:00000080       gUefiOvmfPkgPlatformInfoGuid 00000000000180c0     CpuDxe:AutoGen.obj
 0004:00000090       gEfiCpuArchProtocolGuid    00000000000180d0     CpuDxe:AutoGen.obj
 0004:000000a0       gEfiDevicePathUtilitiesProtocolGuid 00000000000180e0     CpuDxe:AutoGen.obj
 0004:000000b0       gGhcbApicIdsGuid           00000000000180f0     CpuDxe:AutoGen.obj
 0004:000000c0       gEfiTimerArchProtocolGuid  0000000000018100     CpuDxe:AutoGen.obj
 0004:000000d0       gEfiVectorHandoffTableGuid 0000000000018110     CpuDxe:AutoGen.obj
 0004:000000e0       gEfiHobListGuid            0000000000018120     CpuDxe:AutoGen.obj
 0004:000000f0       gEfiSmmBase2ProtocolGuid   0000000000018130     CpuDxe:AutoGen.obj
 0004:00000100       gEfiDxeServicesTableGuid   0000000000018140     CpuDxe:AutoGen.obj
 0004:00000110       gEfiCallerIdGuid           0000000000018150     CpuDxe:AutoGen.obj
 0004:00000120       gCpu                       0000000000018160     CpuDxe:CpuDxe.obj
 0004:00000170       mPageAttributeTable        00000000000181b0     CpuDxe:CpuPageTable.obj
 0004:00000208       mNumberOfProcessors        0000000000018248     CpuDxe:CpuMp.obj
 0004:00000210       mMpServicesTemplate        0000000000018250     CpuDxe:CpuMp.obj
 0004:00000250       mExceptionHandlerData      0000000000018290     DxeCpuExceptionHandlerLib:DxeException.obj
[...]
 0006:00000000       $unwind$MicroSecondDelay   000000000001f640     DxeAcpiTimerLib:AcpiTimerLib.obj
 0006:00000000       $unwind$CcGetRegisterPointer 000000000001f640     CcExitLib:CcInstruction.obj
 0006:00000000       $unwind$AllocatePageTableMemory 000000000001f640     CpuDxe:CpuPageTable.obj
 0006:00000000       $unwind$IsInSmm            000000000001f640     CpuDxe:CpuPageTable.obj
 0006:00000000       $unwind$GetApicId          000000000001f640     BaseXApicX2ApicLib:BaseXApicX2ApicLib.obj
 0006:00000000       $unwind$GetApicMode        000000000001f640     BaseXApicX2ApicLib:BaseXApicX2ApicLib.obj
 0006:00000000       $unwind$ProgramVirtualWireMode 000000000001f640     BaseXApicX2ApicLib:BaseXApicX2ApicLib.obj
 0006:00000000       $unwind$ReadLocalApicReg   000000000001f640     BaseXApicX2ApicLib:BaseXApicX2ApicLib.obj
 0006:00000000       $unwind$SendStartupIpiAllExcludingSelf 000000000001f640     BaseXApicX2ApicLib:BaseXApicX2ApicLib.obj
 0006:00000000       $unwind$GetSevEsAPMemory   000000000001f640     DxeMpInitLib:DxeMpLib.obj
 0006:00000000       $unwind$ApInitializeSync   000000000001f640     DxeMpInitLib:MpLib.obj
 0006:00000000       $unwind$ConfidentialComputingGuestHas 000000000001f640     DxeMpInitLib:MpLib.obj
 0006:00000000       $unwind$MpInitLibWhoAmI    000000000001f640     DxeMpInitLib:MpLib.obj
 0006:00000000       $unwind$PlaceAPInHltLoop   000000000001f640     DxeMpInitLib:MpLib.obj
 0006:00000000       $unwind$GetVariableMtrrCountWorker 000000000001f640     MtrrLib:MtrrLib.obj
 0006:00000000       $unwind$MtrrGetAllMtrrs    000000000001f640     MtrrLib:MtrrLib.obj
 0006:00000000       $unwind$MtrrLibPreMtrrChange 000000000001f640     MtrrLib:MtrrLib.obj
 0006:00000008       $unwind$ProcessLibraryConstructorList 000000000001f648     CpuDxe:AutoGen.obj
 0006:0000001c       $unwind$IoRead8            000000000001f65c     BaseIoLibIntrinsicSev:IoLibMsc.obj
 0006:0000001c       $unwind$CpuDeadLoop        000000000001f65c     BaseLib:CpuDeadLoop.obj
 0006:0000001c       $unwind$GetHobList         000000000001f65c     DxeHobLib:HobLib.obj
 0006:0000001c       $unwind$GetPcdProtocol     000000000001f65c     DxePcdLib:DxePcdLib.obj
 0006:0000001c       $unwind$TdSharedPageMask   000000000001f65c     TdxLib:TdInfo.obj
 0006:0000001c       $unwind$AllocatePool       000000000001f65c     UefiMemoryAllocationLib:MemoryAllocationLib.obj
 0006:0000001c       $unwind$FreePool           000000000001f65c     UefiMemoryAllocationLib:MemoryAllocationLib.obj
 0006:0000001c       $unwind$ConfidentialComputingGuestHas 000000000001f65c     DxeMemEncryptSevLib:DxeMemEncryptSevLibInternal.obj
 0006:0000001c       $unwind$UnsupportedExit    000000000001f65c     CcExitLib:CcExitVcHandler.obj
 0006:0000001c       $unwind$SerialPortInitialize 000000000001f65c     PcAtSerialPortLib:SerialPortLib.obj
 0006:0000001c       $unwind$CpuDisableInterrupt 000000000001f65c     CpuDxe:CpuDxe.obj
 0006:0000001c       $unwind$CpuEnableInterrupt 000000000001f65c     CpuDxe:CpuDxe.obj
 0006:0000001c       $unwind$CpuFlushCpuDataCache 000000000001f65c     CpuDxe:CpuDxe.obj
 0006:0000001c       $unwind$GetLocalApicBaseAddress 000000000001f65c     BaseXApicX2ApicLib:BaseXApicX2ApicLib.obj
 0006:0000001c       $unwind$CheckApsStatus     000000000001f65c     DxeMpInitLib:DxeMpLib.obj
 0006:0000001c       $unwind$GetCpuMpData       000000000001f65c     DxeMpInitLib:DxeMpLib.obj
 0006:0000001c       $unwind$ApFuncEnableX2Apic 000000000001f65c     DxeMpInitLib:MpLib.obj
 0006:0000001c       $unwind$MtrrLibLowestType  000000000001f65c     MtrrLib:MtrrLib.obj
 0006:00000024       $unwind$DivU64x64Remainder 000000000001f664     BaseLib:DivU64x64Remainder.obj
 0006:00000024       $unwind$LShiftU64          000000000001f664     BaseLib:LShiftU64.obj
 0006:00000024       $unwind$RShiftU64          000000000001f664     BaseLib:RShiftU64.obj
 0006:00000024       $unwind$AsciiStrLen        000000000001f664     BaseLib:String.obj
 0006:00000024       $unwind$ZeroMem            000000000001f664     BaseMemoryLibRepStr:ZeroMemWrapper.obj
 0006:00000024       $unwind$FreePages          000000000001f664     UefiMemoryAllocationLib:MemoryAllocationLib.obj
 0006:00000024       $unwind$CcExitVmgInit      000000000001f664     CcExitLib:CcExitLib.obj
 0006:00000024       $unwind$GetCpuidHyp        000000000001f664     CcExitLib:CcExitVcHandler.obj
 0006:00000024       $unwind$CcDecodeModRm      000000000001f664     CcExitLib:CcInstruction.obj
 0006:00000024       $unwind$CpuGetTimerValue   000000000001f664     CpuDxe:CpuDxe.obj
 0006:00000024       $unwind$ConvertPageEntryAttribute 000000000001f664     CpuDxe:CpuPageTable.obj
 0006:00000024       $unwind$WriteLocalApicReg  000000000001f664     BaseXApicX2ApicLib:BaseXApicX2ApicLib.obj
 0006:00000024       $unwind$DumpModuleImageInfo 000000000001f664     DxeCpuExceptionHandlerLib:CpuExceptionCommon.obj
 0006:00000024       $unwind$CalculateTimeout   000000000001f664     DxeMpInitLib:MpLib.obj
 0006:00000024       $unwind$CheckThisAP        000000000001f664     DxeMpInitLib:MpLib.obj
 0006:00000024       $unwind$FutureBSPProc      000000000001f664     DxeMpInitLib:MpLib.obj
 0006:00000024       $unwind$GetBspNumber       000000000001f664     DxeMpInitLib:MpLib.obj
 0006:00000024       $unwind$MtrrGetVariableMtrrWorker 000000000001f664     MtrrLib:MtrrLib.obj
 0006:00000030       $unwind$CpuSetMemoryAttributes 000000000001f670     CpuDxe:CpuDxe.obj
 0006:0000004c       $unwind$RefreshMemoryAttributesFromMtrr 000000000001f68c     CpuDxe:CpuDxe.obj
 0006:00000064       $unwind$InitInterruptDescriptorTable 000000000001f6a4     CpuDxe:CpuDxe.obj
 0006:00000078       $unwind$AddMemoryMappedIoSpace 000000000001f6b8     CpuDxe:CpuDxe.obj
 0006:00000094       $unwind$InitializeCpu      000000000001f6d4     CpuDxe:CpuDxe.obj
 0006:000000a4       $unwind$GetCurrentPagingContext 000000000001f6e4     CpuDxe:CpuPageTable.obj
 0006:000000b4       $unwind$GetPageTableEntry  000000000001f6f4     CpuDxe:CpuPageTable.obj
 0006:000000b4       $unwind$SevSnpCreateAP     000000000001f6f4     DxeMpInitLib:AmdSev.obj
 0006:000000d0       $unwind$SplitPage          000000000001f710     CpuDxe:CpuPageTable.obj
 0006:000000ec       $unwind$ConvertMemoryPageAttributes 000000000001f72c     CpuDxe:CpuPageTable.obj
 0006:00000104       $unwind$AssignMemoryPageAttributes 000000000001f744     CpuDxe:CpuPageTable.obj
 0006:00000110       $unwind$RefreshGcdMemoryAttributesFromPaging 000000000001f750     CpuDxe:CpuPageTable.obj
 0006:00000128       $unwind$InitializePageTablePool 000000000001f768     CpuDxe:CpuPageTable.obj
 0006:00000134       $unwind$StartupAllAPs      000000000001f774     CpuDxe:CpuMp.obj
 0006:0000013c       $unwind$StartupThisAP      000000000001f77c     CpuDxe:CpuMp.obj
 0006:00000158       $unwind$SwitchBSP          000000000001f798     CpuDxe:CpuMp.obj
 0006:00000168       $unwind$EnableDisableAP    000000000001f7a8     CpuDxe:CpuMp.obj
 0006:00000180       $unwind$InitializeMpSupport 000000000001f7c0     CpuDxe:CpuMp.obj
 0006:00000190       $unwind$AccessMsrTdxCall   000000000001f7d0     BaseXApicX2ApicLib:BaseXApicX2ApicLib.obj
 0006:0000019c       $unwind$InternalReportStatusCode 000000000001f7dc     DxeReportStatusCodeLib:ReportStatusCodeLib.obj
 0006:0000019c       $unwind$MmioRead32         000000000001f7dc     BaseIoLibIntrinsicSev:IoLib.obj
 0006:0000019c       $unwind$TdIoRead32         000000000001f7dc     BaseIoLibIntrinsicSev:IoLibInternalTdx.obj
 0006:0000019c       $unwind$TdIoWrite32        000000000001f7dc     BaseIoLibIntrinsicSev:IoLibInternalTdx.obj
 0006:0000019c       $unwind$TdIoWrite8         000000000001f7dc     BaseIoLibIntrinsicSev:IoLibInternalTdx.obj
 0006:0000019c       $unwind$LocalApicReadMsrReg64 000000000001f7dc     BaseXApicX2ApicLib:BaseXApicX2ApicLib.obj
 0006:0000019c       $unwind$AllocateResetVectorBelow1Mb 000000000001f7dc     DxeMpInitLib:MpLib.obj
 0006:0000019c       $unwind$IsBspExecuteDisableEnabled 000000000001f7dc     DxeMpInitLib:MpLib.obj
 0006:000001a4       $unwind$LocalApicWriteMsrReg64 000000000001f7e4     BaseXApicX2ApicLib:BaseXApicX2ApicLib.obj
 0006:000001a4       $unwind$ResetProcessorToIdleState 000000000001f7e4     DxeMpInitLib:MpLib.obj
 0006:000001b0       $unwind$SnpTerminate       000000000001f7f0     AmdSvsmLib:AmdSvsmLib.obj
 0006:000001b0       $unwind$TdxMmioReadWrite   000000000001f7f0     CcExitLib:CcExitVeHandler.obj
 0006:000001b0       $unwind$GetInitialApicId   000000000001f7f0     BaseXApicX2ApicLib:BaseXApicX2ApicLib.obj
 0006:000001b0       $unwind$LocalApicBaseAddressMsrSupported 000000000001f7f0     BaseXApicX2ApicLib:BaseXApicX2ApicLib.obj
 0006:000001b8       $unwind$SendIpi            000000000001f7f8     BaseXApicX2ApicLib:BaseXApicX2ApicLib.obj
 0006:000001d0       $unwind$EfiGetSystemConfigurationTable 000000000001f810     UefiLib:UefiLib.obj
 0006:000001d0       $unwind$MsrExit            000000000001f810     CcExitLib:CcExitVcHandler.obj
 0006:000001d0       $unwind$CcExitHandleVc     000000000001f810     CcExitLib:PeiDxeCcExitVcHandler.obj
 0006:000001d0       $unwind$InitializeApicTimer 000000000001f810     BaseXApicX2ApicLib:BaseXApicX2ApicLib.obj
 0006:000001d0       $unwind$SetApState         000000000001f810     DxeMpInitLib:MpLib.obj
 0006:000001d0       $unwind$MtrrLibGetRawVariableRanges 000000000001f810     MtrrLib:MtrrLib.obj
 0006:000001e8       $unwind$GetProcessorLocationByApicId 000000000001f828     BaseXApicX2ApicLib:BaseXApicX2ApicLib.obj
 0006:00000204       $unwind$AmdGetProcessorLocation2ByApicId 000000000001f844     BaseXApicX2ApicLib:BaseXApicX2ApicLib.obj
 0006:0000021c       $unwind$GetProcessorLocation2ByApicId 000000000001f85c     BaseXApicX2ApicLib:BaseXApicX2ApicLib.obj
 0006:0000023c       $unwind$InternalAllocateAlignedPages 000000000001f87c     UefiMemoryAllocationLib:MemoryAllocationLib.obj
 0006:00000250       $unwind$StandardSignatureIsAuthenticAMD 000000000001f890     BaseCpuLib:X86BaseCpuLib.obj
 0006:00000258       $unwind$CopyMem            000000000001f898     BaseMemoryLibRepStr:CopyMemWrapper.obj
 0006:00000258       $unwind$GetNextGuidHob     000000000001f898     DxeHobLib:HobLib.obj
 0006:0000026c       $unwind$BitFieldRead64     000000000001f8ac     BaseLib:BitField.obj
 0006:0000026c       $unwind$CalculateSum32     000000000001f8ac     BaseLib:CheckSum.obj
 0006:0000026c       $unwind$DivU64x32Remainder 000000000001f8ac     BaseLib:DivU64x32Remainder.obj
 0006:0000026c       $unwind$SetMem             000000000001f8ac     BaseMemoryLibRepStr:SetMemWrapper.obj
 0006:0000026c       $unwind$PciCf8Read32       000000000001f8ac     BasePciCf8Lib:PciCf8Lib.obj
 0006:0000026c       $unwind$InternalAcpiDelay  000000000001f8ac     DxeAcpiTimerLib:AcpiTimerLib.obj
 0006:0000026c       $unwind$Dr7ReadExit        000000000001f8ac     CcExitLib:CcExitVcHandler.obj
 0006:0000026c       $unwind$Dr7WriteExit       000000000001f8ac     CcExitLib:CcExitVcHandler.obj
 0006:0000026c       $unwind$RdpmcExit          000000000001f8ac     CcExitLib:CcExitVcHandler.obj
 0006:0000026c       $unwind$RdtscExit          000000000001f8ac     CcExitLib:CcExitVcHandler.obj
 0006:0000026c       $unwind$RdtscpExit         000000000001f8ac     CcExitLib:CcExitVcHandler.obj
 0006:0000026c       $unwind$VmmCallExit        000000000001f8ac     CcExitLib:CcExitVcHandler.obj
 0006:0000026c       $unwind$CcInitInstructionData 000000000001f8ac     CcExitLib:CcInstruction.obj
 0006:0000026c       $unwind$SerialPortWrite    000000000001f8ac     PcAtSerialPortLib:SerialPortLib.obj
 0006:0000026c       $unwind$PageTableLibSetPle 000000000001f8ac     CpuPageTableLib:CpuPageTableMap.obj
 0006:0000026c       $unwind$CheckTimeout       000000000001f8ac     DxeMpInitLib:MpLib.obj
 0006:0000026c       $unwind$GetProcessorNumber 000000000001f8ac     DxeMpInitLib:MpLib.obj
 0006:0000026c       $unwind$PlaceAPInMwaitLoopOrRunLoop 000000000001f8ac     DxeMpInitLib:MpLib.obj
 0006:0000026c       $unwind$MtrrLibGetCompatibleTypes 000000000001f8ac     MtrrLib:MtrrLib.obj
 0006:0000027c       $unwind$DebugPrint         000000000001f8bc     BaseDebugLibSerialPort:DebugLib.obj
 0006:00000284       $unwind$DebugPrintMarker   000000000001f8c4     BaseDebugLibSerialPort:DebugLib.obj
 0006:00000298       $unwind$DebugAssert        000000000001f8d8     BaseDebugLibSerialPort:DebugLib.obj
 0006:000002a0       $unwind$MtrrLibIsMtrrSupported 000000000001f8e0     MtrrLib:MtrrLib.obj
 0006:000002b4       $unwind$MtrrLibInitializeMtrrMask 000000000001f8f4     MtrrLib:MtrrLib.obj
 0006:000002c0       $unwind$MtrrGetMemoryAttributeByAddressWorker 000000000001f900     MtrrLib:MtrrLib.obj
 0006:000002d8       $unwind$MtrrLibSetMemoryType 000000000001f918     MtrrLib:MtrrLib.obj
 0006:000002f0       $unwind$MtrrLibGetNumberOfTypes 000000000001f930     MtrrLib:MtrrLib.obj
 0006:00000308       $unwind$MtrrLibCalculateLeastMtrrs 000000000001f948     MtrrLib:MtrrLib.obj
 0006:00000320       $unwind$MtrrLibCalculateSubtractivePath 000000000001f960     MtrrLib:MtrrLib.obj
 0006:00000338       $unwind$MtrrLibCalculateMtrrs 000000000001f978     MtrrLib:MtrrLib.obj
 0006:00000350       $unwind$MtrrLibApplyFixedMtrrs 000000000001f990     MtrrLib:MtrrLib.obj
 0006:0000036c       $unwind$MtrrLibApplyVariableMtrrs 000000000001f9ac     MtrrLib:MtrrLib.obj
 0006:00000388       $unwind$MtrrLibSetMemoryRanges 000000000001f9c8     MtrrLib:MtrrLib.obj
 0006:000003a0       $unwind$MtrrLibSetBelow1MBMemoryAttribute 000000000001f9e0     MtrrLib:MtrrLib.obj
 0006:000003b8       $unwind$MtrrSetMemoryAttributesInMtrrSettings 000000000001f9f8     MtrrLib:MtrrLib.obj
 0006:000003d0       $unwind$MtrrSetMemoryAttributeInMtrrSettings 000000000001fa10     MtrrLib:MtrrLib.obj
 0006:000003d8       $unwind$MtrrSetAllMtrrs    000000000001fa18     MtrrLib:MtrrLib.obj
 0006:000003e8       $unwind$MtrrGetMemoryAttributesInMtrrSettings 000000000001fa28     MtrrLib:MtrrLib.obj
 0006:00000404       $unwind$MtrrDebugPrintAllMtrrsWorker 000000000001fa44     MtrrLib:MtrrLib.obj
 0006:00000420       $unwind$DumpCpuContext     000000000001fa60     DxeCpuExceptionHandlerLib:ArchExceptionHandler.obj
 0006:00000430       $unwind$CommonExceptionHandlerWorker 000000000001fa70     DxeCpuExceptionHandlerLib:PeiDxeSmmCpuException.obj
 0006:00000448       $unwind$UpdateIdtTable     000000000001fa88     DxeCpuExceptionHandlerLib:PeiDxeSmmCpuException.obj
 0006:00000464       $unwind$InternalPrintMessage 000000000001faa4     DxeCpuExceptionHandlerLib:CpuExceptionCommon.obj
 0006:0000046c       $unwind$CheckAndUpdateApsStatus 000000000001faac     DxeMpInitLib:DxeMpLib.obj
 0006:0000046c       $unwind$SaveLocalApicTimerSetting 000000000001faac     DxeMpInitLib:MpLib.obj
 0006:00000480       $unwind$SaveVolatileRegisters 000000000001fac0     DxeMpInitLib:MpLib.obj
 0006:0000048c       $unwind$RestoreVolatileRegisters 000000000001facc     DxeMpInitLib:MpLib.obj
 0006:000004a0       $unwind$SortApicId         000000000001fae0     DxeMpInitLib:MpLib.obj
 0006:000004c0       $unwind$InitializeApData   000000000001fb00     DxeMpInitLib:MpLib.obj
 0006:000004d8       $unwind$ApWakeupFunction   000000000001fb18     DxeMpInitLib:MpLib.obj
 0006:000004f0       $unwind$DxeApEntryPoint    000000000001fb30     DxeMpInitLib:MpLib.obj
 0006:000004fc       $unwind$FillExchangeInfoData 000000000001fb3c     DxeMpInitLib:MpLib.obj
 0006:0000050c       $unwind$WakeUpAP           000000000001fb4c     DxeMpInitLib:MpLib.obj
 0006:00000528       $unwind$BasePrintLibValueToString 000000000001fb68     BasePrintLib:PrintLibInternal.obj
 0006:00000528       $unwind$AcquireSpinLockOrFail 000000000001fb68     BaseSynchronizationLib:SynchronizationMsc.obj
 0006:00000528       $unwind$CcExitVmgExit      000000000001fb68     CcExitLib:CcExitLib.obj
 0006:00000528       $unwind$GetWakeupBuffer    000000000001fb68     DxeMpInitLib:DxeMpLib.obj
 0006:00000528       $unwind$SwitchContextPerAp 000000000001fb68     DxeMpInitLib:MpLib.obj
 0006:00000534       $unwind$TimedWaitForApFinish 000000000001fb74     DxeMpInitLib:MpLib.obj
 0006:00000548       $unwind$CheckAllAPs        000000000001fb88     DxeMpInitLib:MpLib.obj
 0006:00000560       $unwind$MpInitLibInitialize 000000000001fba0     DxeMpInitLib:MpLib.obj
 0006:00000578       $unwind$MpInitLibGetProcessorInfo 000000000001fbb8     DxeMpInitLib:MpLib.obj
 0006:00000590       $unwind$IoioExit           000000000001fbd0     CcExitLib:CcExitVcHandler.obj
 0006:00000590       $unwind$IoExit             000000000001fbd0     CcExitLib:CcExitVeHandler.obj
 0006:00000590       $unwind$SwitchBSPWorker    000000000001fbd0     DxeMpInitLib:MpLib.obj
 0006:000005a8       $unwind$MpInitLibGetNumberOfProcessors 000000000001fbe8     DxeMpInitLib:MpLib.obj
 0006:000005b8       $unwind$StartupAllCPUsWorker 000000000001fbf8     DxeMpInitLib:MpLib.obj
 0006:000005d4       $unwind$RelocateApLoop     000000000001fc14     DxeMpInitLib:MpLib.obj
 0006:000005dc       $unwind$PrepareApLoopCode  000000000001fc1c     DxeMpInitLib:MpLib.obj
 0006:000005f4       $unwind$MpInitChangeApLoopCallback 000000000001fc34     DxeMpInitLib:DxeMpLib.obj
 0006:00000608       $unwind$SevEsPlaceApHlt    000000000001fc48     DxeMpInitLib:AmdSev.obj
 0006:0000061c       $unwind$CreatePageTable    000000000001fc5c     DxeMpInitLib:CreatePageTable.obj
 0006:0000062c       $unwind$MicrocodeDetect    000000000001fc6c     DxeMpInitLib:Microcode.obj
 0006:00000640       $unwind$SevSnpPerformApAction 000000000001fc80     DxeMpInitLib:AmdSev.obj
 0006:00000654       $unwind$SevSnpCreateSaveArea 000000000001fc94     DxeMpInitLib:AmdSev.obj
 0006:0000066c       $unwind$ParseMmioExitInstructions 000000000001fcac     CcExitLib:CcExitVeHandler.obj
 0006:00000684       $unwind$MmioExit           000000000001fcc4     CcExitLib:CcExitVeHandler.obj
 0006:000006a0       $unwind$CcExitHandleVe     000000000001fce0     CcExitLib:CcExitVeHandler.obj
 0006:000006b4       $unwind$ValidateMmioMemory 000000000001fcf4     CcExitLib:CcExitVcHandler.obj
 0006:000006bc       $unwind$MmioExit           000000000001fcfc     CcExitLib:CcExitVcHandler.obj
 0006:000006d8       $unwind$GetCpuidFw         000000000001fd18     CcExitLib:CcExitVcHandler.obj
 0006:000006f4       $unwind$CpuidExit          000000000001fd34     CcExitLib:CcExitVcHandler.obj
 0006:0000070c       $unwind$InternalVmgExitHandleVc 000000000001fd4c     CcExitLib:CcExitVcHandler.obj
 0006:0000072c       $unwind$GetEffectiveMemoryAddress 000000000001fd6c     CcExitLib:CcInstruction.obj
 0006:00000740       $unwind$SvsmMsrProtocol    000000000001fd80     AmdSvsmLib:AmdSvsmLib.obj
 0006:00000754       $unwind$AmdSvsmSnpVmsaRmpAdjust 000000000001fd94     AmdSvsmLib:AmdSvsmLib.obj
 0006:0000075c       $unwind$MmioWrite32        000000000001fd9c     BaseIoLibIntrinsicSev:IoLib.obj
 0006:0000076c       $unwind$TdIoRead8          000000000001fdac     BaseIoLibIntrinsicSev:IoLibInternalTdx.obj
 0006:0000076c       $unwind$BasePrintLibSPrint 000000000001fdac     BasePrintLib:PrintLibInternal.obj
 0006:00000774       $unwind$CompareGuid        000000000001fdb4     BaseMemoryLibRepStr:MemLibGuid.obj
 0006:0000078c       $unwind$SwitchStack        000000000001fdcc     BaseLib:SwitchStack.obj
 0006:00000798       $unwind$AsciiSPrint        000000000001fdd8     BasePrintLib:PrintLib.obj
 0006:000007a0       $unwind$BasePrintLibSPrintMarker 000000000001fde0     BasePrintLib:PrintLibInternal.obj
 0006:000007bc       $unwind$PageTableLibMapInLevel 000000000001fdfc     CpuPageTableLib:CpuPageTableMap.obj
 0006:000007d4       $unwind$PageTableMap       000000000001fe14     CpuPageTableLib:CpuPageTableMap.obj
 0006:000007f4       $unwind$IsValidMicrocode   000000000001fe34     MicrocodeLib:MicrocodeLib.obj
 0006:0000080c       $unwind$InternalMemEncryptSevGetAddressRangeState 000000000001fe4c     DxeMemEncryptSevLib:VirtualMemory.obj
 0006:00000824       $unwind$GetTdInfo          000000000001fe64     TdxLib:TdInfo.obj
